    Blocking waiting for file lock on package cache
    Blocking waiting for file lock on package cache
   Compiling ralphus-daemon v0.1.0 (C:\Users\korinkite\repositories\ralphus\.git\.ralphus\g\g141\wt-ral-400\daemon)
    Finished `test` profile [unoptimized + debuginfo] target(s) in 7.13s
────────────
 Nextest run ID 60dbaa29-4e6d-4bd7-9698-9335352c1925 with nextest profile: default
    Starting 3865 tests across 43 binaries (43 tests skipped)
        PASS [   0.028s] (   1/3865) ralphus-bench-harness stats::tests::rejects_single_sample
        PASS [   0.031s] (   2/3865) ralphus-bench-harness durable_min::tests::single_patience_stops_after_first_non_improvement
        PASS [   0.043s] (   3/3865) ralphus-bench-harness storage::tests::test_data_path_hashes_long_identifiers
        PASS [   0.048s] (   4/3865) ralphus-bench-harness durable_min::tests::rejects_zero_patience
        PASS [   0.058s] (   5/3865) ralphus-cli args::tests::extracts_daemon_url_space_and_equals_forms
        PASS [   0.065s] (   6/3865) ralphus-cli args::tests::extracts_json_flag_from_anywhere
        PASS [   0.068s] (   7/3865) ralphus-bench-harness stats::tests::basic_bundle_matches_hand_computed_values
        PASS [   0.075s] (   8/3865) ralphus-bench-harness durable_min::tests::stops_after_patience_non_improving_runs
        PASS [   0.083s] (   9/3865) ralphus-bench-harness durable_min::tests::durable_min_is_the_minimum_sample
        PASS [   0.096s] (  10/3865) ralphus-bench-harness durable_min::tests::patience_resets_on_each_new_best
        PASS [   0.113s] (  11/3865) ralphus-cli commands::agent::tests::load_agent_profile_summaries_skips_entries_missing_backend
        PASS [   0.119s] (  12/3865) ralphus-bench-harness storage::tests::test_data_path_sanitizes_module_path_separators
        PASS [   0.122s] (  13/3865) ralphus-cli agents::tests::claude_code_restricts_models_others_do_not
        PASS [   0.125s] (  14/3865) ralphus-bench-harness storage::tests::sanitize_filename_leaves_short_names_untouched
        PASS [   0.135s] (  15/3865) ralphus-cli client::tests::health_reaches_daemon_and_parses_json
        PASS [   0.145s] (  16/3865) ralphus-cli commands::agent::tests::bare_agent_behaves_like_list
        PASS [   0.148s] (  17/3865) ralphus-bench-harness stats::tests::flags_tukey_outliers
        PASS [   0.153s] (  18/3865) ralphus-cli args::tests::defaults_when_absent
        PASS [   0.162s] (  19/3865) ralphus-cli commands::agent::tests::parses_list_explicitly
        PASS [   0.178s] (  20/3865) ralphus-bench-harness storage::tests::test_data_path_layout
        PASS [   0.176s] (  21/3865) ralphus-cli commands::cell::tests::agent_resume_command_uses_pi_for_pi_agents
        PASS [   0.187s] (  22/3865) ralphus-cli client::tests::guardian_response_env_values_are_redacted
        PASS [   0.195s] (  23/3865) ralphus-cli commands::agent::tests::parses_backend_command_list
        PASS [   0.210s] (  24/3865) ralphus-cli commands::agent::tests::backend_command_set_requires_command_and_backend
        PASS [   0.217s] (  25/3865) ralphus-cli agents::tests::every_known_agent_has_a_name_and_description
        PASS [   0.224s] (  26/3865) ralphus-cli commands::agent::tests::parses_backend_command_reset_and_profiles
        PASS [   0.230s] (  27/3865) ralphus-cli commands::agent::tests::profile_create_rejects_malformed_env_entries
        PASS [   0.241s] (  28/3865) ralphus-cli commands::agent::tests::backend_command_reset_and_profiles_require_backend
        PASS [   0.265s] (  29/3865) ralphus-cli client::tests::guardian_squash_posts_to_the_squash_endpoint
        PASS [   0.268s] (  30/3865) ralphus-cli commands::cell::tests::agent_resume_command_uses_codex_for_codex_agents
        PASS [   0.275s] (  31/3865) ralphus-cli client::tests::non_guardian_response_is_not_redacted
        PASS [   0.276s] (  32/3865) ralphus-cli commands::agent::tests::unknown_backend_command_subcommand_is_usage_error
        PASS [   0.297s] (  33/3865) ralphus-cli commands::agent::tests::profile_delete_requires_name
        PASS [   0.310s] (  34/3865) ralphus-bench-harness storage::tests::append_creates_then_accumulates
        PASS [   0.317s] (  35/3865) ralphus-cli client::tests::query_string_skips_none_and_encodes_values
        PASS [   0.322s] (  36/3865) ralphus-cli commands::cell::tests::agent_resume_command_readonly_appends_instructions
        PASS [   0.334s] (  37/3865) ralphus-cli commands::agent::tests::load_agent_profile_summaries_empty_with_no_project_config
        PASS [   0.341s] (  38/3865) ralphus-bench-harness gitinfo::tests::reads_current_repo_state
        PASS [   0.340s] (  39/3865) ralphus-cli commands::agent::tests::parses_help
        PASS [   0.350s] (  40/3865) ralphus-cli commands::cell::tests::agent_resume_command_uses_claude_by_default
        PASS [   0.360s] (  41/3865) ralphus-cli commands::agent::tests::parses_profile_delete_with_force
        PASS [   0.369s] (  42/3865) ralphus-cli commands::agent::tests::profile_create_requires_backend_and_name
        PASS [   0.371s] (  43/3865) ralphus-cli commands::agent::tests::load_agent_profile_summaries_reads_profiles_sorted_by_name
        PASS [   0.375s] (  44/3865) ralphus-cli commands::agent::tests::parses_backend_command_set
        PASS [   0.389s] (  45/3865) ralphus-cli commands::agent::tests::parses_profile_list_and_get
        PASS [   0.397s] (  46/3865) ralphus-cli commands::agent::tests::unknown_subcommand_is_usage_error
        PASS [   0.400s] (  47/3865) ralphus-cli client::tests::error_envelope_maps_to_daemon_error_with_status_code
        PASS [   0.406s] (  48/3865) ralphus-cli commands::agent::tests::parses_profile_create_with_sets_and_links
        PASS [   0.415s] (  49/3865) ralphus-cli args::tests::stops_extracting_after_bare_separator
        PASS [   0.421s] (  50/3865) ralphus-cli commands::agent::tests::profile_get_requires_name
        PASS [   0.428s] (  51/3865) ralphus-cli commands::agent::tests::parses_profile_update
        PASS [   0.445s] (  52/3865) ralphus-cli commands::agent::tests::bare_profile_is_help
        PASS [   0.450s] (  53/3865) ralphus-cli commands::agent::tests::build_agent_rows_interleaves_profiles_with_builtins_alphabetically
        PASS [   0.450s] (  54/3865) ralphus-cli commands::agent::tests::unknown_profile_subcommand_is_usage_error
        PASS [   0.433s] (  55/3865) ralphus-cli commands::cell::tests::bare_cell_is_help
        PASS [   0.435s] (  56/3865) ralphus-cli commands::cell::tests::missing_selector_is_usage_error
        PASS [   0.429s] (  57/3865) ralphus-cli commands::cell::tests::open_agent_without_selector_is_usage_error
        PASS [   0.431s] (  58/3865) ralphus-cli commands::cell::tests::parses_edit_clearing_maximum_context_with_empty_value
        PASS [   0.430s] (  59/3865) ralphus-cli commands::cell::tests::parses_edit_clearing_maximum_tool_output_tokens_with_empty_value
        PASS [   0.430s] (  60/3865) ralphus-cli commands::cell::tests::parses_edit_with_maximum_context
        PASS [   0.434s] (  61/3865) ralphus-cli commands::cell::tests::parses_edit_with_maximum_tool_output_tokens
        PASS [   0.434s] (  62/3865) ralphus-cli commands::cell::tests::parses_edit_with_optional_flags
        PASS [   0.432s] (  63/3865) ralphus-cli commands::cell::tests::parses_edit_with_system_prompt
        PASS [   0.425s] (  64/3865) ralphus-cli commands::cell::tests::parses_env_with_a_default_and_an_explicit_scope
        PASS [   0.415s] (  65/3865) ralphus-cli commands::cell::tests::parses_open_agent_with_selector
        PASS [   0.420s] (  66/3865) ralphus-cli commands::cell::tests::parses_remote_terminal
        PASS [   0.421s] (  67/3865) ralphus-cli commands::cell::tests::parses_restart_proof_with_from_flag
        PASS [   0.426s] (  68/3865) ralphus-cli commands::cell::tests::parses_resume_automation_with_selector
        PASS [   0.423s] (  69/3865) ralphus-cli commands::cell::tests::parses_set_status_positional_pair
        PASS [   0.421s] (  70/3865) ralphus-cli commands::cell::tests::parses_show_with_selector
        PASS [   0.426s] (  71/3865) ralphus-cli commands::cell::tests::parses_terminal_default_mode
        PASS [   0.427s] (  72/3865) ralphus-cli commands::cell::tests::parses_terminal_readonly_mode
        PASS [   0.423s] (  73/3865) ralphus-cli commands::cell::tests::parses_worktree
        PASS [   0.418s] (  74/3865) ralphus-cli commands::cell::tests::remote_terminal_requires_a_selector
        PASS [   0.427s] (  75/3865) ralphus-cli commands::cell::tests::terminal_rejects_invalid_mode
        PASS [   0.425s] (  76/3865) ralphus-cli commands::env::tests::paths_match_the_routes_the_same_surfaces_are_set_on
        PASS [   0.426s] (  77/3865) ralphus-cli commands::env::tests::render_handles_an_empty_and_a_populated_view
        PASS [   0.419s] (  78/3865) ralphus-cli commands::env::tests::review_paths_cover_each_surface_and_require_a_branch_for_the_worktree
        PASS [   0.418s] (  79/3865) ralphus-cli commands::env::tests::take_scope_accepts_an_offered_value_and_rejects_others
        PASS [   0.415s] (  80/3865) ralphus-cli commands::env::tests::take_scope_falls_back_to_the_default
        PASS [   0.418s] (  81/3865) ralphus-cli commands::internal::tests::parses_fork_credential_helper_with_action
        PASS [   0.416s] (  82/3865) ralphus-cli commands::internal::tests::unknown_subcommand_is_a_usage_error
        PASS [   0.399s] (  83/3865) ralphus-cli commands::machine::tests::bare_machine_behaves_like_list
        PASS [   0.398s] (  84/3865) ralphus-cli commands::machine::tests::get_remove_cleanup_require_argument
        PASS [   0.402s] (  85/3865) ralphus-cli commands::machine::tests::parses_get_remove_cleanup
        PASS [   0.404s] (  86/3865) ralphus-cli commands::machine::tests::parses_register_repeated_arg_and_channel
        PASS [   0.390s] (  87/3865) ralphus-cli commands::machine::tests::parses_register_with_required_flags
        PASS [   0.385s] (  88/3865) ralphus-cli commands::machine::tests::register_requires_scheme_and_program
        PASS [   0.385s] (  89/3865) ralphus-cli commands::machine::tests::unknown_subcommand_is_usage_error
        PASS [   0.384s] (  90/3865) ralphus-cli commands::mailbox::tests::bare_mailbox_behaves_like_check
        PASS [   0.380s] (  91/3865) ralphus-cli commands::mailbox::tests::message_ids_extracts_id_field
        PASS [   0.383s] (  92/3865) ralphus-cli commands::mailbox::tests::parses_check_with_priority_filter
        PASS [   0.387s] (  93/3865) ralphus-cli commands::mailbox::tests::parses_personal_drain_with_ids
        PASS [   0.384s] (  94/3865) ralphus-cli commands::mailbox::tests::parses_personal_with_flags
        PASS [   0.385s] (  95/3865) ralphus-cli commands::mailbox::tests::parses_unwatch
        PASS [   0.385s] (  96/3865) ralphus-cli commands::mailbox::tests::parses_watch_with_entity_uri_and_tiers
        PASS [   0.388s] (  97/3865) ralphus-cli commands::mailbox::tests::parses_watches_listing
        PASS [   0.391s] (  98/3865) ralphus-cli commands::mailbox::tests::preferences_requires_user
        PASS [   0.390s] (  99/3865) ralphus-cli commands::mailbox::tests::set_preferences_requires_user_and_auto_watch_choice
        PASS [   0.386s] ( 100/3865) ralphus-cli commands::mailbox::tests::unknown_subcommand_is_usage_error
        PASS [   0.392s] ( 101/3865) ralphus-cli commands::mailbox::tests::watch_without_entity_uri_is_usage_error
        PASS [   0.391s] ( 102/3865) ralphus-cli commands::mcp::tests::initialize_requires_a_host
        PASS [   0.391s] ( 103/3865) ralphus-cli commands::mcp::tests::parses_codex_dry_run_with_an_explicit_profile
        PASS [   0.389s] ( 104/3865) ralphus-cli commands::misc::tests::filter_debug_event_types_matches_any_term_case_insensitively
        PASS [   0.388s] ( 105/3865) ralphus-cli commands::misc::tests::format_debug_event_line_indents_its_log_excerpt
        PASS [   0.380s] ( 106/3865) ralphus-cli commands::misc::tests::format_debug_event_line_without_excerpt_is_one_line
        PASS [   0.382s] ( 107/3865) ralphus-cli commands::misc::tests::glob_matches_star_and_question_and_class
        PASS [   0.385s] ( 108/3865) ralphus-cli commands::misc::tests::looks_like_guardian_selector_detects_legacy_forms
        PASS [   0.385s] ( 109/3865) ralphus-cli commands::misc::tests::parse_check_defaults_to_no_flags
        PASS [   0.387s] ( 110/3865) ralphus-cli commands::misc::tests::parse_check_reads_all_remotes_and_live_agent_check
        PASS [   0.387s] ( 111/3865) ralphus-cli commands::misc::tests::render_health_human_matches_snapshot
        PASS [   0.388s] ( 112/3865) ralphus-cli commands::misc::tests::render_health_human_omits_empty_sections
        PASS [   0.385s] ( 113/3865) ralphus-cli commands::misc::tests::render_health_json_round_trips_grouping_status_and_provenance
        PASS [   0.385s] ( 114/3865) ralphus-cli commands::misc::tests::resolve_submit_sources_passes_through_explicit_paths
        PASS [   0.385s] ( 115/3865) ralphus-cli commands::misc::tests::walk_field_indexes_arrays_and_objects
        PASS [   0.385s] ( 116/3865) ralphus-cli commands::project::tests::bare_fork_and_unknown_fork_subcommand
        PASS [   0.385s] ( 117/3865) ralphus-cli commands::project::tests::bare_project_is_help
        PASS [   0.387s] ( 118/3865) ralphus-cli commands::project::tests::bare_review_settings_is_help
        PASS [   0.385s] ( 119/3865) ralphus-cli commands::project::tests::elide_right_truncates_long_text
        PASS [   0.383s] ( 120/3865) ralphus-cli commands::project::tests::fork_add_requires_project_and_url
        PASS [   0.387s] ( 121/3865) ralphus-cli commands::project::tests::fork_remove_requires_project
        PASS [   0.385s] ( 122/3865) ralphus-cli commands::project::tests::fork_set_requires_project
        PASS [   0.385s] ( 123/3865) ralphus-cli commands::project::tests::get_requires_name
        PASS [   0.384s] ( 124/3865) ralphus-cli commands::project::tests::git_clear_url_combined_with_url_is_a_usage_error
        PASS [   0.384s] ( 125/3865) ralphus-cli commands::project::tests::git_description_defaults_to_empty
        PASS [   0.386s] ( 126/3865) ralphus-cli commands::project::tests::git_requires_path_and_name
        PASS [   0.384s] ( 127/3865) ralphus-cli commands::project::tests::parses_fork_add_with_all_flags
        PASS [   0.382s] ( 128/3865) ralphus-cli commands::project::tests::parses_fork_add_with_required_flags
        PASS [   0.378s] ( 129/3865) ralphus-cli commands::project::tests::parses_fork_list_with_optional_project_and_user
        PASS [   0.379s] ( 130/3865) ralphus-cli commands::project::tests::parses_fork_remove
        PASS [   0.378s] ( 131/3865) ralphus-cli commands::project::tests::parses_fork_set_fields
        PASS [   0.377s] ( 132/3865) ralphus-cli commands::project::tests::parses_get_name
        PASS [   0.380s] ( 133/3865) ralphus-cli commands::project::tests::parses_git_clear_url
        PASS [   0.379s] ( 134/3865) ralphus-cli commands::project::tests::parses_git_clone_url
        PASS [   0.381s] ( 135/3865) ralphus-cli commands::project::tests::parses_git_match_pr_branch_name_tri_state
        PASS [   0.380s] ( 136/3865) ralphus-cli commands::project::tests::parses_git_with_required_flags
        PASS [   0.381s] ( 137/3865) ralphus-cli commands::project::tests::parses_list_short_flag
        PASS [   0.381s] ( 138/3865) ralphus-cli commands::project::tests::parses_remove_name
        PASS [   0.381s] ( 139/3865) ralphus-cli commands::project::tests::parses_review_settings_get
        PASS [   0.384s] ( 140/3865) ralphus-cli commands::project::tests::parses_review_settings_set_maximum_budget_usd
        PASS [   0.383s] ( 141/3865) ralphus-cli commands::project::tests::parses_review_settings_set_with_string_and_bool_flags
        PASS [   0.383s] ( 142/3865) ralphus-cli commands::project::tests::remove_requires_name
        PASS [   0.384s] ( 143/3865) ralphus-cli commands::project::tests::review_settings_get_requires_name
        PASS [   0.383s] ( 144/3865) ralphus-cli commands::project::tests::review_settings_set_rejects_a_non_numeric_budget
        PASS [   0.383s] ( 145/3865) ralphus-cli commands::project::tests::review_settings_set_rejects_clear_and_value_together
        PASS [   0.382s] ( 146/3865) ralphus-cli commands::project::tests::review_settings_set_requires_name
        PASS [   0.387s] ( 147/3865) ralphus-cli commands::project::tests::unknown_review_settings_subcommand_is_a_usage_error
        PASS [   0.387s] ( 148/3865) ralphus-cli commands::project::tests::unknown_subcommand_is_usage_error
        PASS [   0.384s] ( 149/3865) ralphus-cli commands::proof::tests::bare_proof_is_help
        PASS [   0.384s] ( 150/3865) ralphus-cli commands::proof::tests::missing_selector_is_usage_error
        PASS [   0.384s] ( 151/3865) ralphus-cli commands::proof::tests::parses_edit_with_agent_flag
        PASS [   0.383s] ( 152/3865) ralphus-cli commands::proof::tests::parses_edit_with_command_flag
        PASS [   0.376s] ( 153/3865) ralphus-cli commands::proof::tests::parses_edit_with_maximum_tool_output_tokens
        PASS [   0.379s] ( 154/3865) ralphus-cli commands::proof::tests::parses_edit_with_model_flag
        PASS [   0.379s] ( 155/3865) ralphus-cli commands::proof::tests::parses_edit_with_prompt_and_brain_flags
        PASS [   0.379s] ( 156/3865) ralphus-cli commands::proof::tests::parses_env_with_selector
        PASS [   0.379s] ( 157/3865) ralphus-cli commands::proof::tests::parses_restart
        PASS [   0.380s] ( 158/3865) ralphus-cli commands::proof::tests::parses_set_status_positional_pair
        PASS [   0.382s] ( 159/3865) ralphus-cli commands::proof::tests::parses_show_with_selector
        PASS [   0.381s] ( 160/3865) ralphus-cli commands::proof::tests::proof_step_for_cell_scope
        PASS [   0.379s] ( 161/3865) ralphus-cli commands::proof::tests::proof_step_for_task_scope
        PASS [   1.218s] ( 162/3865) ralphus-bench-harness gitinfo::tests::detects_dirty_working_tree
        PASS [   0.381s] ( 163/3865) ralphus-cli commands::queue::tests::bare_queue_behaves_like_list
        PASS [   0.382s] ( 164/3865) ralphus-cli commands::queue::tests::format_rank_drops_trailing_zero
        PASS [   0.382s] ( 165/3865) ralphus-cli commands::queue::tests::parse_queue_path_bare_squad
        PASS [   0.384s] ( 166/3865) ralphus-cli commands::queue::tests::parse_queue_path_cell
        PASS [   0.384s] ( 167/3865) ralphus-cli commands::queue::tests::parse_queue_path_cell_proof
        PASS [   0.384s] ( 168/3865) ralphus-cli commands::queue::tests::parse_queue_path_rejects_malformed
        PASS [   0.384s] ( 169/3865) ralphus-cli commands::queue::tests::parse_queue_path_task_proof
        PASS [   0.382s] ( 170/3865) ralphus-cli commands::queue::tests::parses_list_all_flag
        PASS [   0.382s] ( 171/3865) ralphus-cli commands::queue::tests::parses_reorder_paths
        PASS [   0.382s] ( 172/3865) ralphus-cli commands::queue::tests::parses_set_position_with_to_and_relative
        PASS [   0.381s] ( 173/3865) ralphus-cli commands::queue::tests::parses_set_status_positional_pair
        PASS [   0.381s] ( 174/3865) ralphus-cli commands::queue::tests::queue_path_for_squad
        PASS [   0.380s] ( 175/3865) ralphus-cli commands::queue::tests::queue_path_for_task_errors
        PASS [   0.380s] ( 176/3865) ralphus-cli commands::queue::tests::reorder_requires_at_least_one_path
        PASS [   0.380s] ( 177/3865) ralphus-cli commands::queue::tests::set_position_requires_to_flag
        PASS [   0.379s] ( 178/3865) ralphus-cli commands::queue::tests::set_status_requires_both_positionals
        PASS [   0.378s] ( 179/3865) ralphus-cli commands::queue::tests::unknown_subcommand_is_usage_error
        PASS [   0.378s] ( 180/3865) ralphus-cli commands::quick_start::tests::bare_manager_is_manager_help
        PASS [   0.377s] ( 181/3865) ralphus-cli commands::quick_start::tests::bare_quick_start_is_help
        PASS [   0.378s] ( 182/3865) ralphus-cli commands::quick_start::tests::bare_watcher_is_watcher_help
        PASS [   0.386s] ( 183/3865) ralphus-cli commands::quick_start::tests::manager_and_reviewer_system_prompts_differ
        PASS [   0.386s] ( 184/3865) ralphus-cli commands::quick_start::tests::manager_claude_code_compound_command_uses_shell
        PASS [   0.386s] ( 185/3865) ralphus-cli commands::quick_start::tests::manager_codex_compound_command_uses_shell
        PASS [   0.403s] ( 186/3865) ralphus-cli commands::quick_start::tests::manager_system_prompt_adds_read_only_note_when_requested
        PASS [   0.410s] ( 187/3865) ralphus-cli commands::quick_start::tests::manager_system_prompt_includes_help_map_and_notes
        PASS [   0.412s] ( 188/3865) ralphus-cli commands::quick_start::tests::manager_system_prompt_pi_read_only_describes_instruction_only_boundary
        PASS [   0.412s] ( 189/3865) ralphus-cli commands::quick_start::tests::merge_append_system_prompt_file_equals_form
        PASS [   0.413s] ( 190/3865) ralphus-cli commands::quick_start::tests::merge_append_system_prompt_file_passthrough_unchanged_without_flag
        PASS [   0.418s] ( 191/3865) ralphus-cli commands::quick_start::tests::merge_append_system_prompt_file_reports_missing_file
        PASS [   0.423s] ( 192/3865) ralphus-cli commands::quick_start::tests::merge_append_system_prompt_file_wraps_user_file_with_disclaimer
        PASS [   0.418s] ( 193/3865) ralphus-cli commands::quick_start::tests::parse_review_target_extracts_id_from_url
        PASS [   0.426s] ( 194/3865) ralphus-cli commands::quick_start::tests::parse_review_target_url_without_reviews_segment_falls_back_to_whole_url
        PASS [   0.428s] ( 195/3865) ralphus-cli commands::quick_start::tests::parses_manager_claude_code_with_flags
        PASS [   0.426s] ( 196/3865) ralphus-cli commands::quick_start::tests::parses_manager_pi_with_flags_and_passthrough
        PASS [   0.437s] ( 197/3865) ralphus-cli commands::quick_start::tests::parses_watcher_claude_code_with_flags
        PASS [   0.449s] ( 198/3865) ralphus-cli commands::quick_start::tests::parses_watcher_codex_with_passthrough
        PASS [   0.449s] ( 199/3865) ralphus-cli commands::quick_start::tests::parses_watcher_pi_with_passthrough
        PASS [   0.459s] ( 200/3865) ralphus-cli commands::quick_start::tests::resolve_launch_command_precedence_flag_beats_env_beats_default
        PASS [   0.501s] ( 201/3865) ralphus-cli commands::quick_start::tests::reviewer_pi_target_is_first_non_flag_token
        PASS [   0.525s] ( 202/3865) ralphus-cli commands::quick_start::tests::reviewer_system_prompt_checks_the_review_mailbox_every_turn
        PASS [   0.533s] ( 203/3865) ralphus-cli commands::quick_start::tests::reviewer_system_prompt_defaults_to_not_read_only
        PASS [   0.536s] ( 204/3865) ralphus-cli commands::quick_start::tests::reviewer_system_prompt_includes_remote_and_write_boundary_notes
        PASS [   0.541s] ( 205/3865) ralphus-cli commands::quick_start::tests::reviewer_system_prompt_includes_review_operations
        PASS [   0.544s] ( 206/3865) ralphus-cli commands::quick_start::tests::reviewer_system_prompt_includes_target_note_when_given
        PASS [   0.546s] ( 207/3865) ralphus-cli commands::quick_start::tests::reviewer_system_prompt_omits_target_note_when_absent
        PASS [   0.549s] ( 208/3865) ralphus-cli commands::quick_start::tests::reviewer_system_prompt_read_only_adds_guidance_and_mechanism
        PASS [   0.558s] ( 209/3865) ralphus-cli commands::quick_start::tests::reviewer_system_prompt_read_only_prunes_mutating_commands_from_tree
        PASS [   0.560s] ( 210/3865) ralphus-cli commands::quick_start::tests::reviewer_system_prompt_with_url_target_resolves_id
        PASS [   0.563s] ( 211/3865) ralphus-cli commands::quick_start::tests::reviewer_target_is_first_non_flag_token
        PASS [   0.570s] ( 212/3865) ralphus-cli commands::quick_start::tests::spawn_plan_compound_command_runs_via_shell
        PASS [   0.560s] ( 213/3865) ralphus-cli commands::quick_start::tests::spawn_plan_directly_executable_program_skips_the_shell
        PASS [   0.527s] ( 214/3865) ralphus-cli commands::quick_start::tests::spawn_plan_non_executable_script_runs_via_shell
        PASS [   0.456s] ( 215/3865) ralphus-cli commands::quick_start::tests::split_passthrough_without_separator_returns_empty_passthrough
        PASS [   0.460s] ( 216/3865) ralphus-cli commands::quick_start::tests::splits_passthrough_after_bare_dashdash
        PASS [   0.460s] ( 217/3865) ralphus-cli commands::quick_start::tests::unknown_manager_subcommand_is_usage_error
        PASS [   0.464s] ( 218/3865) ralphus-cli commands::quick_start::tests::unknown_watcher_subcommand_is_usage_error
        PASS [   0.475s] ( 219/3865) ralphus-cli commands::quick_start::tests::watcher_system_prompt_adds_read_only_note_when_requested
        PASS [   0.471s] ( 220/3865) ralphus-cli commands::quick_start::tests::watcher_system_prompt_drains_review_category_messages_too
        PASS [   0.483s] ( 221/3865) ralphus-cli commands::quick_start::tests::watcher_system_prompt_instructs_mailbox_check_after_every_turn
        PASS [   0.477s] ( 222/3865) ralphus-cli commands::review::tests::action_run_requires_index
        PASS [   0.481s] ( 223/3865) ralphus-cli commands::review::tests::agent_resume_command_matches_session_rs_behavior
        PASS [   0.487s] ( 224/3865) ralphus-cli commands::review::tests::bare_review_is_help
        PASS [   0.483s] ( 225/3865) ralphus-cli commands::review::tests::bare_upstream_is_help
        PASS [   0.474s] ( 226/3865) ralphus-cli commands::review::tests::branch_terminal_rejects_invalid_mode
        PASS [   0.477s] ( 227/3865) ralphus-cli commands::review::tests::checks_run_rejects_malformed_input
        PASS [   0.465s] ( 228/3865) ralphus-cli commands::review::tests::create_requires_three_positionals
        PASS [   0.375s] ( 229/3865) ralphus-cli commands::review::tests::delete_parses_yes_flag
        PASS [   0.349s] ( 230/3865) ralphus-cli commands::review::tests::is_pr_ready_requires_status_and_fully_merged_progress
        PASS [   0.349s] ( 231/3865) ralphus-cli commands::review::tests::link_cell_requires_both_selectors
        PASS [   0.354s] ( 232/3865) ralphus-cli commands::review::tests::missing_selector_is_usage_error
        PASS [   0.353s] ( 233/3865) ralphus-cli commands::review::tests::parse_environment_flags_rejects_malformed_entry
        PASS [   0.360s] ( 234/3865) ralphus-cli commands::review::tests::parses_action_list_and_run
        PASS [   0.365s] ( 235/3865) ralphus-cli commands::review::tests::parses_add_branch
        PASS [   0.373s] ( 236/3865) ralphus-cli commands::review::tests::parses_branch_enable_disable
        PASS [   0.370s] ( 237/3865) ralphus-cli commands::review::tests::parses_branch_terminal_default_mode
        PASS [   0.368s] ( 238/3865) ralphus-cli commands::review::tests::parses_build_env_repeated_flags
        PASS [   0.373s] ( 239/3865) ralphus-cli commands::review::tests::parses_checks_list
        PASS [   0.361s] ( 240/3865) ralphus-cli commands::review::tests::parses_checks_run_with_indices_and_inputs
        PASS [   0.364s] ( 241/3865) ralphus-cli commands::review::tests::parses_checks_terminal
        PASS [   0.362s] ( 242/3865) ralphus-cli commands::review::tests::parses_create_positionals_and_flags
        PASS [   2.322s] ( 243/3865) ralphus-cli client::tests::unreachable_daemon_yields_none_status_code
        PASS [   0.350s] ( 244/3865) ralphus-cli commands::review::tests::parses_env_with_and_without_a_scope
        PASS [   0.348s] ( 245/3865) ralphus-cli commands::review::tests::parses_feedback_author_flag
        PASS [   0.350s] ( 246/3865) ralphus-cli commands::review::tests::parses_feedback_positional_pair
        PASS [   0.355s] ( 247/3865) ralphus-cli commands::review::tests::parses_link_cell
        PASS [   0.342s] ( 248/3865) ralphus-cli commands::review::tests::parses_list_with_flags
        PASS [   0.879s] ( 249/3865) ralphus-cli commands::quick_start::tests::spawn_plan_unresolvable_bare_name_falls_back_to_literal_exec
        PASS [   0.346s] ( 250/3865) ralphus-cli commands::review::tests::parses_manual_checks_env
        PASS [   0.351s] ( 251/3865) ralphus-cli commands::review::tests::parses_move_branch
        PASS [   0.352s] ( 252/3865) ralphus-cli commands::review::tests::parses_pr_comments_and_pull_feedback
        PASS [   0.354s] ( 253/3865) ralphus-cli commands::review::tests::parses_pr_find
        PASS [   0.351s] ( 254/3865) ralphus-cli commands::review::tests::parses_pr_pull_from_pr
        PASS [   0.348s] ( 255/3865) ralphus-cli commands::review::tests::parses_pr_submit_allow_unlinked_fork
        PASS [   0.345s] ( 256/3865) ralphus-cli commands::review::tests::parses_pr_submit_by_position
        PASS [   0.350s] ( 257/3865) ralphus-cli commands::review::tests::parses_pr_submit_combined
        PASS [   0.348s] ( 258/3865) ralphus-cli commands::review::tests::parses_pr_submit_draft_flag
        PASS [   0.345s] ( 259/3865) ralphus-cli commands::review::tests::parses_pr_submit_ready_for_review_flag
        PASS [   0.346s] ( 260/3865) ralphus-cli commands::review::tests::parses_pr_submit_use_worktree_branch_name
        PASS [   0.341s] ( 261/3865) ralphus-cli commands::review::tests::parses_pr_unlink
        PASS [   0.339s] ( 262/3865) ralphus-cli commands::review::tests::parses_pr_update_flags
        PASS [   0.349s] ( 263/3865) ralphus-cli commands::review::tests::parses_reorder_with_disable_enable
        PASS [   1.356s] ( 264/3865) ralphus-cli commands::quick_start::tests::real_spawn_bare_script_runs_and_receives_its_args
        PASS [   0.347s] ( 265/3865) ralphus-cli commands::review::tests::parses_settings_auto_submit_pr_stack_tri_state
        PASS [   0.340s] ( 266/3865) ralphus-cli commands::review::tests::parses_settings_match_pr_branch_name_tri_state
        PASS [   0.342s] ( 267/3865) ralphus-cli commands::review::tests::parses_settings_skip_base_updates_tri_state
        PASS [   0.335s] ( 268/3865) ralphus-cli commands::review::tests::parses_settings_tri_state_flags
        PASS [   0.340s] ( 269/3865) ralphus-cli commands::review::tests::parses_show_with_selector
        PASS [   0.331s] ( 270/3865) ralphus-cli commands::review::tests::parses_squash_on
        PASS [   0.340s] ( 271/3865) ralphus-cli commands::review::tests::parses_sync_pr
        PASS [   0.335s] ( 272/3865) ralphus-cli commands::review::tests::parses_upstream_list
        PASS [   0.339s] ( 273/3865) ralphus-cli commands::review::tests::parses_upstream_set
        PASS [   0.351s] ( 274/3865) ralphus-cli commands::review::tests::pr_submit_neither_draft_flag_defers_to_project_default
        PASS [   0.355s] ( 275/3865) ralphus-cli commands::review::tests::pr_submit_rejects_both_draft_flags
        PASS [   0.357s] ( 276/3865) ralphus-cli commands::review::tests::pr_submit_rejects_both_position_and_combined
        PASS [   0.356s] ( 277/3865) ralphus-cli commands::review::tests::pr_submit_rejects_neither_position_nor_combined
        PASS [   0.348s] ( 278/3865) ralphus-cli commands::review::tests::pr_submit_use_worktree_branch_name_defaults_to_none
        PASS [   0.359s] ( 279/3865) ralphus-cli commands::review::tests::pr_unlink_requires_a_selector
        PASS [   0.356s] ( 280/3865) ralphus-cli commands::review::tests::resolve_check_inputs_prefers_overrides_then_stored_then_default
        PASS [   0.370s] ( 281/3865) ralphus-cli commands::review::tests::resolve_check_inputs_reports_missing_when_no_source_and_empty_default
        PASS [   0.359s] ( 282/3865) ralphus-cli commands::review::tests::settings_tri_state_defaults_to_none_when_absent
        PASS [   0.358s] ( 283/3865) ralphus-cli commands::review::tests::squash_requires_on_or_off
        PASS [   0.362s] ( 284/3865) ralphus-cli commands::review::tests::unknown_nested_subcommands_are_usage_errors
        PASS [   0.368s] ( 285/3865) ralphus-cli commands::review::tests::unknown_review_subcommand_is_usage_error
        PASS [   0.379s] ( 286/3865) ralphus-cli commands::show::tests::bare_show_is_help
        PASS [   0.390s] ( 287/3865) ralphus-cli commands::show::tests::help_map_dispatch_exits_0
        PASS [   0.387s] ( 288/3865) ralphus-cli commands::show::tests::parses_help_map
        PASS [   0.385s] ( 289/3865) ralphus-cli commands::show::tests::unknown_subcommand_is_usage_error
        PASS [   1.675s] ( 290/3865) ralphus-cli commands::quick_start::tests::real_spawn_raw_compound_command_cds_to_expected_directory
        PASS [   0.398s] ( 291/3865) ralphus-cli commands::squad::tests::delete_parses_yes_flag
        PASS [   0.400s] ( 292/3865) ralphus-cli commands::squad::tests::missing_squad_id_is_usage_error
        PASS [   0.408s] ( 293/3865) ralphus-cli commands::squad::tests::parses_env_with_squad_id
        PASS [   0.406s] ( 294/3865) ralphus-cli commands::squad::tests::parses_list_with_flags
        PASS [   0.402s] ( 295/3865) ralphus-cli commands::squad::tests::parses_set_status_positional_pair
        PASS [   0.406s] ( 296/3865) ralphus-cli commands::task::tests::bare_task_is_help
        PASS [   0.417s] ( 297/3865) ralphus-cli commands::task::tests::missing_selector_is_usage_error
        PASS [   0.424s] ( 298/3865) ralphus-cli commands::task::tests::parses_edit_with_optional_flags
        PASS [   0.419s] ( 299/3865) ralphus-cli commands::task::tests::parses_env_with_a_default_and_an_explicit_scope
        PASS [   0.424s] ( 300/3865) ralphus-cli commands::task::tests::parses_restart_proof_with_from_flag
        PASS [   0.427s] ( 301/3865) ralphus-cli commands::task::tests::parses_set_status_positional_pair
        PASS [   0.429s] ( 302/3865) ralphus-cli commands::task::tests::parses_show_with_selector
        PASS [   0.428s] ( 303/3865) ralphus-cli commands::task::tests::restart_proof_requires_from_flag
        PASS [   0.431s] ( 304/3865) ralphus-cli commands::tests::empty_args_is_help
        PASS [   0.428s] ( 305/3865) ralphus-cli commands::tests::history_parses_type_filter
        PASS [   0.423s] ( 306/3865) ralphus-cli commands::tests::history_requires_selector
        PASS [   2.122s] ( 307/3865) ralphus-cli commands::quick_start::tests::manager_claude_code_bare_path_invocation_spawns_expected_argv
        PASS [   0.426s] ( 308/3865) ralphus-cli commands::tests::license_is_a_top_level_command
        PASS [   0.421s] ( 309/3865) ralphus-cli commands::tests::parses_validate_with_files
        PASS [   0.426s] ( 310/3865) ralphus-cli commands::tests::unknown_command_is_usage_error_not_panic
        PASS [   0.429s] ( 311/3865) ralphus-cli commands::triage::tests::bare_triage_is_help
        PASS [   0.433s] ( 312/3865) ralphus-cli commands::triage::tests::get_and_deregister_require_name
        PASS [   0.445s] ( 313/3865) ralphus-cli commands::triage::tests::parses_get_and_deregister
        PASS [   0.441s] ( 314/3865) ralphus-cli commands::triage::tests::parses_list
        PASS [   0.451s] ( 315/3865) ralphus-cli commands::triage::tests::parses_pool_list
        PASS [   2.235s] ( 316/3865) ralphus-cli commands::quick_start::tests::manager_claude_code_cleans_up_temp_file_after_spawn
        PASS [   2.222s] ( 317/3865) ralphus-cli commands::quick_start::tests::manager_claude_code_launch_failure_returns_2
        PASS [   0.461s] ( 318/3865) ralphus-cli commands::triage::tests::parses_pool_threshold_clear
        PASS [   0.465s] ( 319/3865) ralphus-cli commands::triage::tests::parses_pool_threshold_preview_flag
        PASS [   0.464s] ( 320/3865) ralphus-cli commands::triage::tests::parses_pool_threshold_set
        PASS [   2.269s] ( 321/3865) ralphus-cli commands::quick_start::tests::manager_claude_code_forwards_extra_passthrough_args
        PASS [   0.462s] ( 322/3865) ralphus-cli commands::triage::tests::parses_type_register_with_flags
        PASS [   0.457s] ( 323/3865) ralphus-cli commands::triage::tests::pool_threshold_rejects_both_threshold_and_clear
        PASS [   0.462s] ( 324/3865) ralphus-cli commands::triage::tests::pool_threshold_requires_either_threshold_or_clear
        PASS [   2.304s] ( 325/3865) ralphus-cli commands::quick_start::tests::manager_claude_code_read_only_uses_permission_mode_plan
        PASS [   0.465s] ( 326/3865) ralphus-cli commands::triage::tests::pool_threshold_requires_project_and_type
        PASS [   2.335s] ( 327/3865) ralphus-cli commands::quick_start::tests::manager_claude_code_merges_user_system_prompt_file_into_one_flag
        PASS [   0.470s] ( 328/3865) ralphus-cli commands::triage::tests::register_requires_name
        PASS [   0.479s] ( 329/3865) ralphus-cli commands::triage::tests::unknown_subcommands_are_usage_errors
        PASS [   2.343s] ( 330/3865) ralphus-cli commands::quick_start::tests::manager_codex_bare_path_invocation_spawns_expected_argv
        PASS [   0.478s] ( 331/3865) ralphus-cli commands::user::tests::no_subcommand_is_help_and_unknown_is_usage_error
        PASS [   0.485s] ( 332/3865) ralphus-cli commands::user::tests::parses_delete_forge_token
        PASS [   0.483s] ( 333/3865) ralphus-cli commands::user::tests::parses_list_forge_tokens
        PASS [   0.481s] ( 334/3865) ralphus-cli commands::user::tests::parses_set_forge_token
        PASS [   0.478s] ( 335/3865) ralphus-cli commands::user::tests::set_forge_token_requires_host_token_and_user
        PASS [   0.474s] ( 336/3865) ralphus-cli config::tests::apply_daemon_only_overrides_present_fields
        PASS [   0.477s] ( 337/3865) ralphus-cli config::tests::apply_daemon_parses_max_concurrent
        PASS [   2.424s] ( 338/3865) ralphus-cli commands::quick_start::tests::manager_codex_launch_failure_returns_2
        PASS [   0.484s] ( 339/3865) ralphus-cli config::tests::defaults_when_no_env_and_no_git_root
        PASS [   2.448s] ( 340/3865) ralphus-cli commands::quick_start::tests::manager_codex_forwards_extra_passthrough_args
        PASS [   0.495s] ( 341/3865) ralphus-cli config::tests::load_config_applies_explicit_configuration_path_file_and_records_provenance
        PASS [   0.485s] ( 342/3865) ralphus-cli config::tests::subprocess_timeout_unbounded_when_non_positive
        PASS [   0.489s] ( 343/3865) ralphus-cli config::tests::validate_raw_accepts_agent_profile_model_field
        PASS [   2.477s] ( 344/3865) ralphus-cli commands::quick_start::tests::manager_codex_read_only_adds_sandbox_flag
        PASS [   0.485s] ( 345/3865) ralphus-cli config::tests::validate_raw_accepts_daemon_default_user_settings
        PASS [   0.488s] ( 346/3865) ralphus-cli config::tests::validate_raw_accepts_daemon_downtime_windows
        PASS [   2.480s] ( 347/3865) ralphus-cli commands::quick_start::tests::manager_pi_forwards_extra_passthrough_args
        PASS [   0.485s] ( 348/3865) ralphus-cli config::tests::validate_raw_accepts_well_formed_agent_profile
        PASS [   2.507s] ( 349/3865) ralphus-cli commands::quick_start::tests::manager_pi_bare_path_invocation_spawns_expected_argv
        PASS [   2.514s] ( 350/3865) ralphus-cli commands::quick_start::tests::manager_codex_without_read_only_omits_sandbox_flag
        PASS [   0.495s] ( 351/3865) ralphus-cli config::tests::validate_raw_accepts_well_formed_file
        PASS [   2.497s] ( 352/3865) ralphus-cli commands::quick_start::tests::manager_pi_read_only_uses_no_approve_and_prompt_guidance
        PASS [   0.496s] ( 353/3865) ralphus-cli config::tests::validate_raw_accepts_zero_max_concurrent
        PASS [   2.511s] ( 354/3865) ralphus-cli commands::quick_start::tests::manager_pi_launch_failure_returns_2
        PASS [   0.499s] ( 355/3865) ralphus-cli config::tests::validate_raw_checks_ark_policy
        PASS [   0.506s] ( 356/3865) ralphus-cli config::tests::validate_raw_flags_agent_profile_issues
        PASS [   0.505s] ( 357/3865) ralphus-cli config::tests::validate_raw_flags_daemon_downtime_missing_field
        PASS [   0.506s] ( 358/3865) ralphus-cli config::tests::validate_raw_flags_invalid_log_level
        PASS [   0.495s] ( 359/3865) ralphus-cli config::tests::validate_raw_flags_non_integer_max_concurrent
        PASS [   0.492s] ( 360/3865) ralphus-cli config::tests::validate_raw_flags_unknown_keys_and_bad_types
        PASS [   0.484s] ( 361/3865) ralphus-cli config::tests::validate_raw_flags_wrong_type_agent_profile_model
        PASS [   0.473s] ( 362/3865) ralphus-cli config::tests::validate_raw_flags_wrong_type_daemon_default_user_settings
        PASS [   0.476s] ( 363/3865) ralphus-cli config::tests::validate_raw_requires_a_boolean_opentelemetry_value
        PASS [   0.484s] ( 364/3865) ralphus-cli entity_uri::tests::from_resolved_guardian_selector_ignores_branch
        PASS [   0.488s] ( 365/3865) ralphus-cli entity_uri::tests::from_resolved_selector_maps_every_kind
        PASS [   0.473s] ( 366/3865) ralphus-cli entity_uri::tests::rejects_empty_ids_and_bad_indices
        PASS [   0.474s] ( 367/3865) ralphus-cli entity_uri::tests::rejects_unknown_kind_and_wrong_arity
        PASS [   0.489s] ( 368/3865) ralphus-cli entity_uri::tests::round_trips_every_kind
        PASS [   0.481s] ( 369/3865) ralphus-cli flags::tests::take_bool_removes_flag_and_reports_presence
        PASS [   0.478s] ( 370/3865) ralphus-cli flags::tests::take_parsed_parses_and_reports_bad_values
        PASS [   0.471s] ( 371/3865) ralphus-cli flags::tests::take_repeated_collects_every_occurrence_in_order
        PASS [   0.476s] ( 372/3865) ralphus-cli flags::tests::take_value_errors_when_no_value_follows
        PASS [   0.473s] ( 373/3865) ralphus-cli flags::tests::take_value_extracts_flag_and_value
        PASS [   0.466s] ( 374/3865) ralphus-cli flags::tests::take_value_missing_flag_returns_none
        PASS [   2.611s] ( 375/3865) ralphus-cli commands::quick_start::tests::reviewer_claude_code_no_target
        PASS [   0.475s] ( 376/3865) ralphus-cli flags::tests::take_value_supports_equals_form
        PASS [   2.614s] ( 377/3865) ralphus-cli commands::quick_start::tests::reviewer_claude_code_read_only_uses_permission_mode_plan
        PASS [   2.607s] ( 378/3865) ralphus-cli commands::quick_start::tests::reviewer_claude_code_with_target
        PASS [   0.470s] ( 379/3865) ralphus-cli graphview::tests::levels_dumps_residual_cycle_as_one_level_instead_of_looping
        PASS [   0.475s] ( 380/3865) ralphus-cli graphview::tests::render_ascii_groups_into_levels_with_deps
        PASS [   2.611s] ( 381/3865) ralphus-cli commands::quick_start::tests::reviewer_codex_no_target
        PASS [   0.473s] ( 382/3865) ralphus-cli graphview::tests::render_ascii_uses_label_when_present
        PASS [   2.596s] ( 383/3865) ralphus-cli commands::quick_start::tests::reviewer_pi_read_only_uses_no_approve
        PASS [   2.626s] ( 384/3865) ralphus-cli commands::quick_start::tests::reviewer_codex_launch_failure_returns_2
        PASS [   2.614s] ( 385/3865) ralphus-cli commands::quick_start::tests::reviewer_codex_read_only_adds_sandbox_flag
        PASS [   0.462s] ( 386/3865) ralphus-cli graphview::tests::render_dot_escapes_quotes_and_backslashes
        PASS [   0.458s] ( 387/3865) ralphus-cli graphview::tests::render_dot_wraps_with_digraph_block
        PASS [   2.598s] ( 388/3865) ralphus-cli commands::quick_start::tests::reviewer_pi_with_url_target_resolves_id_in_prompt
        PASS [   0.445s] ( 389/3865) ralphus-cli health::tests::check_config_sources_cli_lists_every_source_in_precedence_order
        PASS [   2.629s] ( 390/3865) ralphus-cli commands::quick_start::tests::reviewer_codex_with_url_target_resolves_id_in_prompt
        PASS [   0.438s] ( 391/3865) ralphus-cli health::tests::check_config_sources_cli_passes_with_no_sources
        PASS [   0.430s] ( 392/3865) ralphus-cli health::tests::check_config_sources_project_lists_global_then_project
        PASS [   0.435s] ( 393/3865) ralphus-cli health::tests::check_config_sources_project_passes_with_no_files
        PASS [   0.430s] ( 394/3865) ralphus-cli health::tests::check_gh_never_fails_when_missing
        PASS [   0.435s] ( 395/3865) ralphus-cli health::tests::check_gh_reports_path_when_found
        PASS [   0.429s] ( 396/3865) ralphus-cli health::tests::check_glab_never_fails_when_missing
        PASS [   0.432s] ( 397/3865) ralphus-cli health::tests::check_glab_reports_path_when_found
        PASS [   0.433s] ( 398/3865) ralphus-cli health::tests::check_project_clone_url_is_silent_once_a_url_is_registered
        PASS [   0.425s] ( 399/3865) ralphus-cli health::tests::check_project_clone_url_is_silent_without_remote_providers
        PASS [   0.429s] ( 400/3865) ralphus-cli health::tests::check_project_clone_url_warns_when_missing_and_remote_providers_exist
        PASS [   0.430s] ( 401/3865) ralphus-cli health::tests::check_project_path_fails_for_missing_directory_regardless_of_vcs
        PASS [   0.430s] ( 402/3865) ralphus-cli health::tests::check_project_path_skips_git_validation_for_non_git_vcs
        PASS [   0.442s] ( 403/3865) ralphus-cli health::tests::check_pull_request_branch_convention_fails_when_missing_placeholder
        PASS [   0.446s] ( 404/3865) ralphus-cli health::tests::check_pull_request_branch_convention_passes_when_valid
        PASS [   0.456s] ( 405/3865) ralphus-cli health::tests::check_pull_request_branch_convention_passes_when_unset
        PASS [   0.450s] ( 406/3865) ralphus-cli health::tests::check_result_is_fail_only_for_fail_status
        PASS [   0.444s] ( 407/3865) ralphus-cli health::tests::check_result_states_observation_impact_and_remediation
        PASS [   0.559s] ( 408/3865) ralphus-cli health::tests::check_git_fails_when_required_and_absent
        PASS [   0.439s] ( 409/3865) ralphus-cli health::tests::check_templates_fails_on_a_malformed_entry
        PASS [   0.428s] ( 410/3865) ralphus-cli health::tests::check_templates_passes_with_a_valid_template
        PASS [   0.564s] ( 411/3865) ralphus-cli health::tests::check_git_skips_when_not_required_and_absent
        PASS [   0.422s] ( 412/3865) ralphus-cli health::tests::check_templates_passes_with_no_templates_configured
        PASS [   0.416s] ( 413/3865) ralphus-cli health::tests::check_templates_validates_new_task_default_tab
        PASS [   0.417s] ( 414/3865) ralphus-cli health::tests::check_thrash_field_passes_unset
        PASS [   0.521s] ( 415/3865) ralphus-cli health::tests::check_project_path_fails_non_repo_directory_for_git_vcs
        PASS [   0.419s] ( 416/3865) ralphus-cli health::tests::check_thrash_field_passes_with_a_valid_value
        PASS [   0.420s] ( 417/3865) ralphus-cli health::tests::check_thrash_field_prefers_project_over_global
        PASS [   0.405s] ( 418/3865) ralphus-cli health::tests::check_thrash_field_warns_on_negative_value
        PASS [   0.541s] ( 419/3865) ralphus-cli health::tests::check_project_path_validates_git_repo_for_git_vcs
        PASS [   0.407s] ( 420/3865) ralphus-cli health::tests::check_thrash_field_warns_on_non_numeric_value
        PASS [   0.406s] ( 421/3865) ralphus-cli health::tests::check_tmux_fails_with_remediation_when_unresolved
        PASS [   0.399s] ( 422/3865) ralphus-cli health::tests::check_tmux_reports_embedded_and_path_sources
        PASS [   0.391s] ( 423/3865) ralphus-cli health::tests::check_tmux_reports_resolved_value_and_source
        PASS [   0.385s] ( 424/3865) ralphus-cli health::tests::check_tool_arg_truncate_chars_passes_unset
        PASS [   0.383s] ( 425/3865) ralphus-cli health::tests::check_tool_arg_truncate_chars_passes_with_a_valid_value
        PASS [   0.380s] ( 426/3865) ralphus-cli health::tests::check_tool_arg_truncate_chars_prefers_project_over_global
        PASS [   0.374s] ( 427/3865) ralphus-cli health::tests::check_tool_arg_truncate_chars_warns_on_negative_value
        PASS [   0.379s] ( 428/3865) ralphus-cli health::tests::check_tool_arg_truncate_chars_warns_on_non_numeric_value
        PASS [   0.377s] ( 429/3865) ralphus-cli health::tests::is_compound_shell_command_detects_multiword_unquoted
        PASS [   0.374s] ( 430/3865) ralphus-cli health::tests::unquote_path_strips_one_layer
        PASS [   0.379s] ( 431/3865) ralphus-cli help_map::tests::a_review_uri_where_a_squad_coordinate_belongs_quotes_the_family_grammar
        PASS [   0.387s] ( 432/3865) ralphus-cli help_map::tests::check_health_is_tagged_both_subagent_and_read_only_safe
        PASS [   0.389s] ( 433/3865) ralphus-cli help_map::tests::command_help_for_nested_group_lists_immediate_children
        PASS [   0.392s] ( 434/3865) ralphus-cli help_map::tests::command_help_lists_root_subcommands_alphabetically
        PASS [   0.390s] ( 435/3865) ralphus-cli help_map::tests::command_help_spells_out_the_selector_kind_each_command_accepts
        PASS [   0.396s] ( 436/3865) ralphus-cli help_map::tests::declared_options_and_their_values_pass_validation
        PASS [   0.401s] ( 437/3865) ralphus-cli help_map::tests::description_is_wrapped_in_braces
        PASS [   0.443s] ( 438/3865) ralphus-cli health::tests::which_finds_a_program_known_to_exist_on_path
        PASS [   0.408s] ( 439/3865) ralphus-cli help_map::tests::every_documented_option_survives_invocation_validation
        PASS [   0.031s] ( 440/3865) ralphus-cli tutor::tests::tutor_documents_linked_fields_and_the_text_query
        PASS [   0.416s] ( 441/3865) ralphus-cli help_map::tests::full_output_prints_all_nine_notes_before_the_tree
        PASS [   0.417s] ( 442/3865) ralphus-cli help_map::tests::generate_has_no_trailing_newline
        PASS [   0.424s] ( 443/3865) ralphus-cli help_map::tests::generate_read_only_safe_excludes_mutating_leaves_but_keeps_their_group_headers
        PASS [   0.418s] ( 444/3865) ralphus-cli help_map::tests::help_after_passthrough_separator_is_not_intercepted
        PASS [   0.425s] ( 445/3865) ralphus-cli help_map::tests::no_flag_uses_the_bare_n_placeholder
        PASS [   0.427s] ( 446/3865) ralphus-cli help_map::tests::positionals_carry_type_annotations_not_bare_names
        PASS [   0.427s] ( 447/3865) ralphus-cli help_map::tests::quick_start_manager_has_discoverable_backend_help
        PASS [   0.423s] ( 448/3865) ralphus-cli help_map::tests::read_only_safe_prefix_comes_before_name_subagent_after_chips
        PASS [   0.418s] ( 449/3865) ralphus-cli help_map::tests::real_tree_covers_top_level_groups_and_excludes_hidden_commands
        PASS [   0.420s] ( 450/3865) ralphus-cli help_map::tests::real_tree_has_non_trivial_node_count
        PASS [   0.395s] ( 451/3865) ralphus-cli help_map::tests::registry_gates_unknown_subcommands_but_help_uses_deepest_known_parent
        PASS [   0.396s] ( 452/3865) ralphus-cli help_map::tests::rejected_invocations_carry_the_deepest_applicable_help_path
        PASS [   0.396s] ( 453/3865) ralphus-cli help_map::tests::render_read_only_safe_drops_whole_subtree_with_no_tagged_descendant
        PASS [   0.394s] ( 454/3865) ralphus-cli help_map::tests::render_read_only_safe_keeps_untagged_group_header_with_tagged_descendant
        PASS [   0.403s] ( 455/3865) ralphus-cli help_map::tests::rendered_id_arguments_use_id_chips_and_are_documented
        PASS [   0.400s] ( 456/3865) ralphus-cli help_map::tests::rendered_uri_arguments_use_uri_chips_and_document_every_entity_kind
        PASS [   0.393s] ( 457/3865) ralphus-cli help_map::tests::renders_indentation_and_child_nesting
        PASS [   0.378s] ( 458/3865) ralphus-cli help_map::tests::review_top_level_is_tagged_subagent_but_children_are_not
        PASS [   0.382s] ( 459/3865) ralphus-cli help_map::tests::selector_format_sections_never_reach_the_help_map_tree
        PASS [   0.377s] ( 460/3865) ralphus-cli help_map::tests::sorts_option_chips_alphabetically_but_keeps_positional_order_first
        PASS [   0.380s] ( 461/3865) ralphus-cli help_map::tests::wrong_selector_kind_names_what_was_given_and_what_was_wanted
        PASS [   0.375s] ( 462/3865) ralphus-cli output::tests::exit_code_maps_known_statuses
        PASS [   0.377s] ( 463/3865) ralphus-cli output::tests::print_kv_handles_empty
        PASS [   0.379s] ( 464/3865) ralphus-cli output::tests::print_table_handles_empty_rows
        PASS [   0.387s] ( 465/3865) ralphus-cli output::tests::print_table_pads_columns
        PASS [   0.389s] ( 466/3865) ralphus-cli program_name::tests::argv_zero_is_the_fallback
        PASS [   0.392s] ( 467/3865) ralphus-cli program_name::tests::current_executable_wins_and_extension_is_removed
        PASS [   0.392s] ( 468/3865) ralphus-cli program_name::tests::substitution_preserves_protocol_markers
        PASS [   0.392s] ( 469/3865) ralphus-cli selector::tests::guardian_view_uri_renders_with_branch
        PASS [   0.394s] ( 470/3865) ralphus-cli selector::tests::parse_guardian_selector_legacy_branch_hash_earliest_wins
        PASS [   0.399s] ( 471/3865) ralphus-cli selector::tests::parse_guardian_selector_legacy_branch_tilde
        PASS [   0.395s] ( 472/3865) ralphus-cli selector::tests::parse_guardian_selector_legacy_plain_id
        PASS [   0.399s] ( 473/3865) ralphus-cli selector::tests::parse_guardian_selector_uri_form
        PASS [   0.400s] ( 474/3865) ralphus-cli selector::tests::parse_squad_selector_legacy_bare_squad
        PASS [   0.406s] ( 475/3865) ralphus-cli selector::tests::parse_squad_selector_legacy_cell_proof
        PASS [   0.406s] ( 476/3865) ralphus-cli selector::tests::parse_squad_selector_legacy_task_and_cell
        PASS [   0.405s] ( 477/3865) ralphus-cli selector::tests::parse_squad_selector_legacy_task_proof
        PASS [   0.028s] ( 478/3865) ralphus-core agent_resume::tests::resume_agent_command_posix_always_skips_permissions
        PASS [   0.407s] ( 479/3865) ralphus-cli selector::tests::parse_squad_selector_uri_form
        PASS [   0.405s] ( 480/3865) ralphus-cli selector::tests::parse_squad_selector_uri_rejects_positional_squad
        PASS [   0.405s] ( 481/3865) ralphus-cli selector::tests::resolve_index_ambiguous_name_errors
        PASS [   0.403s] ( 482/3865) ralphus-cli selector::tests::resolve_index_legacy_bare_int_is_position
        PASS [   0.404s] ( 483/3865) ralphus-cli selector::tests::resolve_index_uri_form_bare_token_is_name_not_position
        PASS [   0.405s] ( 484/3865) ralphus-cli selector::tests::resolve_index_uri_form_sigil_is_position
        PASS [   0.404s] ( 485/3865) ralphus-cli selector::tests::squad_view_uri_renders_squad_only
        PASS [   0.398s] ( 486/3865) ralphus-cli terminal_relay::tests::ws_host_handles_a_bare_host_with_no_scheme
        PASS [   0.397s] ( 487/3865) ralphus-cli terminal_relay::tests::ws_host_strips_scheme_port_and_path
        PASS [   0.399s] ( 488/3865) ralphus-cli tutor::tests::finalize_prompt_and_system_prompt_use_affirmative_only_phrasing
        PASS [   0.397s] ( 489/3865) ralphus-cli tutor::tests::task_tutor_preserves_protocol_markers
        PASS [   0.396s] ( 490/3865) ralphus-cli tutor::tests::tutor_is_ascii_only
        PASS [   0.396s] ( 491/3865) ralphus-cli tutor::tests::tutor_mentions_core_sections
        PASS [   0.797s] ( 492/3865) ralphus-cli help_map::tests::every_registered_path_has_detailed_help_and_universal_precedence
        PASS [   0.395s] ( 493/3865) ralphus-cli tutor::tests::tutor_shows_an_environment_value_reusing_the_cwd_worktree
        PASS [   0.401s] ( 494/3865) ralphus-cli tutor::tests::tutor_uses_wrapped_review_sentinel_for_review_examples
        PASS [   0.407s] ( 495/3865) ralphus-cli tutor::tests::tutor_uses_wrapped_worktree_placeholders_for_cwd_examples
        PASS [   0.428s] ( 496/3865) ralphus-cli::cli_integration cell_edit_rejects_a_squad_selector_and_shows_the_cell_format
        PASS [   0.436s] ( 497/3865) ralphus-cli::cli_integration agent_list_needs_no_daemon_at_all
        PASS [   0.422s] ( 498/3865) ralphus-cli::cli_integration help_precedes_missing_positionals_and_global_flag_validation
        PASS [   0.423s] ( 499/3865) ralphus-cli::cli_integration license_prints_the_embedded_workspace_license_without_daemon_access
        PASS [   0.423s] ( 500/3865) ralphus-cli::cli_integration quick_start_manager_help_is_detailed_and_never_launches
        PASS [   0.423s] ( 501/3865) ralphus-cli::cli_integration quick_start_unknown_subcommand_is_a_usage_error
        PASS [   0.454s] ( 502/3865) ralphus-cli::cli_integration help_precedes_version_and_version_remains_global
        PASS [   0.429s] ( 503/3865) ralphus-cli::cli_integration quick_start_with_no_args_prints_help_rather_than_launching_anything
        PASS [   0.415s] ( 504/3865) ralphus-cli::cli_integration unknown_cell_subcommand_prints_cell_help
        PASS [   0.416s] ( 505/3865) ralphus-cli::cli_integration unknown_flag_prints_the_deepest_resolved_subcommand_help
        PASS [   0.421s] ( 506/3865) ralphus-cli::cli_integration unknown_subcommand_is_a_usage_error_not_a_panic
        PASS [   0.443s] ( 507/3865) ralphus-cli::cli_integration submit_reads_file_and_posts_its_contents
        PASS [   0.396s] ( 508/3865) ralphus-cli::health_catalog_parity every_catalog_entry_round_trips_through_get
        PASS [   0.385s] ( 509/3865) ralphus-core agent_resume::tests::agent_resume_argv_dispatches_per_agent_and_mode
        PASS [   0.400s] ( 510/3865) ralphus-cli::health_catalog_parity every_catalog_id_constant_is_referenced_in_health_rs
        PASS [   0.389s] ( 511/3865) ralphus-core agent_resume::tests::agent_resume_argv_uses_caller_supplied_program_override
        PASS [   0.387s] ( 512/3865) ralphus-core agent_resume::tests::is_claude_agent_false_for_other_backends_and_unset
        PASS [   0.410s] ( 513/3865) ralphus-cli::help_map_command_parity every_help_map_leaf_is_dispatchable_by_commands_parse_args
        PASS [   0.438s] ( 514/3865) ralphus-cli::cli_integration validate_joins_multiple_files_into_one_request_like_submit_does
        PASS [   0.387s] ( 515/3865) ralphus-core agent_resume::tests::is_claude_agent_matches_every_alias
        PASS [   0.387s] ( 516/3865) ralphus-core agent_resume::tests::is_codex_agent_false_for_claude_and_unset
        PASS [   0.389s] ( 517/3865) ralphus-core agent_resume::tests::is_codex_agent_matches_both_aliases
        PASS [   0.385s] ( 518/3865) ralphus-core agent_resume::tests::is_pi_agent_only_matches_pi
        PASS [   0.386s] ( 519/3865) ralphus-core agent_resume::tests::resume_agent_command_always_skips_permissions
        PASS [   0.386s] ( 520/3865) ralphus-core agent_resume::tests::resume_agent_command_escapes_single_quotes
        PASS [   0.386s] ( 521/3865) ralphus-core agent_resume::tests::resume_agent_command_posix_escapes_single_quotes
        PASS [   0.774s] ( 522/3865) ralphus-cli selector::tests::parse_squad_selector_rejects_bare_proof_no_index
        PASS [   0.391s] ( 523/3865) ralphus-core agent_resume::tests::resume_agent_command_posix_shell_routes_a_compound_program
        PASS [   0.391s] ( 524/3865) ralphus-core agent_resume::tests::resume_agent_command_shell_routes_a_compound_program
        PASS [   0.390s] ( 525/3865) ralphus-core agent_resume::tests::resume_codex_agent_command_always_bypasses_approvals
        PASS [   0.389s] ( 526/3865) ralphus-core agent_resume::tests::resume_codex_agent_command_escapes_single_quotes
        PASS [   0.388s] ( 527/3865) ralphus-core agent_resume::tests::resume_codex_agent_command_shell_routes_a_compound_program
        PASS [   0.388s] ( 528/3865) ralphus-core agent_resume::tests::resume_pi_agent_command_shell_routes_a_compound_program
        PASS [   0.389s] ( 529/3865) ralphus-core agent_resume::tests::resume_pi_agent_command_uses_session_and_approve
        PASS [   0.388s] ( 530/3865) ralphus-core bench_demo::validate_toml_accepts_minimal_task__ralphus_bench_test
        PASS [   0.387s] ( 531/3865) ralphus-core bench_demo::validate_toml_rejects_empty_file__ralphus_bench_test
        PASS [   0.391s] ( 532/3865) ralphus-core cors::tests::absent_host_header_denies_unconfigured_origin
        PASS [   0.389s] ( 533/3865) ralphus-core cors::tests::absent_host_header_still_allows_configured_origins
        PASS [   0.388s] ( 534/3865) ralphus-core cors::tests::allow_list_match_is_case_insensitive
        PASS [   0.389s] ( 535/3865) ralphus-core cors::tests::cors_config_defaults_when_table_absent
        PASS [   0.386s] ( 536/3865) ralphus-core cors::tests::cors_config_malformed_toml_is_default
        PASS [   0.381s] ( 537/3865) ralphus-core cors::tests::cors_config_merge_unions_and_dedupes
        PASS [   0.381s] ( 538/3865) ralphus-core cors::tests::cors_config_parses_allowed_origins
        PASS [   0.383s] ( 539/3865) ralphus-core cors::tests::mismatched_origin_with_empty_allow_list_is_denied
        PASS [   0.383s] ( 540/3865) ralphus-core cors::tests::missing_origin_is_not_cross_origin
        PASS [   0.384s] ( 541/3865) ralphus-core cors::tests::no_wildcard_support
        PASS [   0.380s] ( 542/3865) ralphus-core cors::tests::origin_in_configured_allow_list_is_allowed
        PASS [   0.352s] ( 543/3865) ralphus-core cors::tests::origin_matching_host_over_http_is_allowed
        PASS [   0.357s] ( 544/3865) ralphus-core cors::tests::origin_matching_host_over_https_is_allowed
        PASS [   0.357s] ( 545/3865) ralphus-core health_catalog::tests::dependencies_md_names_every_documented_catalog_id
        PASS [   0.347s] ( 546/3865) ralphus-core health_catalog::tests::every_entry_has_a_known_section
        PASS [   0.336s] ( 547/3865) ralphus-core health_catalog::tests::every_entry_has_a_label_and_impact
        PASS [   0.340s] ( 548/3865) ralphus-core health_catalog::tests::every_id_is_kebab_case_ascii
        PASS [   0.342s] ( 549/3865) ralphus-core health_catalog::tests::every_id_is_unique
        PASS [   0.336s] ( 550/3865) ralphus-core health_catalog::tests::free_daemon_local_entries_excludes_every_opt_in_and_remote_check
        PASS [   0.305s] ( 551/3865) ralphus-core health_catalog::tests::get_finds_a_known_id_and_none_for_unknown
        PASS [   0.307s] ( 552/3865) ralphus-core health_catalog::tests::no_remote_entry_is_free
        PASS [   0.301s] ( 553/3865) ralphus-core license::tests::embedded_license_matches_repo_license_file
        PASS [   0.304s] ( 554/3865) ralphus-core license::tests::obfuscated_bytes_do_not_contain_plaintext_license_text
        PASS [   0.312s] ( 555/3865) ralphus-core process::tests::windows_executability_requires_a_pathext_extension
        PASS [   0.305s] ( 556/3865) ralphus-core rate_limit::tests::clamp_caps_a_delay_over_ten_minutes
        PASS [   0.307s] ( 557/3865) ralphus-core rate_limit::tests::clamp_caps_an_extreme_delay
        PASS [   0.312s] ( 558/3865) ralphus-core rate_limit::tests::clamp_leaves_a_short_delay_untouched
        PASS [   0.316s] ( 559/3865) ralphus-core rate_limit::tests::clamp_leaves_exactly_the_ceiling_untouched
        PASS [   0.322s] ( 560/3865) ralphus-core redact::tests::heuristic_catches_provider_credentials_generically
        PASS [   0.322s] ( 561/3865) ralphus-core redact::tests::https_url_with_bare_username_is_not_flagged
        PASS [   0.323s] ( 562/3865) ralphus-core redact::tests::https_url_with_inline_password_is_flagged
        PASS [   0.324s] ( 563/3865) ralphus-core redact::tests::knows_the_ral247_named_secrets
        PASS [   0.325s] ( 564/3865) ralphus-core redact::tests::leaves_a_value_already_redacted_by_the_registry_alone
        PASS [   0.328s] ( 565/3865) ralphus-core redact::tests::leaves_an_already_anchored_nonsecret_key_alone
        PASS [   0.319s] ( 566/3865) ralphus-core redact::tests::non_secret_assignment_is_left_untouched
        PASS [   0.324s] ( 567/3865) ralphus-core redact::tests::non_secret_keys_are_left_alone
        PASS [   0.329s] ( 568/3865) ralphus-core redact::tests::plain_https_url_is_not_flagged
        PASS [   0.332s] ( 569/3865) ralphus-core redact::tests::redact_env_map_masks_only_registered_names_and_keeps_key_order
        PASS [   0.333s] ( 570/3865) ralphus-core redact::tests::redact_env_value_masks_a_registered_name
        PASS [   0.340s] ( 571/3865) ralphus-core redact::tests::redact_env_value_shows_an_unregistered_name_even_when_it_looks_secret
        PASS [   0.342s] ( 572/3865) ralphus-core redact::tests::redact_env_value_still_scrubs_a_credential_assignment_inside_the_value
        PASS [   0.343s] ( 573/3865) ralphus-core redact::tests::redact_url_credentials_is_a_noop_for_ssh_shorthand
        PASS [   0.470s] ( 574/3865) ralphus-core process::tests::which_finds_a_binary_known_to_exist_in_this_test_environment
        PASS [   0.343s] ( 575/3865) ralphus-core redact::tests::redact_url_credentials_is_a_noop_without_an_at_sign
        PASS [   0.343s] ( 576/3865) ralphus-core redact::tests::redact_url_credentials_masks_the_password_but_keeps_host_and_path
        PASS [   0.344s] ( 577/3865) ralphus-core redact::tests::redacts_mid_line_assignment_after_other_text
        PASS [   0.343s] ( 578/3865) ralphus-core redact::tests::redacts_multiple_pwsh_assignments_on_one_line
        PASS [   0.344s] ( 579/3865) ralphus-core redact::tests::redacts_posix_assignment_value
        PASS [   0.348s] ( 580/3865) ralphus-core redact::tests::redacts_pwsh_assignment_value
        PASS [   0.344s] ( 581/3865) ralphus-core redact::tests::redacts_pwsh_value_with_an_embedded_quote
        PASS [   0.346s] ( 582/3865) ralphus-core redact::tests::redacts_unquoted_value
        PASS [   0.349s] ( 583/3865) ralphus-core redact::tests::returns_borrowed_when_nothing_to_redact
        PASS [   0.349s] ( 584/3865) ralphus-core redact::tests::ssh_scheme_url_is_not_flagged
        PASS [   0.350s] ( 585/3865) ralphus-core redact::tests::ssh_shorthand_url_is_not_flagged
        PASS [   0.353s] ( 586/3865) ralphus-core schema::tests::agent_requires_model_claude_and_codex_only
        PASS [   0.362s] ( 587/3865) ralphus-core schema::tests::agent_spec_deserializes_a_candidate_list
        PASS [   0.364s] ( 588/3865) ralphus-core schema::tests::agent_spec_deserializes_a_plain_string
        PASS [   0.360s] ( 589/3865) ralphus-core schema::tests::agent_spec_names_lists_every_candidate
        PASS [   0.362s] ( 590/3865) ralphus-core schema::tests::auto_compact_threshold_and_maximum_context_both_supported_by_codex_and_pi
        PASS [   0.362s] ( 591/3865) ralphus-core schema::tests::auto_compact_threshold_rejected_for_bare_claude_and_ollama
        PASS [   0.598s] ( 592/3865) ralphus-core process::tests::which_returns_none_for_a_program_that_cannot_exist
        PASS [   0.362s] ( 593/3865) ralphus-core schema::tests::auto_compact_threshold_supported_by_claude_code_but_not_maximum_context
        PASS [   0.364s] ( 594/3865) ralphus-core schema::tests::cell_inherits_task_when_unset
        PASS [   0.365s] ( 595/3865) ralphus-core schema::tests::cell_machine_overrides_task_and_unset_falls_through_to_none
        PASS [   0.366s] ( 596/3865) ralphus-core schema::tests::cell_maximum_tool_output_tokens_overrides_task_and_unset_falls_through_to_none
        PASS [   0.364s] ( 597/3865) ralphus-core schema::tests::cell_overrides_task_agent_and_model
        PASS [   0.364s] ( 598/3865) ralphus-core schema::tests::cell_review_sentinel_matches_new_review_placeholder
        PASS [   0.365s] ( 599/3865) ralphus-core schema::tests::cell_review_sentinel_matches_plain_id
        PASS [   0.366s] ( 600/3865) ralphus-core schema::tests::cell_review_sentinel_none_for_bare_or_malformed
        PASS [   0.366s] ( 601/3865) ralphus-core schema::tests::command_only_cell_deserializes
        PASS [   0.349s] ( 602/3865) ralphus-core schema::tests::defaults_to_claude_when_nothing_set
        PASS [   0.356s] ( 603/3865) ralphus-core schema::tests::effective_spec_reports_a_cell_level_candidate_list
        PASS [   0.355s] ( 604/3865) ralphus-core schema::tests::environment_defaults_to_empty
        PASS [   0.356s] ( 605/3865) ralphus-core schema::tests::environment_deserializes_at_task_and_cell_level
        PASS [   0.362s] ( 606/3865) ralphus-core schema::tests::environment_deserializes_on_task_and_cell_proof_steps
        PASS [   0.361s] ( 607/3865) ralphus-core schema::tests::first_worktree_placeholder_in_text_finds_a_nested_sentinel_form
        PASS [   0.364s] ( 608/3865) ralphus-core schema::tests::first_worktree_placeholder_in_text_finds_bare_and_wrapped_forms
        PASS [   0.371s] ( 609/3865) ralphus-core schema::tests::from_candidate_builds_the_final_resolved_value
        PASS [   0.379s] ( 610/3865) ralphus-core schema::tests::link_target_valid_for_scope_matches_each_level
        PASS [   0.381s] ( 611/3865) ralphus-core schema::tests::machine_accepts_the_local_literal_case_insensitively
        PASS [   0.381s] ( 612/3865) ralphus-core schema::tests::machine_parses_scheme_and_opaque_uri
        PASS [   0.379s] ( 613/3865) ralphus-core schema::tests::machine_rejects_a_windows_drive_letter_rather_than_reading_it_as_a_scheme
        PASS [   0.382s] ( 614/3865) ralphus-core schema::tests::machine_rejects_malformed_values
        PASS [   0.378s] ( 615/3865) ralphus-core schema::tests::maximum_tool_output_tokens_rejected_for_bare_claude_ollama_and_raw
        PASS [   0.382s] ( 616/3865) ralphus-core schema::tests::maximum_tool_output_tokens_supported_by_claude_code_codex_and_pi
        PASS [   0.389s] ( 617/3865) ralphus-core schema::tests::no_commit_required_defaults_to_false
        PASS [   0.392s] ( 618/3865) ralphus-core schema::tests::no_commit_required_true_deserializes
        PASS [   0.396s] ( 619/3865) ralphus-core schema::tests::parse_link_target_recognizes_every_shape
        PASS [   0.402s] ( 620/3865) ralphus-core schema::tests::parse_linked_field_ignores_non_matching_scheme
        PASS [   0.405s] ( 621/3865) ralphus-core schema::tests::parse_linked_field_path_reads_multiple_levels_up
        PASS [   0.406s] ( 622/3865) ralphus-core schema::tests::parse_linked_field_path_reads_parent_reference
        PASS [   0.405s] ( 623/3865) ralphus-core schema::tests::parse_linked_field_path_reads_same_table_reference
        PASS [   0.404s] ( 624/3865) ralphus-core schema::tests::parse_linked_field_path_rejects_empty_field_segment
        PASS [   0.401s] ( 625/3865) ralphus-core schema::tests::parse_linked_field_path_rejects_empty_path
        PASS [   0.400s] ( 626/3865) ralphus-core schema::tests::parse_linked_field_path_rejects_invalid_navigation_segment
        PASS [   0.396s] ( 627/3865) ralphus-core schema::tests::parse_linked_field_path_rejects_missing_navigation
        PASS [   0.397s] ( 628/3865) ralphus-core schema::tests::parse_linked_field_query_reads_a_registered_function
        PASS [   0.398s] ( 629/3865) ralphus-core schema::tests::parse_linked_field_query_rejects_a_malformed_expression
        PASS [   0.395s] ( 630/3865) ralphus-core schema::tests::parse_linked_field_query_rejects_an_empty_expression
        PASS [   0.396s] ( 631/3865) ralphus-core schema::tests::parse_linked_field_query_rejects_an_unknown_param
        PASS [   0.394s] ( 632/3865) ralphus-core schema::tests::parse_linked_field_query_rejects_an_unregistered_function
        PASS [   0.391s] ( 633/3865) ralphus-core schema::tests::parse_linked_field_reads_the_path
        PASS [   0.383s] ( 634/3865) ralphus-core schema::tests::parse_linked_field_splits_off_the_query
        PASS [   0.382s] ( 635/3865) ralphus-core schema::tests::proof_machine_inherits_from_its_owner
        PASS [   0.385s] ( 636/3865) ralphus-core schema::tests::proof_maximum_tool_output_tokens_inherits_from_its_owner
        PASS [   0.382s] ( 637/3865) ralphus-core schema::tests::resolve_panics_on_an_unwalked_candidate_list
        PASS [   0.383s] ( 638/3865) ralphus-core schema::tests::review_action_cleanup_command_and_input_default_to_empty
        PASS [   0.385s] ( 639/3865) ralphus-core schema::tests::review_action_cleanup_command_and_input_deserialize
        PASS [   0.388s] ( 640/3865) ralphus-core schema::tests::review_auto_build_agent_form_deserializes
        PASS [   0.389s] ( 641/3865) ralphus-core schema::tests::review_auto_build_command_form_deserializes
        PASS [   0.387s] ( 642/3865) ralphus-core schema::tests::review_proof_scope_deserializes_and_defaults_to_none
        PASS [   0.387s] ( 643/3865) ralphus-core schema::tests::review_skip_auto_build_defaults_to_false
        PASS [   0.387s] ( 644/3865) ralphus-core schema::tests::system_prompt_fields_default_to_none
        PASS [   0.387s] ( 645/3865) ralphus-core schema::tests::system_prompt_fields_deserialize
        PASS [   0.387s] ( 646/3865) ralphus-core schema::tests::text_fn_basename_handles_all_separators_and_empty_input
        PASS [   0.390s] ( 647/3865) ralphus-core schema::tests::text_fn_basename_passes_through_a_bare_name
        PASS [   0.398s] ( 648/3865) ralphus-core schema::tests::text_fn_basename_strips_trailing_separators_first
        PASS [   0.402s] ( 649/3865) ralphus-core schema::tests::text_fn_basename_takes_the_final_path_component
        PASS [   2.486s] ( 650/3865) ralphus-cli health::tests::check_agent_command_via_daemon_fails_when_the_daemon_is_unreachable
        PASS [   0.401s] ( 651/3865) ralphus-core schema::tests::text_placeholders_extracts_embedded_marker_bodies
        PASS [   0.407s] ( 652/3865) ralphus-core schema::tests::text_placeholders_keeps_a_nested_sentinel_inside_the_outer_body
        PASS [   0.407s] ( 653/3865) ralphus-core schema::tests::toplevel_review_deserializes
        PASS [   0.408s] ( 654/3865) ralphus-core schema::tests::triage_type_deserializes_array_of_strings
        PASS [   0.409s] ( 655/3865) ralphus-core schema::tests::triage_type_deserializes_bare_string_as_single_element_list
        PASS [   0.409s] ( 656/3865) ralphus-core schema::tests::upstream_task_ref_matches_simple_task
        PASS [   0.401s] ( 657/3865) ralphus-core schema::tests::upstream_task_ref_matches_task_cell
        PASS [   0.393s] ( 658/3865) ralphus-core schema::tests::upstream_task_ref_none_for_plain_branch
        PASS [   0.389s] ( 659/3865) ralphus-core schema::tests::waypoint_squad_sentinel_matches_plain_id
        PASS [   0.389s] ( 660/3865) ralphus-core schema::tests::waypoint_squad_sentinel_none_for_bare_or_malformed
        PASS [   0.391s] ( 661/3865) ralphus-core schema::tests::worktree_placeholder_parses
        PASS [   0.386s] ( 662/3865) ralphus-core schema::tests::worktree_placeholder_rejects_empty_branch
        PASS [   0.381s] ( 663/3865) ralphus-core schema::tests::worktree_placeholder_rejects_plain_paths
        PASS [   0.375s] ( 664/3865) ralphus-core schema::tests::worktree_placeholder_strips_the_upstream_query_from_the_branch
        PASS [   0.371s] ( 665/3865) ralphus-core schema::tests::worktree_placeholder_upstream_is_none_when_absent_or_malformed
        PASS [   0.362s] ( 666/3865) ralphus-core schema::tests::worktree_placeholder_upstream_parses
        PASS [   0.358s] ( 667/3865) ralphus-core schema::tests::worktree_upstream_sentinel_recognition
        PASS [   0.351s] ( 668/3865) ralphus-core shellcmd::tests::build_compound_command_line_appends_quoted_args
        PASS [   0.353s] ( 669/3865) ralphus-core shellcmd::tests::build_program_command_line_adds_call_operator_for_powershell
        PASS [   0.354s] ( 670/3865) ralphus-core shellcmd::tests::build_program_command_line_no_call_operator_for_bash
        PASS [   0.354s] ( 671/3865) ralphus-core shellcmd::tests::is_compound_command_detects_double_dash_wrapper
        PASS [   0.355s] ( 672/3865) ralphus-core shellcmd::tests::is_compound_command_detects_multiword
        PASS [   0.356s] ( 673/3865) ralphus-core shellcmd::tests::quote_for_shell_cmd_wraps_on_space
        PASS [   0.357s] ( 674/3865) ralphus-core shellcmd::tests::quote_for_shell_posix_passes_through_safe_tokens
        PASS [   0.358s] ( 675/3865) ralphus-core shellcmd::tests::quote_for_shell_powershell_doubles_single_quotes
        PASS [   0.359s] ( 676/3865) ralphus-core tests::expand_home_does_not_touch_another_users_tilde
        PASS [   0.356s] ( 677/3865) ralphus-core tests::expand_home_expands_bare_tilde
        PASS [   0.358s] ( 678/3865) ralphus-core tests::expand_home_expands_tilde_backslash
        PASS [   0.357s] ( 679/3865) ralphus-core tests::expand_home_expands_tilde_slash
        PASS [   0.355s] ( 680/3865) ralphus-core tests::expand_home_leaves_a_plain_path_unchanged
        PASS [   0.358s] ( 681/3865) ralphus-core tests::strip_verbatim_prefix_leaves_a_plain_path_unchanged
        PASS [   0.357s] ( 682/3865) ralphus-core tests::strip_verbatim_prefix_leaves_a_unix_style_path_unchanged
        PASS [   0.357s] ( 683/3865) ralphus-core tests::strip_verbatim_prefix_strips_a_verbatim_disk_path
        PASS [   0.358s] ( 684/3865) ralphus-core tests::strip_verbatim_prefix_strips_a_verbatim_unc_path
        PASS [   0.359s] ( 685/3865) ralphus-core tests::version_is_non_empty
        PASS [   0.360s] ( 686/3865) ralphus-core tests::version_matches_constant
        PASS [   0.363s] ( 687/3865) ralphus-core thrash::tests::a_gap_exactly_at_the_threshold_does_not_thrash
        PASS [   0.362s] ( 688/3865) ralphus-core thrash::tests::a_gap_one_below_the_threshold_thrashes
        PASS [   0.362s] ( 689/3865) ralphus-core thrash::tests::a_single_isolated_occurrence_never_thrashes
        PASS [   0.362s] ( 690/3865) ralphus-core thrash::tests::custom_thresholds_are_honored
        PASS [   0.363s] ( 691/3865) ralphus-core thrash::tests::custom_thresholds_with_a_healthy_gap_do_not_thrash
        PASS [   0.364s] ( 692/3865) ralphus-core thrash::tests::fewer_than_n_occurrences_never_thrashes_even_with_a_zero_gap
        PASS [   0.366s] ( 693/3865) ralphus-core thrash::tests::healthy_cadence_with_many_occurrences_never_thrashes
        PASS [   0.365s] ( 694/3865) ralphus-core thrash::tests::once_thrashed_a_later_occurrence_can_thrash_again
        PASS [   0.362s] ( 695/3865) ralphus-core thrash::tests::the_nth_occurrence_with_a_gap_under_m_thrashes
        PASS [   0.355s] ( 696/3865) ralphus-core uri::tests::a_positional_query_value_is_emitted_raw_and_a_name_is_escaped
        PASS [   0.351s] ( 697/3865) ralphus-core uri::tests::a_produced_slash_label_is_percent_encoded_and_decodes_back
        PASS [   0.353s] ( 698/3865) ralphus-core uri::tests::a_question_mark_inside_a_label_is_part_of_the_label
        PASS [   0.357s] ( 699/3865) ralphus-core uri::tests::a_sigil_token_is_positional_and_a_bare_token_is_a_name
        PASS [   0.353s] ( 700/3865) ralphus-core uri::tests::a_slash_inside_a_review_label_survives_because_groups_are_extracted_first
        PASS [   0.351s] ( 701/3865) ralphus-core uri::tests::accepts_the_bare_shorthand_without_the_scheme
        PASS [   0.345s] ( 702/3865) ralphus-core uri::tests::an_ambiguous_name_is_an_error_listing_positions
        PASS [   0.343s] ( 703/3865) ralphus-core uri::tests::encode_and_decode_round_trip_non_ascii
        PASS [   0.340s] ( 704/3865) ralphus-core uri::tests::encode_label_leaves_the_readable_case_alone
        PASS [   0.339s] ( 705/3865) ralphus-core uri::tests::every_grammar_token_is_escaped_inside_a_label
        PASS [   0.339s] ( 706/3865) ralphus-core uri::tests::looks_like_uri_ignores_legacy_selectors_and_toml_links
        PASS [   0.339s] ( 707/3865) ralphus-core uri::tests::parses_a_bare_squad_uri
        PASS [   0.338s] ( 708/3865) ralphus-core uri::tests::rejects_a_bad_percent_escape_instead_of_passing_it_through
        PASS [   0.336s] ( 709/3865) ralphus-core uri::tests::rejects_a_shape_that_addresses_nothing
        PASS [   0.336s] ( 710/3865) ralphus-core uri::tests::rejects_an_unknown_segment_type_and_query_key
        PASS [   0.338s] ( 711/3865) ralphus-core uri::tests::rejects_unbalanced_and_malformed_brackets
        PASS [   0.339s] ( 712/3865) ralphus-core uri::tests::rejects_worktree_and_combined_together_and_on_a_squad
        PASS [   0.335s] ( 713/3865) ralphus-core uri::tests::round_trips_through_display
        PASS [   0.335s] ( 714/3865) ralphus-core uri::tests::the_index_sigil_is_unreserved_and_a_hash_is_just_a_label_character
        PASS [   0.334s] ( 715/3865) ralphus-core uri::tests::token_resolution_matches_names_and_positions
        PASS [   0.336s] ( 716/3865) ralphus-core validate::tests::a_task_file_that_never_mentions_machine_still_validates
        PASS [   0.333s] ( 717/3865) ralphus-core validate::tests::agent_candidate_list_cannot_be_empty
        PASS [   0.333s] ( 718/3865) ralphus-core validate::tests::agent_candidate_list_conflicts_with_sibling_model
        PASS [   0.335s] ( 719/3865) ralphus-core validate::tests::agent_candidate_list_is_valid
        PASS [   0.333s] ( 720/3865) ralphus-core validate::tests::agent_candidate_missing_agent_key_rejected
        PASS [   0.333s] ( 721/3865) ralphus-core validate::tests::agent_candidate_unknown_key_rejected
        PASS [   0.332s] ( 722/3865) ralphus-core validate::tests::auto_compact_threshold_rejected_for_default_agent
        PASS [   0.330s] ( 723/3865) ralphus-core validate::tests::auto_compact_threshold_valid_for_claude_code_alone
        PASS [   0.329s] ( 724/3865) ralphus-core validate::tests::auto_fix_template_has_placeholder_checks_the_literal_substring
        PASS [   0.333s] ( 725/3865) ralphus-core validate::tests::bare_unwrapped_placeholder_cwd_is_rejected
        PASS [   0.332s] ( 726/3865) ralphus-core validate::tests::bare_unwrapped_placeholder_cwd_still_requires_project
        PASS [   0.332s] ( 727/3865) ralphus-core validate::tests::cell_candidate_list_inherits_from_task_level_gating
        PASS [   0.334s] ( 728/3865) ralphus-core validate::tests::cell_needs_cwd
        PASS [   0.332s] ( 729/3865) ralphus-core validate::tests::cell_needs_prompt_or_command
        PASS [   0.334s] ( 730/3865) ralphus-core validate::tests::cell_review_bare_new_review_placeholder_rejected
        PASS [   0.333s] ( 731/3865) ralphus-core validate::tests::cell_review_bare_plain_id_rejected
        PASS [   0.332s] ( 732/3865) ralphus-core validate::tests::cell_review_empty_rejected
        PASS [   0.332s] ( 733/3865) ralphus-core validate::tests::cell_review_must_be_string_not_table
        PASS [   0.332s] ( 734/3865) ralphus-core validate::tests::cell_review_wrapped_plain_id_is_valid
        PASS [   0.330s] ( 735/3865) ralphus-core validate::tests::command_cell_remediation_attempts_negative_is_rejected
        PASS [   0.332s] ( 736/3865) ralphus-core validate::tests::command_cell_remediation_attempts_zero_is_rejected
        PASS [   0.329s] ( 737/3865) ralphus-core validate::tests::command_cell_with_explicit_remediating_mode_is_valid
        PASS [   0.331s] ( 738/3865) ralphus-core validate::tests::command_cell_with_raw_mode_and_remediation_attempts_conflicts
        PASS [   0.331s] ( 739/3865) ralphus-core validate::tests::command_cell_with_unknown_mode_value_is_rejected
        PASS [   0.330s] ( 740/3865) ralphus-core validate::tests::command_only_cell_defaults_to_remediating_and_requires_remediation_attempts
        PASS [   0.329s] ( 741/3865) ralphus-core validate::tests::command_only_cell_is_valid
        PASS [   0.331s] ( 742/3865) ralphus-core validate::tests::command_only_cell_with_explicit_raw_mode_is_valid
        PASS [   0.330s] ( 743/3865) ralphus-core validate::tests::cross_task_dep_is_not_flagged_here
        PASS [   0.328s] ( 744/3865) ralphus-core validate::tests::default_environment_malformed_linked_field_is_rejected
        PASS [   0.330s] ( 745/3865) ralphus-core validate::tests::default_environment_text_query_with_an_unregistered_function_is_rejected
        PASS [   0.334s] ( 746/3865) ralphus-core validate::tests::default_environment_with_linked_field_is_valid
        PASS [   0.334s] ( 747/3865) ralphus-core validate::tests::default_environment_wrong_type_is_rejected
        PASS [   0.333s] ( 748/3865) ralphus-core validate::tests::dependency_cycle_detected
        PASS [   0.334s] ( 749/3865) ralphus-core validate::tests::duplicate_task_names
        PASS [   0.333s] ( 750/3865) ralphus-core validate::tests::empty_requires_a_task
        PASS [   2.280s] ( 751/3865) ralphus-cli::cli_integration renamed_binary_uses_its_actual_name_in_cli_examples
        PASS [   0.334s] ( 752/3865) ralphus-core validate::tests::environment_accepted_on_proof_steps
        PASS [   0.333s] ( 753/3865) ralphus-core validate::tests::environment_accepted_on_task_and_cell
        PASS [   0.334s] ( 754/3865) ralphus-core validate::tests::environment_chained_link_to_environment_key_is_valid
        PASS [   0.334s] ( 755/3865) ralphus-core validate::tests::environment_invalid_key_on_a_proof_step_reported
        PASS [   0.335s] ( 756/3865) ralphus-core validate::tests::environment_invalid_key_reported
        PASS [   0.334s] ( 757/3865) ralphus-core validate::tests::environment_link_malformed_sentinel_reported
        PASS [   0.336s] ( 758/3865) ralphus-core validate::tests::environment_link_missing_navigation_is_rejected
        PASS [   0.336s] ( 759/3865) ralphus-core validate::tests::environment_link_past_the_top_of_the_submission_is_rejected
        PASS [   0.335s] ( 760/3865) ralphus-core validate::tests::environment_link_self_cycle_is_rejected
        PASS [   0.334s] ( 761/3865) ralphus-core validate::tests::environment_link_target_that_is_a_plain_literal_is_valid
        PASS [   0.336s] ( 762/3865) ralphus-core validate::tests::environment_link_to_a_parent_cwd_from_a_proof_step_is_valid
        PASS [   0.336s] ( 763/3865) ralphus-core validate::tests::environment_link_to_a_parent_environment_key_is_rejected
        PASS [   0.335s] ( 764/3865) ralphus-core validate::tests::environment_link_to_cwd_from_a_task_scoped_proof_step_is_rejected
        PASS [   0.333s] ( 765/3865) ralphus-core validate::tests::environment_link_to_cwd_is_valid
        PASS [   0.334s] ( 766/3865) ralphus-core validate::tests::environment_link_to_cwd_with_trailing_literal_text_is_valid
        PASS [   0.340s] ( 767/3865) ralphus-core validate::tests::environment_link_to_own_proof_step_id_is_valid
        PASS [   0.339s] ( 768/3865) ralphus-core validate::tests::environment_link_to_parent_cell_id_from_a_proof_step_is_valid
        PASS [   0.340s] ( 769/3865) ralphus-core validate::tests::environment_link_to_unknown_environment_key_is_rejected
        PASS [   0.340s] ( 770/3865) ralphus-core validate::tests::environment_link_to_unknown_field_is_rejected
        PASS [   0.341s] ( 771/3865) ralphus-core validate::tests::environment_link_to_unset_proof_step_id_is_rejected
        PASS [   0.342s] ( 772/3865) ralphus-core validate::tests::environment_link_two_key_cycle_is_rejected
        PASS [   0.344s] ( 773/3865) ralphus-core validate::tests::environment_non_string_value_on_a_proof_step_reported
        PASS [   0.343s] ( 774/3865) ralphus-core validate::tests::environment_non_string_value_reported
        PASS [   0.341s] ( 775/3865) ralphus-core validate::tests::environment_wrong_type_reported
        PASS [   0.342s] ( 776/3865) ralphus-core validate::tests::good_file_passes
        PASS [   0.339s] ( 777/3865) ralphus-core validate::tests::intra_task_dep_not_found
        PASS [   0.342s] ( 778/3865) ralphus-core validate::tests::linked_field_text_query_with_a_malformed_expression_is_rejected
        PASS [   0.340s] ( 779/3865) ralphus-core validate::tests::linked_field_text_query_with_a_registered_function_is_valid
        PASS [   0.340s] ( 780/3865) ralphus-core validate::tests::linked_field_text_query_with_an_unregistered_function_is_rejected
        PASS [   0.341s] ( 781/3865) ralphus-core validate::tests::linked_field_unsupported_query_key_is_rejected
        PASS [   0.339s] ( 782/3865) ralphus-core validate::tests::machine_is_valid_at_every_level
        PASS [   0.340s] ( 783/3865) ralphus-core validate::tests::machine_that_is_actually_a_windows_path_gets_a_clear_error
        PASS [   0.339s] ( 784/3865) ralphus-core validate::tests::machine_with_empty_uri_is_rejected
        PASS [   0.337s] ( 785/3865) ralphus-core validate::tests::machine_without_a_scheme_is_rejected
        PASS [   2.447s] ( 786/3865) ralphus-cli::cli_integration unreachable_daemon_exits_1_with_hint
        PASS [   0.339s] ( 787/3865) ralphus-core validate::tests::machine_wrong_type_is_reported
        PASS [   0.339s] ( 788/3865) ralphus-core validate::tests::malformed_review_link_id_reported
        PASS [   0.339s] ( 789/3865) ralphus-core validate::tests::maximum_budget_usd_accepted_on_task_and_cell
        PASS [   0.340s] ( 790/3865) ralphus-core validate::tests::maximum_budget_usd_accepts_bare_integer
        PASS [   0.338s] ( 791/3865) ralphus-core validate::tests::maximum_budget_usd_negative_rejected
        PASS [   0.339s] ( 792/3865) ralphus-core validate::tests::maximum_budget_usd_wrong_type_reported
        PASS [   0.341s] ( 793/3865) ralphus-core validate::tests::maximum_budget_usd_zero_rejected
        PASS [   0.342s] ( 794/3865) ralphus-core validate::tests::maximum_context_at_task_level_inherits_to_cell
        PASS [   0.342s] ( 795/3865) ralphus-core validate::tests::maximum_context_deferred_to_daemon_for_custom_agent_profile
        PASS [   0.337s] ( 796/3865) ralphus-core validate::tests::maximum_context_must_be_positive
        PASS [   0.337s] ( 797/3865) ralphus-core validate::tests::maximum_context_rejected_at_task_level_for_unsupported_agent
        PASS [   0.336s] ( 798/3865) ralphus-core validate::tests::maximum_context_rejected_for_claude_code
        PASS [   0.335s] ( 799/3865) ralphus-core validate::tests::maximum_context_rejected_for_ollama
        PASS [   0.335s] ( 800/3865) ralphus-core validate::tests::maximum_context_still_rejected_for_claude_code_even_when_auto_compact_threshold_is_valid
        PASS [   0.343s] ( 801/3865) ralphus-core validate::tests::maximum_context_valid_for_codex_and_pi
        PASS [   0.342s] ( 802/3865) ralphus-core validate::tests::maximum_context_wrong_type_reported
        PASS [   0.347s] ( 803/3865) ralphus-core validate::tests::maximum_timeout_seconds_accepted_as_integer_at_all_three_scopes
        PASS [   0.347s] ( 804/3865) ralphus-core validate::tests::maximum_timeout_seconds_unknown_at_unrelated_scope_still_flagged
        PASS [   0.347s] ( 805/3865) ralphus-core validate::tests::maximum_timeout_seconds_wrong_type_reports_line
        PASS [   0.347s] ( 806/3865) ralphus-core validate::tests::maximum_tool_output_tokens_at_task_level_inherits_to_cell
        PASS [   0.352s] ( 807/3865) ralphus-core validate::tests::maximum_tool_output_tokens_deferred_to_daemon_for_custom_agent_profile
        PASS [   0.350s] ( 808/3865) ralphus-core validate::tests::maximum_tool_output_tokens_must_be_positive
        PASS [   0.350s] ( 809/3865) ralphus-core validate::tests::maximum_tool_output_tokens_rejected_at_task_level_for_unsupported_agent
        PASS [   0.351s] ( 810/3865) ralphus-core validate::tests::maximum_tool_output_tokens_rejected_for_ollama
        PASS [   0.350s] ( 811/3865) ralphus-core validate::tests::maximum_tool_output_tokens_rejected_on_proof_step_for_unsupported_agent
        PASS [   0.349s] ( 812/3865) ralphus-core validate::tests::maximum_tool_output_tokens_valid_for_claude_code_codex_and_pi
        PASS [   0.349s] ( 813/3865) ralphus-core validate::tests::maximum_tool_output_tokens_valid_on_task_scope_and_cell_scope_proof_steps
        PASS [   0.350s] ( 814/3865) ralphus-core validate::tests::maximum_tool_output_tokens_wrong_type_reported
        PASS [   0.350s] ( 815/3865) ralphus-core validate::tests::missing_name
        PASS [   0.350s] ( 816/3865) ralphus-core validate::tests::no_commit_required_accepted_as_bool
        PASS [   0.346s] ( 817/3865) ralphus-core validate::tests::no_commit_required_wrong_type_reported
        PASS [   0.345s] ( 818/3865) ralphus-core validate::tests::old_style_project_prefixed_cwd_is_treated_as_a_plain_path
        PASS [   0.344s] ( 819/3865) ralphus-core validate::tests::parse_error_has_line
        PASS [   0.344s] ( 820/3865) ralphus-core validate::tests::placeholder_cwd_accepts_reserved_upstream_sentinels
        PASS [   0.344s] ( 821/3865) ralphus-core validate::tests::placeholder_cwd_rejects_an_unknown_sentinel_with_an_actionable_message
        PASS [   0.345s] ( 822/3865) ralphus-core validate::tests::placeholder_cwd_with_empty_upstream_value_is_rejected
        PASS [   0.345s] ( 823/3865) ralphus-core validate::tests::placeholder_cwd_with_project_is_valid
        PASS [   0.343s] ( 824/3865) ralphus-core validate::tests::placeholder_cwd_with_remote_qualified_upstream_is_valid
        PASS [   0.344s] ( 825/3865) ralphus-core validate::tests::placeholder_cwd_without_project_is_rejected
        PASS [   0.343s] ( 826/3865) ralphus-core validate::tests::placeholder_cwd_without_upstream_is_rejected
        PASS [   0.345s] ( 827/3865) ralphus-core validate::tests::plain_path_cwd_does_not_require_project
        PASS [   0.344s] ( 828/3865) ralphus-core validate::tests::priority_accepted_on_task_and_cell
        PASS [   0.343s] ( 829/3865) ralphus-core validate::tests::priority_wrong_type_reported
        PASS [   0.344s] ( 830/3865) ralphus-core validate::tests::prompt_and_command_conflict
        PASS [   0.342s] ( 831/3865) ralphus-core validate::tests::prompt_only_cell_rejects_mode_and_remediation_attempts
        PASS [   0.344s] ( 832/3865) ralphus-core validate::tests::proof_agent_is_a_known_key_and_must_be_a_string
        PASS [   0.341s] ( 833/3865) ralphus-core validate::tests::proof_command_defaults_to_remediating_and_requires_remediation_attempts
        PASS [   0.343s] ( 834/3865) ralphus-core validate::tests::proof_command_with_raw_mode_is_valid_without_remediation_attempts
        PASS [   0.343s] ( 835/3865) ralphus-core validate::tests::proof_needs_exactly_one_kind
        PASS [   0.349s] ( 836/3865) ralphus-core validate::tests::proof_own_agent_overrides_the_owning_cells_for_maximum_tool_output_tokens_gating
        PASS [   0.349s] ( 837/3865) ralphus-core validate::tests::proof_step_arbitrary_unrecognized_key_rejected
        PASS [   0.349s] ( 838/3865) ralphus-core validate::tests::proof_step_system_prompt_rejected_as_unknown_key
        PASS [   0.347s] ( 839/3865) ralphus-core validate::tests::ral_460_ticket_examples_validate_cleanly
        PASS [   0.346s] ( 840/3865) ralphus-core validate::tests::report_serializes_to_json
        PASS [   0.347s] ( 841/3865) ralphus-core validate::tests::restart_on_bad_grammar_reported
        PASS [   0.343s] ( 842/3865) ralphus-core validate::tests::restart_on_grammar
        PASS [   0.344s] ( 843/3865) ralphus-core validate::tests::review_action_both_prompt_and_command_rejected
        PASS [   0.342s] ( 844/3865) ralphus-core validate::tests::review_action_cleanup_command_alone_is_valid
        PASS [   0.342s] ( 845/3865) ralphus-core validate::tests::review_action_input_is_valid
        PASS [   0.342s] ( 846/3865) ralphus-core validate::tests::review_action_input_missing_message_rejected
        PASS [   0.341s] ( 847/3865) ralphus-core validate::tests::review_action_input_missing_name_rejected
        PASS [   0.342s] ( 848/3865) ralphus-core validate::tests::review_action_input_unknown_key_rejected
        PASS [   0.344s] ( 849/3865) ralphus-core validate::tests::review_action_missing_both_prompt_and_command_rejected
        PASS [   0.345s] ( 850/3865) ralphus-core validate::tests::review_action_missing_label_rejected
        PASS [   0.344s] ( 851/3865) ralphus-core validate::tests::review_action_unknown_key_rejected
        PASS [   0.346s] ( 852/3865) ralphus-core validate::tests::review_auto_build_agent_form_is_valid
        PASS [   0.342s] ( 853/3865) ralphus-core validate::tests::review_auto_build_and_skip_auto_build_conflict_rejected
        PASS [   0.343s] ( 854/3865) ralphus-core validate::tests::review_auto_build_command_and_prompt_conflict_rejected
        PASS [   0.340s] ( 855/3865) ralphus-core validate::tests::review_auto_build_command_form_is_valid
        PASS [   0.339s] ( 856/3865) ralphus-core validate::tests::review_auto_build_empty_table_rejected
        PASS [   0.335s] ( 857/3865) ralphus-core validate::tests::review_auto_build_invalid_system_prompt_position_rejected
        PASS [   0.337s] ( 858/3865) ralphus-core validate::tests::review_auto_build_system_prompt_without_prompt_rejected
        PASS [   0.337s] ( 859/3865) ralphus-core validate::tests::review_auto_build_unknown_key_rejected
        PASS [   0.337s] ( 860/3865) ralphus-core validate::tests::review_auto_fix_pr_errors_accepted
        PASS [   0.338s] ( 861/3865) ralphus-core validate::tests::review_auto_fix_pr_errors_wrong_type_reported
        PASS [   0.339s] ( 862/3865) ralphus-core validate::tests::review_auto_fix_prompt_template_accepted_with_placeholder
        PASS [   0.347s] ( 863/3865) ralphus-core validate::tests::review_auto_fix_prompt_template_missing_placeholder_rejected
        PASS [   0.345s] ( 864/3865) ralphus-core validate::tests::review_auto_fix_prompt_template_wrong_type_reported
        PASS [   0.344s] ( 865/3865) ralphus-core validate::tests::review_auto_submit_pr_stack_accepted
        PASS [   0.348s] ( 866/3865) ralphus-core validate::tests::review_auto_submit_pr_stack_wrong_type_reported
        PASS [   0.347s] ( 867/3865) ralphus-core validate::tests::review_link_placeholder_id_is_valid
        PASS [   0.348s] ( 868/3865) ralphus-core validate::tests::review_maximum_budget_usd_accepted
        PASS [   0.349s] ( 869/3865) ralphus-core validate::tests::review_maximum_budget_usd_wrong_type_reported
        PASS [   0.350s] ( 870/3865) ralphus-core validate::tests::review_maximum_budget_usd_zero_rejected
        PASS [   0.349s] ( 871/3865) ralphus-core validate::tests::review_proof_scope_accepted_for_every_valid_value
        PASS [   0.349s] ( 872/3865) ralphus-core validate::tests::review_proof_scope_unknown_value_rejected
        PASS [   0.348s] ( 873/3865) ralphus-core validate::tests::review_proof_scope_wrong_type_reported
        PASS [   0.350s] ( 874/3865) ralphus-core validate::tests::review_settings_bool_fields_are_accepted
        PASS [   0.354s] ( 875/3865) ralphus-core validate::tests::review_settings_bool_fields_reject_wrong_types
        PASS [   0.353s] ( 876/3865) ralphus-core validate::tests::review_skip_auto_build_alone_is_valid
        PASS [   0.354s] ( 877/3865) ralphus-core validate::tests::review_skip_auto_clean_requires_each_branch_proof_scope
        PASS [   0.354s] ( 878/3865) ralphus-core validate::tests::review_unknown_key_reported
        PASS [   0.358s] ( 879/3865) ralphus-core validate::tests::review_with_action_command_is_valid
        PASS [   0.360s] ( 880/3865) ralphus-core validate::tests::review_with_action_prompt_is_valid
        PASS [   0.373s] ( 881/3865) ralphus-core validate::tests::review_without_action_block_works_identically
        PASS [   0.372s] ( 882/3865) ralphus-core validate::tests::review_wrong_type_reported
        PASS [   0.374s] ( 883/3865) ralphus-core validate::tests::share_session_accepted_on_task_and_cell
        PASS [   0.374s] ( 884/3865) ralphus-core validate::tests::share_session_wrong_type_reported
        PASS [   0.378s] ( 885/3865) ralphus-core validate::tests::submitter_accepted_as_top_level_string
        PASS [   0.378s] ( 886/3865) ralphus-core validate::tests::submitter_empty_string_rejected
        PASS [   0.376s] ( 887/3865) ralphus-core validate::tests::submitter_wrong_type_rejected
        PASS [   0.377s] ( 888/3865) ralphus-core validate::tests::subprojects_absolute_path_rejected
        PASS [   0.378s] ( 889/3865) ralphus-core validate::tests::subprojects_dotdot_rejected
        PASS [   0.378s] ( 890/3865) ralphus-core validate::tests::subprojects_empty_entry_rejected
        PASS [   0.379s] ( 891/3865) ralphus-core validate::tests::subprojects_multiple_valid
        PASS [   0.381s] ( 892/3865) ralphus-core validate::tests::subprojects_nested_path_valid
        PASS [   0.380s] ( 893/3865) ralphus-core validate::tests::subprojects_single_valid
        PASS [   0.382s] ( 894/3865) ralphus-core validate::tests::subprojects_string_not_array_rejected
        PASS [   0.381s] ( 895/3865) ralphus-core validate::tests::subprojects_wrong_type_rejected
        PASS [   0.381s] ( 896/3865) ralphus-core validate::tests::system_prompt_accepted_when_every_candidate_supports_it
        PASS [   0.384s] ( 897/3865) ralphus-core validate::tests::system_prompt_deferred_to_daemon_for_custom_agent_profile
        PASS [   0.381s] ( 898/3865) ralphus-core validate::tests::system_prompt_inherits_task_agent
        PASS [   0.381s] ( 899/3865) ralphus-core validate::tests::system_prompt_position_rejects_unknown_value
        PASS [   0.381s] ( 900/3865) ralphus-core validate::tests::system_prompt_rejected_for_default_agent
        PASS [   0.381s] ( 901/3865) ralphus-core validate::tests::system_prompt_rejected_for_ollama
        PASS [   0.380s] ( 902/3865) ralphus-core validate::tests::system_prompt_rejected_when_any_candidate_lacks_support
        PASS [   0.378s] ( 903/3865) ralphus-core validate::tests::system_prompt_valid_for_claude_code
        PASS [   0.378s] ( 904/3865) ralphus-core validate::tests::system_prompt_valid_for_codex
        PASS [   0.378s] ( 905/3865) ralphus-core validate::tests::system_prompt_valid_for_codex_cli_alias
        PASS [   0.378s] ( 906/3865) ralphus-core validate::tests::system_prompt_wrong_type_reported
        PASS [   0.379s] ( 907/3865) ralphus-core validate::tests::task_level_environment_linked_field_is_validated_leniently
        PASS [   0.376s] ( 908/3865) ralphus-core validate::tests::task_level_proof_command_defaults_to_remediating_and_requires_remediation_attempts
        PASS [   0.377s] ( 909/3865) ralphus-core validate::tests::toplevel_review_block_is_valid
        PASS [   0.375s] ( 910/3865) ralphus-core validate::tests::toplevel_waypoint_block_is_valid
        PASS [   0.375s] ( 911/3865) ralphus-core validate::tests::triage_false_is_default_and_valid_without_project
        PASS [   0.374s] ( 912/3865) ralphus-core validate::tests::triage_true_with_inline_type_is_valid
        PASS [   0.366s] ( 913/3865) ralphus-core validate::tests::triage_true_with_multiple_inline_types_is_valid
        PASS [   0.368s] ( 914/3865) ralphus-core validate::tests::triage_true_with_project_is_valid
        PASS [   0.368s] ( 915/3865) ralphus-core validate::tests::triage_true_without_project_is_rejected
        PASS [   0.370s] ( 916/3865) ralphus-core validate::tests::triage_type_array_with_an_empty_element_is_rejected
        PASS [   0.368s] ( 917/3865) ralphus-core validate::tests::triage_type_empty_array_is_rejected
        PASS [   0.367s] ( 918/3865) ralphus-core validate::tests::triage_type_empty_is_rejected
        PASS [   0.366s] ( 919/3865) ralphus-core validate::tests::triage_type_without_triage_is_rejected
        PASS [   0.365s] ( 920/3865) ralphus-core validate::tests::triage_type_wrong_element_type_in_array_is_rejected
        PASS [   0.366s] ( 921/3865) ralphus-core validate::tests::unknown_task_key_reports_line
        PASS [   0.365s] ( 922/3865) ralphus-core validate::tests::upstream_empty_sentinel_ref_is_rejected
        PASS [   0.363s] ( 923/3865) ralphus-core validate::tests::upstream_empty_string_is_rejected
        PASS [   0.363s] ( 924/3865) ralphus-core validate::tests::upstream_plain_branch_name_is_not_checked_against_the_task_index
        PASS [   0.359s] ( 925/3865) ralphus-core validate::tests::upstream_task_cell_ref_resolves_within_same_file
        PASS [   0.359s] ( 926/3865) ralphus-core validate::tests::upstream_task_cell_sentinel_is_valid
        PASS [   0.357s] ( 927/3865) ralphus-core validate::tests::upstream_task_ref_forward_reference_within_same_file_is_fine
        PASS [   0.357s] ( 928/3865) ralphus-core validate::tests::upstream_task_ref_resolves_across_joined_files
        PASS [   0.354s] ( 929/3865) ralphus-core validate::tests::upstream_task_ref_resolves_within_same_file
        PASS [   0.350s] ( 930/3865) ralphus-core validate::tests::upstream_task_ref_unknown_across_joined_files_is_still_flagged
        PASS [   0.339s] ( 931/3865) ralphus-core validate::tests::upstream_task_ref_unknown_cell_is_flagged
        PASS [   0.341s] ( 932/3865) ralphus-core validate::tests::upstream_task_ref_unknown_task_is_flagged
        PASS [   0.340s] ( 933/3865) ralphus-core validate::tests::upstream_task_sentinel_is_valid
        PASS [   0.338s] ( 934/3865) ralphus-core validate::tests::upstream_unknown_key_would_have_been_caught
        PASS [   0.336s] ( 935/3865) ralphus-core validate::tests::upstream_wrong_type_rejected
        PASS [   0.338s] ( 936/3865) ralphus-core validate::tests::waypoint_empty_roster_is_rejected
        PASS [   0.338s] ( 937/3865) ralphus-core validate::tests::waypoint_malformed_roster_entry_is_rejected
        PASS [   0.339s] ( 938/3865) ralphus-core validate::tests::waypoint_missing_label_is_rejected
        PASS [   0.341s] ( 939/3865) ralphus-core validate::tests::waypoint_missing_prompt_is_rejected
        PASS [   0.342s] ( 940/3865) ralphus-core validate::tests::waypoint_missing_roster_is_rejected
        PASS [   0.340s] ( 941/3865) ralphus-core validate::tests::waypoint_model_not_required_for_pi_agent
        PASS [   0.338s] ( 942/3865) ralphus-core validate::tests::waypoint_model_required_for_claude_code_agent
        PASS [   0.339s] ( 943/3865) ralphus-core validate::tests::waypoint_model_required_satisfied_when_present
        PASS [   0.338s] ( 944/3865) ralphus-core validate::tests::waypoint_unknown_key_is_rejected
        PASS [   0.338s] ( 945/3865) ralphus-core validate::tests::waypoint_with_review_roster_entry_is_valid
        PASS [   0.337s] ( 946/3865) ralphus-core validate::tests::wrapped_placeholder_cwd_with_a_nested_bogus_sentinel_is_rejected
        PASS [   0.337s] ( 947/3865) ralphus-core validate::tests::wrapped_placeholder_cwd_with_a_nested_upstream_sentinel_is_valid
        PASS [   0.340s] ( 948/3865) ralphus-core validate::tests::wrapped_placeholder_cwd_with_project_is_valid
        PASS [   0.340s] ( 949/3865) ralphus-core validate::tests::wrapped_placeholder_cwd_without_upstream_is_rejected
        PASS [   0.339s] ( 950/3865) ralphus-core validate::tests::wrong_scheme_review_link_id_reported
        PASS [   0.340s] ( 951/3865) ralphus-core validate::tests::wrong_type_for_budget
        PASS [   0.359s] ( 952/3865) ralphus-daemon agent_profile_env::tests::acyclic_graph_reports_no_cycle
        PASS [   0.356s] ( 953/3865) ralphus-daemon agent_profile_env::tests::cycle_downstream_of_an_acyclic_prefix_is_still_found
        PASS [   0.357s] ( 954/3865) ralphus-daemon agent_profile_env::tests::direct_self_link_is_a_cycle
        PASS [   0.353s] ( 955/3865) ralphus-daemon agent_profile_env::tests::link_falls_back_to_process_env_when_name_undefined_in_profile
        PASS [   0.356s] ( 956/3865) ralphus-daemon agent_profile_env::tests::link_to_undefined_name_is_not_a_cycle
        PASS [   0.355s] ( 957/3865) ralphus-daemon agent_profile_env::tests::link_to_undefined_name_with_no_process_fallback_is_omitted
        PASS [   0.354s] ( 958/3865) ralphus-daemon agent_profile_env::tests::resolves_link_chain_within_profile
        PASS [   0.352s] ( 959/3865) ralphus-daemon agent_profile_env::tests::resolves_link_within_profile
        PASS [   0.353s] ( 960/3865) ralphus-daemon agent_profile_env::tests::resolves_set_values_literally
        PASS [   0.353s] ( 961/3865) ralphus-daemon agent_profile_env::tests::secret_values_includes_only_link_resolutions
        PASS [   0.354s] ( 962/3865) ralphus-daemon agent_profile_env::tests::two_step_cycle_is_detected
        PASS [   0.368s] ( 963/3865) ralphus-daemon agent_profiles::tests::builtin_agent_aliases_normalize
        PASS [   0.617s] ( 964/3865) ralphus-daemon agent_access::tests::default_agent_access_ignores_user_identity
        PASS [   0.615s] ( 965/3865) ralphus-daemon agent_access::tests::default_agent_access_includes_configured_profiles
        PASS [   0.616s] ( 966/3865) ralphus-daemon agent_access::tests::default_agent_access_includes_database_backed_profiles
        PASS [   0.387s] ( 967/3865) ralphus-daemon agent_profiles::tests::literal_env_values_are_not_treated_as_secrets
        PASS [   0.607s] ( 968/3865) ralphus-daemon agent_access::tests::default_agent_access_prefers_database_profile_over_same_named_toml_profile
        PASS [   0.595s] ( 969/3865) ralphus-daemon agent_catalog::tests::agent_catalog_includes_claude_code_with_its_restricted_models
        PASS [   0.615s] ( 970/3865) ralphus-daemon agent_access::tests::default_agent_access_lists_builtins_with_no_profiles
        PASS [   0.613s] ( 971/3865) ralphus-daemon agent_catalog::tests::agent_catalog_backend_with_no_known_models_is_empty_not_missing
        PASS [   0.395s] ( 972/3865) ralphus-daemon agent_profiles::tests::load_profiles_for_path_with_project_local_wins_over_configuration_path
        PASS [   0.392s] ( 973/3865) ralphus-daemon agent_profiles::tests::merge_profiles_prefers_project_layer_on_name_collision
        PASS [   0.398s] ( 974/3865) ralphus-daemon agent_profiles::tests::load_profiles_for_path_with_reads_configuration_path_entries
        PASS [   0.411s] ( 975/3865) ralphus-daemon agent_profiles::tests::parse_profile_file_rejects_reserved_name_and_native_executable
        PASS [   0.405s] ( 976/3865) ralphus-daemon agent_profiles::tests::parse_profile_file_resolves_from_env_indirection
        PASS [   0.599s] ( 977/3865) ralphus-daemon agent_profile_store::tests::backend_command_defaults_to_none_then_set_get_reset
        PASS [   0.619s] ( 978/3865) ralphus-daemon agent_profile_store::tests::list_is_alphabetical_and_delete_reports_whether_a_row_existed
        PASS [   0.632s] ( 979/3865) ralphus-daemon agent_profile_store::tests::list_for_backend_filters_by_backend
        PASS [   0.621s] ( 980/3865) ralphus-daemon agent_profile_store::tests::references_reports_no_referrers_for_an_unused_profile
        PASS [   0.644s] ( 981/3865) ralphus-daemon agent_profile_store::tests::references_finds_guardians_by_any_agent_role_column
        PASS [   0.664s] ( 982/3865) ralphus-daemon agent_profile_store::tests::references_finds_cells_tasks_and_proofs_by_squad
        PASS [   0.659s] ( 983/3865) ralphus-daemon agent_profile_store::tests::set_backend_command_overwrites_on_conflict
        PASS [   0.650s] ( 984/3865) ralphus-daemon agent_profile_store::tests::upsert_overwrites_an_existing_profile_by_name
        PASS [   0.641s] ( 985/3865) ralphus-daemon agent_profile_store::tests::upsert_rejects_an_unknown_backend
        PASS [   0.657s] ( 986/3865) ralphus-daemon agent_profile_store::tests::upsert_rejects_a_cyclic_env_and_does_not_persist
        PASS [   0.676s] ( 987/3865) ralphus-daemon agent_profile_store::tests::upsert_accepts_an_executable_on_the_raw_backend
        PASS [   0.664s] ( 988/3865) ralphus-daemon agent_profile_store::tests::upsert_rejects_a_reserved_name
        PASS [   0.654s] ( 989/3865) ralphus-daemon agent_profile_store::tests::upsert_rejects_executable_on_a_native_backend
        PASS [   0.649s] ( 990/3865) ralphus-daemon agent_profile_store::tests::upsert_requires_executable_on_the_raw_backend
        PASS [   0.660s] ( 991/3865) ralphus-daemon agent_profile_store::tests::upsert_rejects_executable_on_an_overridable_backend
        PASS [   0.647s] ( 992/3865) ralphus-daemon agent_profiles::tests::check_db_profiles_health_reports_a_compound_backend_command_as_skip
        PASS [   0.668s] ( 993/3865) ralphus-daemon agent_profile_store::tests::upsert_then_get_round_trips
        PASS [   0.285s] ( 994/3865) ralphus-daemon arbiter::tests::arbiter_from_config_defaults_to_ollama
        PASS [   0.284s] ( 995/3865) ralphus-daemon arbiter::tests::build_ordering_user_message_labels_every_candidate_with_a_bounded_excerpt
        PASS [   0.037s] ( 996/3865) ralphus-daemon ark::tests::recognizes_both_ark_worktree_families
        PASS [   0.316s] ( 997/3865) ralphus-daemon arbiter::tests::estimate_cost_is_zero_for_ollama
        PASS [   0.708s] ( 998/3865) ralphus-daemon agent_profiles::tests::resolve_agent_candidate_lists_collapses_a_task_level_list_with_no_cell_override
        PASS [   0.718s] ( 999/3865) ralphus-daemon agent_profiles::tests::profile_default_model_applies_unless_task_or_cell_declares_one
        PASS [   0.711s] (1000/3865) ralphus-daemon agent_profiles::tests::resolve_agent_candidate_lists_errors_naming_every_tried_candidate_when_none_are_available
        PASS [   0.715s] (1001/3865) ralphus-daemon agent_profiles::tests::resolve_agent_candidate_lists_leaves_a_literal_agent_completely_untouched
        PASS [   0.724s] (1002/3865) ralphus-daemon agent_profiles::tests::resolve_agent_candidate_lists_picks_the_first_available_and_collapses_to_single
        PASS [   0.729s] (1003/3865) ralphus-daemon agent_profiles::tests::validate_task_file_profiles_accepts_a_candidate_list_when_every_entry_supports_system_prompt
        PASS [   0.276s] (1004/3865) ralphus-daemon arbiter::tests::ordering_content_budget_scales_with_pool_size_and_stays_capped
        PASS [   0.725s] (1005/3865) ralphus-daemon agent_profiles::tests::validate_task_file_profiles_allows_maximum_context_for_pi_profile_backend
        PASS [   0.732s] (1006/3865) ralphus-daemon agent_profiles::tests::validate_task_file_profiles_allows_auto_compact_threshold_for_claude_code_profile_backend
        PASS [   0.272s] (1007/3865) ralphus-daemon arbiter::tests::ordering_excerpt_truncates_to_leading_chars_with_an_ellipsis
        PASS [   0.667s] (1008/3865) ralphus-daemon agent_profiles::tests::validate_task_file_profiles_allows_maximum_tool_output_tokens_for_claude_code_profile_backend
        PASS [   0.658s] (1009/3865) ralphus-daemon agent_profiles::tests::validate_task_file_profiles_allows_system_prompt_for_claude_code_profile_backend
        PASS [   0.264s] (1010/3865) ralphus-daemon arbiter::tests::parse_classification_reply_matches_case_insensitively_and_trims
        PASS [   0.684s] (1011/3865) ralphus-daemon agent_profiles::tests::validate_task_file_profiles_allows_maximum_tool_output_tokens_for_pi_profile_backend
        PASS [   0.268s] (1012/3865) ralphus-daemon arbiter::tests::parse_classification_reply_matches_multiple_comma_separated_types
        PASS [   0.682s] (1013/3865) ralphus-daemon agent_profiles::tests::validate_task_file_profiles_allows_resolvable_review_agent
        PASS [   0.265s] (1014/3865) ralphus-daemon arbiter::tests::parse_ordering_reply_accepts_an_exact_permutation
        PASS [   0.678s] (1015/3865) ralphus-daemon agent_profiles::tests::validate_task_file_profiles_rejects_an_unknown_name_inside_a_candidate_list
        PASS [   0.271s] (1016/3865) ralphus-daemon arbiter::tests::parse_ordering_reply_rejects_missing_duplicate_unknown_and_malformed
        PASS [   0.271s] (1017/3865) ralphus-daemon arbiter::tests::parse_subproject_reply_matches_case_insensitively_and_trims
        PASS [   0.272s] (1018/3865) ralphus-daemon arbiter::tests::parse_subproject_reply_matches_multiple_and_drops_the_none_sentinel
        PASS [   0.695s] (1019/3865) ralphus-daemon agent_profiles::tests::validate_task_file_profiles_rejects_maximum_context_for_claude_code_profile_backend
        PASS [   0.687s] (1020/3865) ralphus-daemon agent_profiles::tests::validate_task_file_profiles_rejects_maximum_context_for_non_supporting_profile_backend
        PASS [   0.709s] (1021/3865) ralphus-daemon agent_profiles::tests::validate_task_file_profiles_rejects_auto_compact_threshold_for_non_supporting_profile_backend
        PASS [   0.693s] (1022/3865) ralphus-daemon agent_profiles::tests::validate_task_file_profiles_rejects_system_prompt_for_non_supporting_profile_backend
        PASS [   0.544s] (1023/3865) ralphus-daemon arbiter::tests::arbiter_cost_total_accumulates_across_kinds
        PASS [   0.281s] (1024/3865) ralphus-daemon ark::tests::reap_refuses_active_owner_or_any_active_permit
        PASS [   0.712s] (1025/3865) ralphus-daemon agent_profiles::tests::validate_task_file_profiles_rejects_maximum_tool_output_tokens_for_non_supporting_profile_backend
        PASS [   0.570s] (1026/3865) ralphus-daemon agent_profiles::tests::validate_task_file_profiles_rejects_when_any_candidate_in_a_list_lacks_system_prompt_support
        PASS [   0.707s] (1027/3865) ralphus-daemon agent_profiles::tests::validate_task_file_profiles_rejects_unresolvable_review_agent
        PASS [   0.551s] (1028/3865) ralphus-daemon arbiter::tests::estimate_cost_is_positive_for_claude
        PASS [   0.281s] (1029/3865) ralphus-daemon ark::tests::ref_components_cannot_escape_namespace
        PASS [   0.564s] (1030/3865) ralphus-daemon arbiter::tests::classify_falls_back_to_unclassified_when_over_budget
        PASS [   0.258s] (1031/3865) ralphus-daemon cancel::tests::cancel_all_on_empty_registry_is_a_noop
        PASS [   0.258s] (1032/3865) ralphus-daemon cancel::tests::cancel_all_trips_every_registered_token
        PASS [   0.593s] (1033/3865) ralphus-daemon arbiter::tests::classify_falls_back_to_unclassified_for_unsupported_backend
        PASS [   0.226s] (1034/3865) ralphus-daemon cancel::tests::cancel_unknown_run_is_a_noop
        PASS [   0.588s] (1035/3865) ralphus-daemon arbiter::tests::health_check_fails_clearly_for_unsupported_backend
        PASS [   0.236s] (1036/3865) ralphus-daemon cancel::tests::is_active_reflects_registration_and_removal
        PASS [   0.605s] (1037/3865) ralphus-daemon arbiter::tests::classify_falls_back_to_unclassified_with_no_registered_types
        PASS [   0.241s] (1038/3865) ralphus-daemon cancel::tests::registry_cancel_trips_every_concurrent_registration_for_the_same_key
        PASS [   0.597s] (1039/3865) ralphus-daemon arbiter::tests::infer_subprojects_returns_none_for_unsupported_backend
        PASS [   0.239s] (1040/3865) ralphus-daemon cancel::tests::registry_cancel_trips_the_registered_token
        PASS [   0.605s] (1041/3865) ralphus-daemon arbiter::tests::health_check_reports_cap_reached_without_making_a_call
        PASS [   0.235s] (1042/3865) ralphus-daemon cancel::tests::removed_token_is_no_longer_cancellable_via_registry
        PASS [   0.593s] (1043/3865) ralphus-daemon arbiter::tests::infer_subprojects_returns_none_when_over_budget
        PASS [   0.590s] (1044/3865) ralphus-daemon arbiter::tests::infer_subprojects_returns_none_with_no_candidates_or_empty_context
        PASS [   0.228s] (1045/3865) ralphus-daemon cancel::tests::token_starts_uncancelled_and_trips_once_cancelled
        PASS [   0.535s] (1046/3865) ralphus-daemon arbiter::tests::order_pooled_candidates_returns_none_when_over_budget
        PASS [   0.581s] (1047/3865) ralphus-daemon arbiter::tests::order_pooled_candidates_returns_none_for_unsupported_backend
        PASS [   0.542s] (1048/3865) ralphus-daemon arbiter::tests::order_pooled_candidates_trivially_orders_a_single_candidate_without_any_call
        PASS [   0.523s] (1049/3865) ralphus-daemon arbiter::tests::over_budget_is_false_with_no_cap_and_true_once_cap_reached
        PASS [   0.267s] (1050/3865) ralphus-daemon channel::tests::a_provider_that_cannot_open_a_channel_errors_for_the_caller_to_fall_back_on
        PASS [   0.287s] (1051/3865) ralphus-daemon chat_client::tests::anthropic_alias_routes_to_claude
        PASS [   0.287s] (1052/3865) ralphus-daemon chat_client::tests::claude_without_api_key_returns_err
        PASS [   0.297s] (1053/3865) ralphus-daemon chat_client::tests::unsupported_agent_returns_err
        PASS [   0.309s] (1054/3865) ralphus-daemon ci_watch::tests::poll_delay_starts_fast_then_backs_off_in_stages
        PASS [   0.326s] (1055/3865) ralphus-daemon ci_watch::tests::trim_log_excerpt_handles_an_exact_boundary_without_omitting_anything
        PASS [   0.327s] (1056/3865) ralphus-daemon ci_watch::tests::trim_log_excerpt_keeps_head_and_tail_of_a_long_log
        PASS [   0.331s] (1057/3865) ralphus-daemon ci_watch::tests::trim_log_excerpt_leaves_a_short_log_untouched
        PASS [   0.342s] (1058/3865) ralphus-daemon config::tests::agent_isolation_defaults_to_fully_isolated_when_absent
        PASS [   0.352s] (1059/3865) ralphus-daemon config::tests::agent_isolation_flags_are_independent
        PASS [   0.701s] (1060/3865) ralphus-daemon ark::tests::old_open_review_notifies_once_but_is_not_a_reap_candidate
        PASS [   0.362s] (1061/3865) ralphus-daemon config::tests::agent_isolation_malformed_toml_is_default
        PASS [   0.515s] (1062/3865) ralphus-daemon cartographer::tests::filters_by_squad_id
        PASS [   0.358s] (1063/3865) ralphus-daemon config::tests::agent_isolation_parses_explicit_values
        PASS [   0.365s] (1064/3865) ralphus-daemon config::tests::arbiter_config_absent_table_is_default
        PASS [   0.538s] (1065/3865) ralphus-daemon cartographer::tests::filters_by_text_query_case_and_wildcard_safe
        PASS [   0.371s] (1066/3865) ralphus-daemon config::tests::arbiter_config_unset_resolves_to_ollama_with_no_cap
        PASS [   0.500s] (1067/3865) ralphus-daemon channel::tests::a_channel_that_dies_is_dropped_rather_than_reused
        PASS [   0.544s] (1068/3865) ralphus-daemon cartographer::tests::get_by_id_returns_full_row
        PASS [   0.551s] (1069/3865) ralphus-daemon cartographer::tests::filters_by_task
        PASS [   0.376s] (1070/3865) ralphus-daemon config::tests::ark_defaults_and_validation_are_safe
        PASS [   0.538s] (1071/3865) ralphus-daemon cartographer::tests::pagination_limits_and_offsets
        PASS [   0.387s] (1072/3865) ralphus-daemon config::tests::auto_build_unset_by_default
        PASS [   0.555s] (1073/3865) ralphus-daemon cartographer::tests::logs_and_queries_a_note
        PASS [   0.561s] (1074/3865) ralphus-daemon cartographer::tests::log_path_round_trips
        PASS [   0.398s] (1075/3865) ralphus-daemon config::tests::auto_fix_pr_errors_defaults_to_false_when_unset
        PASS [   0.555s] (1076/3865) ralphus-daemon cartographer::tests::prune_enforces_time_window
        PASS [   0.538s] (1077/3865) ralphus-daemon channel::tests::one_channel_serves_many_requests_from_a_single_process
        PASS [   0.511s] (1078/3865) ralphus-daemon ci_watch::tests::capture_and_trim_log_round_trips_through_a_cleaned_up_temp_dir
        PASS [   0.405s] (1079/3865) ralphus-daemon config::tests::auto_fix_pr_errors_reads_from_toml
        PASS [   0.569s] (1080/3865) ralphus-daemon cartographer::tests::prune_enforces_row_cap
        PASS [   0.563s] (1081/3865) ralphus-daemon cartographer::tests::sorts_newest_first_by_default
        PASS [   0.410s] (1082/3865) ralphus-daemon config::tests::auto_fix_prompt_template_defaults_to_none_when_unset
        PASS [   0.419s] (1083/3865) ralphus-daemon config::tests::auto_fix_prompt_template_missing_placeholder_fails_validation
        PASS [   0.426s] (1084/3865) ralphus-daemon config::tests::auto_fix_prompt_template_reads_from_toml
        PASS [   0.425s] (1085/3865) ralphus-daemon config::tests::auto_fix_prompt_template_unset_passes_validation
        PASS [   0.433s] (1086/3865) ralphus-daemon config::tests::auto_fix_prompt_template_valid_passes_validation
        PASS [   0.442s] (1087/3865) ralphus-daemon config::tests::auto_fix_retry_settings_read_from_toml_and_validate
        PASS [   0.447s] (1088/3865) ralphus-daemon config::tests::auto_fix_retry_settings_reject_zero
        PASS [   0.441s] (1089/3865) ralphus-daemon config::tests::auto_submit_pr_stack_defaults_to_false_when_unset
        PASS [   0.444s] (1090/3865) ralphus-daemon config::tests::auto_submit_pr_stack_parses_explicit_true
        PASS [   0.450s] (1091/3865) ralphus-daemon config::tests::budget_defaults_when_absent
        PASS [   0.437s] (1092/3865) ralphus-daemon config::tests::budget_malformed_toml_is_default
        PASS [   0.660s] (1093/3865) ralphus-daemon channel::tests::channels_for_different_machines_are_not_shared
        PASS [   0.402s] (1094/3865) ralphus-daemon config::tests::budget_parses_explicit_interval
        PASS [   0.621s] (1095/3865) ralphus-daemon ci_watch::tests::plan_auto_fix_dispatch_allows_a_downstream_pr_once_its_upstream_is_clean
        PASS [   0.374s] (1096/3865) ralphus-daemon config::tests::budget_zero_means_near_immediate
        PASS [   0.631s] (1097/3865) ralphus-daemon ci_watch::tests::plan_auto_fix_dispatch_defers_a_downstream_pr_while_its_upstream_is_failing
        PASS [   0.378s] (1098/3865) ralphus-daemon config::tests::cached_cors_config_reads_the_files_once_per_burst
        PASS [   0.392s] (1099/3865) ralphus-daemon config::tests::cached_cors_config_re_reads_once_the_ttl_expires
        PASS [   0.344s] (1100/3865) ralphus-daemon config::tests::cartographer_defaults_when_absent
        PASS [   0.665s] (1101/3865) ralphus-daemon ci_watch::tests::start_ci_watch_is_a_noop_without_an_open_pr
        PASS [   0.341s] (1102/3865) ralphus-daemon config::tests::cartographer_malformed_toml_is_default
        PASS [   0.342s] (1103/3865) ralphus-daemon config::tests::cartographer_parses_explicit_values
        PASS [   0.342s] (1104/3865) ralphus-daemon config::tests::cartographer_partial_table_falls_back_per_field
        PASS [   0.339s] (1105/3865) ralphus-daemon config::tests::commit_config_absent_table_is_default
        PASS [   0.346s] (1106/3865) ralphus-daemon config::tests::commit_config_defaults_to_enabled_when_unset
        PASS [   0.344s] (1107/3865) ralphus-daemon config::tests::commit_config_explicit_false_disables
        PASS [   0.360s] (1108/3865) ralphus-daemon config::tests::commit_config_explicit_true_stays_enabled
        PASS [   0.369s] (1109/3865) ralphus-daemon config::tests::commit_config_project_wins_over_global
        PASS [   0.389s] (1110/3865) ralphus-daemon config::tests::cors_defaults_when_absent
        PASS [   0.387s] (1111/3865) ralphus-daemon config::tests::cors_malformed_toml_is_default
        PASS [   0.381s] (1112/3865) ralphus-daemon config::tests::default_machine_unset_resolves_to_none
        PASS [   0.395s] (1113/3865) ralphus-daemon config::tests::cors_parses_explicit_values
        PASS [   0.400s] (1114/3865) ralphus-daemon config::tests::default_maximum_budget_usd_unset_resolves_to_none
        PASS [   0.402s] (1115/3865) ralphus-daemon config::tests::default_proof_scope_accepts_the_legacy_verify_scope_key
        PASS [   0.408s] (1116/3865) ralphus-daemon config::tests::default_proof_scope_defaults_to_each_branch_when_unset
        PASS [   0.415s] (1117/3865) ralphus-daemon config::tests::default_proof_scope_parses_final_branch_and_nothing
        PASS [   5.439s] (1118/3865) ralphus-cli::cli_integration get_walks_dotted_field_path
        PASS [   0.417s] (1119/3865) ralphus-daemon config::tests::default_proof_scope_unrecognized_value_falls_back_to_each_branch
        PASS [   0.424s] (1120/3865) ralphus-daemon config::tests::default_resolver_agent_unset_resolves_to_ollama
        PASS [   0.429s] (1121/3865) ralphus-daemon config::tests::default_resolver_model_unset_resolves_to_none
        PASS [   0.436s] (1122/3865) ralphus-daemon config::tests::default_template_is_hello_world_and_ascii
        PASS [   5.456s] (1123/3865) ralphus-cli::cli_integration not_found_maps_to_exit_code_3
        PASS [   0.439s] (1124/3865) ralphus-daemon config::tests::downtime_defaults_to_no_windows
        PASS [   0.443s] (1125/3865) ralphus-daemon config::tests::downtime_global_used_when_local_is_empty
        PASS [   0.447s] (1126/3865) ralphus-daemon config::tests::downtime_local_project_overrides_global_when_non_empty
        PASS [   0.459s] (1127/3865) ralphus-daemon config::tests::downtime_malformed_window_is_dropped_not_fatal
        PASS [   0.467s] (1128/3865) ralphus-daemon config::tests::downtime_malformed_toml_is_default
        PASS [   5.460s] (1129/3865) ralphus-cli::cli_integration status_json_mode_emits_raw_json
        PASS [   5.394s] (1130/3865) ralphus-cli::cli_integration validate_reports_missing_file_as_usage_style_error_not_panic
        PASS [   5.468s] (1131/3865) ralphus-cli::cli_integration requests_carry_the_bearer_token_from_the_env_override
        PASS [   0.472s] (1132/3865) ralphus-daemon config::tests::downtime_parses_multiple_windows
        PASS [   5.465s] (1133/3865) ralphus-cli::cli_integration status_prints_squad_list_table
        PASS [   0.487s] (1134/3865) ralphus-daemon config::tests::downtime_parses_single_window_under_daemon_table
        PASS [   0.499s] (1135/3865) ralphus-daemon config::tests::effective_templates_falls_back_to_default_when_none_configured
        PASS [   0.492s] (1136/3865) ralphus-daemon config::tests::env_overrides_defaults_when_absent
        PASS [   0.493s] (1137/3865) ralphus-daemon config::tests::env_overrides_malformed_toml_is_default
        PASS [   0.499s] (1138/3865) ralphus-daemon config::tests::env_overrides_merge_unions_and_dedupes
        PASS [   0.496s] (1139/3865) ralphus-daemon config::tests::env_overrides_parses_explicit_values
        PASS [   0.507s] (1140/3865) ralphus-daemon config::tests::forge_defaults_when_absent
        PASS [   0.508s] (1141/3865) ralphus-daemon config::tests::forge_malformed_toml_is_default
        PASS [   0.533s] (1142/3865) ralphus-daemon config::tests::find_project_config_walks_up
        PASS [   0.517s] (1143/3865) ralphus-daemon config::tests::forge_merge_project_wins
        PASS [   0.519s] (1144/3865) ralphus-daemon config::tests::forge_parses_explicit_values
        PASS [   0.517s] (1145/3865) ralphus-daemon config::tests::forge_pr_branch_convention_defaults_and_parses
        PASS [   0.528s] (1146/3865) ralphus-daemon config::tests::forge_pr_branch_convention_merge_project_wins
        PASS [   0.534s] (1147/3865) ralphus-daemon config::tests::health_sweep_config_absent_table_is_default
        PASS [   0.550s] (1148/3865) ralphus-daemon config::tests::health_sweep_config_clamps_an_implausibly_small_interval_to_the_default
        PASS [   0.547s] (1149/3865) ralphus-daemon config::tests::health_sweep_config_unset_is_enabled_with_the_default_interval
        PASS [   0.551s] (1150/3865) ralphus-daemon config::tests::hide_thinking_defaults_to_false_when_absent
        PASS [   0.542s] (1151/3865) ralphus-daemon config::tests::hide_thinking_parses_explicit_false
        PASS [   0.551s] (1152/3865) ralphus-daemon config::tests::hide_thinking_parses_explicit_true
        PASS [   0.562s] (1153/3865) ralphus-daemon config::tests::hide_thinking_project_wins_over_global
        PASS [   0.558s] (1154/3865) ralphus-daemon config::tests::in_downtime_midnight_crossing_window
        PASS [   0.564s] (1155/3865) ralphus-daemon config::tests::in_downtime_same_day_window
        PASS [   0.563s] (1156/3865) ralphus-daemon config::tests::in_downtime_zero_width_window_never_blocks
        PASS [   0.562s] (1157/3865) ralphus-daemon config::tests::is_valid_env_key_accepts_identifiers
        PASS [   0.552s] (1158/3865) ralphus-daemon config::tests::is_valid_env_key_rejects_non_identifiers
        PASS [   0.542s] (1159/3865) ralphus-daemon config::tests::is_valid_env_value_accepts_ordinary_content
        PASS [   0.536s] (1160/3865) ralphus-daemon config::tests::is_valid_env_value_rejects_control_characters
        PASS [   0.526s] (1161/3865) ralphus-daemon config::tests::live_view_defaults_when_absent
        PASS [   0.531s] (1162/3865) ralphus-daemon config::tests::live_view_malformed_toml_is_default
        PASS [   0.512s] (1163/3865) ralphus-daemon config::tests::live_view_parses_explicit_false
        PASS [   0.513s] (1164/3865) ralphus-daemon config::tests::live_view_parses_explicit_true
        PASS [   0.542s] (1165/3865) ralphus-daemon config::tests::load_commit_config_reads_per_project_override
        PASS [   0.533s] (1166/3865) ralphus-daemon config::tests::load_daemon_config_with_reads_configuration_path_entries
        PASS [   0.544s] (1167/3865) ralphus-daemon config::tests::load_daemon_config_with_project_local_wins_over_configuration_path
        PASS [   0.531s] (1168/3865) ralphus-daemon config::tests::malformed_toml_is_default
        PASS [   0.533s] (1169/3865) ralphus-daemon config::tests::match_pr_branch_name_defaults_to_false_when_unset
        PASS [   0.534s] (1170/3865) ralphus-daemon config::tests::match_pr_branch_name_parses_explicit_true
        PASS [   0.543s] (1171/3865) ralphus-daemon config::tests::max_concurrent_defaults_when_absent
        PASS [   0.545s] (1172/3865) ralphus-daemon config::tests::max_concurrent_malformed_toml_is_default
        PASS [   0.544s] (1173/3865) ralphus-daemon config::tests::max_concurrent_negative_falls_back_to_default
        PASS [   0.549s] (1174/3865) ralphus-daemon config::tests::max_concurrent_parses_explicit_value
        PASS [   0.546s] (1175/3865) ralphus-daemon config::tests::max_concurrent_zero_means_no_limit
        PASS [   0.552s] (1176/3865) ralphus-daemon config::tests::merge_auto_build_project_wins
        PASS [   0.562s] (1177/3865) ralphus-daemon config::tests::merge_auto_fix_pr_errors_project_wins
        PASS [   0.562s] (1178/3865) ralphus-daemon config::tests::merge_auto_fix_prompt_template_project_wins
        PASS [   0.563s] (1179/3865) ralphus-daemon config::tests::merge_auto_submit_pr_stack_project_wins
        PASS [   0.562s] (1180/3865) ralphus-daemon config::tests::merge_conflict_project_wins
        PASS [   0.570s] (1181/3865) ralphus-daemon config::tests::merge_default_machine_project_wins
        PASS [   0.582s] (1182/3865) ralphus-daemon config::tests::merge_default_proof_scope_project_wins
        PASS [   0.590s] (1183/3865) ralphus-daemon config::tests::merge_disjoint_keys
        PASS [   0.605s] (1184/3865) ralphus-daemon config::tests::merge_default_resolver_agent_project_wins
        PASS [   0.606s] (1185/3865) ralphus-daemon config::tests::merge_global_only
        PASS [   0.618s] (1186/3865) ralphus-daemon config::tests::merge_match_pr_branch_name_project_wins
        PASS [   0.611s] (1187/3865) ralphus-daemon config::tests::merge_project_only
        PASS [   0.611s] (1188/3865) ralphus-daemon config::tests::merge_provider_timeout_max_retries_project_wins
        PASS [   0.614s] (1189/3865) ralphus-daemon config::tests::merge_skip_base_updates_project_wins
        PASS [   0.612s] (1190/3865) ralphus-daemon config::tests::merge_summary_format_project_wins
        PASS [   0.613s] (1191/3865) ralphus-daemon config::tests::monorepo_config_absent_table_is_default
        PASS [   0.617s] (1192/3865) ralphus-daemon config::tests::monorepo_config_empty_subprojects_list_is_not_a_monorepo
        PASS [   0.599s] (1193/3865) ralphus-daemon config::tests::monorepo_config_unset_is_not_a_monorepo
        PASS [   0.603s] (1194/3865) ralphus-daemon config::tests::opentelemetry_defaults_to_enabled_and_can_be_disabled
        PASS [   0.598s] (1195/3865) ralphus-daemon config::tests::parse_arbiter_config
        PASS [   0.595s] (1196/3865) ralphus-daemon config::tests::parse_auto_build
        PASS [   0.599s] (1197/3865) ralphus-daemon config::tests::parse_default_machine
        PASS [   0.599s] (1198/3865) ralphus-daemon config::tests::parse_default_maximum_budget_usd
        PASS [   0.592s] (1199/3865) ralphus-daemon config::tests::parse_default_resolver_agent
        PASS [   0.590s] (1200/3865) ralphus-daemon config::tests::parse_default_resolver_model
        PASS [   0.589s] (1201/3865) ralphus-daemon config::tests::parse_defaults_table_fallback
        PASS [   0.593s] (1202/3865) ralphus-daemon config::tests::parse_health_sweep_config_overrides
        PASS [   0.590s] (1203/3865) ralphus-daemon config::tests::parse_monorepo_config
        PASS [   0.593s] (1204/3865) ralphus-daemon config::tests::parse_pr_cache_config_overrides
        PASS [   0.589s] (1205/3865) ralphus-daemon config::tests::parse_review_table
        PASS [   0.586s] (1206/3865) ralphus-daemon config::tests::pr_cache_config_absent_table_is_default
        PASS [   0.582s] (1207/3865) ralphus-daemon config::tests::pr_cache_config_clamps_an_implausibly_small_interval_to_the_default
        PASS [   0.584s] (1208/3865) ralphus-daemon config::tests::pr_cache_config_unset_is_enabled_with_the_default_interval
        PASS [   0.581s] (1209/3865) ralphus-daemon config::tests::provider_defaults_merge_project_scalar_wins
        PASS [   0.583s] (1210/3865) ralphus-daemon config::tests::provider_defaults_parse_each_provider_table_independently
        PASS [   0.582s] (1211/3865) ralphus-daemon config::tests::provider_defaults_parse_only_the_named_providers_table
        PASS [   0.582s] (1212/3865) ralphus-daemon config::tests::provider_defaults_resolve_false_when_unset
        PASS [   0.586s] (1213/3865) ralphus-daemon config::tests::provider_timeout_max_retries_defaults_to_three_when_unset
        PASS [   0.589s] (1214/3865) ralphus-daemon config::tests::provider_timeout_max_retries_parses_from_the_review_table
        PASS [   0.603s] (1215/3865) ralphus-daemon config::tests::resolve_agent_isolation_layers_global_under_project
        PASS [   0.608s] (1216/3865) ralphus-daemon config::tests::resolve_pr_draft_by_default_project_file_wins_over_any_global_value
        PASS [   0.596s] (1217/3865) ralphus-daemon config::tests::review_table_preferred_over_defaults
        PASS [   0.568s] (1218/3865) ralphus-daemon config::tests::skip_base_updates_defaults_to_false_when_unset
        PASS [   0.569s] (1219/3865) ralphus-daemon config::tests::skip_base_updates_parses_explicit_false
        PASS [   0.575s] (1220/3865) ralphus-daemon config::tests::skip_base_updates_parses_explicit_true
        PASS [   0.584s] (1221/3865) ralphus-daemon config::tests::summary_format_defaults_to_bullet_when_unset
        PASS [   0.581s] (1222/3865) ralphus-daemon config::tests::summary_format_explicit_bullet_is_bullet
        PASS [   0.583s] (1223/3865) ralphus-daemon config::tests::summary_format_prose_disables_bullet
        PASS [   0.591s] (1224/3865) ralphus-daemon config::tests::templates_malformed_toml_is_empty
        PASS [   0.593s] (1225/3865) ralphus-daemon config::tests::templates_parses_array_of_tables
        PASS [   0.599s] (1226/3865) ralphus-daemon config::tests::terminal_log_defaults_when_absent
        PASS [   0.594s] (1227/3865) ralphus-daemon config::tests::terminal_log_malformed_toml_is_default
        PASS [   0.607s] (1228/3865) ralphus-daemon config::tests::terminal_log_max_lines_below_one_falls_back_to_default
        PASS [   0.604s] (1229/3865) ralphus-daemon config::tests::terminal_log_max_lines_of_one_is_valid
        PASS [   0.618s] (1230/3865) ralphus-daemon config::tests::terminal_log_max_transcript_bytes_below_one_falls_back_to_default
        PASS [   0.616s] (1231/3865) ralphus-daemon config::tests::terminal_log_max_transcript_bytes_of_one_is_valid
        PASS [   0.623s] (1232/3865) ralphus-daemon config::tests::terminal_log_pane_history_limit_below_one_falls_back_to_default
        PASS [   0.618s] (1233/3865) ralphus-daemon config::tests::terminal_log_pane_history_limit_defaults_to_none_when_unset
        PASS [   0.615s] (1234/3865) ralphus-daemon config::tests::terminal_log_pane_history_limit_explicit_value_is_honored
        PASS [   0.612s] (1235/3865) ralphus-daemon config::tests::terminal_log_pane_history_limit_malformed_toml_is_none
        PASS [   0.622s] (1236/3865) ralphus-daemon config::tests::terminal_log_parses_explicit_values
        PASS [   0.613s] (1237/3865) ralphus-daemon config::tests::terminal_log_partial_table_falls_back_per_field
        PASS [   0.615s] (1238/3865) ralphus-daemon config::tests::thrash_defaults_when_absent
        PASS [   0.620s] (1239/3865) ralphus-daemon config::tests::thrash_malformed_toml_is_default
        PASS [   0.634s] (1240/3865) ralphus-daemon config::tests::thrash_negative_value_falls_back_to_default
        PASS [   0.629s] (1241/3865) ralphus-daemon config::tests::thrash_parses_explicit_values
        PASS [   0.079s] (1242/3865) ralphus-daemon forge::tests::add_to_stack_sends_new_pull_request_numbers
        PASS [   0.630s] (1243/3865) ralphus-daemon config::tests::thrash_project_wins_over_global
        PASS [   0.626s] (1244/3865) ralphus-daemon config::tests::tool_arg_truncate_chars_defaults_to_200_when_absent
        PASS [   0.624s] (1245/3865) ralphus-daemon config::tests::tool_arg_truncate_chars_negative_value_falls_back_to_default
        PASS [   0.630s] (1246/3865) ralphus-daemon config::tests::tool_arg_truncate_chars_non_numeric_value_falls_back_to_default
        PASS [   0.633s] (1247/3865) ralphus-daemon config::tests::tool_arg_truncate_chars_parses_an_explicit_value
        PASS [   0.635s] (1248/3865) ralphus-daemon config::tests::tool_arg_truncate_chars_project_wins_over_global
        PASS [   0.635s] (1249/3865) ralphus-daemon config::tests::ui_config_new_task_default_tab_defaults_to_simple
        PASS [   0.632s] (1250/3865) ralphus-daemon config::tests::ui_config_unrecognized_tab_falls_back_to_simple
        PASS [   0.636s] (1251/3865) ralphus-daemon config::tests::validate_new_task_default_tab_accepts_known_values
        PASS [   0.643s] (1252/3865) ralphus-daemon config::tests::validate_pull_request_branch_convention_rejects_empty_and_missing_placeholder
        PASS [   0.641s] (1253/3865) ralphus-daemon config::tests::validate_templates_accepts_the_standard_example
        PASS [   0.635s] (1254/3865) ralphus-daemon config::tests::validate_templates_rejects_empty_and_duplicate_names
        PASS [   0.637s] (1255/3865) ralphus-daemon config::tests::validate_templates_rejects_missing_prompt_template
        PASS [   0.644s] (1256/3865) ralphus-daemon config::tests::validate_templates_rejects_unknown_field_type_and_placeholder
        PASS [   0.637s] (1257/3865) ralphus-daemon config::tests::verify_skip_auto_clean_defaults_to_false
        PASS [   0.649s] (1258/3865) ralphus-daemon entity_uri::tests::cell_covers_only_its_own_cell_scoped_proofs
        PASS [   0.648s] (1259/3865) ralphus-daemon entity_uri::tests::covers_is_reflexive_for_every_kind
        PASS [   0.652s] (1260/3865) ralphus-daemon entity_uri::tests::guardian_id_accessor_only_set_for_guardian_kind
        PASS [   0.650s] (1261/3865) ralphus-daemon entity_uri::tests::proof_and_guardian_are_leaves
        PASS [   0.651s] (1262/3865) ralphus-daemon entity_uri::tests::rejects_empty_ids
        PASS [   0.652s] (1263/3865) ralphus-daemon entity_uri::tests::rejects_invalid_proof_scope
        PASS [   0.653s] (1264/3865) ralphus-daemon entity_uri::tests::rejects_non_numeric_indices
        PASS [   0.654s] (1265/3865) ralphus-daemon entity_uri::tests::rejects_unknown_kind
        PASS [   0.640s] (1266/3865) ralphus-daemon entity_uri::tests::rejects_wrong_arity
        PASS [   0.642s] (1267/3865) ralphus-daemon entity_uri::tests::round_trips_every_kind
        PASS [   0.653s] (1268/3865) ralphus-daemon entity_uri::tests::squad_covers_every_descendant_in_the_same_squad
        PASS [   0.661s] (1269/3865) ralphus-daemon entity_uri::tests::squad_id_accessor_covers_every_squad_scoped_kind
        PASS [   0.661s] (1270/3865) ralphus-daemon entity_uri::tests::task_covers_only_its_own_cells_and_proofs
        PASS [   0.665s] (1271/3865) ralphus-daemon entity_uri::tests::task_scope_proof_uses_negative_one_cell_idx_by_convention
        PASS [   0.668s] (1272/3865) ralphus-daemon env_view::tests::a_tombstoned_variable_is_not_listed_as_resolved
        PASS [   0.671s] (1273/3865) ralphus-daemon env_view::tests::tests_and_build_scopes_share_one_stored_override_layer
        PASS [   0.673s] (1274/3865) ralphus-daemon events::tests::event_kind_as_str_matches_sse_event_names
        PASS [   0.677s] (1275/3865) ralphus-daemon events::tests::full_channel_drops_the_event_but_keeps_the_subscriber
        PASS [   0.678s] (1276/3865) ralphus-daemon events::tests::kind_falls_back_to_other_with_no_entity_refs
        PASS [   0.669s] (1277/3865) ralphus-daemon events::tests::kind_prefers_guardian_over_squad
        PASS [   0.670s] (1278/3865) ralphus-daemon events::tests::multiple_subscribers_each_get_their_own_copy
        PASS [   0.670s] (1279/3865) ralphus-daemon events::tests::publish_prunes_a_dropped_receiver
        PASS [   0.682s] (1280/3865) ralphus-daemon events::tests::subscribe_then_publish_delivers_the_event
        PASS [   0.680s] (1281/3865) ralphus-daemon events::tests::unsubscribe_stops_further_delivery
        PASS [   0.682s] (1282/3865) ralphus-daemon forge::tests::add_to_stack_is_a_no_op_for_gitlab
        PASS [   0.719s] (1283/3865) ralphus-daemon forge::tests::a_401_evicts_the_cached_cli_fallback_token_but_a_404_does_not
        PASS [   1.270s] (1284/3865) ralphus-daemon config::tests::thrash_non_numeric_value_falls_back_to_default
        PASS [   0.735s] (1285/3865) ralphus-daemon forge::tests::check_pr_ci_status_reports_a_failing_github_check_run
        PASS [   0.746s] (1286/3865) ralphus-daemon forge::tests::check_pr_ci_status_reports_a_failing_gitlab_pipeline_job_with_its_trace
        PASS [   0.740s] (1287/3865) ralphus-daemon forge::tests::check_pr_ci_status_reports_every_failing_github_check_run_not_just_the_first
        PASS [   0.742s] (1288/3865) ralphus-daemon forge::tests::check_pr_ci_status_reports_every_failing_gitlab_pipeline_job_not_just_the_first
        PASS [   0.747s] (1289/3865) ralphus-daemon forge::tests::check_pr_ci_status_reports_github_passing_when_everything_is_green
        PASS [   0.746s] (1290/3865) ralphus-daemon forge::tests::check_pr_ci_status_reports_github_passing_when_there_are_zero_legacy_statuses
        PASS [   0.755s] (1291/3865) ralphus-daemon forge::tests::check_pr_ci_status_reports_github_pending_after_a_rebase_moves_the_head_sha
        PASS [   0.757s] (1292/3865) ralphus-daemon forge::tests::check_pr_ci_status_reports_github_pending_right_after_a_push_with_no_check_runs_yet
        PASS [   1.120s] (1293/3865) ralphus-daemon env_view::tests::a_proof_step_layers_its_own_overrides_over_its_scopes
        PASS [   0.784s] (1294/3865) ralphus-daemon forge::tests::check_pr_ci_status_reports_github_pending_when_a_legacy_status_is_actually_pending
        PASS [   0.793s] (1295/3865) ralphus-daemon forge::tests::check_pr_ci_status_reports_gitlab_pending_when_the_pipeline_is_stale_for_the_current_head
        PASS [   1.155s] (1296/3865) ralphus-daemon env_view::tests::a_registered_secret_name_is_masked_but_an_unregistered_one_is_not
        PASS [   1.181s] (1297/3865) ralphus-daemon env_view::tests::a_cell_view_shows_the_narrowest_layer_and_names_where_it_came_from
        PASS [   0.821s] (1298/3865) ralphus-daemon forge::tests::check_pr_ci_status_reports_github_pending_while_a_check_is_still_running
        PASS [   0.829s] (1299/3865) ralphus-daemon forge::tests::check_pr_ci_status_reports_gitlab_conflict_before_any_pipeline_call
        PASS [   0.786s] (1300/3865) ralphus-daemon forge::tests::classify_fork_relationship_cross_instance_has_no_path
        PASS [   0.798s] (1301/3865) ralphus-daemon forge::tests::check_pr_ci_status_reports_the_gitlab_pipelines_verdict_when_it_matches_the_current_head
        PASS [   0.781s] (1302/3865) ralphus-daemon forge::tests::classify_fork_relationship_direct_fork
        PASS [   0.821s] (1303/3865) ralphus-daemon forge::tests::check_pr_ci_status_reports_gitlab_pending_with_no_pipeline_yet
        PASS [   1.165s] (1304/3865) ralphus-daemon env_view::tests::an_unknown_squad_is_not_found
        PASS [   0.783s] (1305/3865) ralphus-daemon forge::tests::classify_fork_relationship_indirect_fork_of_a_fork
        PASS [   0.933s] (1306/3865) ralphus-daemon forge::tests::check_pr_ci_status_reports_github_conflict_before_any_check_call
        PASS [   0.780s] (1307/3865) ralphus-daemon forge::tests::classify_fork_relationship_no_relationship_blocks
        PASS [   0.788s] (1308/3865) ralphus-daemon forge::tests::classify_fork_relationship_not_visible_is_not_treated_as_no_relationship
        PASS [   0.762s] (1309/3865) ralphus-daemon forge::tests::client_for_repo_picks_the_matching_candidate
        PASS [   0.063s] (1310/3865) ralphus-daemon forge::tests::parse_retry_after_parses_plain_delay_seconds
        PASS [   0.793s] (1311/3865) ralphus-daemon forge::tests::create_pull_request_github_sends_draft_field_when_requested
        PASS [   0.799s] (1312/3865) ralphus-daemon forge::tests::create_pull_request_gitlab_does_not_double_prefix_an_already_draft_title
        PASS [   0.808s] (1313/3865) ralphus-daemon forge::tests::create_pull_request_gitlab_draft_prefixes_the_title
        PASS [   0.818s] (1314/3865) ralphus-daemon forge::tests::create_pull_request_gitlab_expands_source_and_target_branch_template_variables
        PASS [   0.818s] (1315/3865) ralphus-daemon forge::tests::create_pull_request_gitlab_ready_for_review_leaves_title_unprefixed
        PASS [   0.827s] (1316/3865) ralphus-daemon forge::tests::create_pull_request_routed_sends_gitlab_target_project_id_only_when_given
        PASS [   0.804s] (1317/3865) ralphus-daemon forge::tests::create_stack_is_a_no_op_for_gitlab
        PASS [   0.832s] (1318/3865) ralphus-daemon forge::tests::create_pull_request_without_target_project_id_omits_the_field
        PASS [   0.806s] (1319/3865) ralphus-daemon forge::tests::default_api_bases
        PASS [   0.831s] (1320/3865) ralphus-daemon forge::tests::create_stack_sends_ordered_pull_request_numbers
        PASS [   0.809s] (1321/3865) ralphus-daemon forge::tests::derive_owner_from_url_handles_every_supported_url_form
        PASS [   0.774s] (1322/3865) ralphus-daemon forge::tests::extract_glab_token_handles_a_plain_token_line
        PASS [   0.839s] (1323/3865) ralphus-daemon forge::tests::describe_error_captures_status_and_integer_retry_after
        PASS [   0.760s] (1324/3865) ralphus-daemon forge::tests::extract_glab_token_handles_an_os_keyring_token_line
        PASS [   0.767s] (1325/3865) ralphus-daemon forge::tests::extract_glab_token_is_none_without_a_token_line
        PASS [   0.794s] (1326/3865) ralphus-daemon forge::tests::fetch_pr_template_reads_the_github_default_template
        PASS [   0.799s] (1327/3865) ralphus-daemon forge::tests::fetch_pr_template_reads_the_gitlab_default_template
        PASS [   0.799s] (1328/3865) ralphus-daemon forge::tests::find_open_pull_request_is_none_when_githubs_list_is_empty
        PASS [   0.804s] (1329/3865) ralphus-daemon forge::tests::find_open_pull_request_queries_githubs_documented_head_filter
        PASS [   0.795s] (1330/3865) ralphus-daemon forge::tests::find_open_pull_request_queries_gitlabs_documented_source_branch_filter
        PASS [   0.773s] (1331/3865) ralphus-daemon forge::tests::forge_error_converts_to_string_preserving_the_message
        PASS [   0.792s] (1332/3865) ralphus-daemon forge::tests::find_open_pull_request_with_a_bare_github_head_would_match_any_open_pr
        PASS [   0.751s] (1333/3865) ralphus-daemon forge::tests::forge_error_is_rate_limited_only_for_429_and_403
        PASS [   0.742s] (1334/3865) ralphus-daemon forge::tests::forge_kind_all_lists_every_variant_with_a_stable_wire_string
        PASS [   0.750s] (1335/3865) ralphus-daemon forge::tests::forge_kind_detected_from_host
        PASS [   0.738s] (1336/3865) ralphus-daemon forge::tests::get_conditional_sends_if_none_match_and_reports_not_modified_on_304
        PASS [   0.714s] (1337/3865) ralphus-daemon forge::tests::get_pull_request_base_errors_when_the_forge_response_omits_it
        PASS [   0.721s] (1338/3865) ralphus-daemon forge::tests::get_pull_request_base_reads_github_base_ref
        PASS [   0.693s] (1339/3865) ralphus-daemon forge::tests::get_pull_request_base_requires_token
        PASS [   0.711s] (1340/3865) ralphus-daemon forge::tests::get_pull_request_base_reads_gitlab_target_branch
        PASS [   0.716s] (1341/3865) ralphus-daemon forge::tests::get_pull_request_state_normalizes_gitlab_opened
        PASS [   0.720s] (1342/3865) ralphus-daemon forge::tests::get_pull_request_state_reports_closed
        PASS [   0.724s] (1343/3865) ralphus-daemon forge::tests::get_pull_request_state_reports_gitlab_closed_without_merging
        PASS [   0.744s] (1344/3865) ralphus-daemon forge::tests::get_pull_request_state_reports_merged_over_closed
        PASS [   0.757s] (1345/3865) ralphus-daemon forge::tests::get_pull_request_state_reports_gitlab_merged
        PASS [   0.726s] (1346/3865) ralphus-daemon forge::tests::gitlab_repo_path_is_percent_encoded
        PASS [   0.740s] (1347/3865) ralphus-daemon forge::tests::get_stack_pull_requests_returns_members_in_forge_order
        PASS [   0.739s] (1348/3865) ralphus-daemon forge::tests::get_stack_pull_requests_treats_not_found_as_absent
        PASS [   0.758s] (1349/3865) ralphus-daemon forge::tests::list_pr_comments_conditional_github_fetches_both_endpoints_with_fresh_etags
        PASS [   0.759s] (1350/3865) ralphus-daemon forge::tests::parse_retry_after_is_none_for_an_http_date_or_garbage
        PASS [   0.770s] (1351/3865) ralphus-daemon forge::tests::list_pr_comments_conditional_gitlab_uses_the_single_notes_endpoint_for_either_source
        PASS [   0.774s] (1352/3865) ralphus-daemon forge::tests::list_pr_comments_conditional_reports_not_modified_and_costs_no_reparse
        PASS [   0.778s] (1353/3865) ralphus-daemon forge::tests::parses_https_remote
        PASS [   1.505s] (1354/3865) ralphus-daemon forge::tests::create_pull_request_github_sends_draft_false_when_ready_for_review
        PASS [   0.796s] (1355/3865) ralphus-daemon forge::tests::parses_https_remote_without_dot_git
        PASS [   0.800s] (1356/3865) ralphus-daemon forge::tests::parses_ssh_scheme_remote
        PASS [   0.814s] (1357/3865) ralphus-daemon forge::tests::parses_ssh_shorthand_remote
        PASS [   0.817s] (1358/3865) ralphus-daemon forge::tests::rejects_unparseable_remote
        PASS [   0.797s] (1359/3865) ralphus-daemon forge::tests::require_token_error_names_the_env_var
        PASS [   0.862s] (1360/3865) ralphus-daemon forge::tests::same_repo_head_leaves_gitlab_head_bare
        PASS [   0.869s] (1361/3865) ralphus-daemon forge::tests::same_repo_head_prefixes_github_with_the_repos_own_owner
        PASS [   1.278s] (1362/3865) ralphus-daemon forge::tests::gitlab_moves_a_base_without_ever_calling_a_stack_endpoint
        PASS [   0.891s] (1363/3865) ralphus-daemon forge::tests::stack_exists_accepts_a_live_stack_response
        PASS [   0.869s] (1364/3865) ralphus-daemon forge::tests::unstack_is_a_no_op_for_gitlab
        PASS [   0.880s] (1365/3865) ralphus-daemon forge::tests::update_pull_request_base_requires_token
        PASS [   0.931s] (1366/3865) ralphus-daemon forge::tests::stack_exists_treats_not_found_as_absent
        PASS [   0.908s] (1367/3865) ralphus-daemon forge::tests::unstack_posts_to_the_stacks_unstack_endpoint
        PASS [   0.933s] (1368/3865) ralphus-daemon forge::tests::update_pull_request_base_sends_github_patch
        PASS [   0.942s] (1369/3865) ralphus-daemon forge::tests::update_pull_request_base_sends_gitlab_put
        PASS [   0.978s] (1370/3865) ralphus-daemon forge::tests::update_pull_request_draft_github_patches_the_draft_field
        PASS [   0.974s] (1371/3865) ralphus-daemon forge::tests::verify_forge_token_reports_invalid_on_401_and_sends_the_gitlab_header
        PASS [   1.002s] (1372/3865) ralphus-daemon forge::tests::update_pull_request_draft_gitlab_sends_wip_event_toggle
        PASS [   0.973s] (1373/3865) ralphus-daemon forge::tests::verify_forge_token_reports_unreachable_when_nothing_is_listening
        PASS [   0.951s] (1374/3865) ralphus-daemon generation::tests::generation_kind_parse_roundtrip
        PASS [   0.970s] (1375/3865) ralphus-daemon generation::tests::jobs_registry_starts_running_then_reports_finish
        PASS [   1.022s] (1376/3865) ralphus-daemon forge::tests::verify_forge_token_reports_valid_on_a_2xx_response
        PASS [   0.996s] (1377/3865) ralphus-daemon generation::tests::parses_a_clean_json_array
        PASS [   0.978s] (1378/3865) ralphus-daemon generation::tests::parses_a_fenced_and_chatty_response
        PASS [   0.974s] (1379/3865) ralphus-daemon generation::tests::run_generation_rejects_unknown_kind_without_touching_the_runner
        PASS [   0.917s] (1380/3865) ralphus-daemon generation::tests::slugify_task_name_caps_length
        PASS [   1.034s] (1381/3865) ralphus-daemon generation::tests::rejects_garbage
        PASS [   0.972s] (1382/3865) ralphus-daemon generation::tests::slugify_task_name_lowercases_and_collapses_punctuation
        PASS [   0.974s] (1383/3865) ralphus-daemon ghost::tests::cell_uri_is_stable_and_scoped_to_squad
        PASS [   0.986s] (1384/3865) ralphus-daemon generation::tests::slugify_task_name_rejects_all_punctuation
        PASS [   0.987s] (1385/3865) ralphus-daemon ghost::tests::current_revision_empty_cwd_is_none
        PASS [   1.002s] (1386/3865) ralphus-daemon ghost::tests::format_context_block_blank_user_note_is_ignored
        PASS [   1.048s] (1387/3865) ralphus-daemon ghost::tests::format_context_block_appends_user_note_after_agent_notes
        PASS [   1.030s] (1388/3865) ralphus-daemon ghost::tests::format_context_block_includes_own_and_parent_notes
        PASS [   1.032s] (1389/3865) ralphus-daemon ghost::tests::format_context_block_none_when_nothing_to_inject
        PASS [   1.057s] (1390/3865) ralphus-daemon ghost::tests::format_context_block_own_only_omits_dependency_section
        PASS [   1.061s] (1391/3865) ralphus-daemon ghost::tests::format_context_block_user_note_alone_does_not_render_empty_own_section
        PASS [   0.994s] (1392/3865) ralphus-daemon ghost::tests::merge_content_combines_previous_and_new
        PASS [   0.816s] (1393/3865) ralphus-daemon ghost::tests::merge_content_trims_oversized_combination_keeping_the_tail
        PASS [   0.731s] (1394/3865) ralphus-daemon ghost::tests::merge_content_with_no_previous_is_just_new
        PASS [   0.807s] (1395/3865) ralphus-daemon ghost::tests::merge_content_trims_without_panicking_on_multibyte_boundary
        PASS [   0.760s] (1396/3865) ralphus-daemon ghost::tests::parse_owner_uri_cell_extracts_squad_id
        PASS [   0.752s] (1397/3865) ralphus-daemon ghost::tests::parse_owner_uri_rejects_unknown_prefix_or_empty_id
        PASS [   0.727s] (1398/3865) ralphus-daemon ghost::tests::parse_owner_uri_review_extracts_guardian_id
        PASS [   0.731s] (1399/3865) ralphus-daemon ghost::tests::proof_outcome_note_all_failed_signals_not_validated
        PASS [   0.734s] (1400/3865) ralphus-daemon ghost::tests::proof_outcome_note_all_passed_signals_validated
        PASS [   1.299s] (1401/3865) ralphus-daemon ghost::tests::current_revision_none_for_non_git_dir
        PASS [   0.714s] (1402/3865) ralphus-daemon ghost::tests::proof_outcome_note_partial_pass_signals_not_validated
        PASS [   0.700s] (1403/3865) ralphus-daemon ghost::tests::review_uri_distinguishes_branch_and_combined
        PASS [   1.533s] (1404/3865) ralphus-daemon ghost::tests::copy_ghost_missing_source_is_not_found
        PASS [   1.514s] (1405/3865) ralphus-daemon ghost::tests::copy_ghost_seeds_another_owner_independent_of_the_graph
        PASS [   2.134s] (1406/3865) ralphus-daemon forge::tests::resolve_remote_for_as_prefers_the_token_override_over_the_env_var
        PASS [   1.586s] (1407/3865) ralphus-daemon ghost::tests::get_ghost_missing_uri_is_none
 FAIL + LEAK [   3.860s] (1408/3865) ralphus-daemon cpu_stall::tests::escalates_via_real_registry_and_store
  stdout ───

    running 1 test
    test cpu_stall::tests::escalates_via_real_registry_and_store ... FAILED

    failures:

    failures:
        cpu_stall::tests::escalates_via_real_registry_and_store

    test result: FAILED. 0 passed; 1 failed; 0 ignored; 0 measured; 2344 filtered out; finished in 3.00s
    
  stderr ───

    thread 'cpu_stall::tests::escalates_via_real_registry_and_store' (49260) panicked at daemon\src\cpu_stall.rs:270:9:
    assertion `left == right` failed: exactly one escalation expected
      left: 0
     right: 1
    note: run with `RUST_BACKTRACE=1` environment variable to display a backtrace

  Cancelling due to test failure: 55 tests still running
        PASS [   1.222s] (1409/3865) ralphus-daemon ghost::tests::review_ghost_carries_guardian_id
        PASS [   2.523s] (1410/3865) ralphus-daemon forge::tests::resolve_remote_for_as_prefers_the_token_override_over_a_populated_token_env
        PASS [   1.223s] (1411/3865) ralphus-daemon ghost::tests::second_upsert_merges_rather_than_inserting_a_second_row
        PASS [   2.592s] (1412/3865) ralphus-daemon forge::tests::remote_from_base_branch_is_none_for_a_plain_branch_or_unknown_remote
        PASS [   2.520s] (1413/3865) ralphus-daemon forge::tests::resolve_remote_name_falls_back_to_default_for_a_slash_namespaced_branch_name
        PASS [   1.248s] (1414/3865) ralphus-daemon ghost::tests::set_ghost_user_note_replaces_rather_than_accumulates
        PASS [   1.289s] (1415/3865) ralphus-daemon ghost::tests::set_ghost_user_note_does_not_disturb_existing_agent_content
        PASS [   1.384s] (1416/3865) ralphus-daemon ghost::tests::set_ghost_user_note_creates_a_row_with_empty_content
        PASS [   1.337s] (1417/3865) ralphus-daemon ghost::tests::upsert_then_get_round_trips
        PASS [   2.635s] (1418/3865) ralphus-daemon forge::tests::resolve_remote_name_falls_back_to_forge_cfg_remote_when_base_branch_has_no_remote_and_no_at_u
        PASS [   1.193s] (1419/3865) ralphus-daemon guardian::tests::a_claimed_review_branch_name_survives_a_branch_reset
        PASS [   1.336s] (1420/3865) ralphus-daemon guardian::tests::a_branch_tombstone_removes_an_inherited_variable_entirely
        PASS [   1.199s] (1421/3865) ralphus-daemon guardian::tests::a_newly_registered_branch_opts_into_readable_naming_with_no_name_yet
        PASS [   1.351s] (1422/3865) ralphus-daemon guardian::tests::a_branch_with_no_source_cell_has_only_its_own_overrides
        PASS [   3.001s] (1423/3865) ralphus-daemon forge::tests::remote_from_base_branch_detects_a_real_configured_remote
        PASS [   1.181s] (1424/3865) ralphus-daemon guardian::tests::action_hints_round_trip_structured_fields
        PASS [   1.233s] (1425/3865) ralphus-daemon guardian::tests::a_review_branch_inherits_its_source_cells_resolved_environment
        PASS [   2.837s] (1426/3865) ralphus-daemon forge::tests::resolve_remote_name_prefers_base_branchs_own_remote_prefix_over_the_config_default
        PASS [   1.259s] (1427/3865) ralphus-daemon guardian::tests::a_manual_checks_only_override_does_not_leak_into_build_or_combined_env
        PASS [   1.118s] (1428/3865) ralphus-daemon guardian::tests::auto_submit_pr_stack_toggles_independently_per_review
        PASS [   1.354s] (1429/3865) ralphus-daemon guardian::tests::a_build_only_override_does_not_leak_into_manual_checks_or_combined_env
        PASS [   1.242s] (1430/3865) ralphus-daemon guardian::tests::an_explicit_none_still_clears_one_resolver_field
        PASS [   1.499s] (1431/3865) ralphus-daemon guardian::tests::a_branch_override_shadows_the_inherited_value_without_touching_the_cell
        PASS [   1.159s] (1432/3865) ralphus-daemon guardian::tests::branch_enabled_defaults_true_and_toggles
        PASS [   1.243s] (1433/3865) ralphus-daemon guardian::tests::auto_submit_pr_stack_is_stamped_false_at_creation_when_no_project_default
        PASS [   1.153s] (1434/3865) ralphus-daemon guardian::tests::bump_guardian_merge_attempt_increments_and_current_attempt_reads_it
        PASS [   1.181s] (1435/3865) ralphus-daemon guardian::tests::build_and_manual_checks_overrides_apply_independently_and_differently
        PASS [   1.264s] (1436/3865) ralphus-daemon guardian::tests::branch_and_manual_checks_finished_at_round_trip
        PASS [   1.238s] (1437/3865) ralphus-daemon guardian::tests::branch_env_for_an_unknown_branch_is_not_found
        PASS [   1.365s] (1438/3865) ralphus-daemon guardian::tests::auto_build_defaults_none_and_round_trips_both_shapes
        PASS [   1.277s] (1439/3865) ralphus-daemon guardian::tests::branch_status_and_review_branch
        PASS [   1.298s] (1440/3865) ralphus-daemon guardian::tests::branch_id_survives_reorder_unlike_position
        PASS [   1.056s] (1441/3865) ralphus-daemon guardian::tests::claim_guardian_input_resolution_is_atomic_and_rejects_concurrent_duplicate
        PASS [   1.306s] (1442/3865) ralphus-daemon guardian::tests::build_and_manual_checks_env_overrides_for_an_unknown_guardian_are_not_found
        PASS [   3.215s] (1443/3865) ralphus-daemon forge::tests::resolve_remote_name_excluding_skips_a_registered_fork_remote
        PASS [   1.184s] (1444/3865) ralphus-daemon guardian::tests::cell_review_dispatch_priority_is_none_without_a_review_branch
        PASS [   1.199s] (1445/3865) ralphus-daemon guardian::tests::cell_review_dispatch_priority_skips_disabled_earlier_branches
        PASS [   1.345s] (1446/3865) ralphus-daemon guardian::tests::cell_review_dispatch_priority_favors_the_first_unfinished_branch_in_position_order
        PASS [   1.079s] (1447/3865) ralphus-daemon guardian::tests::claim_guardian_merge_is_atomic_and_covers_all_claimable_states
        PASS [   7.303s] (1448/3865) ralphus-daemon ark::tests::reap_preserves_ark_ref_and_requires_remote_recovery
        PASS [   2.447s] (1449/3865) ralphus-daemon git_hooks::tests::sync_disabled_without_prior_install_is_a_noop
        PASS [   3.939s] (1450/3865) ralphus-daemon forge::tests::resolve_remote_for_as_with_no_override_behaves_like_resolve_remote_for
        PASS [   2.581s] (1451/3865) ralphus-daemon git_hooks::tests::sync_disabled_removes_previously_installed_hook
        PASS [   7.599s] (1452/3865) ralphus-daemon ark::tests::detection_requires_every_squad_sharing_a_worktree_to_be_old_and_terminal
        PASS [   4.122s] (1453/3865) ralphus-daemon forge::tests::remote_from_branch_upstream_never_reads_the_current_checkouts_upstream
        PASS [   7.712s] (1454/3865) ralphus-daemon ark::tests::reap_rejects_a_clean_local_only_commit
        PASS [   2.723s] (1455/3865) ralphus-daemon git_hooks::tests::sync_never_overwrites_a_foreign_hook
        PASS [   4.435s] (1456/3865) ralphus-daemon forge::tests::resolve_remote_name_honors_a_bare_local_branchs_own_at_u_upstream
        PASS [   3.386s] (1457/3865) ralphus-daemon git_hooks::tests::sync_preserves_existing_trailers
        PASS [   3.434s] (1458/3865) ralphus-daemon git_hooks::tests::sync_installs_hook_that_appends_trailer_exactly_once
        PASS [   5.118s] (1459/3865) ralphus-daemon forge::tests::resolve_remote_resolves_the_forge_host_from_a_remote_prefixed_base_branch
        PASS [   4.067s] (1460/3865) ralphus-daemon git_hooks::tests::repeat_commits_never_duplicate_the_trailer
        PASS [   7.221s] (1461/3865) ralphus-daemon cpu_stall::tests::unreadable_pid_never_escalates
        PASS [   5.828s] (1462/3865) ralphus-daemon forge::tests::resolve_remote_still_honors_forge_cfg_remote_when_the_base_branch_resolves_to_nothing
        PASS [   6.288s] (1463/3865) ralphus-daemon forge::tests::resolve_remote_resolves_the_forge_host_from_a_bare_branchs_at_u_upstream
────────────
     Summary [  18.578s] 1463/3865 tests run: 1462 passed, 1 failed, 43 skipped
 FAIL + LEAK [   3.860s] (1408/3865) ralphus-daemon cpu_stall::tests::escalates_via_real_registry_and_store
warning: 2402/3865 tests were not run due to test failure (run with --no-fail-fast to run all tests, or run with --max-fail)
error: test run failed
