    Blocking waiting for file lock on package cache
    Blocking waiting for file lock on package cache
   Compiling ralphus-daemon v0.1.0 (C:\Users\korinkite\repositories\ralphus\.git\.ralphus\g\g136\wt-ral-488\daemon)
   Compiling ralphus-cli v0.1.0 (C:\Users\korinkite\repositories\ralphus\.git\.ralphus\g\g136\wt-ral-488\cli)
   Compiling ralphus-mcp v0.1.0 (C:\Users\korinkite\repositories\ralphus\.git\.ralphus\g\g136\wt-ral-488\mcp)
    Finished `test` profile [unoptimized + debuginfo] target(s) in 1m 30s
────────────
[32;1m Nextest run[0m ID [1me5325f80-d009-4fb9-ba0d-a5b5a6dd23dd[0m with nextest profile: [1mdefault[0m
[32;1m    Starting[0m [1m3773[0m tests across [1m43[0m binaries ([1m43[0m tests [33;1mskipped[0m)
[32;1m        PASS[0m [   0.157s] (   1/3773) [35;1mralphus-bench-harness[0m [36mdurable_min::tests[0m[36m::[0m[34;1mpatience_resets_on_each_new_best[0m
[32;1m        PASS[0m [   0.186s] (   2/3773) [35;1mralphus-bench-harness[0m [36mdurable_min::tests[0m[36m::[0m[34;1msingle_patience_stops_after_first_non_improvement[0m
[32;1m        PASS[0m [   0.189s] (   3/3773) [35;1mralphus-bench-harness[0m [36mstats::tests[0m[36m::[0m[34;1mbasic_bundle_matches_hand_computed_values[0m
[32;1m        PASS[0m [   0.190s] (   4/3773) [35;1mralphus-bench-harness[0m [36mstorage::tests[0m[36m::[0m[34;1mtest_data_path_layout[0m
[32;1m        PASS[0m [   0.302s] (   5/3773) [35;1mralphus-bench-harness[0m [36mstats::tests[0m[36m::[0m[34;1mrejects_single_sample[0m
[32;1m        PASS[0m [   0.328s] (   6/3773) [35;1mralphus-bench-harness[0m [36mdurable_min::tests[0m[36m::[0m[34;1mdurable_min_is_the_minimum_sample[0m
[32;1m        PASS[0m [   0.342s] (   7/3773) [35;1mralphus-bench-harness[0m [36mdurable_min::tests[0m[36m::[0m[34;1mstops_after_patience_non_improving_runs[0m
[32;1m        PASS[0m [   0.344s] (   8/3773) [35;1mralphus-bench-harness[0m [36mstats::tests[0m[36m::[0m[34;1mflags_tukey_outliers[0m
[32;1m        PASS[0m [   0.376s] (   9/3773) [35;1mralphus-bench-harness[0m [36mdurable_min::tests[0m[36m::[0m[34;1mrejects_zero_patience[0m
[32;1m        PASS[0m [   0.407s] (  10/3773) [35;1mralphus-cli[0m [36mcommands::agent::tests[0m[36m::[0m[34;1mparses_list_explicitly[0m
[32;1m        PASS[0m [   0.463s] (  11/3773) [35;1mralphus-bench-harness[0m [36mstorage::tests[0m[36m::[0m[34;1msanitize_filename_leaves_short_names_untouched[0m
[32;1m        PASS[0m [   0.479s] (  12/3773) [35;1mralphus-cli[0m [36mcommands::agent::tests[0m[36m::[0m[34;1mparses_profile_delete_with_force[0m
[32;1m        PASS[0m [   0.594s] (  13/3773) [35;1mralphus-cli[0m [36mcommands::agent::tests[0m[36m::[0m[34;1mprofile_delete_requires_name[0m
[32;1m        PASS[0m [   0.605s] (  14/3773) [35;1mralphus-bench-harness[0m [36mstorage::tests[0m[36m::[0m[34;1mappend_creates_then_accumulates[0m
[32;1m        PASS[0m [   0.621s] (  15/3773) [35;1mralphus-cli[0m [36mcommands::agent::tests[0m[36m::[0m[34;1mprofile_create_rejects_malformed_env_entries[0m
[32;1m        PASS[0m [   0.646s] (  16/3773) [35;1mralphus-cli[0m [36mcommands::agent::tests[0m[36m::[0m[34;1mparses_profile_list_and_get[0m
[32;1m        PASS[0m [   0.653s] (  17/3773) [35;1mralphus-cli[0m [36mcommands::agent::tests[0m[36m::[0m[34;1mparses_profile_update[0m
[32;1m        PASS[0m [   0.713s] (  18/3773) [35;1mralphus-cli[0m [36mcommands::agent::tests[0m[36m::[0m[34;1mbackend_command_reset_and_profiles_require_backend[0m
[32;1m        PASS[0m [   0.761s] (  19/3773) [35;1mralphus-cli[0m [36mclient::tests[0m[36m::[0m[34;1mguardian_response_env_values_are_redacted[0m
[32;1m        PASS[0m [   0.765s] (  20/3773) [35;1mralphus-cli[0m [36mcommands::agent::tests[0m[36m::[0m[34;1munknown_profile_subcommand_is_usage_error[0m
[32;1m        PASS[0m [   0.808s] (  21/3773) [35;1mralphus-cli[0m [36mcommands::agent::tests[0m[36m::[0m[34;1mbare_profile_is_help[0m
[32;1m        PASS[0m [   0.839s] (  22/3773) [35;1mralphus-cli[0m [36mclient::tests[0m[36m::[0m[34;1mquery_string_skips_none_and_encodes_values[0m
[32;1m        PASS[0m [   0.843s] (  23/3773) [35;1mralphus-cli[0m [36mcommands::cell::tests[0m[36m::[0m[34;1magent_resume_command_uses_codex_for_codex_agents[0m
[32;1m        PASS[0m [   0.856s] (  24/3773) [35;1mralphus-cli[0m [36mcommands::agent::tests[0m[36m::[0m[34;1mprofile_create_requires_backend_and_name[0m
[32;1m        PASS[0m [   0.869s] (  25/3773) [35;1mralphus-cli[0m [36mcommands::agent::tests[0m[36m::[0m[34;1mparses_backend_command_set[0m
[32;1m        PASS[0m [   0.903s] (  26/3773) [35;1mralphus-cli[0m [36mcommands::cell::tests[0m[36m::[0m[34;1magent_resume_command_readonly_appends_instructions[0m
[32;1m        PASS[0m [   0.926s] (  27/3773) [35;1mralphus-cli[0m [36margs::tests[0m[36m::[0m[34;1mextracts_json_flag_from_anywhere[0m
[32;1m        PASS[0m [   0.943s] (  28/3773) [35;1mralphus-cli[0m [36mcommands::agent::tests[0m[36m::[0m[34;1mbuild_agent_rows_interleaves_profiles_with_builtins_alphabetically[0m
[32;1m        PASS[0m [   0.949s] (  29/3773) [35;1mralphus-cli[0m [36mcommands::cell::tests[0m[36m::[0m[34;1magent_resume_command_uses_claude_by_default[0m
[32;1m        PASS[0m [   0.952s] (  30/3773) [35;1mralphus-cli[0m [36mcommands::agent::tests[0m[36m::[0m[34;1mbackend_command_set_requires_command_and_backend[0m
[32;1m        PASS[0m [   0.970s] (  31/3773) [35;1mralphus-cli[0m [36magents::tests[0m[36m::[0m[34;1mevery_known_agent_has_a_name_and_description[0m
[32;1m        PASS[0m [   1.080s] (  32/3773) [35;1mralphus-cli[0m [36mcommands::agent::tests[0m[36m::[0m[34;1mparses_profile_create_with_sets_and_links[0m
[32;1m        PASS[0m [   1.084s] (  33/3773) [35;1mralphus-cli[0m [36mclient::tests[0m[36m::[0m[34;1mnon_guardian_response_is_not_redacted[0m
[32;1m        PASS[0m [   1.103s] (  34/3773) [35;1mralphus-cli[0m [36mcommands::agent::tests[0m[36m::[0m[34;1mparses_backend_command_reset_and_profiles[0m
[32;1m        PASS[0m [   1.130s] (  35/3773) [35;1mralphus-cli[0m [36mcommands::agent::tests[0m[36m::[0m[34;1munknown_subcommand_is_usage_error[0m
[32;1m        PASS[0m [   1.130s] (  36/3773) [35;1mralphus-cli[0m [36mcommands::agent::tests[0m[36m::[0m[34;1mparses_help[0m
[32;1m        PASS[0m [   1.137s] (  37/3773) [35;1mralphus-cli[0m [36mcommands::agent::tests[0m[36m::[0m[34;1mload_agent_profile_summaries_empty_with_no_project_config[0m
[32;1m        PASS[0m [   1.155s] (  38/3773) [35;1mralphus-cli[0m [36mcommands::agent::tests[0m[36m::[0m[34;1munknown_backend_command_subcommand_is_usage_error[0m
[32;1m        PASS[0m [   1.184s] (  39/3773) [35;1mralphus-cli[0m [36mclient::tests[0m[36m::[0m[34;1merror_envelope_maps_to_daemon_error_with_status_code[0m
[32;1m        PASS[0m [   1.192s] (  40/3773) [35;1mralphus-cli[0m [36margs::tests[0m[36m::[0m[34;1mdefaults_when_absent[0m
[32;1m        PASS[0m [   1.232s] (  41/3773) [35;1mralphus-cli[0m [36mcommands::agent::tests[0m[36m::[0m[34;1mparses_backend_command_list[0m
[32;1m        PASS[0m [   1.287s] (  42/3773) [35;1mralphus-bench-harness[0m [36mgitinfo::tests[0m[36m::[0m[34;1mreads_current_repo_state[0m
[32;1m        PASS[0m [   1.298s] (  43/3773) [35;1mralphus-cli[0m [36magents::tests[0m[36m::[0m[34;1mclaude_code_restricts_models_others_do_not[0m
[32;1m        PASS[0m [   1.317s] (  44/3773) [35;1mralphus-bench-harness[0m [36mstorage::tests[0m[36m::[0m[34;1mtest_data_path_hashes_long_identifiers[0m
[32;1m        PASS[0m [   1.321s] (  45/3773) [35;1mralphus-cli[0m [36mcommands::agent::tests[0m[36m::[0m[34;1mprofile_get_requires_name[0m
[32;1m        PASS[0m [   1.321s] (  46/3773) [35;1mralphus-cli[0m [36mcommands::agent::tests[0m[36m::[0m[34;1mload_agent_profile_summaries_reads_profiles_sorted_by_name[0m
[32;1m        PASS[0m [   1.363s] (  47/3773) [35;1mralphus-cli[0m [36mclient::tests[0m[36m::[0m[34;1mguardian_squash_posts_to_the_squash_endpoint[0m
[32;1m        PASS[0m [   1.374s] (  48/3773) [35;1mralphus-cli[0m [36mcommands::agent::tests[0m[36m::[0m[34;1mload_agent_profile_summaries_skips_entries_missing_backend[0m
[32;1m        PASS[0m [   1.418s] (  49/3773) [35;1mralphus-bench-harness[0m [36mstorage::tests[0m[36m::[0m[34;1mtest_data_path_sanitizes_module_path_separators[0m
[32;1m        PASS[0m [   1.432s] (  50/3773) [35;1mralphus-cli[0m [36margs::tests[0m[36m::[0m[34;1mextracts_daemon_url_space_and_equals_forms[0m
[32;1m        PASS[0m [   1.457s] (  51/3773) [35;1mralphus-cli[0m [36mcommands::agent::tests[0m[36m::[0m[34;1mbare_agent_behaves_like_list[0m
[32;1m        PASS[0m [   1.467s] (  52/3773) [35;1mralphus-cli[0m [36margs::tests[0m[36m::[0m[34;1mstops_extracting_after_bare_separator[0m
[32;1m        PASS[0m [   1.564s] (  53/3773) [35;1mralphus-cli[0m [36mcommands::cell::tests[0m[36m::[0m[34;1magent_resume_command_uses_pi_for_pi_agents[0m
[32;1m        PASS[0m [   1.310s] (  54/3773) [35;1mralphus-cli[0m [36mcommands::cell::tests[0m[36m::[0m[34;1mparses_edit_with_maximum_tool_output_tokens[0m
[32;1m        PASS[0m [   1.323s] (  55/3773) [35;1mralphus-cli[0m [36mcommands::cell::tests[0m[36m::[0m[34;1mparses_edit_with_optional_flags[0m
[32;1m        PASS[0m [   1.505s] (  56/3773) [35;1mralphus-cli[0m [36mcommands::cell::tests[0m[36m::[0m[34;1mbare_cell_is_help[0m
[32;1m        PASS[0m [   1.504s] (  57/3773) [35;1mralphus-cli[0m [36mcommands::cell::tests[0m[36m::[0m[34;1mopen_agent_without_selector_is_usage_error[0m
[32;1m        PASS[0m [   1.688s] (  58/3773) [35;1mralphus-cli[0m [36mclient::tests[0m[36m::[0m[34;1mhealth_reaches_daemon_and_parses_json[0m
[32;1m        PASS[0m [   1.262s] (  59/3773) [35;1mralphus-cli[0m [36mcommands::cell::tests[0m[36m::[0m[34;1mparses_open_agent_with_selector[0m
[32;1m        PASS[0m [   1.317s] (  60/3773) [35;1mralphus-cli[0m [36mcommands::cell::tests[0m[36m::[0m[34;1mparses_env_with_a_default_and_an_explicit_scope[0m
[32;1m        PASS[0m [   1.457s] (  61/3773) [35;1mralphus-cli[0m [36mcommands::cell::tests[0m[36m::[0m[34;1mparses_edit_clearing_maximum_tool_output_tokens_with_empty_value[0m
[32;1m        PASS[0m [   1.586s] (  62/3773) [35;1mralphus-cli[0m [36mcommands::cell::tests[0m[36m::[0m[34;1mmissing_selector_is_usage_error[0m
[32;1m        PASS[0m [   1.444s] (  63/3773) [35;1mralphus-cli[0m [36mcommands::cell::tests[0m[36m::[0m[34;1mparses_edit_with_maximum_context[0m
[32;1m        PASS[0m [   1.410s] (  64/3773) [35;1mralphus-cli[0m [36mcommands::cell::tests[0m[36m::[0m[34;1mparses_edit_with_system_prompt[0m
[32;1m        PASS[0m [   1.198s] (  65/3773) [35;1mralphus-cli[0m [36mcommands::cell::tests[0m[36m::[0m[34;1mparses_set_status_positional_pair[0m
[32;1m        PASS[0m [   1.658s] (  66/3773) [35;1mralphus-cli[0m [36mcommands::cell::tests[0m[36m::[0m[34;1mparses_edit_clearing_maximum_context_with_empty_value[0m
[32;1m        PASS[0m [   1.212s] (  67/3773) [35;1mralphus-cli[0m [36mcommands::cell::tests[0m[36m::[0m[34;1mparses_show_with_selector[0m
[32;1m        PASS[0m [   1.278s] (  68/3773) [35;1mralphus-cli[0m [36mcommands::cell::tests[0m[36m::[0m[34;1mparses_resume_automation_with_selector[0m
[32;1m        PASS[0m [   1.405s] (  69/3773) [35;1mralphus-cli[0m [36mcommands::cell::tests[0m[36m::[0m[34;1mparses_remote_terminal[0m
[32;1m        PASS[0m [   1.232s] (  70/3773) [35;1mralphus-cli[0m [36mcommands::cell::tests[0m[36m::[0m[34;1mparses_terminal_default_mode[0m
[32;1m        PASS[0m [   1.324s] (  71/3773) [35;1mralphus-cli[0m [36mcommands::cell::tests[0m[36m::[0m[34;1mparses_restart_proof_with_from_flag[0m
[32;1m        PASS[0m [   1.163s] (  72/3773) [35;1mralphus-cli[0m [36mcommands::cell::tests[0m[36m::[0m[34;1mparses_worktree[0m
[32;1m        PASS[0m [   1.213s] (  73/3773) [35;1mralphus-cli[0m [36mcommands::cell::tests[0m[36m::[0m[34;1mparses_terminal_readonly_mode[0m
[32;1m        PASS[0m [   1.222s] (  74/3773) [35;1mralphus-cli[0m [36mcommands::env::tests[0m[36m::[0m[34;1mrender_handles_an_empty_and_a_populated_view[0m
[32;1m        PASS[0m [   1.329s] (  75/3773) [35;1mralphus-cli[0m [36mcommands::cell::tests[0m[36m::[0m[34;1mremote_terminal_requires_a_selector[0m
[32;1m        PASS[0m [   1.282s] (  76/3773) [35;1mralphus-cli[0m [36mcommands::env::tests[0m[36m::[0m[34;1mtake_scope_accepts_an_offered_value_and_rejects_others[0m
[32;1m        PASS[0m [   1.271s] (  77/3773) [35;1mralphus-cli[0m [36mcommands::env::tests[0m[36m::[0m[34;1mtake_scope_falls_back_to_the_default[0m
[32;1m        PASS[0m [   1.393s] (  78/3773) [35;1mralphus-cli[0m [36mcommands::cell::tests[0m[36m::[0m[34;1mterminal_rejects_invalid_mode[0m
[32;1m        PASS[0m [   1.255s] (  79/3773) [35;1mralphus-cli[0m [36mcommands::machine::tests[0m[36m::[0m[34;1mbare_machine_behaves_like_list[0m
[32;1m        PASS[0m [   1.379s] (  80/3773) [35;1mralphus-cli[0m [36mcommands::env::tests[0m[36m::[0m[34;1mpaths_match_the_routes_the_same_surfaces_are_set_on[0m
[32;1m        PASS[0m [   1.328s] (  81/3773) [35;1mralphus-cli[0m [36mcommands::internal::tests[0m[36m::[0m[34;1mparses_fork_credential_helper_with_action[0m
[32;1m        PASS[0m [   1.201s] (  82/3773) [35;1mralphus-cli[0m [36mcommands::machine::tests[0m[36m::[0m[34;1mparses_register_repeated_arg_and_channel[0m
[32;1m        PASS[0m [   1.450s] (  83/3773) [35;1mralphus-cli[0m [36mcommands::env::tests[0m[36m::[0m[34;1mreview_paths_cover_each_surface_and_require_a_branch_for_the_worktree[0m
[32;1m        PASS[0m [   1.227s] (  84/3773) [35;1mralphus-cli[0m [36mcommands::machine::tests[0m[36m::[0m[34;1mparses_register_with_required_flags[0m
[32;1m        PASS[0m [   1.216s] (  85/3773) [35;1mralphus-cli[0m [36mcommands::machine::tests[0m[36m::[0m[34;1mregister_requires_scheme_and_program[0m
[32;1m        PASS[0m [   1.363s] (  86/3773) [35;1mralphus-cli[0m [36mcommands::machine::tests[0m[36m::[0m[34;1mparses_get_remove_cleanup[0m
[32;1m        PASS[0m [   1.213s] (  87/3773) [35;1mralphus-cli[0m [36mcommands::machine::tests[0m[36m::[0m[34;1munknown_subcommand_is_usage_error[0m
[32;1m        PASS[0m [   1.217s] (  88/3773) [35;1mralphus-cli[0m [36mcommands::mailbox::tests[0m[36m::[0m[34;1mmessage_ids_extracts_id_field[0m
[32;1m        PASS[0m [   1.233s] (  89/3773) [35;1mralphus-cli[0m [36mcommands::mailbox::tests[0m[36m::[0m[34;1mbare_mailbox_behaves_like_check[0m
[32;1m        PASS[0m [   1.453s] (  90/3773) [35;1mralphus-cli[0m [36mcommands::machine::tests[0m[36m::[0m[34;1mget_remove_cleanup_require_argument[0m
[32;1m        PASS[0m [   1.482s] (  91/3773) [35;1mralphus-cli[0m [36mcommands::internal::tests[0m[36m::[0m[34;1munknown_subcommand_is_a_usage_error[0m
[32;1m        PASS[0m [   1.204s] (  92/3773) [35;1mralphus-cli[0m [36mcommands::mailbox::tests[0m[36m::[0m[34;1mparses_unwatch[0m
[32;1m        PASS[0m [   1.295s] (  93/3773) [35;1mralphus-cli[0m [36mcommands::mailbox::tests[0m[36m::[0m[34;1mparses_personal_drain_with_ids[0m
[32;1m        PASS[0m [   1.326s] (  94/3773) [35;1mralphus-cli[0m [36mcommands::mailbox::tests[0m[36m::[0m[34;1mparses_check_with_priority_filter[0m
[32;1m        PASS[0m [   1.184s] (  95/3773) [35;1mralphus-cli[0m [36mcommands::mailbox::tests[0m[36m::[0m[34;1mparses_watches_listing[0m
[32;1m        PASS[0m [   1.297s] (  96/3773) [35;1mralphus-cli[0m [36mcommands::mailbox::tests[0m[36m::[0m[34;1mparses_personal_with_flags[0m
[32;1m        PASS[0m [   1.215s] (  97/3773) [35;1mralphus-cli[0m [36mcommands::mailbox::tests[0m[36m::[0m[34;1munknown_subcommand_is_usage_error[0m
[32;1m        PASS[0m [   1.313s] (  98/3773) [35;1mralphus-cli[0m [36mcommands::mailbox::tests[0m[36m::[0m[34;1mparses_watch_with_entity_uri_and_tiers[0m
[32;1m        PASS[0m [   1.238s] (  99/3773) [35;1mralphus-cli[0m [36mcommands::mailbox::tests[0m[36m::[0m[34;1mwatch_without_entity_uri_is_usage_error[0m
[32;1m        PASS[0m [   1.232s] ( 100/3773) [35;1mralphus-cli[0m [36mcommands::mcp::tests[0m[36m::[0m[34;1minitialize_requires_a_host[0m
[32;1m        PASS[0m [   1.212s] ( 101/3773) [35;1mralphus-cli[0m [36mcommands::mcp::tests[0m[36m::[0m[34;1mparses_codex_dry_run_with_an_explicit_profile[0m
[32;1m        PASS[0m [   1.338s] ( 102/3773) [35;1mralphus-cli[0m [36mcommands::mailbox::tests[0m[36m::[0m[34;1mpreferences_requires_user[0m
[32;1m        PASS[0m [   1.343s] ( 103/3773) [35;1mralphus-cli[0m [36mcommands::mailbox::tests[0m[36m::[0m[34;1mset_preferences_requires_user_and_auto_watch_choice[0m
[32;1m        PASS[0m [   1.227s] ( 104/3773) [35;1mralphus-cli[0m [36mcommands::misc::tests[0m[36m::[0m[34;1mglob_matches_star_and_question_and_class[0m
[32;1m        PASS[0m [   1.190s] ( 105/3773) [35;1mralphus-cli[0m [36mcommands::misc::tests[0m[36m::[0m[34;1mlooks_like_guardian_selector_detects_legacy_forms[0m
[32;1m        PASS[0m [   1.121s] ( 106/3773) [35;1mralphus-cli[0m [36mcommands::misc::tests[0m[36m::[0m[34;1mparse_check_defaults_to_no_flags[0m
[32;1m        PASS[0m [   1.320s] ( 107/3773) [35;1mralphus-cli[0m [36mcommands::misc::tests[0m[36m::[0m[34;1mformat_debug_event_line_without_excerpt_is_one_line[0m
[32;1m        PASS[0m [   1.368s] ( 108/3773) [35;1mralphus-cli[0m [36mcommands::misc::tests[0m[36m::[0m[34;1mformat_debug_event_line_indents_its_log_excerpt[0m
[32;1m        PASS[0m [   1.141s] ( 109/3773) [35;1mralphus-cli[0m [36mcommands::misc::tests[0m[36m::[0m[34;1mparse_check_reads_all_remotes_and_live_agent_check[0m
[32;1m        PASS[0m [   1.130s] ( 110/3773) [35;1mralphus-cli[0m [36mcommands::misc::tests[0m[36m::[0m[34;1mrender_health_human_omits_empty_sections[0m
[32;1m        PASS[0m [   1.180s] ( 111/3773) [35;1mralphus-cli[0m [36mcommands::misc::tests[0m[36m::[0m[34;1mrender_health_json_round_trips_grouping_status_and_provenance[0m
[32;1m        PASS[0m [   1.169s] ( 112/3773) [35;1mralphus-cli[0m [36mcommands::misc::tests[0m[36m::[0m[34;1mwalk_field_indexes_arrays_and_objects[0m
[32;1m        PASS[0m [   1.231s] ( 113/3773) [35;1mralphus-cli[0m [36mcommands::misc::tests[0m[36m::[0m[34;1mrender_health_human_matches_snapshot[0m
[32;1m        PASS[0m [   1.196s] ( 114/3773) [35;1mralphus-cli[0m [36mcommands::misc::tests[0m[36m::[0m[34;1mresolve_submit_sources_passes_through_explicit_paths[0m
[32;1m        PASS[0m [   1.165s] ( 115/3773) [35;1mralphus-cli[0m [36mcommands::project::tests[0m[36m::[0m[34;1mbare_review_settings_is_help[0m
[32;1m        PASS[0m [   1.181s] ( 116/3773) [35;1mralphus-cli[0m [36mcommands::project::tests[0m[36m::[0m[34;1mbare_project_is_help[0m
[32;1m        PASS[0m [   1.197s] ( 117/3773) [35;1mralphus-cli[0m [36mcommands::project::tests[0m[36m::[0m[34;1melide_right_truncates_long_text[0m
[32;1m        PASS[0m [   1.172s] ( 118/3773) [35;1mralphus-cli[0m [36mcommands::project::tests[0m[36m::[0m[34;1mfork_add_requires_project_and_url[0m
[32;1m        PASS[0m [   1.251s] ( 119/3773) [35;1mralphus-cli[0m [36mcommands::project::tests[0m[36m::[0m[34;1mbare_fork_and_unknown_fork_subcommand[0m
[32;1m        PASS[0m [   1.190s] ( 120/3773) [35;1mralphus-cli[0m [36mcommands::project::tests[0m[36m::[0m[34;1mget_requires_name[0m
[32;1m        PASS[0m [   1.200s] ( 121/3773) [35;1mralphus-cli[0m [36mcommands::project::tests[0m[36m::[0m[34;1mgit_clear_url_combined_with_url_is_a_usage_error[0m
[32;1m        PASS[0m [   1.214s] ( 122/3773) [35;1mralphus-cli[0m [36mcommands::project::tests[0m[36m::[0m[34;1mgit_description_defaults_to_empty[0m
[32;1m        PASS[0m [   1.265s] ( 123/3773) [35;1mralphus-cli[0m [36mcommands::project::tests[0m[36m::[0m[34;1mfork_set_requires_project[0m
[32;1m        PASS[0m [   1.414s] ( 124/3773) [35;1mralphus-cli[0m [36mcommands::project::tests[0m[36m::[0m[34;1mfork_remove_requires_project[0m
[32;1m        PASS[0m [   1.201s] ( 125/3773) [35;1mralphus-cli[0m [36mcommands::project::tests[0m[36m::[0m[34;1mparses_fork_list_with_optional_project_and_user[0m
[32;1m        PASS[0m [   1.190s] ( 126/3773) [35;1mralphus-cli[0m [36mcommands::project::tests[0m[36m::[0m[34;1mparses_fork_remove[0m
[32;1m        PASS[0m [   1.148s] ( 127/3773) [35;1mralphus-cli[0m [36mcommands::project::tests[0m[36m::[0m[34;1mparses_fork_set_fields[0m
[32;1m        PASS[0m [   1.392s] ( 128/3773) [35;1mralphus-cli[0m [36mcommands::project::tests[0m[36m::[0m[34;1mgit_requires_path_and_name[0m
[32;1m        PASS[0m [   1.395s] ( 129/3773) [35;1mralphus-cli[0m [36mcommands::project::tests[0m[36m::[0m[34;1mparses_fork_add_with_required_flags[0m
[32;1m        PASS[0m [   1.458s] ( 130/3773) [35;1mralphus-cli[0m [36mcommands::project::tests[0m[36m::[0m[34;1mparses_fork_add_with_all_flags[0m
[32;1m        PASS[0m [   1.279s] ( 131/3773) [35;1mralphus-cli[0m [36mcommands::project::tests[0m[36m::[0m[34;1mparses_git_clear_url[0m
[32;1m        PASS[0m [   1.311s] ( 132/3773) [35;1mralphus-cli[0m [36mcommands::project::tests[0m[36m::[0m[34;1mparses_get_name[0m
[32;1m        PASS[0m [   1.196s] ( 133/3773) [35;1mralphus-cli[0m [36mcommands::project::tests[0m[36m::[0m[34;1mparses_review_settings_get[0m
[32;1m        PASS[0m [   1.253s] ( 134/3773) [35;1mralphus-cli[0m [36mcommands::project::tests[0m[36m::[0m[34;1mparses_git_with_required_flags[0m
[32;1m        PASS[0m [   1.269s] ( 135/3773) [35;1mralphus-cli[0m [36mcommands::project::tests[0m[36m::[0m[34;1mparses_list_short_flag[0m
[32;1m        PASS[0m [   1.220s] ( 136/3773) [35;1mralphus-cli[0m [36mcommands::project::tests[0m[36m::[0m[34;1mremove_requires_name[0m
[32;1m        PASS[0m [   1.357s] ( 137/3773) [35;1mralphus-cli[0m [36mcommands::project::tests[0m[36m::[0m[34;1mparses_git_match_pr_branch_name_tri_state[0m
[32;1m        PASS[0m [   1.410s] ( 138/3773) [35;1mralphus-cli[0m [36mcommands::project::tests[0m[36m::[0m[34;1mparses_git_clone_url[0m
[32;1m        PASS[0m [   1.278s] ( 139/3773) [35;1mralphus-cli[0m [36mcommands::project::tests[0m[36m::[0m[34;1mreview_settings_set_rejects_a_non_numeric_budget[0m
[32;1m        PASS[0m [   1.359s] ( 140/3773) [35;1mralphus-cli[0m [36mcommands::project::tests[0m[36m::[0m[34;1mparses_remove_name[0m
[32;1m        PASS[0m [   1.345s] ( 141/3773) [35;1mralphus-cli[0m [36mcommands::project::tests[0m[36m::[0m[34;1mparses_review_settings_set_maximum_budget_usd[0m
[32;1m        PASS[0m [   1.260s] ( 142/3773) [35;1mralphus-cli[0m [36mcommands::project::tests[0m[36m::[0m[34;1mreview_settings_set_rejects_clear_and_value_together[0m
[32;1m        PASS[0m [   1.245s] ( 143/3773) [35;1mralphus-cli[0m [36mcommands::project::tests[0m[36m::[0m[34;1mreview_settings_set_requires_name[0m
[32;1m        PASS[0m [   1.253s] ( 144/3773) [35;1mralphus-cli[0m [36mcommands::project::tests[0m[36m::[0m[34;1munknown_review_settings_subcommand_is_a_usage_error[0m
[32;1m        PASS[0m [   1.357s] ( 145/3773) [35;1mralphus-cli[0m [36mcommands::project::tests[0m[36m::[0m[34;1mparses_review_settings_set_with_string_and_bool_flags[0m
[32;1m        PASS[0m [   1.239s] ( 146/3773) [35;1mralphus-cli[0m [36mcommands::project::tests[0m[36m::[0m[34;1munknown_subcommand_is_usage_error[0m
[32;1m        PASS[0m [   1.248s] ( 147/3773) [35;1mralphus-cli[0m [36mcommands::proof::tests[0m[36m::[0m[34;1mbare_proof_is_help[0m
[32;1m        PASS[0m [   1.410s] ( 148/3773) [35;1mralphus-cli[0m [36mcommands::project::tests[0m[36m::[0m[34;1mreview_settings_get_requires_name[0m
[32;1m        PASS[0m [   1.278s] ( 149/3773) [35;1mralphus-cli[0m [36mcommands::proof::tests[0m[36m::[0m[34;1mparses_edit_with_command_flag[0m
[32;1m        PASS[0m [   1.255s] ( 150/3773) [35;1mralphus-cli[0m [36mcommands::proof::tests[0m[36m::[0m[34;1mparses_edit_with_model_flag[0m
[32;1m        PASS[0m [   1.385s] ( 151/3773) [35;1mralphus-cli[0m [36mcommands::proof::tests[0m[36m::[0m[34;1mparses_edit_with_agent_flag[0m
[32;1m        PASS[0m [   1.277s] ( 152/3773) [35;1mralphus-cli[0m [36mcommands::proof::tests[0m[36m::[0m[34;1mparses_edit_with_prompt_and_brain_flags[0m
[32;1m        PASS[0m [   1.257s] ( 153/3773) [35;1mralphus-cli[0m [36mcommands::proof::tests[0m[36m::[0m[34;1mparses_env_with_selector[0m
[32;1m        PASS[0m [   1.408s] ( 154/3773) [35;1mralphus-cli[0m [36mcommands::proof::tests[0m[36m::[0m[34;1mmissing_selector_is_usage_error[0m
[32;1m        PASS[0m [   1.335s] ( 155/3773) [35;1mralphus-cli[0m [36mcommands::proof::tests[0m[36m::[0m[34;1mparses_edit_with_maximum_tool_output_tokens[0m
[32;1m        PASS[0m [   1.274s] ( 156/3773) [35;1mralphus-cli[0m [36mcommands::proof::tests[0m[36m::[0m[34;1mparses_set_status_positional_pair[0m
[32;1m        PASS[0m [   3.954s] ( 157/3773) [35;1mralphus-cli[0m [36mclient::tests[0m[36m::[0m[34;1munreachable_daemon_yields_none_status_code[0m
[32;1m        PASS[0m [   1.274s] ( 158/3773) [35;1mralphus-cli[0m [36mcommands::proof::tests[0m[36m::[0m[34;1mproof_step_for_cell_scope[0m
[32;1m        PASS[0m [   1.381s] ( 159/3773) [35;1mralphus-cli[0m [36mcommands::proof::tests[0m[36m::[0m[34;1mparses_show_with_selector[0m
[32;1m        PASS[0m [   1.430s] ( 160/3773) [35;1mralphus-cli[0m [36mcommands::proof::tests[0m[36m::[0m[34;1mparses_restart[0m
[32;1m        PASS[0m [   1.359s] ( 161/3773) [35;1mralphus-cli[0m [36mcommands::queue::tests[0m[36m::[0m[34;1mbare_queue_behaves_like_list[0m
[32;1m        PASS[0m [   1.351s] ( 162/3773) [35;1mralphus-cli[0m [36mcommands::queue::tests[0m[36m::[0m[34;1mparse_queue_path_bare_squad[0m
[32;1m        PASS[0m [   1.413s] ( 163/3773) [35;1mralphus-cli[0m [36mcommands::queue::tests[0m[36m::[0m[34;1mparse_queue_path_cell[0m
[32;1m        PASS[0m [   1.432s] ( 164/3773) [35;1mralphus-cli[0m [36mcommands::queue::tests[0m[36m::[0m[34;1mformat_rank_drops_trailing_zero[0m
[32;1m        PASS[0m [   1.432s] ( 165/3773) [35;1mralphus-cli[0m [36mcommands::queue::tests[0m[36m::[0m[34;1mparse_queue_path_cell_proof[0m
[32;1m        PASS[0m [   1.553s] ( 166/3773) [35;1mralphus-cli[0m [36mcommands::proof::tests[0m[36m::[0m[34;1mproof_step_for_task_scope[0m
[32;1m        PASS[0m [   1.406s] ( 167/3773) [35;1mralphus-cli[0m [36mcommands::queue::tests[0m[36m::[0m[34;1mparses_list_all_flag[0m
[32;1m        PASS[0m [   1.457s] ( 168/3773) [35;1mralphus-cli[0m [36mcommands::queue::tests[0m[36m::[0m[34;1mparse_queue_path_task_proof[0m
[32;1m        PASS[0m [   1.408s] ( 169/3773) [35;1mralphus-cli[0m [36mcommands::queue::tests[0m[36m::[0m[34;1mparses_set_status_positional_pair[0m
[32;1m        PASS[0m [   1.406s] ( 170/3773) [35;1mralphus-cli[0m [36mcommands::queue::tests[0m[36m::[0m[34;1mqueue_path_for_squad[0m
[32;1m        PASS[0m [   1.466s] ( 171/3773) [35;1mralphus-cli[0m [36mcommands::queue::tests[0m[36m::[0m[34;1mparses_reorder_paths[0m
[32;1m        PASS[0m [   1.466s] ( 172/3773) [35;1mralphus-cli[0m [36mcommands::queue::tests[0m[36m::[0m[34;1mparses_set_position_with_to_and_relative[0m
[32;1m        PASS[0m [   1.546s] ( 173/3773) [35;1mralphus-cli[0m [36mcommands::queue::tests[0m[36m::[0m[34;1mparse_queue_path_rejects_malformed[0m
[32;1m        PASS[0m [   1.381s] ( 174/3773) [35;1mralphus-cli[0m [36mcommands::queue::tests[0m[36m::[0m[34;1mreorder_requires_at_least_one_path[0m
[32;1m        PASS[0m [   1.494s] ( 175/3773) [35;1mralphus-cli[0m [36mcommands::queue::tests[0m[36m::[0m[34;1mqueue_path_for_task_errors[0m
[32;1m        PASS[0m [   1.276s] ( 176/3773) [35;1mralphus-cli[0m [36mcommands::quick_start::tests[0m[36m::[0m[34;1mbare_quick_start_is_help[0m
[32;1m        PASS[0m [   1.259s] ( 177/3773) [35;1mralphus-cli[0m [36mcommands::quick_start::tests[0m[36m::[0m[34;1mbare_watcher_is_watcher_help[0m
[32;1m        PASS[0m [   1.483s] ( 178/3773) [35;1mralphus-cli[0m [36mcommands::queue::tests[0m[36m::[0m[34;1mset_position_requires_to_flag[0m
[32;1m        PASS[0m [   1.468s] ( 179/3773) [35;1mralphus-cli[0m [36mcommands::queue::tests[0m[36m::[0m[34;1mset_status_requires_both_positionals[0m
[32;1m        PASS[0m [   1.313s] ( 180/3773) [35;1mralphus-cli[0m [36mcommands::quick_start::tests[0m[36m::[0m[34;1mbare_manager_is_manager_help[0m
[32;1m        PASS[0m [   1.264s] ( 181/3773) [35;1mralphus-cli[0m [36mcommands::quick_start::tests[0m[36m::[0m[34;1mmanager_claude_code_compound_command_uses_shell[0m
[32;1m        PASS[0m [   1.167s] ( 182/3773) [35;1mralphus-cli[0m [36mcommands::quick_start::tests[0m[36m::[0m[34;1mmanager_codex_compound_command_uses_shell[0m
[32;1m        PASS[0m [   1.431s] ( 183/3773) [35;1mralphus-cli[0m [36mcommands::quick_start::tests[0m[36m::[0m[34;1mmanager_and_reviewer_system_prompts_differ[0m
[32;1m        PASS[0m [   1.618s] ( 184/3773) [35;1mralphus-cli[0m [36mcommands::queue::tests[0m[36m::[0m[34;1munknown_subcommand_is_usage_error[0m
[32;1m        PASS[0m [   1.253s] ( 185/3773) [35;1mralphus-cli[0m [36mcommands::quick_start::tests[0m[36m::[0m[34;1mmanager_system_prompt_adds_read_only_note_when_requested[0m
[32;1m        PASS[0m [   1.195s] ( 186/3773) [35;1mralphus-cli[0m [36mcommands::quick_start::tests[0m[36m::[0m[34;1mmerge_append_system_prompt_file_reports_missing_file[0m
[32;1m        PASS[0m [   1.338s] ( 187/3773) [35;1mralphus-cli[0m [36mcommands::quick_start::tests[0m[36m::[0m[34;1mmanager_system_prompt_includes_help_map_and_notes[0m
[32;1m        PASS[0m [   1.367s] ( 188/3773) [35;1mralphus-cli[0m [36mcommands::quick_start::tests[0m[36m::[0m[34;1mmanager_system_prompt_pi_read_only_describes_instruction_only_boundary[0m
[32;1m        PASS[0m [   1.237s] ( 189/3773) [35;1mralphus-cli[0m [36mcommands::quick_start::tests[0m[36m::[0m[34;1mparse_review_target_url_without_reviews_segment_falls_back_to_whole_url[0m
[32;1m        PASS[0m [   1.404s] ( 190/3773) [35;1mralphus-cli[0m [36mcommands::quick_start::tests[0m[36m::[0m[34;1mmerge_append_system_prompt_file_equals_form[0m
[32;1m        PASS[0m [   1.285s] ( 191/3773) [35;1mralphus-cli[0m [36mcommands::quick_start::tests[0m[36m::[0m[34;1mparse_review_target_extracts_id_from_url[0m
[32;1m        PASS[0m [   1.313s] ( 192/3773) [35;1mralphus-cli[0m [36mcommands::quick_start::tests[0m[36m::[0m[34;1mmerge_append_system_prompt_file_wraps_user_file_with_disclaimer[0m
[32;1m        PASS[0m [   1.251s] ( 193/3773) [35;1mralphus-cli[0m [36mcommands::quick_start::tests[0m[36m::[0m[34;1mparses_watcher_codex_with_passthrough[0m
[32;1m        PASS[0m [   1.274s] ( 194/3773) [35;1mralphus-cli[0m [36mcommands::quick_start::tests[0m[36m::[0m[34;1mparses_watcher_claude_code_with_flags[0m
[32;1m        PASS[0m [   1.397s] ( 195/3773) [35;1mralphus-cli[0m [36mcommands::quick_start::tests[0m[36m::[0m[34;1mmerge_append_system_prompt_file_passthrough_unchanged_without_flag[0m
[32;1m        PASS[0m [   1.324s] ( 196/3773) [35;1mralphus-cli[0m [36mcommands::quick_start::tests[0m[36m::[0m[34;1mparses_manager_claude_code_with_flags[0m
[32;1m        PASS[0m [   1.246s] ( 197/3773) [35;1mralphus-cli[0m [36mcommands::quick_start::tests[0m[36m::[0m[34;1mparses_watcher_pi_with_passthrough[0m
[32;1m        PASS[0m [   1.179s] ( 198/3773) [35;1mralphus-cli[0m [36mcommands::quick_start::tests[0m[36m::[0m[34;1mresolve_launch_command_precedence_flag_beats_env_beats_default[0m
[32;1m        PASS[0m [   1.431s] ( 199/3773) [35;1mralphus-cli[0m [36mcommands::quick_start::tests[0m[36m::[0m[34;1mparses_manager_pi_with_flags_and_passthrough[0m
[32;1m        PASS[0m [   1.112s] ( 200/3773) [35;1mralphus-cli[0m [36mcommands::quick_start::tests[0m[36m::[0m[34;1mreviewer_system_prompt_defaults_to_not_read_only[0m
[32;1m        PASS[0m [   1.160s] ( 201/3773) [35;1mralphus-cli[0m [36mcommands::quick_start::tests[0m[36m::[0m[34;1mreviewer_pi_target_is_first_non_flag_token[0m
[32;1m        PASS[0m [   1.194s] ( 202/3773) [35;1mralphus-cli[0m [36mcommands::quick_start::tests[0m[36m::[0m[34;1mreviewer_system_prompt_includes_remote_and_write_boundary_notes[0m
[32;1m        PASS[0m [   1.168s] ( 203/3773) [35;1mralphus-cli[0m [36mcommands::quick_start::tests[0m[36m::[0m[34;1mreviewer_system_prompt_includes_review_operations[0m
[32;1m        PASS[0m [   1.284s] ( 204/3773) [35;1mralphus-cli[0m [36mcommands::quick_start::tests[0m[36m::[0m[34;1mreviewer_system_prompt_checks_the_review_mailbox_every_turn[0m
[32;1m        PASS[0m [   1.185s] ( 205/3773) [35;1mralphus-cli[0m [36mcommands::quick_start::tests[0m[36m::[0m[34;1mreviewer_system_prompt_includes_target_note_when_given[0m
[32;1m        PASS[0m [   1.173s] ( 206/3773) [35;1mralphus-cli[0m [36mcommands::quick_start::tests[0m[36m::[0m[34;1mreviewer_system_prompt_read_only_adds_guidance_and_mechanism[0m
[32;1m        PASS[0m [   1.191s] ( 207/3773) [35;1mralphus-cli[0m [36mcommands::quick_start::tests[0m[36m::[0m[34;1mreviewer_system_prompt_omits_target_note_when_absent[0m
[32;1m        PASS[0m [   1.204s] ( 208/3773) [35;1mralphus-cli[0m [36mcommands::quick_start::tests[0m[36m::[0m[34;1mreviewer_system_prompt_read_only_prunes_mutating_commands_from_tree[0m
[32;1m        PASS[0m [   1.117s] ( 209/3773) [35;1mralphus-cli[0m [36mcommands::quick_start::tests[0m[36m::[0m[34;1mspawn_plan_directly_executable_program_skips_the_shell[0m
[32;1m        PASS[0m [   1.130s] ( 210/3773) [35;1mralphus-cli[0m [36mcommands::quick_start::tests[0m[36m::[0m[34;1mspawn_plan_compound_command_runs_via_shell[0m
[32;1m        PASS[0m [   1.243s] ( 211/3773) [35;1mralphus-cli[0m [36mcommands::quick_start::tests[0m[36m::[0m[34;1mreviewer_target_is_first_non_flag_token[0m
[32;1m        PASS[0m [   1.322s] ( 212/3773) [35;1mralphus-cli[0m [36mcommands::quick_start::tests[0m[36m::[0m[34;1mreviewer_system_prompt_with_url_target_resolves_id[0m
[32;1m        PASS[0m [   0.850s] ( 213/3773) [35;1mralphus-cli[0m [36mcommands::quick_start::tests[0m[36m::[0m[34;1msplit_passthrough_without_separator_returns_empty_passthrough[0m
[32;1m        PASS[0m [   0.850s] ( 214/3773) [35;1mralphus-cli[0m [36mcommands::quick_start::tests[0m[36m::[0m[34;1munknown_manager_subcommand_is_usage_error[0m
[32;1m        PASS[0m [   1.252s] ( 215/3773) [35;1mralphus-cli[0m [36mcommands::quick_start::tests[0m[36m::[0m[34;1mspawn_plan_non_executable_script_runs_via_shell[0m
[32;1m        PASS[0m [   0.879s] ( 216/3773) [35;1mralphus-cli[0m [36mcommands::quick_start::tests[0m[36m::[0m[34;1munknown_watcher_subcommand_is_usage_error[0m
[32;1m        PASS[0m [   0.922s] ( 217/3773) [35;1mralphus-cli[0m [36mcommands::quick_start::tests[0m[36m::[0m[34;1mwatcher_system_prompt_drains_review_category_messages_too[0m
[32;1m        PASS[0m [   1.037s] ( 218/3773) [35;1mralphus-cli[0m [36mcommands::quick_start::tests[0m[36m::[0m[34;1msplits_passthrough_after_bare_dashdash[0m
[32;1m        PASS[0m [   0.929s] ( 219/3773) [35;1mralphus-cli[0m [36mcommands::quick_start::tests[0m[36m::[0m[34;1mwatcher_system_prompt_instructs_mailbox_check_after_every_turn[0m
[32;1m        PASS[0m [   0.913s] ( 220/3773) [35;1mralphus-cli[0m [36mcommands::review::tests[0m[36m::[0m[34;1maction_run_requires_index[0m
[32;1m        PASS[0m [   0.947s] ( 221/3773) [35;1mralphus-cli[0m [36mcommands::review::tests[0m[36m::[0m[34;1magent_resume_command_matches_session_rs_behavior[0m
[32;1m        PASS[0m [   0.977s] ( 222/3773) [35;1mralphus-cli[0m [36mcommands::review::tests[0m[36m::[0m[34;1mbare_upstream_is_help[0m
[32;1m        PASS[0m [   0.930s] ( 223/3773) [35;1mralphus-cli[0m [36mcommands::review::tests[0m[36m::[0m[34;1mchecks_run_rejects_malformed_input[0m
[32;1m        PASS[0m [   0.717s] ( 224/3773) [35;1mralphus-cli[0m [36mcommands::review::tests[0m[36m::[0m[34;1mdelete_parses_yes_flag[0m
[32;1m        PASS[0m [   0.635s] ( 225/3773) [35;1mralphus-cli[0m [36mcommands::review::tests[0m[36m::[0m[34;1mparse_environment_flags_rejects_malformed_entry[0m
[32;1m        PASS[0m [   0.626s] ( 226/3773) [35;1mralphus-cli[0m [36mcommands::review::tests[0m[36m::[0m[34;1mparses_action_list_and_run[0m
[32;1m        PASS[0m [   0.644s] ( 227/3773) [35;1mralphus-cli[0m [36mcommands::review::tests[0m[36m::[0m[34;1mparses_add_branch[0m
[32;1m        PASS[0m [   1.222s] ( 228/3773) [35;1mralphus-cli[0m [36mcommands::quick_start::tests[0m[36m::[0m[34;1mwatcher_system_prompt_adds_read_only_note_when_requested[0m
[32;1m        PASS[0m [   0.666s] ( 229/3773) [35;1mralphus-cli[0m [36mcommands::review::tests[0m[36m::[0m[34;1mparses_branch_enable_disable[0m
[32;1m        PASS[0m [   0.602s] ( 230/3773) [35;1mralphus-cli[0m [36mcommands::review::tests[0m[36m::[0m[34;1mparses_checks_list[0m
[32;1m        PASS[0m [   0.848s] ( 231/3773) [35;1mralphus-cli[0m [36mcommands::review::tests[0m[36m::[0m[34;1mlink_cell_requires_both_selectors[0m
[32;1m        PASS[0m [   0.954s] ( 232/3773) [35;1mralphus-cli[0m [36mcommands::review::tests[0m[36m::[0m[34;1mis_pr_ready_requires_status_and_fully_merged_progress[0m
[32;1m        PASS[0m [   0.614s] ( 233/3773) [35;1mralphus-cli[0m [36mcommands::review::tests[0m[36m::[0m[34;1mparses_checks_terminal[0m
[32;1m        PASS[0m [   1.147s] ( 234/3773) [35;1mralphus-cli[0m [36mcommands::review::tests[0m[36m::[0m[34;1mcreate_requires_three_positionals[0m
[32;1m        PASS[0m [   1.313s] ( 235/3773) [35;1mralphus-cli[0m [36mcommands::review::tests[0m[36m::[0m[34;1mbare_review_is_help[0m
[32;1m        PASS[0m [   1.249s] ( 236/3773) [35;1mralphus-cli[0m [36mcommands::review::tests[0m[36m::[0m[34;1mbranch_terminal_rejects_invalid_mode[0m
[32;1m        PASS[0m [   0.857s] ( 237/3773) [35;1mralphus-cli[0m [36mcommands::review::tests[0m[36m::[0m[34;1mmissing_selector_is_usage_error[0m
[32;1m        PASS[0m [   0.777s] ( 238/3773) [35;1mralphus-cli[0m [36mcommands::review::tests[0m[36m::[0m[34;1mparses_branch_terminal_default_mode[0m
[32;1m        PASS[0m [   0.740s] ( 239/3773) [35;1mralphus-cli[0m [36mcommands::review::tests[0m[36m::[0m[34;1mparses_build_env_repeated_flags[0m
[32;1m        PASS[0m [   0.605s] ( 240/3773) [35;1mralphus-cli[0m [36mcommands::review::tests[0m[36m::[0m[34;1mparses_feedback_author_flag[0m
[32;1m        PASS[0m [   0.606s] ( 241/3773) [35;1mralphus-cli[0m [36mcommands::review::tests[0m[36m::[0m[34;1mparses_feedback_positional_pair[0m
[32;1m        PASS[0m [   0.764s] ( 242/3773) [35;1mralphus-cli[0m [36mcommands::review::tests[0m[36m::[0m[34;1mparses_checks_run_with_indices_and_inputs[0m
[32;1m        PASS[0m [   0.566s] ( 243/3773) [35;1mralphus-cli[0m [36mcommands::review::tests[0m[36m::[0m[34;1mparses_link_cell[0m
[32;1m        PASS[0m [   6.698s] ( 244/3773) [35;1mralphus-bench-harness[0m [36mgitinfo::tests[0m[36m::[0m[34;1mdetects_dirty_working_tree[0m
[32;1m        PASS[0m [   0.578s] ( 245/3773) [35;1mralphus-cli[0m [36mcommands::review::tests[0m[36m::[0m[34;1mparses_manual_checks_env[0m
[32;1m        PASS[0m [   0.599s] ( 246/3773) [35;1mralphus-cli[0m [36mcommands::review::tests[0m[36m::[0m[34;1mparses_move_branch[0m
[32;1m        PASS[0m [   0.831s] ( 247/3773) [35;1mralphus-cli[0m [36mcommands::review::tests[0m[36m::[0m[34;1mparses_create_positionals_and_flags[0m
[32;1m        PASS[0m [   0.519s] ( 248/3773) [35;1mralphus-cli[0m [36mcommands::review::tests[0m[36m::[0m[34;1mparses_pr_pull_from_pr[0m
[32;1m        PASS[0m [   0.620s] ( 249/3773) [35;1mralphus-cli[0m [36mcommands::review::tests[0m[36m::[0m[34;1mparses_pr_comments_and_pull_feedback[0m
[32;1m        PASS[0m [   0.470s] ( 250/3773) [35;1mralphus-cli[0m [36mcommands::review::tests[0m[36m::[0m[34;1mparses_pr_submit_by_position[0m
[32;1m        PASS[0m [   0.894s] ( 251/3773) [35;1mralphus-cli[0m [36mcommands::review::tests[0m[36m::[0m[34;1mparses_env_with_and_without_a_scope[0m
[32;1m        PASS[0m [   0.760s] ( 252/3773) [35;1mralphus-cli[0m [36mcommands::review::tests[0m[36m::[0m[34;1mparses_list_with_flags[0m
[32;1m        PASS[0m [   0.669s] ( 253/3773) [35;1mralphus-cli[0m [36mcommands::review::tests[0m[36m::[0m[34;1mparses_pr_find[0m
[32;1m        PASS[0m [   0.492s] ( 254/3773) [35;1mralphus-cli[0m [36mcommands::review::tests[0m[36m::[0m[34;1mparses_pr_submit_use_worktree_branch_name[0m
[32;1m        PASS[0m [   0.651s] ( 255/3773) [35;1mralphus-cli[0m [36mcommands::review::tests[0m[36m::[0m[34;1mparses_pr_submit_allow_unlinked_fork[0m
[32;1m        PASS[0m [   0.440s] ( 256/3773) [35;1mralphus-cli[0m [36mcommands::review::tests[0m[36m::[0m[34;1mparses_pr_unlink[0m
[32;1m        PASS[0m [   0.462s] ( 257/3773) [35;1mralphus-cli[0m [36mcommands::review::tests[0m[36m::[0m[34;1mparses_settings_auto_submit_pr_stack_tri_state[0m
[32;1m        PASS[0m [   0.475s] ( 258/3773) [35;1mralphus-cli[0m [36mcommands::review::tests[0m[36m::[0m[34;1mparses_settings_match_pr_branch_name_tri_state[0m
[32;1m        PASS[0m [   0.611s] ( 259/3773) [35;1mralphus-cli[0m [36mcommands::review::tests[0m[36m::[0m[34;1mparses_pr_submit_ready_for_review_flag[0m
[32;1m        PASS[0m [   0.494s] ( 260/3773) [35;1mralphus-cli[0m [36mcommands::review::tests[0m[36m::[0m[34;1mparses_reorder_with_disable_enable[0m
[32;1m        PASS[0m [   0.477s] ( 261/3773) [35;1mralphus-cli[0m [36mcommands::review::tests[0m[36m::[0m[34;1mparses_settings_tri_state_flags[0m
[32;1m        PASS[0m [   0.653s] ( 262/3773) [35;1mralphus-cli[0m [36mcommands::review::tests[0m[36m::[0m[34;1mparses_pr_submit_combined[0m
[32;1m        PASS[0m [   0.648s] ( 263/3773) [35;1mralphus-cli[0m [36mcommands::review::tests[0m[36m::[0m[34;1mparses_pr_submit_draft_flag[0m
[32;1m        PASS[0m [   0.503s] ( 264/3773) [35;1mralphus-cli[0m [36mcommands::review::tests[0m[36m::[0m[34;1mparses_settings_skip_base_updates_tri_state[0m
[32;1m        PASS[0m [   0.506s] ( 265/3773) [35;1mralphus-cli[0m [36mcommands::review::tests[0m[36m::[0m[34;1mparses_squash_on[0m
[32;1m        PASS[0m [   0.617s] ( 266/3773) [35;1mralphus-cli[0m [36mcommands::review::tests[0m[36m::[0m[34;1mparses_pr_update_flags[0m
[32;1m        PASS[0m [   0.515s] ( 267/3773) [35;1mralphus-cli[0m [36mcommands::review::tests[0m[36m::[0m[34;1mparses_upstream_set[0m
[32;1m        PASS[0m [   0.539s] ( 268/3773) [35;1mralphus-cli[0m [36mcommands::review::tests[0m[36m::[0m[34;1mparses_upstream_list[0m
[32;1m        PASS[0m [   0.485s] ( 269/3773) [35;1mralphus-cli[0m [36mcommands::review::tests[0m[36m::[0m[34;1mpr_submit_neither_draft_flag_defers_to_project_default[0m
[32;1m        PASS[0m [   0.508s] ( 270/3773) [35;1mralphus-cli[0m [36mcommands::review::tests[0m[36m::[0m[34;1mpr_submit_rejects_both_draft_flags[0m
[32;1m        PASS[0m [   0.482s] ( 271/3773) [35;1mralphus-cli[0m [36mcommands::review::tests[0m[36m::[0m[34;1mpr_submit_rejects_both_position_and_combined[0m
[32;1m        PASS[0m [   0.499s] ( 272/3773) [35;1mralphus-cli[0m [36mcommands::review::tests[0m[36m::[0m[34;1mpr_submit_rejects_neither_position_nor_combined[0m
[32;1m        PASS[0m [   0.671s] ( 273/3773) [35;1mralphus-cli[0m [36mcommands::review::tests[0m[36m::[0m[34;1mparses_show_with_selector[0m
[32;1m        PASS[0m [   0.618s] ( 274/3773) [35;1mralphus-cli[0m [36mcommands::review::tests[0m[36m::[0m[34;1mparses_sync_pr[0m
[32;1m        PASS[0m [   0.476s] ( 275/3773) [35;1mralphus-cli[0m [36mcommands::review::tests[0m[36m::[0m[34;1mresolve_check_inputs_prefers_overrides_then_stored_then_default[0m
[32;1m        PASS[0m [   0.478s] ( 276/3773) [35;1mralphus-cli[0m [36mcommands::review::tests[0m[36m::[0m[34;1mresolve_check_inputs_reports_missing_when_no_source_and_empty_default[0m
[32;1m        PASS[0m [   0.452s] ( 277/3773) [35;1mralphus-cli[0m [36mcommands::review::tests[0m[36m::[0m[34;1msquash_requires_on_or_off[0m
[32;1m        PASS[0m [   0.507s] ( 278/3773) [35;1mralphus-cli[0m [36mcommands::review::tests[0m[36m::[0m[34;1munknown_nested_subcommands_are_usage_errors[0m
[32;1m        PASS[0m [   0.505s] ( 279/3773) [35;1mralphus-cli[0m [36mcommands::review::tests[0m[36m::[0m[34;1munknown_review_subcommand_is_usage_error[0m
[32;1m        PASS[0m [   0.646s] ( 280/3773) [35;1mralphus-cli[0m [36mcommands::review::tests[0m[36m::[0m[34;1mpr_unlink_requires_a_selector[0m
[32;1m        PASS[0m [   0.613s] ( 281/3773) [35;1mralphus-cli[0m [36mcommands::review::tests[0m[36m::[0m[34;1msettings_tri_state_defaults_to_none_when_absent[0m
[32;1m        PASS[0m [   0.531s] ( 282/3773) [35;1mralphus-cli[0m [36mcommands::show::tests[0m[36m::[0m[34;1mhelp_map_dispatch_exits_0[0m
[32;1m        PASS[0m [   0.495s] ( 283/3773) [35;1mralphus-cli[0m [36mcommands::show::tests[0m[36m::[0m[34;1munknown_subcommand_is_usage_error[0m
[32;1m        PASS[0m [   0.507s] ( 284/3773) [35;1mralphus-cli[0m [36mcommands::squad::tests[0m[36m::[0m[34;1mdelete_parses_yes_flag[0m
[32;1m        PASS[0m [   0.131s] ( 285/3773) [35;1mralphus-cli[0m [36mcommands::triage::tests[0m[36m::[0m[34;1mparses_pool_list[0m
[32;1m        PASS[0m [   0.800s] ( 286/3773) [35;1mralphus-cli[0m [36mcommands::review::tests[0m[36m::[0m[34;1mpr_submit_use_worktree_branch_name_defaults_to_none[0m
[32;1m        PASS[0m [   0.566s] ( 287/3773) [35;1mralphus-cli[0m [36mcommands::squad::tests[0m[36m::[0m[34;1mparses_set_status_positional_pair[0m
[32;1m        PASS[0m [   0.715s] ( 288/3773) [35;1mralphus-cli[0m [36mcommands::show::tests[0m[36m::[0m[34;1mbare_show_is_help[0m
[32;1m        PASS[0m [   0.567s] ( 289/3773) [35;1mralphus-cli[0m [36mcommands::task::tests[0m[36m::[0m[34;1mparses_edit_with_optional_flags[0m
[32;1m        PASS[0m [   0.714s] ( 290/3773) [35;1mralphus-cli[0m [36mcommands::show::tests[0m[36m::[0m[34;1mparses_help_map[0m
[32;1m        PASS[0m [   0.541s] ( 291/3773) [35;1mralphus-cli[0m [36mcommands::task::tests[0m[36m::[0m[34;1mparses_env_with_a_default_and_an_explicit_scope[0m
[32;1m        PASS[0m [   0.660s] ( 292/3773) [35;1mralphus-cli[0m [36mcommands::squad::tests[0m[36m::[0m[34;1mparses_env_with_squad_id[0m
[32;1m        PASS[0m [   0.545s] ( 293/3773) [35;1mralphus-cli[0m [36mcommands::task::tests[0m[36m::[0m[34;1mparses_restart_proof_with_from_flag[0m
[32;1m        PASS[0m [   0.644s] ( 294/3773) [35;1mralphus-cli[0m [36mcommands::task::tests[0m[36m::[0m[34;1mmissing_selector_is_usage_error[0m
[32;1m        PASS[0m [   0.555s] ( 295/3773) [35;1mralphus-cli[0m [36mcommands::task::tests[0m[36m::[0m[34;1mparses_set_status_positional_pair[0m
[32;1m        PASS[0m [   0.564s] ( 296/3773) [35;1mralphus-cli[0m [36mcommands::task::tests[0m[36m::[0m[34;1mrestart_proof_requires_from_flag[0m
[32;1m        PASS[0m [   0.568s] ( 297/3773) [35;1mralphus-cli[0m [36mcommands::tests[0m[36m::[0m[34;1mhistory_requires_selector[0m
[32;1m        PASS[0m [   0.591s] ( 298/3773) [35;1mralphus-cli[0m [36mcommands::tests[0m[36m::[0m[34;1mlicense_is_a_top_level_command[0m
[32;1m        PASS[0m [   0.590s] ( 299/3773) [35;1mralphus-cli[0m [36mcommands::tests[0m[36m::[0m[34;1mparses_validate_with_files[0m
[32;1m        PASS[0m [   0.678s] ( 300/3773) [35;1mralphus-cli[0m [36mcommands::task::tests[0m[36m::[0m[34;1mparses_show_with_selector[0m
[32;1m        PASS[0m [   0.675s] ( 301/3773) [35;1mralphus-cli[0m [36mcommands::tests[0m[36m::[0m[34;1mempty_args_is_help[0m
[32;1m        PASS[0m [   0.609s] ( 302/3773) [35;1mralphus-cli[0m [36mcommands::tests[0m[36m::[0m[34;1munknown_command_is_usage_error_not_panic[0m
[32;1m        PASS[0m [   2.910s] ( 303/3773) [35;1mralphus-cli[0m [36mcommands::quick_start::tests[0m[36m::[0m[34;1mspawn_plan_unresolvable_bare_name_falls_back_to_literal_exec[0m
[32;1m        PASS[0m [   0.830s] ( 304/3773) [35;1mralphus-cli[0m [36mcommands::task::tests[0m[36m::[0m[34;1mbare_task_is_help[0m
[32;1m        PASS[0m [   0.863s] ( 305/3773) [35;1mralphus-cli[0m [36mcommands::squad::tests[0m[36m::[0m[34;1mparses_list_with_flags[0m
[32;1m        PASS[0m [   0.634s] ( 306/3773) [35;1mralphus-cli[0m [36mcommands::triage::tests[0m[36m::[0m[34;1mbare_triage_is_help[0m
[32;1m        PASS[0m [   0.613s] ( 307/3773) [35;1mralphus-cli[0m [36mcommands::triage::tests[0m[36m::[0m[34;1mget_and_deregister_require_name[0m
[32;1m        PASS[0m [   0.558s] ( 308/3773) [35;1mralphus-cli[0m [36mcommands::triage::tests[0m[36m::[0m[34;1mparses_get_and_deregister[0m
[32;1m        PASS[0m [   0.616s] ( 309/3773) [35;1mralphus-cli[0m [36mcommands::triage::tests[0m[36m::[0m[34;1mparses_pool_threshold_clear[0m
[32;1m        PASS[0m [   1.036s] ( 310/3773) [35;1mralphus-cli[0m [36mcommands::squad::tests[0m[36m::[0m[34;1mmissing_squad_id_is_usage_error[0m
[32;1m        PASS[0m [   0.638s] ( 311/3773) [35;1mralphus-cli[0m [36mcommands::triage::tests[0m[36m::[0m[34;1mparses_pool_threshold_set[0m
[32;1m        PASS[0m [   0.752s] ( 312/3773) [35;1mralphus-cli[0m [36mcommands::triage::tests[0m[36m::[0m[34;1mparses_list[0m
[32;1m        PASS[0m [   0.725s] ( 313/3773) [35;1mralphus-cli[0m [36mcommands::triage::tests[0m[36m::[0m[34;1mparses_pool_threshold_preview_flag[0m
[32;1m        PASS[0m [   0.678s] ( 314/3773) [35;1mralphus-cli[0m [36mcommands::triage::tests[0m[36m::[0m[34;1mpool_threshold_rejects_both_threshold_and_clear[0m
[32;1m        PASS[0m [   0.713s] ( 315/3773) [35;1mralphus-cli[0m [36mcommands::triage::tests[0m[36m::[0m[34;1mparses_type_register_with_flags[0m
[32;1m        PASS[0m [   0.613s] ( 316/3773) [35;1mralphus-cli[0m [36mcommands::triage::tests[0m[36m::[0m[34;1munknown_subcommands_are_usage_errors[0m
[32;1m        PASS[0m [   0.635s] ( 317/3773) [35;1mralphus-cli[0m [36mcommands::triage::tests[0m[36m::[0m[34;1mregister_requires_name[0m
[32;1m        PASS[0m [   0.664s] ( 318/3773) [35;1mralphus-cli[0m [36mcommands::user::tests[0m[36m::[0m[34;1mno_subcommand_is_help_and_unknown_is_usage_error[0m
[32;1m        PASS[0m [   0.781s] ( 319/3773) [35;1mralphus-cli[0m [36mcommands::triage::tests[0m[36m::[0m[34;1mpool_threshold_requires_either_threshold_or_clear[0m
[32;1m        PASS[0m [   0.881s] ( 320/3773) [35;1mralphus-cli[0m [36mcommands::triage::tests[0m[36m::[0m[34;1mpool_threshold_requires_project_and_type[0m
[32;1m        PASS[0m [   0.820s] ( 321/3773) [35;1mralphus-cli[0m [36mcommands::user::tests[0m[36m::[0m[34;1mparses_set_forge_token[0m
[32;1m        PASS[0m [   0.833s] ( 322/3773) [35;1mralphus-cli[0m [36mcommands::user::tests[0m[36m::[0m[34;1mset_forge_token_requires_host_token_and_user[0m
[32;1m        PASS[0m [   0.827s] ( 323/3773) [35;1mralphus-cli[0m [36mconfig::tests[0m[36m::[0m[34;1mapply_daemon_parses_max_concurrent[0m
[32;1m        PASS[0m [   0.826s] ( 324/3773) [35;1mralphus-cli[0m [36mconfig::tests[0m[36m::[0m[34;1mdefaults_when_no_env_and_no_git_root[0m
[32;1m        PASS[0m [   0.948s] ( 325/3773) [35;1mralphus-cli[0m [36mcommands::user::tests[0m[36m::[0m[34;1mparses_list_forge_tokens[0m
[32;1m        PASS[0m [   0.786s] ( 326/3773) [35;1mralphus-cli[0m [36mconfig::tests[0m[36m::[0m[34;1mvalidate_raw_accepts_daemon_default_user_settings[0m
[32;1m        PASS[0m [   0.997s] ( 327/3773) [35;1mralphus-cli[0m [36mcommands::user::tests[0m[36m::[0m[34;1mparses_delete_forge_token[0m
[32;1m        PASS[0m [   0.806s] ( 328/3773) [35;1mralphus-cli[0m [36mconfig::tests[0m[36m::[0m[34;1mvalidate_raw_accepts_daemon_downtime_windows[0m
[32;1m        PASS[0m [   0.820s] ( 329/3773) [35;1mralphus-cli[0m [36mconfig::tests[0m[36m::[0m[34;1mvalidate_raw_accepts_well_formed_agent_profile[0m
[32;1m        PASS[0m [   0.818s] ( 330/3773) [35;1mralphus-cli[0m [36mconfig::tests[0m[36m::[0m[34;1mvalidate_raw_accepts_well_formed_file[0m
[32;1m        PASS[0m [   0.861s] ( 331/3773) [35;1mralphus-cli[0m [36mconfig::tests[0m[36m::[0m[34;1mvalidate_raw_accepts_zero_max_concurrent[0m
[32;1m        PASS[0m [   0.852s] ( 332/3773) [35;1mralphus-cli[0m [36mconfig::tests[0m[36m::[0m[34;1mvalidate_raw_checks_ark_policy[0m
[32;1m        PASS[0m [   1.071s] ( 333/3773) [35;1mralphus-cli[0m [36mconfig::tests[0m[36m::[0m[34;1mapply_daemon_only_overrides_present_fields[0m
[32;1m        PASS[0m [   0.994s] ( 334/3773) [35;1mralphus-cli[0m [36mconfig::tests[0m[36m::[0m[34;1mload_config_applies_explicit_configuration_path_file_and_records_provenance[0m
[32;1m        PASS[0m [   0.984s] ( 335/3773) [35;1mralphus-cli[0m [36mconfig::tests[0m[36m::[0m[34;1mvalidate_raw_accepts_agent_profile_model_field[0m
[32;1m        PASS[0m [   1.009s] ( 336/3773) [35;1mralphus-cli[0m [36mconfig::tests[0m[36m::[0m[34;1msubprocess_timeout_unbounded_when_non_positive[0m
[32;1m        PASS[0m [   0.892s] ( 337/3773) [35;1mralphus-cli[0m [36mconfig::tests[0m[36m::[0m[34;1mvalidate_raw_flags_daemon_downtime_missing_field[0m
[32;1m        PASS[0m [   0.854s] ( 338/3773) [35;1mralphus-cli[0m [36mconfig::tests[0m[36m::[0m[34;1mvalidate_raw_flags_non_integer_max_concurrent[0m
[32;1m        PASS[0m [   0.872s] ( 339/3773) [35;1mralphus-cli[0m [36mconfig::tests[0m[36m::[0m[34;1mvalidate_raw_flags_invalid_log_level[0m
[32;1m        PASS[0m [   0.759s] ( 340/3773) [35;1mralphus-cli[0m [36mconfig::tests[0m[36m::[0m[34;1mvalidate_raw_flags_wrong_type_daemon_default_user_settings[0m
[32;1m        PASS[0m [   1.059s] ( 341/3773) [35;1mralphus-cli[0m [36mconfig::tests[0m[36m::[0m[34;1mvalidate_raw_flags_agent_profile_issues[0m
[32;1m        PASS[0m [   0.738s] ( 342/3773) [35;1mralphus-cli[0m [36mentity_uri::tests[0m[36m::[0m[34;1mrejects_empty_ids_and_bad_indices[0m
[32;1m        PASS[0m [   0.798s] ( 343/3773) [35;1mralphus-cli[0m [36mconfig::tests[0m[36m::[0m[34;1mvalidate_raw_requires_a_boolean_opentelemetry_value[0m
[32;1m        PASS[0m [   0.791s] ( 344/3773) [35;1mralphus-cli[0m [36mentity_uri::tests[0m[36m::[0m[34;1mfrom_resolved_selector_maps_every_kind[0m
[32;1m        PASS[0m [   0.866s] ( 345/3773) [35;1mralphus-cli[0m [36mentity_uri::tests[0m[36m::[0m[34;1mfrom_resolved_guardian_selector_ignores_branch[0m
[32;1m        PASS[0m [   0.960s] ( 346/3773) [35;1mralphus-cli[0m [36mconfig::tests[0m[36m::[0m[34;1mvalidate_raw_flags_wrong_type_agent_profile_model[0m
[32;1m        PASS[0m [   0.801s] ( 347/3773) [35;1mralphus-cli[0m [36mentity_uri::tests[0m[36m::[0m[34;1mround_trips_every_kind[0m
[32;1m        PASS[0m [   0.624s] ( 348/3773) [35;1mralphus-cli[0m [36mflags::tests[0m[36m::[0m[34;1mtake_parsed_parses_and_reports_bad_values[0m
[32;1m        PASS[0m [   0.686s] ( 349/3773) [35;1mralphus-cli[0m [36mflags::tests[0m[36m::[0m[34;1mtake_bool_removes_flag_and_reports_presence[0m
[32;1m        PASS[0m [   0.552s] ( 350/3773) [35;1mralphus-cli[0m [36mflags::tests[0m[36m::[0m[34;1mtake_value_missing_flag_returns_none[0m
[32;1m        PASS[0m [   0.530s] ( 351/3773) [35;1mralphus-cli[0m [36mgraphview::tests[0m[36m::[0m[34;1mlevels_dumps_residual_cycle_as_one_level_instead_of_looping[0m
[32;1m        PASS[0m [   0.530s] ( 352/3773) [35;1mralphus-cli[0m [36mgraphview::tests[0m[36m::[0m[34;1mrender_ascii_groups_into_levels_with_deps[0m
[32;1m        PASS[0m [   0.943s] ( 353/3773) [35;1mralphus-cli[0m [36mentity_uri::tests[0m[36m::[0m[34;1mrejects_unknown_kind_and_wrong_arity[0m
[32;1m        PASS[0m [   0.603s] ( 354/3773) [35;1mralphus-cli[0m [36mflags::tests[0m[36m::[0m[34;1mtake_value_supports_equals_form[0m
[32;1m        PASS[0m [   1.155s] ( 355/3773) [35;1mralphus-cli[0m [36mconfig::tests[0m[36m::[0m[34;1mvalidate_raw_flags_unknown_keys_and_bad_types[0m
[32;1m        PASS[0m [   0.754s] ( 356/3773) [35;1mralphus-cli[0m [36mflags::tests[0m[36m::[0m[34;1mtake_repeated_collects_every_occurrence_in_order[0m
[32;1m        PASS[0m [   0.723s] ( 357/3773) [35;1mralphus-cli[0m [36mflags::tests[0m[36m::[0m[34;1mtake_value_errors_when_no_value_follows[0m
[32;1m        PASS[0m [   0.595s] ( 358/3773) [35;1mralphus-cli[0m [36mgraphview::tests[0m[36m::[0m[34;1mrender_dot_wraps_with_digraph_block[0m
[32;1m        PASS[0m [   0.572s] ( 359/3773) [35;1mralphus-cli[0m [36mhealth::tests[0m[36m::[0m[34;1mcheck_config_sources_cli_lists_every_source_in_precedence_order[0m
[32;1m        PASS[0m [   0.613s] ( 360/3773) [35;1mralphus-cli[0m [36mhealth::tests[0m[36m::[0m[34;1mcheck_config_sources_project_lists_global_then_project[0m
[32;1m        PASS[0m [   0.634s] ( 361/3773) [35;1mralphus-cli[0m [36mhealth::tests[0m[36m::[0m[34;1mcheck_config_sources_project_passes_with_no_files[0m
[32;1m        PASS[0m [   0.825s] ( 362/3773) [35;1mralphus-cli[0m [36mgraphview::tests[0m[36m::[0m[34;1mrender_dot_escapes_quotes_and_backslashes[0m
[32;1m        PASS[0m [   0.575s] ( 363/3773) [35;1mralphus-cli[0m [36mhealth::tests[0m[36m::[0m[34;1mcheck_glab_reports_path_when_found[0m
[32;1m        PASS[0m [   0.601s] ( 364/3773) [35;1mralphus-cli[0m [36mhealth::tests[0m[36m::[0m[34;1mcheck_glab_never_fails_when_missing[0m
[32;1m        PASS[0m [   0.713s] ( 365/3773) [35;1mralphus-cli[0m [36mhealth::tests[0m[36m::[0m[34;1mcheck_gh_never_fails_when_missing[0m
[32;1m        PASS[0m [   0.574s] ( 366/3773) [35;1mralphus-cli[0m [36mhealth::tests[0m[36m::[0m[34;1mcheck_project_clone_url_is_silent_once_a_url_is_registered[0m
[32;1m        PASS[0m [   5.544s] ( 367/3773) [35;1mralphus-cli[0m [36mcommands::quick_start::tests[0m[36m::[0m[34;1mreal_spawn_raw_compound_command_cds_to_expected_directory[0m
[32;1m        PASS[0m [   0.971s] ( 368/3773) [35;1mralphus-cli[0m [36mgraphview::tests[0m[36m::[0m[34;1mrender_ascii_uses_label_when_present[0m
[32;1m        PASS[0m [   0.592s] ( 369/3773) [35;1mralphus-cli[0m [36mhealth::tests[0m[36m::[0m[34;1mcheck_project_clone_url_is_silent_without_remote_providers[0m
[32;1m        PASS[0m [   0.778s] ( 370/3773) [35;1mralphus-cli[0m [36mhealth::tests[0m[36m::[0m[34;1mcheck_gh_reports_path_when_found[0m
[32;1m        PASS[0m [   0.606s] ( 371/3773) [35;1mralphus-cli[0m [36mhealth::tests[0m[36m::[0m[34;1mcheck_project_clone_url_warns_when_missing_and_remote_providers_exist[0m
[32;1m        PASS[0m [   0.754s] ( 372/3773) [35;1mralphus-cli[0m [36mhealth::tests[0m[36m::[0m[34;1mcheck_git_skips_when_not_required_and_absent[0m
[32;1m        PASS[0m [   0.565s] ( 373/3773) [35;1mralphus-cli[0m [36mhealth::tests[0m[36m::[0m[34;1mcheck_pull_request_branch_convention_fails_when_missing_placeholder[0m
[32;1m        PASS[0m [   0.700s] ( 374/3773) [35;1mralphus-cli[0m [36mhealth::tests[0m[36m::[0m[34;1mcheck_project_path_fails_for_missing_directory_regardless_of_vcs[0m
[32;1m        PASS[0m [   0.551s] ( 375/3773) [35;1mralphus-cli[0m [36mhealth::tests[0m[36m::[0m[34;1mcheck_templates_fails_on_a_malformed_entry[0m
[32;1m        PASS[0m [   0.580s] ( 376/3773) [35;1mralphus-cli[0m [36mhealth::tests[0m[36m::[0m[34;1mcheck_pull_request_branch_convention_passes_when_valid[0m
[32;1m        PASS[0m [   1.022s] ( 377/3773) [35;1mralphus-cli[0m [36mhealth::tests[0m[36m::[0m[34;1mcheck_config_sources_cli_passes_with_no_sources[0m
[32;1m        PASS[0m [   1.233s] ( 378/3773) [35;1mralphus-cli[0m [36mflags::tests[0m[36m::[0m[34;1mtake_value_extracts_flag_and_value[0m
[32;1m        PASS[0m [   0.568s] ( 379/3773) [35;1mralphus-cli[0m [36mhealth::tests[0m[36m::[0m[34;1mcheck_result_states_observation_impact_and_remediation[0m
[32;1m        PASS[0m [   0.737s] ( 380/3773) [35;1mralphus-cli[0m [36mhealth::tests[0m[36m::[0m[34;1mcheck_project_path_skips_git_validation_for_non_git_vcs[0m
[32;1m        PASS[0m [   0.781s] ( 381/3773) [35;1mralphus-cli[0m [36mhealth::tests[0m[36m::[0m[34;1mcheck_pull_request_branch_convention_passes_when_unset[0m
[32;1m        PASS[0m [   6.523s] ( 382/3773) [35;1mralphus-cli[0m [36mcommands::quick_start::tests[0m[36m::[0m[34;1mmanager_claude_code_read_only_uses_permission_mode_plan[0m
[32;1m        PASS[0m [   6.729s] ( 383/3773) [35;1mralphus-cli[0m [36mcommands::quick_start::tests[0m[36m::[0m[34;1mmanager_claude_code_cleans_up_temp_file_after_spawn[0m
[32;1m        PASS[0m [   6.570s] ( 384/3773) [35;1mralphus-cli[0m [36mcommands::quick_start::tests[0m[36m::[0m[34;1mmanager_claude_code_launch_failure_returns_2[0m
[32;1m        PASS[0m [   6.767s] ( 385/3773) [35;1mralphus-cli[0m [36mcommands::quick_start::tests[0m[36m::[0m[34;1mmanager_claude_code_bare_path_invocation_spawns_expected_argv[0m
[32;1m        PASS[0m [   0.789s] ( 386/3773) [35;1mralphus-cli[0m [36mhealth::tests[0m[36m::[0m[34;1mcheck_thrash_field_passes_with_a_valid_value[0m
[32;1m        PASS[0m [   0.744s] ( 387/3773) [35;1mralphus-cli[0m [36mhealth::tests[0m[36m::[0m[34;1mcheck_thrash_field_prefers_project_over_global[0m
[32;1m        PASS[0m [   1.318s] ( 388/3773) [35;1mralphus-cli[0m [36mhealth::tests[0m[36m::[0m[34;1mcheck_git_fails_when_required_and_absent[0m
[32;1m        PASS[0m [   0.690s] ( 389/3773) [35;1mralphus-cli[0m [36mhealth::tests[0m[36m::[0m[34;1mcheck_thrash_field_warns_on_negative_value[0m
[32;1m        PASS[0m [   1.123s] ( 390/3773) [35;1mralphus-cli[0m [36mhealth::tests[0m[36m::[0m[34;1mcheck_project_path_validates_git_repo_for_git_vcs[0m
[32;1m        PASS[0m [   6.222s] ( 391/3773) [35;1mralphus-cli[0m [36mcommands::quick_start::tests[0m[36m::[0m[34;1mreal_spawn_bare_script_runs_and_receives_its_args[0m
[32;1m        PASS[0m [   0.724s] ( 392/3773) [35;1mralphus-cli[0m [36mhealth::tests[0m[36m::[0m[34;1mcheck_tmux_fails_with_remediation_when_unresolved[0m
[32;1m        PASS[0m [   1.031s] ( 393/3773) [35;1mralphus-cli[0m [36mhealth::tests[0m[36m::[0m[34;1mcheck_result_is_fail_only_for_fail_status[0m
[32;1m        PASS[0m [   0.729s] ( 394/3773) [35;1mralphus-cli[0m [36mhealth::tests[0m[36m::[0m[34;1mcheck_tmux_reports_embedded_and_path_sources[0m
[32;1m        PASS[0m [   0.704s] ( 395/3773) [35;1mralphus-cli[0m [36mhealth::tests[0m[36m::[0m[34;1mcheck_tool_arg_truncate_chars_passes_unset[0m
[32;1m        PASS[0m [   1.063s] ( 396/3773) [35;1mralphus-cli[0m [36mhealth::tests[0m[36m::[0m[34;1mcheck_templates_passes_with_no_templates_configured[0m
[32;1m        PASS[0m [   1.051s] ( 397/3773) [35;1mralphus-cli[0m [36mhealth::tests[0m[36m::[0m[34;1mcheck_templates_validates_new_task_default_tab[0m
[32;1m        PASS[0m [   0.767s] ( 398/3773) [35;1mralphus-cli[0m [36mhealth::tests[0m[36m::[0m[34;1mcheck_tool_arg_truncate_chars_passes_with_a_valid_value[0m
[32;1m        PASS[0m [   1.016s] ( 399/3773) [35;1mralphus-cli[0m [36mhealth::tests[0m[36m::[0m[34;1mcheck_thrash_field_passes_unset[0m
[32;1m        PASS[0m [   0.899s] ( 400/3773) [35;1mralphus-cli[0m [36mhealth::tests[0m[36m::[0m[34;1mcheck_thrash_field_warns_on_non_numeric_value[0m
[32;1m        PASS[0m [   1.185s] ( 401/3773) [35;1mralphus-cli[0m [36mhealth::tests[0m[36m::[0m[34;1mcheck_templates_passes_with_a_valid_template[0m
[32;1m        PASS[0m [   1.398s] ( 402/3773) [35;1mralphus-cli[0m [36mhealth::tests[0m[36m::[0m[34;1mcheck_project_path_fails_non_repo_directory_for_git_vcs[0m
[32;1m        PASS[0m [   0.944s] ( 403/3773) [35;1mralphus-cli[0m [36mhealth::tests[0m[36m::[0m[34;1mcheck_tmux_reports_resolved_value_and_source[0m
[32;1m        PASS[0m [   0.832s] ( 404/3773) [35;1mralphus-cli[0m [36mhealth::tests[0m[36m::[0m[34;1mis_compound_shell_command_detects_multiword_unquoted[0m
[32;1m        PASS[0m [   7.044s] ( 405/3773) [35;1mralphus-cli[0m [36mcommands::quick_start::tests[0m[36m::[0m[34;1mmanager_codex_forwards_extra_passthrough_args[0m
[32;1m        PASS[0m [   6.980s] ( 406/3773) [35;1mralphus-cli[0m [36mcommands::quick_start::tests[0m[36m::[0m[34;1mmanager_pi_bare_path_invocation_spawns_expected_argv[0m
[32;1m        PASS[0m [   0.708s] ( 407/3773) [35;1mralphus-cli[0m [36mhelp_map::tests[0m[36m::[0m[34;1mdeclared_options_and_their_values_pass_validation[0m
[32;1m        PASS[0m [   0.856s] ( 408/3773) [35;1mralphus-cli[0m [36mhelp_map::tests[0m[36m::[0m[34;1mcheck_health_is_tagged_both_subagent_and_read_only_safe[0m
[32;1m        PASS[0m [   7.030s] ( 409/3773) [35;1mralphus-cli[0m [36mcommands::quick_start::tests[0m[36m::[0m[34;1mmanager_pi_forwards_extra_passthrough_args[0m
[32;1m        PASS[0m [   0.822s] ( 410/3773) [35;1mralphus-cli[0m [36mhelp_map::tests[0m[36m::[0m[34;1mcommand_help_spells_out_the_selector_kind_each_command_accepts[0m
[32;1m        PASS[0m [   7.040s] ( 411/3773) [35;1mralphus-cli[0m [36mcommands::quick_start::tests[0m[36m::[0m[34;1mmanager_pi_launch_failure_returns_2[0m
[32;1m        PASS[0m [   0.927s] ( 412/3773) [35;1mralphus-cli[0m [36mhealth::tests[0m[36m::[0m[34;1mwhich_finds_a_program_known_to_exist_on_path[0m
[32;1m        PASS[0m [   0.770s] ( 413/3773) [35;1mralphus-cli[0m [36mhelp_map::tests[0m[36m::[0m[34;1mevery_registered_path_has_detailed_help_and_universal_precedence[0m
[32;1m        PASS[0m [   1.230s] ( 414/3773) [35;1mralphus-cli[0m [36mhealth::tests[0m[36m::[0m[34;1mcheck_tool_arg_truncate_chars_warns_on_negative_value[0m
[32;1m        PASS[0m [   1.235s] ( 415/3773) [35;1mralphus-cli[0m [36mhealth::tests[0m[36m::[0m[34;1mcheck_tool_arg_truncate_chars_prefers_project_over_global[0m
[32;1m        PASS[0m [   0.644s] ( 416/3773) [35;1mralphus-cli[0m [36mhelp_map::tests[0m[36m::[0m[34;1mpositionals_carry_type_annotations_not_bare_names[0m
[32;1m        PASS[0m [   0.583s] ( 417/3773) [35;1mralphus-cli[0m [36mhelp_map::tests[0m[36m::[0m[34;1mregistry_gates_unknown_subcommands_but_help_uses_deepest_known_parent[0m
[32;1m        PASS[0m [   0.594s] ( 418/3773) [35;1mralphus-cli[0m [36mhelp_map::tests[0m[36m::[0m[34;1mreal_tree_has_non_trivial_node_count[0m
[32;1m        PASS[0m [   1.123s] ( 419/3773) [35;1mralphus-cli[0m [36mhelp_map::tests[0m[36m::[0m[34;1ma_review_uri_where_a_squad_coordinate_belongs_quotes_the_family_grammar[0m
[32;1m        PASS[0m [   1.228s] ( 420/3773) [35;1mralphus-cli[0m [36mhealth::tests[0m[36m::[0m[34;1mcheck_tool_arg_truncate_chars_warns_on_non_numeric_value[0m
[32;1m        PASS[0m [   1.157s] ( 421/3773) [35;1mralphus-cli[0m [36mhelp_map::tests[0m[36m::[0m[34;1mcommand_help_for_nested_group_lists_immediate_children[0m
[32;1m        PASS[0m [   1.185s] ( 422/3773) [35;1mralphus-cli[0m [36mhealth::tests[0m[36m::[0m[34;1munquote_path_strips_one_layer[0m
[32;1m        PASS[0m [   0.766s] ( 423/3773) [35;1mralphus-cli[0m [36mhelp_map::tests[0m[36m::[0m[34;1mno_flag_uses_the_bare_n_placeholder[0m
[32;1m        PASS[0m [   0.992s] ( 424/3773) [35;1mralphus-cli[0m [36mhelp_map::tests[0m[36m::[0m[34;1mdescription_is_wrapped_in_braces[0m
[32;1m        PASS[0m [   0.979s] ( 425/3773) [35;1mralphus-cli[0m [36mhelp_map::tests[0m[36m::[0m[34;1mevery_documented_option_survives_invocation_validation[0m
[32;1m        PASS[0m [   0.754s] ( 426/3773) [35;1mralphus-cli[0m [36mhelp_map::tests[0m[36m::[0m[34;1mquick_start_manager_has_discoverable_backend_help[0m
[32;1m        PASS[0m [   0.577s] ( 427/3773) [35;1mralphus-cli[0m [36mhelp_map::tests[0m[36m::[0m[34;1mrendered_uri_arguments_use_uri_chips_and_document_every_entity_kind[0m
[32;1m        PASS[0m [   1.008s] ( 428/3773) [35;1mralphus-cli[0m [36mhelp_map::tests[0m[36m::[0m[34;1mfull_output_prints_all_nine_notes_before_the_tree[0m
[32;1m        PASS[0m [   0.846s] ( 429/3773) [35;1mralphus-cli[0m [36mhelp_map::tests[0m[36m::[0m[34;1mgenerate_read_only_safe_excludes_mutating_leaves_but_keeps_their_group_headers[0m
[32;1m        PASS[0m [   1.250s] ( 430/3773) [35;1mralphus-cli[0m [36mhelp_map::tests[0m[36m::[0m[34;1mcommand_help_lists_root_subcommands_alphabetically[0m
[32;1m        PASS[0m [   0.885s] ( 431/3773) [35;1mralphus-cli[0m [36mhelp_map::tests[0m[36m::[0m[34;1mgenerate_has_no_trailing_newline[0m
[32;1m        PASS[0m [   0.612s] ( 432/3773) [35;1mralphus-cli[0m [36mhelp_map::tests[0m[36m::[0m[34;1mreview_top_level_is_tagged_subagent_but_children_are_not[0m
[32;1m        PASS[0m [   0.635s] ( 433/3773) [35;1mralphus-cli[0m [36mhelp_map::tests[0m[36m::[0m[34;1mrenders_indentation_and_child_nesting[0m
[32;1m        PASS[0m [   0.901s] ( 434/3773) [35;1mralphus-cli[0m [36mhelp_map::tests[0m[36m::[0m[34;1mhelp_after_passthrough_separator_is_not_intercepted[0m
[32;1m        PASS[0m [   0.842s] ( 435/3773) [35;1mralphus-cli[0m [36mhelp_map::tests[0m[36m::[0m[34;1mread_only_safe_prefix_comes_before_name_subagent_after_chips[0m
[32;1m        PASS[0m [   0.563s] ( 436/3773) [35;1mralphus-cli[0m [36mhelp_map::tests[0m[36m::[0m[34;1mwrong_selector_kind_names_what_was_given_and_what_was_wanted[0m
[32;1m        PASS[0m [   0.794s] ( 437/3773) [35;1mralphus-cli[0m [36mhelp_map::tests[0m[36m::[0m[34;1mrender_read_only_safe_drops_whole_subtree_with_no_tagged_descendant[0m
[32;1m        PASS[0m [   0.558s] ( 438/3773) [35;1mralphus-cli[0m [36moutput::tests[0m[36m::[0m[34;1mexit_code_maps_known_statuses[0m
[32;1m        PASS[0m [   0.549s] ( 439/3773) [35;1mralphus-cli[0m [36moutput::tests[0m[36m::[0m[34;1mprint_table_handles_empty_rows[0m
[32;1m        PASS[0m [   2.469s] ( 440/3773) [35;1mralphus-cli[0m [36mhealth::tests[0m[36m::[0m[34;1mcheck_agent_command_is_harness_section[0m
[32;1m        PASS[0m [   0.827s] ( 441/3773) [35;1mralphus-cli[0m [36mhelp_map::tests[0m[36m::[0m[34;1mrender_read_only_safe_keeps_untagged_group_header_with_tagged_descendant[0m
[32;1m        PASS[0m [   0.693s] ( 442/3773) [35;1mralphus-cli[0m [36mhelp_map::tests[0m[36m::[0m[34;1mselector_format_sections_never_reach_the_help_map_tree[0m
[32;1m        PASS[0m [   0.939s] ( 443/3773) [35;1mralphus-cli[0m [36mhelp_map::tests[0m[36m::[0m[34;1mreal_tree_covers_top_level_groups_and_excludes_hidden_commands[0m
[32;1m        PASS[0m [   0.566s] ( 444/3773) [35;1mralphus-cli[0m [36mprogram_name::tests[0m[36m::[0m[34;1msubstitution_preserves_protocol_markers[0m
[32;1m        PASS[0m [   0.952s] ( 445/3773) [35;1mralphus-cli[0m [36mhelp_map::tests[0m[36m::[0m[34;1mrejected_invocations_carry_the_deepest_applicable_help_path[0m
[32;1m        PASS[0m [   0.437s] ( 446/3773) [35;1mralphus-cli[0m [36mselector::tests[0m[36m::[0m[34;1mparse_guardian_selector_legacy_branch_hash_earliest_wins[0m
[32;1m        PASS[0m [   0.790s] ( 447/3773) [35;1mralphus-cli[0m [36mhelp_map::tests[0m[36m::[0m[34;1msorts_option_chips_alphabetically_but_keeps_positional_order_first[0m
[32;1m        PASS[0m [   0.454s] ( 448/3773) [35;1mralphus-cli[0m [36mselector::tests[0m[36m::[0m[34;1mparse_guardian_selector_legacy_branch_tilde[0m
[32;1m        PASS[0m [   0.683s] ( 449/3773) [35;1mralphus-cli[0m [36moutput::tests[0m[36m::[0m[34;1mprint_table_pads_columns[0m
[32;1m        PASS[0m [   0.461s] ( 450/3773) [35;1mralphus-cli[0m [36mselector::tests[0m[36m::[0m[34;1mparse_guardian_selector_legacy_plain_id[0m
[32;1m        PASS[0m [   0.718s] ( 451/3773) [35;1mralphus-cli[0m [36moutput::tests[0m[36m::[0m[34;1mprint_kv_handles_empty[0m
[32;1m        PASS[0m [   0.694s] ( 452/3773) [35;1mralphus-cli[0m [36mprogram_name::tests[0m[36m::[0m[34;1margv_zero_is_the_fallback[0m
[32;1m        PASS[0m [   0.986s] ( 453/3773) [35;1mralphus-cli[0m [36mhelp_map::tests[0m[36m::[0m[34;1mrendered_id_arguments_use_id_chips_and_are_documented[0m
[32;1m        PASS[0m [   0.495s] ( 454/3773) [35;1mralphus-cli[0m [36mselector::tests[0m[36m::[0m[34;1mparse_guardian_selector_uri_form[0m
[32;1m        PASS[0m [   0.609s] ( 455/3773) [35;1mralphus-cli[0m [36mselector::tests[0m[36m::[0m[34;1mguardian_view_uri_renders_with_branch[0m
[32;1m        PASS[0m [   0.563s] ( 456/3773) [35;1mralphus-cli[0m [36mselector::tests[0m[36m::[0m[34;1mparse_squad_selector_legacy_task_proof[0m
[32;1m        PASS[0m [   0.881s] ( 457/3773) [35;1mralphus-cli[0m [36mprogram_name::tests[0m[36m::[0m[34;1mcurrent_executable_wins_and_extension_is_removed[0m
[32;1m        PASS[0m [   0.661s] ( 458/3773) [35;1mralphus-cli[0m [36mselector::tests[0m[36m::[0m[34;1mparse_squad_selector_legacy_bare_squad[0m
[32;1m        PASS[0m [   0.604s] ( 459/3773) [35;1mralphus-cli[0m [36mselector::tests[0m[36m::[0m[34;1mparse_squad_selector_uri_form[0m
[32;1m        PASS[0m [   0.600s] ( 460/3773) [35;1mralphus-cli[0m [36mselector::tests[0m[36m::[0m[34;1mparse_squad_selector_uri_rejects_positional_squad[0m
[32;1m        PASS[0m [   0.694s] ( 461/3773) [35;1mralphus-cli[0m [36mselector::tests[0m[36m::[0m[34;1mparse_squad_selector_legacy_cell_proof[0m
[32;1m        PASS[0m [   0.620s] ( 462/3773) [35;1mralphus-cli[0m [36mselector::tests[0m[36m::[0m[34;1mresolve_index_ambiguous_name_errors[0m
[32;1m        PASS[0m [   0.674s] ( 463/3773) [35;1mralphus-cli[0m [36mselector::tests[0m[36m::[0m[34;1mparse_squad_selector_rejects_bare_proof_no_index[0m
[32;1m        PASS[0m [   0.614s] ( 464/3773) [35;1mralphus-cli[0m [36mselector::tests[0m[36m::[0m[34;1mresolve_index_legacy_bare_int_is_position[0m
[32;1m        PASS[0m [   7.282s] ( 465/3773) [35;1mralphus-cli[0m [36mcommands::quick_start::tests[0m[36m::[0m[34;1mreviewer_pi_with_url_target_resolves_id_in_prompt[0m
[32;1m        PASS[0m [   0.633s] ( 466/3773) [35;1mralphus-cli[0m [36mselector::tests[0m[36m::[0m[34;1mresolve_index_uri_form_sigil_is_position[0m
[32;1m        PASS[0m [   0.655s] ( 467/3773) [35;1mralphus-cli[0m [36mselector::tests[0m[36m::[0m[34;1msquad_view_uri_renders_squad_only[0m
[32;1m        PASS[0m [   0.823s] ( 468/3773) [35;1mralphus-cli[0m [36mselector::tests[0m[36m::[0m[34;1mparse_squad_selector_legacy_task_and_cell[0m
[32;1m        PASS[0m [   0.690s] ( 469/3773) [35;1mralphus-cli[0m [36mtutor::tests[0m[36m::[0m[34;1mfinalize_prompt_and_system_prompt_use_affirmative_only_phrasing[0m
[32;1m        PASS[0m [   7.601s] ( 470/3773) [35;1mralphus-cli[0m [36mcommands::quick_start::tests[0m[36m::[0m[34;1mreviewer_claude_code_with_target[0m
[32;1m        PASS[0m [   0.802s] ( 471/3773) [35;1mralphus-cli[0m [36mterminal_relay::tests[0m[36m::[0m[34;1mws_host_handles_a_bare_host_with_no_scheme[0m
[32;1m        PASS[0m [   7.566s] ( 472/3773) [35;1mralphus-cli[0m [36mcommands::quick_start::tests[0m[36m::[0m[34;1mreviewer_codex_with_url_target_resolves_id_in_prompt[0m
[32;1m        PASS[0m [   0.807s] ( 473/3773) [35;1mralphus-cli[0m [36mtutor::tests[0m[36m::[0m[34;1mtask_tutor_preserves_protocol_markers[0m
[32;1m        PASS[0m [   0.784s] ( 474/3773) [35;1mralphus-cli[0m [36mtutor::tests[0m[36m::[0m[34;1mtutor_documents_linked_fields_and_the_text_query[0m
[32;1m        PASS[0m [   0.787s] ( 475/3773) [35;1mralphus-cli[0m [36mtutor::tests[0m[36m::[0m[34;1mtutor_mentions_core_sections[0m
[32;1m        PASS[0m [   0.793s] ( 476/3773) [35;1mralphus-cli[0m [36mtutor::tests[0m[36m::[0m[34;1mtutor_shows_an_environment_value_reusing_the_cwd_worktree[0m
[32;1m        PASS[0m [   0.825s] ( 477/3773) [35;1mralphus-cli[0m [36mtutor::tests[0m[36m::[0m[34;1mtutor_uses_wrapped_review_sentinel_for_review_examples[0m
[32;1m        PASS[0m [   0.974s] ( 478/3773) [35;1mralphus-cli[0m [36mselector::tests[0m[36m::[0m[34;1mresolve_index_uri_form_bare_token_is_name_not_position[0m
[32;1m        PASS[0m [   0.186s] ( 479/3773) [35;1mralphus-core[0m [36magent_resume::tests[0m[36m::[0m[34;1mresume_agent_command_always_skips_permissions[0m
[32;1m        PASS[0m [   1.045s] ( 480/3773) [35;1mralphus-cli[0m [36mterminal_relay::tests[0m[36m::[0m[34;1mws_host_strips_scheme_port_and_path[0m
[32;1m        PASS[0m [   8.014s] ( 481/3773) [35;1mralphus-cli[0m [36mcommands::quick_start::tests[0m[36m::[0m[34;1mreviewer_claude_code_no_target[0m
[32;1m        PASS[0m [   1.003s] ( 482/3773) [35;1mralphus-cli[0m [36mtutor::tests[0m[36m::[0m[34;1mtutor_is_ascii_only[0m
[32;1m        PASS[0m [   0.161s] ( 483/3773) [35;1mralphus-core[0m [36magent_resume::tests[0m[36m::[0m[34;1mresume_codex_agent_command_escapes_single_quotes[0m
[32;1m        PASS[0m [   0.168s] ( 484/3773) [35;1mralphus-core[0m [36magent_resume::tests[0m[36m::[0m[34;1mresume_codex_agent_command_always_bypasses_approvals[0m
[32;1m        PASS[0m [   3.486s] ( 485/3773) [35;1mralphus-cli[0m [36mhealth::tests[0m[36m::[0m[34;1mcheck_agent_command_fails_when_default_is_unavailable[0m
[32;1m        PASS[0m [   0.299s] ( 486/3773) [35;1mralphus-core[0m [36magent_resume::tests[0m[36m::[0m[34;1mresume_agent_command_shell_routes_a_compound_program[0m
[32;1m        PASS[0m [   0.325s] ( 487/3773) [35;1mralphus-core[0m [36magent_resume::tests[0m[36m::[0m[34;1mresume_agent_command_posix_shell_routes_a_compound_program[0m
[32;1m        PASS[0m [   1.089s] ( 488/3773) [35;1mralphus-cli::cli_integration[0m [34;1magent_list_needs_no_daemon_at_all[0m
[32;1m        PASS[0m [   1.009s] ( 489/3773) [35;1mralphus-cli::cli_integration[0m [34;1mlicense_prints_the_embedded_workspace_license_without_daemon_access[0m
[32;1m        PASS[0m [   1.097s] ( 490/3773) [35;1mralphus-cli::cli_integration[0m [34;1mcell_edit_rejects_a_squad_selector_and_shows_the_cell_format[0m
[32;1m        PASS[0m [   1.106s] ( 491/3773) [35;1mralphus-cli::cli_integration[0m [34;1mhelp_precedes_missing_positionals_and_global_flag_validation[0m
[32;1m        PASS[0m [   1.209s] ( 492/3773) [35;1mralphus-cli[0m [36mtutor::tests[0m[36m::[0m[34;1mtutor_uses_wrapped_worktree_placeholders_for_cwd_examples[0m
[32;1m        PASS[0m [   1.210s] ( 493/3773) [35;1mralphus-cli::cli_integration[0m [34;1mhelp_precedes_version_and_version_remains_global[0m
[32;1m        PASS[0m [   0.995s] ( 494/3773) [35;1mralphus-cli::cli_integration[0m [34;1munknown_flag_prints_the_deepest_resolved_subcommand_help[0m
[32;1m        PASS[0m [   0.753s] ( 495/3773) [35;1mralphus-core[0m [36magent_resume::tests[0m[36m::[0m[34;1mis_codex_agent_matches_both_aliases[0m
[32;1m        PASS[0m [   0.917s] ( 496/3773) [35;1mralphus-cli::help_map_command_parity[0m [34;1mevery_help_map_leaf_is_dispatchable_by_commands_parse_args[0m
[32;1m        PASS[0m [   0.763s] ( 497/3773) [35;1mralphus-core[0m [36magent_resume::tests[0m[36m::[0m[34;1mis_pi_agent_only_matches_pi[0m
[32;1m        PASS[0m [   1.194s] ( 498/3773) [35;1mralphus-cli::cli_integration[0m [34;1munknown_cell_subcommand_prints_cell_help[0m
[32;1m        PASS[0m [   1.269s] ( 499/3773) [35;1mralphus-cli::cli_integration[0m [34;1mquick_start_manager_help_is_detailed_and_never_launches[0m
[32;1m        PASS[0m [   0.907s] ( 500/3773) [35;1mralphus-core[0m [36magent_resume::tests[0m[36m::[0m[34;1mis_claude_agent_matches_every_alias[0m
[32;1m        PASS[0m [   1.024s] ( 501/3773) [35;1mralphus-cli::health_catalog_parity[0m [34;1mevery_catalog_id_constant_is_referenced_in_health_rs[0m
[32;1m        PASS[0m [   1.253s] ( 502/3773) [35;1mralphus-cli::cli_integration[0m [34;1msubmit_reads_file_and_posts_its_contents[0m
[32;1m        PASS[0m [   1.034s] ( 503/3773) [35;1mralphus-core[0m [36magent_resume::tests[0m[36m::[0m[34;1magent_resume_argv_dispatches_per_agent_and_mode[0m
[32;1m        PASS[0m [   1.081s] ( 504/3773) [35;1mralphus-cli::cli_integration[0m [34;1mvalidate_joins_multiple_files_into_one_request_like_submit_does[0m
[32;1m        PASS[0m [   1.088s] ( 505/3773) [35;1mralphus-cli::health_catalog_parity[0m [34;1mevery_catalog_entry_round_trips_through_get[0m
[32;1m        PASS[0m [   1.386s] ( 506/3773) [35;1mralphus-cli::cli_integration[0m [34;1mquick_start_unknown_subcommand_is_a_usage_error[0m
[32;1m        PASS[0m [   1.401s] ( 507/3773) [35;1mralphus-cli::cli_integration[0m [34;1mquick_start_with_no_args_prints_help_rather_than_launching_anything[0m
[32;1m        PASS[0m [   1.012s] ( 508/3773) [35;1mralphus-core[0m [36magent_resume::tests[0m[36m::[0m[34;1mis_codex_agent_false_for_claude_and_unset[0m
[32;1m        PASS[0m [   0.900s] ( 509/3773) [35;1mralphus-core[0m [36magent_resume::tests[0m[36m::[0m[34;1mresume_agent_command_escapes_single_quotes[0m
[32;1m        PASS[0m [   1.146s] ( 510/3773) [35;1mralphus-core[0m [36magent_resume::tests[0m[36m::[0m[34;1mis_claude_agent_false_for_other_backends_and_unset[0m
[32;1m        PASS[0m [   1.288s] ( 511/3773) [35;1mralphus-cli::cli_integration[0m [34;1munknown_subcommand_is_a_usage_error_not_a_panic[0m
[32;1m        PASS[0m [   1.292s] ( 512/3773) [35;1mralphus-core[0m [36magent_resume::tests[0m[36m::[0m[34;1magent_resume_argv_uses_caller_supplied_program_override[0m
[32;1m        PASS[0m [   1.055s] ( 513/3773) [35;1mralphus-core[0m [36magent_resume::tests[0m[36m::[0m[34;1mresume_agent_command_posix_escapes_single_quotes[0m
[32;1m        PASS[0m [   0.955s] ( 514/3773) [35;1mralphus-core[0m [36magent_resume::tests[0m[36m::[0m[34;1mresume_codex_agent_command_shell_routes_a_compound_program[0m
[32;1m        PASS[0m [   0.897s] ( 515/3773) [35;1mralphus-core[0m [36magent_resume::tests[0m[36m::[0m[34;1mresume_pi_agent_command_uses_session_and_approve[0m
[32;1m        PASS[0m [   0.221s] ( 516/3773) [35;1mralphus-core[0m [36mredact::tests[0m[36m::[0m[34;1mheuristic_catches_provider_credentials_generically[0m
[32;1m        PASS[0m [   0.893s] ( 517/3773) [35;1mralphus-core[0m [36mbench_demo[0m[36m::[0m[34;1mvalidate_toml_rejects_empty_file__ralphus_bench_test[0m
[32;1m        PASS[0m [   0.923s] ( 518/3773) [35;1mralphus-core[0m [36magent_resume::tests[0m[36m::[0m[34;1mresume_pi_agent_command_shell_routes_a_compound_program[0m
[32;1m        PASS[0m [   0.920s] ( 519/3773) [35;1mralphus-core[0m [36mbench_demo[0m[36m::[0m[34;1mvalidate_toml_accepts_minimal_task__ralphus_bench_test[0m
[32;1m        PASS[0m [   0.947s] ( 520/3773) [35;1mralphus-core[0m [36mcors::tests[0m[36m::[0m[34;1mabsent_host_header_denies_unconfigured_origin[0m
[32;1m        PASS[0m [   0.932s] ( 521/3773) [35;1mralphus-core[0m [36mcors::tests[0m[36m::[0m[34;1mabsent_host_header_still_allows_configured_origins[0m
[32;1m        PASS[0m [   0.881s] ( 522/3773) [35;1mralphus-core[0m [36mcors::tests[0m[36m::[0m[34;1mallow_list_match_is_case_insensitive[0m
[32;1m        PASS[0m [   0.900s] ( 523/3773) [35;1mralphus-core[0m [36mcors::tests[0m[36m::[0m[34;1mcors_config_defaults_when_table_absent[0m
[32;1m        PASS[0m [   0.950s] ( 524/3773) [35;1mralphus-core[0m [36mcors::tests[0m[36m::[0m[34;1mcors_config_malformed_toml_is_default[0m
[32;1m        PASS[0m [   0.932s] ( 525/3773) [35;1mralphus-core[0m [36mcors::tests[0m[36m::[0m[34;1mcors_config_merge_unions_and_dedupes[0m
[32;1m        PASS[0m [   0.916s] ( 526/3773) [35;1mralphus-core[0m [36mcors::tests[0m[36m::[0m[34;1mmismatched_origin_with_empty_allow_list_is_denied[0m
[32;1m        PASS[0m [   0.782s] ( 527/3773) [35;1mralphus-core[0m [36mcors::tests[0m[36m::[0m[34;1morigin_in_configured_allow_list_is_allowed[0m
[32;1m        PASS[0m [   0.896s] ( 528/3773) [35;1mralphus-core[0m [36mcors::tests[0m[36m::[0m[34;1mmissing_origin_is_not_cross_origin[0m
[32;1m        PASS[0m [   0.827s] ( 529/3773) [35;1mralphus-core[0m [36mcors::tests[0m[36m::[0m[34;1mno_wildcard_support[0m
[32;1m        PASS[0m [   0.779s] ( 530/3773) [35;1mralphus-core[0m [36mcors::tests[0m[36m::[0m[34;1morigin_matching_host_over_http_is_allowed[0m
[32;1m        PASS[0m [   0.779s] ( 531/3773) [35;1mralphus-core[0m [36mhealth_catalog::tests[0m[36m::[0m[34;1mdependencies_md_names_every_documented_catalog_id[0m
[32;1m        PASS[0m [   0.762s] ( 532/3773) [35;1mralphus-core[0m [36mhealth_catalog::tests[0m[36m::[0m[34;1mevery_entry_has_a_known_section[0m
[32;1m        PASS[0m [   0.771s] ( 533/3773) [35;1mralphus-core[0m [36mhealth_catalog::tests[0m[36m::[0m[34;1mevery_entry_has_a_label_and_impact[0m
[32;1m        PASS[0m [   1.058s] ( 534/3773) [35;1mralphus-core[0m [36mcors::tests[0m[36m::[0m[34;1mcors_config_parses_allowed_origins[0m
[32;1m        PASS[0m [   0.867s] ( 535/3773) [35;1mralphus-core[0m [36mcors::tests[0m[36m::[0m[34;1morigin_matching_host_over_https_is_allowed[0m
[32;1m        PASS[0m [   0.798s] ( 536/3773) [35;1mralphus-core[0m [36mhealth_catalog::tests[0m[36m::[0m[34;1mevery_id_is_kebab_case_ascii[0m
[32;1m        PASS[0m [   0.795s] ( 537/3773) [35;1mralphus-core[0m [36mhealth_catalog::tests[0m[36m::[0m[34;1mevery_id_is_unique[0m
[32;1m        PASS[0m [   0.802s] ( 538/3773) [35;1mralphus-core[0m [36mhealth_catalog::tests[0m[36m::[0m[34;1mfree_daemon_local_entries_excludes_every_opt_in_and_remote_check[0m
[32;1m        PASS[0m [   0.860s] ( 539/3773) [35;1mralphus-core[0m [36mlicense::tests[0m[36m::[0m[34;1membedded_license_matches_repo_license_file[0m
[32;1m        PASS[0m [   0.888s] ( 540/3773) [35;1mralphus-core[0m [36mhealth_catalog::tests[0m[36m::[0m[34;1mget_finds_a_known_id_and_none_for_unknown[0m
[32;1m        PASS[0m [   0.887s] ( 541/3773) [35;1mralphus-core[0m [36mhealth_catalog::tests[0m[36m::[0m[34;1mno_remote_entry_is_free[0m
[32;1m        PASS[0m [   0.905s] ( 542/3773) [35;1mralphus-core[0m [36mlicense::tests[0m[36m::[0m[34;1mobfuscated_bytes_do_not_contain_plaintext_license_text[0m
[32;1m        PASS[0m [   0.893s] ( 543/3773) [35;1mralphus-core[0m [36mprocess::tests[0m[36m::[0m[34;1mwindows_executability_requires_a_pathext_extension[0m
[32;1m        PASS[0m [   0.817s] ( 544/3773) [35;1mralphus-core[0m [36mredact::tests[0m[36m::[0m[34;1mhttps_url_with_inline_password_is_flagged[0m
[32;1m        PASS[0m [   0.831s] ( 545/3773) [35;1mralphus-core[0m [36mredact::tests[0m[36m::[0m[34;1mknows_the_ral247_named_secrets[0m
[32;1m        PASS[0m [   0.999s] ( 546/3773) [35;1mralphus-core[0m [36mredact::tests[0m[36m::[0m[34;1mhttps_url_with_bare_username_is_not_flagged[0m
[32;1m        PASS[0m [   0.820s] ( 547/3773) [35;1mralphus-core[0m [36mredact::tests[0m[36m::[0m[34;1mleaves_an_already_anchored_nonsecret_key_alone[0m
[32;1m        PASS[0m [   2.002s] ( 548/3773) [35;1mralphus-core[0m [36magent_resume::tests[0m[36m::[0m[34;1mresume_agent_command_posix_always_skips_permissions[0m
[32;1m        PASS[0m [   0.913s] ( 549/3773) [35;1mralphus-core[0m [36mredact::tests[0m[36m::[0m[34;1mleaves_a_value_already_redacted_by_the_registry_alone[0m
[32;1m        PASS[0m [   0.873s] ( 550/3773) [35;1mralphus-core[0m [36mredact::tests[0m[36m::[0m[34;1mnon_secret_keys_are_left_alone[0m
[32;1m        PASS[0m [   0.937s] ( 551/3773) [35;1mralphus-core[0m [36mredact::tests[0m[36m::[0m[34;1mredact_env_map_masks_only_registered_names_and_keeps_key_order[0m
[32;1m        PASS[0m [   0.962s] ( 552/3773) [35;1mralphus-core[0m [36mredact::tests[0m[36m::[0m[34;1mnon_secret_assignment_is_left_untouched[0m
[32;1m        PASS[0m [   0.917s] ( 553/3773) [35;1mralphus-core[0m [36mredact::tests[0m[36m::[0m[34;1mredact_env_value_masks_a_registered_name[0m
[32;1m        PASS[0m [   0.901s] ( 554/3773) [35;1mralphus-core[0m [36mredact::tests[0m[36m::[0m[34;1mredact_env_value_shows_an_unregistered_name_even_when_it_looks_secret[0m
[32;1m        PASS[0m [   0.912s] ( 555/3773) [35;1mralphus-core[0m [36mredact::tests[0m[36m::[0m[34;1mredact_url_credentials_is_a_noop_for_ssh_shorthand[0m
[32;1m        PASS[0m [   0.885s] ( 556/3773) [35;1mralphus-core[0m [36mredact::tests[0m[36m::[0m[34;1mredacts_mid_line_assignment_after_other_text[0m
[32;1m        PASS[0m [   0.891s] ( 557/3773) [35;1mralphus-core[0m [36mredact::tests[0m[36m::[0m[34;1mredacts_multiple_pwsh_assignments_on_one_line[0m
[32;1m        PASS[0m [   0.895s] ( 558/3773) [35;1mralphus-core[0m [36mredact::tests[0m[36m::[0m[34;1mredacts_posix_assignment_value[0m
[32;1m        PASS[0m [   1.143s] ( 559/3773) [35;1mralphus-core[0m [36mredact::tests[0m[36m::[0m[34;1mplain_https_url_is_not_flagged[0m
[32;1m        PASS[0m [   1.068s] ( 560/3773) [35;1mralphus-core[0m [36mredact::tests[0m[36m::[0m[34;1mredact_env_value_still_scrubs_a_credential_assignment_inside_the_value[0m
[32;1m        PASS[0m [   0.982s] ( 561/3773) [35;1mralphus-core[0m [36mredact::tests[0m[36m::[0m[34;1mredact_url_credentials_is_a_noop_without_an_at_sign[0m
[32;1m        PASS[0m [   0.976s] ( 562/3773) [35;1mralphus-core[0m [36mredact::tests[0m[36m::[0m[34;1mredact_url_credentials_masks_the_password_but_keeps_host_and_path[0m
[32;1m        PASS[0m [   0.925s] ( 563/3773) [35;1mralphus-core[0m [36mredact::tests[0m[36m::[0m[34;1mredacts_pwsh_assignment_value[0m
[32;1m        PASS[0m [   0.951s] ( 564/3773) [35;1mralphus-core[0m [36mredact::tests[0m[36m::[0m[34;1mredacts_pwsh_value_with_an_embedded_quote[0m
[32;1m        PASS[0m [   0.962s] ( 565/3773) [35;1mralphus-core[0m [36mredact::tests[0m[36m::[0m[34;1mredacts_unquoted_value[0m
[32;1m        PASS[0m [   0.955s] ( 566/3773) [35;1mralphus-core[0m [36mredact::tests[0m[36m::[0m[34;1mreturns_borrowed_when_nothing_to_redact[0m
[32;1m        PASS[0m [   0.972s] ( 567/3773) [35;1mralphus-core[0m [36mredact::tests[0m[36m::[0m[34;1mssh_shorthand_url_is_not_flagged[0m
[32;1m        PASS[0m [   1.145s] ( 568/3773) [35;1mralphus-core[0m [36mredact::tests[0m[36m::[0m[34;1mssh_scheme_url_is_not_flagged[0m
[32;1m        PASS[0m [   1.168s] ( 569/3773) [35;1mralphus-core[0m [36mschema::tests[0m[36m::[0m[34;1magent_spec_deserializes_a_candidate_list[0m
[32;1m        PASS[0m [   1.149s] ( 570/3773) [35;1mralphus-core[0m [36mschema::tests[0m[36m::[0m[34;1magent_spec_names_lists_every_candidate[0m
[32;1m        PASS[0m [   0.975s] ( 571/3773) [35;1mralphus-core[0m [36mschema::tests[0m[36m::[0m[34;1mcell_machine_overrides_task_and_unset_falls_through_to_none[0m
[32;1m        PASS[0m [   1.052s] ( 572/3773) [35;1mralphus-core[0m [36mschema::tests[0m[36m::[0m[34;1mauto_compact_threshold_supported_by_claude_code_but_not_maximum_context[0m
[32;1m        PASS[0m [   1.211s] ( 573/3773) [35;1mralphus-core[0m [36mschema::tests[0m[36m::[0m[34;1magent_spec_deserializes_a_plain_string[0m
[32;1m        PASS[0m [   0.885s] ( 574/3773) [35;1mralphus-core[0m [36mschema::tests[0m[36m::[0m[34;1mcell_overrides_task_agent_and_model[0m
[32;1m        PASS[0m [   0.856s] ( 575/3773) [35;1mralphus-core[0m [36mschema::tests[0m[36m::[0m[34;1mcell_review_sentinel_matches_new_review_placeholder[0m
[32;1m        PASS[0m [   1.111s] ( 576/3773) [35;1mralphus-core[0m [36mschema::tests[0m[36m::[0m[34;1mcell_inherits_task_when_unset[0m
[32;1m        PASS[0m [   0.828s] ( 577/3773) [35;1mralphus-core[0m [36mschema::tests[0m[36m::[0m[34;1mcell_review_sentinel_none_for_bare_or_malformed[0m
[32;1m        PASS[0m [   1.136s] ( 578/3773) [35;1mralphus-core[0m [36mschema::tests[0m[36m::[0m[34;1mauto_compact_threshold_rejected_for_bare_claude_and_ollama[0m
[32;1m        PASS[0m [   1.241s] ( 579/3773) [35;1mralphus-core[0m [36mschema::tests[0m[36m::[0m[34;1mauto_compact_threshold_and_maximum_context_both_supported_by_codex_and_pi[0m
[32;1m        PASS[0m [   1.005s] ( 580/3773) [35;1mralphus-core[0m [36mschema::tests[0m[36m::[0m[34;1mcell_maximum_tool_output_tokens_overrides_task_and_unset_falls_through_to_none[0m
[32;1m        PASS[0m [   0.900s] ( 581/3773) [35;1mralphus-core[0m [36mschema::tests[0m[36m::[0m[34;1mcell_review_sentinel_matches_plain_id[0m
[32;1m        PASS[0m [   0.827s] ( 582/3773) [35;1mralphus-core[0m [36mschema::tests[0m[36m::[0m[34;1meffective_spec_reports_a_cell_level_candidate_list[0m
[32;1m        PASS[0m [   0.784s] ( 583/3773) [35;1mralphus-core[0m [36mschema::tests[0m[36m::[0m[34;1menvironment_defaults_to_empty[0m
[32;1m        PASS[0m [   0.885s] ( 584/3773) [35;1mralphus-core[0m [36mschema::tests[0m[36m::[0m[34;1mcommand_only_cell_deserializes[0m
[32;1m        PASS[0m [   0.872s] ( 585/3773) [35;1mralphus-core[0m [36mschema::tests[0m[36m::[0m[34;1mdefaults_to_claude_when_nothing_set[0m
[32;1m        PASS[0m [   2.074s] ( 586/3773) [35;1mralphus-core[0m [36mprocess::tests[0m[36m::[0m[34;1mwhich_finds_a_binary_known_to_exist_in_this_test_environment[0m
[32;1m        PASS[0m [   0.824s] ( 587/3773) [35;1mralphus-core[0m [36mschema::tests[0m[36m::[0m[34;1menvironment_deserializes_at_task_and_cell_level[0m
[32;1m        PASS[0m [   0.817s] ( 588/3773) [35;1mralphus-core[0m [36mschema::tests[0m[36m::[0m[34;1mfirst_worktree_placeholder_in_text_finds_a_nested_sentinel_form[0m
[32;1m        PASS[0m [   0.876s] ( 589/3773) [35;1mralphus-core[0m [36mschema::tests[0m[36m::[0m[34;1mfirst_worktree_placeholder_in_text_finds_bare_and_wrapped_forms[0m
[32;1m        PASS[0m [   0.778s] ( 590/3773) [35;1mralphus-core[0m [36mschema::tests[0m[36m::[0m[34;1mlink_target_valid_for_scope_matches_each_level[0m
[32;1m        PASS[0m [   0.935s] ( 591/3773) [35;1mralphus-core[0m [36mschema::tests[0m[36m::[0m[34;1menvironment_deserializes_on_task_and_cell_proof_steps[0m
[32;1m        PASS[0m [   0.804s] ( 592/3773) [35;1mralphus-core[0m [36mschema::tests[0m[36m::[0m[34;1mmachine_accepts_the_local_literal_case_insensitively[0m
[32;1m        PASS[0m [   0.845s] ( 593/3773) [35;1mralphus-core[0m [36mschema::tests[0m[36m::[0m[34;1mfrom_candidate_builds_the_final_resolved_value[0m
[32;1m        PASS[0m [   0.820s] ( 594/3773) [35;1mralphus-core[0m [36mschema::tests[0m[36m::[0m[34;1mmachine_parses_scheme_and_opaque_uri[0m
[32;1m        PASS[0m [   0.874s] ( 595/3773) [35;1mralphus-core[0m [36mschema::tests[0m[36m::[0m[34;1mmachine_rejects_a_windows_drive_letter_rather_than_reading_it_as_a_scheme[0m
[32;1m        PASS[0m [   0.889s] ( 596/3773) [35;1mralphus-core[0m [36mschema::tests[0m[36m::[0m[34;1mmaximum_tool_output_tokens_supported_by_claude_code_codex_and_pi[0m
[32;1m        PASS[0m [   0.906s] ( 597/3773) [35;1mralphus-core[0m [36mschema::tests[0m[36m::[0m[34;1mmachine_rejects_malformed_values[0m
[32;1m        PASS[0m [   0.919s] ( 598/3773) [35;1mralphus-core[0m [36mschema::tests[0m[36m::[0m[34;1mmaximum_tool_output_tokens_rejected_for_bare_claude_ollama_and_raw[0m
[32;1m        PASS[0m [   0.897s] ( 599/3773) [35;1mralphus-core[0m [36mschema::tests[0m[36m::[0m[34;1mno_commit_required_defaults_to_false[0m
[32;1m        PASS[0m [   0.085s] ( 600/3773) [35;1mralphus-core[0m [36mschema::tests[0m[36m::[0m[34;1mtext_fn_basename_strips_trailing_separators_first[0m
[32;1m        PASS[0m [   0.938s] ( 601/3773) [35;1mralphus-core[0m [36mschema::tests[0m[36m::[0m[34;1mparse_link_target_recognizes_every_shape[0m
[32;1m        PASS[0m [   0.960s] ( 602/3773) [35;1mralphus-core[0m [36mschema::tests[0m[36m::[0m[34;1mparse_linked_field_ignores_non_matching_scheme[0m
[32;1m        PASS[0m [   0.757s] ( 603/3773) [35;1mralphus-core[0m [36mschema::tests[0m[36m::[0m[34;1mparse_linked_field_path_reads_parent_reference[0m
[32;1m        PASS[0m [   2.750s] ( 604/3773) [35;1mralphus-core[0m [36mprocess::tests[0m[36m::[0m[34;1mwhich_returns_none_for_a_program_that_cannot_exist[0m
[32;1m        PASS[0m [   0.860s] ( 605/3773) [35;1mralphus-core[0m [36mschema::tests[0m[36m::[0m[34;1mparse_linked_field_query_reads_a_registered_function[0m
[32;1m        PASS[0m [   3.951s] ( 606/3773) [35;1mralphus-cli::cli_integration[0m [34;1munreachable_daemon_exits_1_with_hint[0m
[32;1m        PASS[0m [   0.905s] ( 607/3773) [35;1mralphus-core[0m [36mschema::tests[0m[36m::[0m[34;1mparse_linked_field_path_rejects_empty_path[0m
[32;1m        PASS[0m [   0.874s] ( 608/3773) [35;1mralphus-core[0m [36mschema::tests[0m[36m::[0m[34;1mparse_linked_field_path_rejects_missing_navigation[0m
[32;1m        PASS[0m [   0.879s] ( 609/3773) [35;1mralphus-core[0m [36mschema::tests[0m[36m::[0m[34;1mparse_linked_field_query_rejects_an_unregistered_function[0m
[32;1m        PASS[0m [   1.097s] ( 610/3773) [35;1mralphus-core[0m [36mschema::tests[0m[36m::[0m[34;1mparse_linked_field_path_reads_multiple_levels_up[0m
[32;1m        PASS[0m [   0.994s] ( 611/3773) [35;1mralphus-core[0m [36mschema::tests[0m[36m::[0m[34;1mparse_linked_field_path_rejects_invalid_navigation_segment[0m
[32;1m        PASS[0m [   0.880s] ( 612/3773) [35;1mralphus-core[0m [36mschema::tests[0m[36m::[0m[34;1mproof_machine_inherits_from_its_owner[0m
[32;1m        PASS[0m [   1.015s] ( 613/3773) [35;1mralphus-core[0m [36mschema::tests[0m[36m::[0m[34;1mparse_linked_field_query_rejects_a_malformed_expression[0m
[32;1m        PASS[0m [   1.109s] ( 614/3773) [35;1mralphus-core[0m [36mschema::tests[0m[36m::[0m[34;1mparse_linked_field_path_reads_same_table_reference[0m
[32;1m        PASS[0m [   1.014s] ( 615/3773) [35;1mralphus-core[0m [36mschema::tests[0m[36m::[0m[34;1mparse_linked_field_query_rejects_an_empty_expression[0m
[32;1m        PASS[0m [   1.007s] ( 616/3773) [35;1mralphus-core[0m [36mschema::tests[0m[36m::[0m[34;1mparse_linked_field_query_rejects_an_unknown_param[0m
[32;1m        PASS[0m [   0.915s] ( 617/3773) [35;1mralphus-core[0m [36mschema::tests[0m[36m::[0m[34;1mresolve_panics_on_an_unwalked_candidate_list[0m
[32;1m        PASS[0m [   0.898s] ( 618/3773) [35;1mralphus-core[0m [36mschema::tests[0m[36m::[0m[34;1mreview_action_cleanup_command_and_input_deserialize[0m
[32;1m        PASS[0m [   1.113s] ( 619/3773) [35;1mralphus-core[0m [36mschema::tests[0m[36m::[0m[34;1mparse_linked_field_path_rejects_empty_field_segment[0m
[32;1m        PASS[0m [   1.047s] ( 620/3773) [35;1mralphus-core[0m [36mschema::tests[0m[36m::[0m[34;1mparse_linked_field_reads_the_path[0m
[32;1m        PASS[0m [   0.992s] ( 621/3773) [35;1mralphus-core[0m [36mschema::tests[0m[36m::[0m[34;1mproof_maximum_tool_output_tokens_inherits_from_its_owner[0m
[32;1m        PASS[0m [   1.029s] ( 622/3773) [35;1mralphus-core[0m [36mschema::tests[0m[36m::[0m[34;1mparse_linked_field_splits_off_the_query[0m
[32;1m        PASS[0m [   0.862s] ( 623/3773) [35;1mralphus-core[0m [36mschema::tests[0m[36m::[0m[34;1mreview_skip_auto_build_defaults_to_false[0m
[32;1m        PASS[0m [   1.037s] ( 624/3773) [35;1mralphus-core[0m [36mschema::tests[0m[36m::[0m[34;1mreview_action_cleanup_command_and_input_default_to_empty[0m
[32;1m        PASS[0m [   0.868s] ( 625/3773) [35;1mralphus-core[0m [36mschema::tests[0m[36m::[0m[34;1msystem_prompt_fields_default_to_none[0m
[32;1m        PASS[0m [   0.860s] ( 626/3773) [35;1mralphus-core[0m [36mschema::tests[0m[36m::[0m[34;1mtext_fn_basename_handles_all_separators_and_empty_input[0m
[32;1m        PASS[0m [   0.887s] ( 627/3773) [35;1mralphus-core[0m [36mschema::tests[0m[36m::[0m[34;1msystem_prompt_fields_deserialize[0m
[32;1m        PASS[0m [   0.962s] ( 628/3773) [35;1mralphus-core[0m [36mschema::tests[0m[36m::[0m[34;1mreview_proof_scope_deserializes_and_defaults_to_none[0m
[32;1m        PASS[0m [   1.080s] ( 629/3773) [35;1mralphus-core[0m [36mschema::tests[0m[36m::[0m[34;1mreview_auto_build_command_form_deserializes[0m
[32;1m        PASS[0m [   1.095s] ( 630/3773) [35;1mralphus-core[0m [36mschema::tests[0m[36m::[0m[34;1mreview_auto_build_agent_form_deserializes[0m
[32;1m        PASS[0m [   0.929s] ( 631/3773) [35;1mralphus-core[0m [36mschema::tests[0m[36m::[0m[34;1mtext_fn_basename_passes_through_a_bare_name[0m
[32;1m        PASS[0m [   0.837s] ( 632/3773) [35;1mralphus-core[0m [36mschema::tests[0m[36m::[0m[34;1mtext_fn_basename_takes_the_final_path_component[0m
[32;1m        PASS[0m [   1.664s] ( 633/3773) [35;1mralphus-core[0m [36mschema::tests[0m[36m::[0m[34;1mno_commit_required_true_deserializes[0m
[32;1m        PASS[0m [   0.890s] ( 634/3773) [35;1mralphus-core[0m [36mschema::tests[0m[36m::[0m[34;1mtext_placeholders_extracts_embedded_marker_bodies[0m
[32;1m        PASS[0m [   0.879s] ( 635/3773) [35;1mralphus-core[0m [36mschema::tests[0m[36m::[0m[34;1mtext_placeholders_keeps_a_nested_sentinel_inside_the_outer_body[0m
[32;1m        PASS[0m [   0.887s] ( 636/3773) [35;1mralphus-core[0m [36mschema::tests[0m[36m::[0m[34;1mtriage_type_deserializes_array_of_strings[0m
[32;1m        PASS[0m [   1.010s] ( 637/3773) [35;1mralphus-core[0m [36mschema::tests[0m[36m::[0m[34;1mtoplevel_review_deserializes[0m
[32;1m        PASS[0m [   0.974s] ( 638/3773) [35;1mralphus-core[0m [36mschema::tests[0m[36m::[0m[34;1mtriage_type_deserializes_bare_string_as_single_element_list[0m
[32;1m        PASS[0m [   1.005s] ( 639/3773) [35;1mralphus-core[0m [36mschema::tests[0m[36m::[0m[34;1mupstream_task_ref_matches_simple_task[0m
[32;1m        PASS[0m [   1.027s] ( 640/3773) [35;1mralphus-core[0m [36mschema::tests[0m[36m::[0m[34;1mupstream_task_ref_matches_task_cell[0m
[32;1m        PASS[0m [   0.869s] ( 641/3773) [35;1mralphus-core[0m [36mschema::tests[0m[36m::[0m[34;1mworktree_placeholder_parses[0m
[32;1m        PASS[0m [   0.946s] ( 642/3773) [35;1mralphus-core[0m [36mschema::tests[0m[36m::[0m[34;1mworktree_placeholder_strips_the_upstream_query_from_the_branch[0m
[32;1m        PASS[0m [   1.010s] ( 643/3773) [35;1mralphus-core[0m [36mschema::tests[0m[36m::[0m[34;1mupstream_task_ref_none_for_plain_branch[0m
[32;1m        PASS[0m [   1.012s] ( 644/3773) [35;1mralphus-core[0m [36mschema::tests[0m[36m::[0m[34;1mworktree_placeholder_rejects_plain_paths[0m
[32;1m        PASS[0m [   0.905s] ( 645/3773) [35;1mralphus-core[0m [36mschema::tests[0m[36m::[0m[34;1mworktree_upstream_sentinel_recognition[0m
[32;1m        PASS[0m [   0.948s] ( 646/3773) [35;1mralphus-core[0m [36mschema::tests[0m[36m::[0m[34;1mworktree_placeholder_upstream_parses[0m
[32;1m        PASS[0m [   0.994s] ( 647/3773) [35;1mralphus-core[0m [36mschema::tests[0m[36m::[0m[34;1mworktree_placeholder_upstream_is_none_when_absent_or_malformed[0m
[32;1m        PASS[0m [   1.062s] ( 648/3773) [35;1mralphus-core[0m [36mschema::tests[0m[36m::[0m[34;1mworktree_placeholder_rejects_empty_branch[0m
[32;1m        PASS[0m [   0.970s] ( 649/3773) [35;1mralphus-core[0m [36mshellcmd::tests[0m[36m::[0m[34;1mbuild_compound_command_line_appends_quoted_args[0m
[32;1m        PASS[0m [   0.946s] ( 650/3773) [35;1mralphus-core[0m [36mshellcmd::tests[0m[36m::[0m[34;1mbuild_program_command_line_adds_call_operator_for_powershell[0m
[32;1m        PASS[0m [   0.951s] ( 651/3773) [35;1mralphus-core[0m [36mshellcmd::tests[0m[36m::[0m[34;1mis_compound_command_detects_double_dash_wrapper[0m
[32;1m        PASS[0m [   1.050s] ( 652/3773) [35;1mralphus-core[0m [36mshellcmd::tests[0m[36m::[0m[34;1mbuild_program_command_line_no_call_operator_for_bash[0m
[32;1m        PASS[0m [   1.051s] ( 653/3773) [35;1mralphus-core[0m [36mshellcmd::tests[0m[36m::[0m[34;1mis_compound_command_detects_multiword[0m
[32;1m        PASS[0m [   1.047s] ( 654/3773) [35;1mralphus-core[0m [36mtests[0m[36m::[0m[34;1mexpand_home_does_not_touch_another_users_tilde[0m
[32;1m        PASS[0m [   1.088s] ( 655/3773) [35;1mralphus-core[0m [36mshellcmd::tests[0m[36m::[0m[34;1mquote_for_shell_powershell_doubles_single_quotes[0m
[32;1m        PASS[0m [   1.038s] ( 656/3773) [35;1mralphus-core[0m [36mtests[0m[36m::[0m[34;1mexpand_home_expands_bare_tilde[0m
[32;1m        PASS[0m [   1.150s] ( 657/3773) [35;1mralphus-core[0m [36mshellcmd::tests[0m[36m::[0m[34;1mquote_for_shell_cmd_wraps_on_space[0m
[32;1m        PASS[0m [   1.191s] ( 658/3773) [35;1mralphus-core[0m [36mshellcmd::tests[0m[36m::[0m[34;1mquote_for_shell_posix_passes_through_safe_tokens[0m
[32;1m        PASS[0m [   1.137s] ( 659/3773) [35;1mralphus-core[0m [36mtests[0m[36m::[0m[34;1mexpand_home_expands_tilde_backslash[0m
[32;1m        PASS[0m [   1.118s] ( 660/3773) [35;1mralphus-core[0m [36mtests[0m[36m::[0m[34;1mexpand_home_expands_tilde_slash[0m
[32;1m        PASS[0m [   1.114s] ( 661/3773) [35;1mralphus-core[0m [36mtests[0m[36m::[0m[34;1mexpand_home_leaves_a_plain_path_unchanged[0m
[32;1m        PASS[0m [   1.214s] ( 662/3773) [35;1mralphus-core[0m [36mtests[0m[36m::[0m[34;1mstrip_verbatim_prefix_leaves_a_unix_style_path_unchanged[0m
[32;1m        PASS[0m [   1.242s] ( 663/3773) [35;1mralphus-core[0m [36mtests[0m[36m::[0m[34;1mstrip_verbatim_prefix_leaves_a_plain_path_unchanged[0m
[32;1m        PASS[0m [   5.745s] ( 664/3773) [35;1mralphus-cli::cli_integration[0m [34;1mrenamed_binary_uses_its_actual_name_in_cli_examples[0m
[32;1m        PASS[0m [   1.190s] ( 665/3773) [35;1mralphus-core[0m [36mtests[0m[36m::[0m[34;1mversion_is_non_empty[0m
[32;1m        PASS[0m [   1.159s] ( 666/3773) [35;1mralphus-core[0m [36mthrash::tests[0m[36m::[0m[34;1mcustom_thresholds_are_honored[0m
[32;1m        PASS[0m [   1.181s] ( 667/3773) [35;1mralphus-core[0m [36mthrash::tests[0m[36m::[0m[34;1mcustom_thresholds_with_a_healthy_gap_do_not_thrash[0m
[32;1m        PASS[0m [   1.261s] ( 668/3773) [35;1mralphus-core[0m [36mthrash::tests[0m[36m::[0m[34;1ma_gap_exactly_at_the_threshold_does_not_thrash[0m
[32;1m        PASS[0m [   1.364s] ( 669/3773) [35;1mralphus-core[0m [36mtests[0m[36m::[0m[34;1mstrip_verbatim_prefix_strips_a_verbatim_disk_path[0m
[32;1m        PASS[0m [   1.311s] ( 670/3773) [35;1mralphus-core[0m [36mthrash::tests[0m[36m::[0m[34;1ma_gap_one_below_the_threshold_thrashes[0m
[32;1m        PASS[0m [   1.361s] ( 671/3773) [35;1mralphus-core[0m [36mtests[0m[36m::[0m[34;1mstrip_verbatim_prefix_strips_a_verbatim_unc_path[0m
[32;1m        PASS[0m [   1.347s] ( 672/3773) [35;1mralphus-core[0m [36mtests[0m[36m::[0m[34;1mversion_matches_constant[0m
[32;1m        PASS[0m [   6.076s] ( 673/3773) [35;1mralphus-cli::cli_integration[0m [34;1mget_walks_dotted_field_path[0m
[32;1m        PASS[0m [   1.344s] ( 674/3773) [35;1mralphus-core[0m [36mthrash::tests[0m[36m::[0m[34;1ma_single_isolated_occurrence_never_thrashes[0m
[32;1m        PASS[0m [   1.149s] ( 675/3773) [35;1mralphus-core[0m [36mthrash::tests[0m[36m::[0m[34;1mhealthy_cadence_with_many_occurrences_never_thrashes[0m
[32;1m        PASS[0m [   1.268s] ( 676/3773) [35;1mralphus-core[0m [36mthrash::tests[0m[36m::[0m[34;1mfewer_than_n_occurrences_never_thrashes_even_with_a_zero_gap[0m
[32;1m        PASS[0m [   5.821s] ( 677/3773) [35;1mralphus-cli::cli_integration[0m [34;1mvalidate_reports_missing_file_as_usage_style_error_not_panic[0m
[32;1m        PASS[0m [   1.080s] ( 678/3773) [35;1mralphus-core[0m [36muri::tests[0m[36m::[0m[34;1ma_produced_slash_label_is_percent_encoded_and_decodes_back[0m
[32;1m        PASS[0m [   1.011s] ( 679/3773) [35;1mralphus-core[0m [36muri::tests[0m[36m::[0m[34;1ma_question_mark_inside_a_label_is_part_of_the_label[0m
[32;1m        PASS[0m [   1.260s] ( 680/3773) [35;1mralphus-core[0m [36mthrash::tests[0m[36m::[0m[34;1monce_thrashed_a_later_occurrence_can_thrash_again[0m
[32;1m        PASS[0m [   1.178s] ( 681/3773) [35;1mralphus-core[0m [36mthrash::tests[0m[36m::[0m[34;1mthe_nth_occurrence_with_a_gap_under_m_thrashes[0m
[32;1m        PASS[0m [   1.197s] ( 682/3773) [35;1mralphus-core[0m [36muri::tests[0m[36m::[0m[34;1ma_positional_query_value_is_emitted_raw_and_a_name_is_escaped[0m
[32;1m        PASS[0m [   1.054s] ( 683/3773) [35;1mralphus-core[0m [36muri::tests[0m[36m::[0m[34;1ma_sigil_token_is_positional_and_a_bare_token_is_a_name[0m
[32;1m        PASS[0m [   1.012s] ( 684/3773) [35;1mralphus-core[0m [36muri::tests[0m[36m::[0m[34;1man_ambiguous_name_is_an_error_listing_positions[0m
[32;1m        PASS[0m [   1.029s] ( 685/3773) [35;1mralphus-core[0m [36muri::tests[0m[36m::[0m[34;1mencode_and_decode_round_trip_non_ascii[0m
[32;1m        PASS[0m [   6.215s] ( 686/3773) [35;1mralphus-cli::cli_integration[0m [34;1mstatus_prints_squad_list_table[0m
[32;1m        PASS[0m [   1.036s] ( 687/3773) [35;1mralphus-core[0m [36muri::tests[0m[36m::[0m[34;1mencode_label_leaves_the_readable_case_alone[0m
[32;1m        PASS[0m [   1.105s] ( 688/3773) [35;1mralphus-core[0m [36muri::tests[0m[36m::[0m[34;1maccepts_the_bare_shorthand_without_the_scheme[0m
[32;1m        PASS[0m [   1.123s] ( 689/3773) [35;1mralphus-core[0m [36muri::tests[0m[36m::[0m[34;1ma_slash_inside_a_review_label_survives_because_groups_are_extracted_first[0m
[32;1m        PASS[0m [  14.022s] ( 690/3773) [35;1mralphus-cli[0m [36mcommands::quick_start::tests[0m[36m::[0m[34;1mmanager_codex_without_read_only_omits_sandbox_flag[0m
[32;1m        PASS[0m [   1.068s] ( 691/3773) [35;1mralphus-core[0m [36muri::tests[0m[36m::[0m[34;1mevery_grammar_token_is_escaped_inside_a_label[0m
[32;1m        PASS[0m [   1.179s] ( 692/3773) [35;1mralphus-core[0m [36muri::tests[0m[36m::[0m[34;1mparses_a_bare_squad_uri[0m
[32;1m        PASS[0m [   1.240s] ( 693/3773) [35;1mralphus-core[0m [36muri::tests[0m[36m::[0m[34;1mlooks_like_uri_ignores_legacy_selectors_and_toml_links[0m
[32;1m        PASS[0m [   1.138s] ( 694/3773) [35;1mralphus-core[0m [36muri::tests[0m[36m::[0m[34;1mrejects_a_shape_that_addresses_nothing[0m
[32;1m        PASS[0m [   1.001s] ( 695/3773) [35;1mralphus-core[0m [36muri::tests[0m[36m::[0m[34;1mthe_index_sigil_is_unreserved_and_a_hash_is_just_a_label_character[0m
[32;1m        PASS[0m [   1.110s] ( 696/3773) [35;1mralphus-core[0m [36muri::tests[0m[36m::[0m[34;1mrejects_unbalanced_and_malformed_brackets[0m
[32;1m        PASS[0m [   1.110s] ( 697/3773) [35;1mralphus-core[0m [36muri::tests[0m[36m::[0m[34;1mrejects_worktree_and_combined_together_and_on_a_squad[0m
[32;1m        PASS[0m [   1.022s] ( 698/3773) [35;1mralphus-core[0m [36muri::tests[0m[36m::[0m[34;1mtoken_resolution_matches_names_and_positions[0m
[32;1m        PASS[0m [   1.199s] ( 699/3773) [35;1mralphus-core[0m [36muri::tests[0m[36m::[0m[34;1mrejects_a_bad_percent_escape_instead_of_passing_it_through[0m
[32;1m        PASS[0m [   1.022s] ( 700/3773) [35;1mralphus-core[0m [36mvalidate::tests[0m[36m::[0m[34;1ma_task_file_that_never_mentions_machine_still_validates[0m
[32;1m        PASS[0m [   6.609s] ( 701/3773) [35;1mralphus-cli::cli_integration[0m [34;1mstatus_json_mode_emits_raw_json[0m
[32;1m        PASS[0m [   1.027s] ( 702/3773) [35;1mralphus-core[0m [36mvalidate::tests[0m[36m::[0m[34;1magent_candidate_list_cannot_be_empty[0m
[32;1m        PASS[0m [   0.936s] ( 703/3773) [35;1mralphus-core[0m [36mvalidate::tests[0m[36m::[0m[34;1magent_candidate_list_is_valid[0m
[32;1m        PASS[0m [   0.926s] ( 704/3773) [35;1mralphus-core[0m [36mvalidate::tests[0m[36m::[0m[34;1magent_candidate_missing_agent_key_rejected[0m
[32;1m        PASS[0m [   1.250s] ( 705/3773) [35;1mralphus-core[0m [36muri::tests[0m[36m::[0m[34;1mrejects_an_unknown_segment_type_and_query_key[0m
[32;1m        PASS[0m [   0.935s] ( 706/3773) [35;1mralphus-core[0m [36mvalidate::tests[0m[36m::[0m[34;1magent_candidate_unknown_key_rejected[0m
[32;1m        PASS[0m [   6.789s] ( 707/3773) [35;1mralphus-cli::cli_integration[0m [34;1mnot_found_maps_to_exit_code_3[0m
[32;1m        PASS[0m [   0.877s] ( 708/3773) [35;1mralphus-core[0m [36mvalidate::tests[0m[36m::[0m[34;1mbare_unwrapped_placeholder_cwd_is_rejected[0m
[32;1m        PASS[0m [   0.874s] ( 709/3773) [35;1mralphus-core[0m [36mvalidate::tests[0m[36m::[0m[34;1mcell_candidate_list_inherits_from_task_level_gating[0m
[32;1m        PASS[0m [   1.306s] ( 710/3773) [35;1mralphus-core[0m [36muri::tests[0m[36m::[0m[34;1mround_trips_through_display[0m
[32;1m        PASS[0m [   6.838s] ( 711/3773) [35;1mralphus-cli::cli_integration[0m [34;1mrequests_carry_the_bearer_token_from_the_env_override[0m
[32;1m        PASS[0m [   0.925s] ( 712/3773) [35;1mralphus-core[0m [36mvalidate::tests[0m[36m::[0m[34;1mcell_needs_cwd[0m
[32;1m        PASS[0m [   1.163s] ( 713/3773) [35;1mralphus-core[0m [36mvalidate::tests[0m[36m::[0m[34;1magent_candidate_list_conflicts_with_sibling_model[0m
[32;1m        PASS[0m [   1.035s] ( 714/3773) [35;1mralphus-core[0m [36mvalidate::tests[0m[36m::[0m[34;1mauto_compact_threshold_valid_for_claude_code_alone[0m
[32;1m        PASS[0m [   1.039s] ( 715/3773) [35;1mralphus-core[0m [36mvalidate::tests[0m[36m::[0m[34;1mauto_fix_template_has_placeholder_checks_the_literal_substring[0m
[32;1m        PASS[0m [   1.090s] ( 716/3773) [35;1mralphus-core[0m [36mvalidate::tests[0m[36m::[0m[34;1mauto_compact_threshold_rejected_for_default_agent[0m
[32;1m        PASS[0m [   1.043s] ( 717/3773) [35;1mralphus-core[0m [36mvalidate::tests[0m[36m::[0m[34;1mbare_unwrapped_placeholder_cwd_still_requires_project[0m
[32;1m        PASS[0m [  14.893s] ( 718/3773) [35;1mralphus-cli[0m [36mcommands::quick_start::tests[0m[36m::[0m[34;1mmanager_claude_code_merges_user_system_prompt_file_into_one_flag[0m
[32;1m        PASS[0m [   0.976s] ( 719/3773) [35;1mralphus-core[0m [36mvalidate::tests[0m[36m::[0m[34;1mcell_review_must_be_string_not_table[0m
[32;1m        PASS[0m [  14.783s] ( 720/3773) [35;1mralphus-cli[0m [36mcommands::quick_start::tests[0m[36m::[0m[34;1mmanager_codex_read_only_adds_sandbox_flag[0m
[32;1m        PASS[0m [   1.079s] ( 721/3773) [35;1mralphus-core[0m [36mvalidate::tests[0m[36m::[0m[34;1mcell_review_bare_new_review_placeholder_rejected[0m
[32;1m        PASS[0m [   1.088s] ( 722/3773) [35;1mralphus-core[0m [36mvalidate::tests[0m[36m::[0m[34;1mcell_needs_prompt_or_command[0m
[32;1m        PASS[0m [   1.091s] ( 723/3773) [35;1mralphus-core[0m [36mvalidate::tests[0m[36m::[0m[34;1mcell_review_bare_plain_id_rejected[0m
[32;1m        PASS[0m [   0.936s] ( 724/3773) [35;1mralphus-core[0m [36mvalidate::tests[0m[36m::[0m[34;1mcommand_cell_remediation_attempts_zero_is_rejected[0m
[32;1m        PASS[0m [  15.024s] ( 725/3773) [35;1mralphus-cli[0m [36mcommands::quick_start::tests[0m[36m::[0m[34;1mmanager_claude_code_forwards_extra_passthrough_args[0m
[32;1m        PASS[0m [   1.178s] ( 726/3773) [35;1mralphus-core[0m [36mvalidate::tests[0m[36m::[0m[34;1mcell_review_empty_rejected[0m
[32;1m        PASS[0m [  14.943s] ( 727/3773) [35;1mralphus-cli[0m [36mcommands::quick_start::tests[0m[36m::[0m[34;1mmanager_codex_launch_failure_returns_2[0m
[32;1m        PASS[0m [   0.975s] ( 728/3773) [35;1mralphus-core[0m [36mvalidate::tests[0m[36m::[0m[34;1mcommand_only_cell_defaults_to_remediating_and_requires_remediation_attempts[0m
[32;1m        PASS[0m [   1.100s] ( 729/3773) [35;1mralphus-core[0m [36mvalidate::tests[0m[36m::[0m[34;1mcommand_cell_with_explicit_remediating_mode_is_valid[0m
[32;1m        PASS[0m [   1.124s] ( 730/3773) [35;1mralphus-core[0m [36mvalidate::tests[0m[36m::[0m[34;1mcommand_cell_remediation_attempts_negative_is_rejected[0m
[32;1m        PASS[0m [   1.148s] ( 731/3773) [35;1mralphus-core[0m [36mvalidate::tests[0m[36m::[0m[34;1mcell_review_wrapped_plain_id_is_valid[0m
[32;1m        PASS[0m [   1.047s] ( 732/3773) [35;1mralphus-core[0m [36mvalidate::tests[0m[36m::[0m[34;1mcommand_cell_with_raw_mode_and_remediation_attempts_conflicts[0m
[32;1m        PASS[0m [   0.976s] ( 733/3773) [35;1mralphus-core[0m [36mvalidate::tests[0m[36m::[0m[34;1mdefault_environment_text_query_with_an_unregistered_function_is_rejected[0m
[32;1m        PASS[0m [   0.988s] ( 734/3773) [35;1mralphus-core[0m [36mvalidate::tests[0m[36m::[0m[34;1mdefault_environment_with_linked_field_is_valid[0m
[32;1m        PASS[0m [   1.075s] ( 735/3773) [35;1mralphus-core[0m [36mvalidate::tests[0m[36m::[0m[34;1mcommand_only_cell_is_valid[0m
[32;1m        PASS[0m [  15.155s] ( 736/3773) [35;1mralphus-cli[0m [36mcommands::quick_start::tests[0m[36m::[0m[34;1mmanager_codex_bare_path_invocation_spawns_expected_argv[0m
[32;1m        PASS[0m [   1.106s] ( 737/3773) [35;1mralphus-core[0m [36mvalidate::tests[0m[36m::[0m[34;1mcommand_cell_with_unknown_mode_value_is_rejected[0m
[32;1m        PASS[0m [   0.865s] ( 738/3773) [35;1mralphus-core[0m [36mvalidate::tests[0m[36m::[0m[34;1mdependency_cycle_detected[0m
[32;1m        PASS[0m [   1.100s] ( 739/3773) [35;1mralphus-core[0m [36mvalidate::tests[0m[36m::[0m[34;1mcommand_only_cell_with_explicit_raw_mode_is_valid[0m
[32;1m        PASS[0m [   1.084s] ( 740/3773) [35;1mralphus-core[0m [36mvalidate::tests[0m[36m::[0m[34;1mdefault_environment_malformed_linked_field_is_rejected[0m
[32;1m        PASS[0m [   1.119s] ( 741/3773) [35;1mralphus-core[0m [36mvalidate::tests[0m[36m::[0m[34;1mcross_task_dep_is_not_flagged_here[0m
[32;1m        PASS[0m [   1.077s] ( 742/3773) [35;1mralphus-core[0m [36mvalidate::tests[0m[36m::[0m[34;1mdefault_environment_wrong_type_is_rejected[0m
[32;1m        PASS[0m [   0.892s] ( 743/3773) [35;1mralphus-core[0m [36mvalidate::tests[0m[36m::[0m[34;1mempty_requires_a_task[0m
[32;1m        PASS[0m [   0.872s] ( 744/3773) [35;1mralphus-core[0m [36mvalidate::tests[0m[36m::[0m[34;1menvironment_invalid_key_on_a_proof_step_reported[0m
[32;1m        PASS[0m [   0.936s] ( 745/3773) [35;1mralphus-core[0m [36mvalidate::tests[0m[36m::[0m[34;1mduplicate_task_names[0m
[32;1m        PASS[0m [   0.904s] ( 746/3773) [35;1mralphus-core[0m [36mvalidate::tests[0m[36m::[0m[34;1menvironment_accepted_on_proof_steps[0m
[32;1m        PASS[0m [   0.914s] ( 747/3773) [35;1mralphus-core[0m [36mvalidate::tests[0m[36m::[0m[34;1menvironment_chained_link_to_environment_key_is_valid[0m
[32;1m        PASS[0m [   0.895s] ( 748/3773) [35;1mralphus-core[0m [36mvalidate::tests[0m[36m::[0m[34;1menvironment_invalid_key_reported[0m
[32;1m        PASS[0m [   0.921s] ( 749/3773) [35;1mralphus-core[0m [36mvalidate::tests[0m[36m::[0m[34;1menvironment_accepted_on_task_and_cell[0m
[32;1m        PASS[0m [   0.904s] ( 750/3773) [35;1mralphus-core[0m [36mvalidate::tests[0m[36m::[0m[34;1menvironment_link_malformed_sentinel_reported[0m
[32;1m        PASS[0m [   0.907s] ( 751/3773) [35;1mralphus-core[0m [36mvalidate::tests[0m[36m::[0m[34;1menvironment_link_past_the_top_of_the_submission_is_rejected[0m
[32;1m        PASS[0m [  15.232s] ( 752/3773) [35;1mralphus-cli[0m [36mcommands::quick_start::tests[0m[36m::[0m[34;1mmanager_pi_read_only_uses_no_approve_and_prompt_guidance[0m
[32;1m        PASS[0m [   0.919s] ( 753/3773) [35;1mralphus-core[0m [36mvalidate::tests[0m[36m::[0m[34;1menvironment_link_missing_navigation_is_rejected[0m
[32;1m        PASS[0m [   0.896s] ( 754/3773) [35;1mralphus-core[0m [36mvalidate::tests[0m[36m::[0m[34;1menvironment_link_self_cycle_is_rejected[0m
[32;1m        PASS[0m [   0.912s] ( 755/3773) [35;1mralphus-core[0m [36mvalidate::tests[0m[36m::[0m[34;1menvironment_link_to_a_parent_cwd_from_a_proof_step_is_valid[0m
[32;1m        PASS[0m [   0.923s] ( 756/3773) [35;1mralphus-core[0m [36mvalidate::tests[0m[36m::[0m[34;1menvironment_link_to_a_parent_environment_key_is_rejected[0m
[32;1m        PASS[0m [   0.965s] ( 757/3773) [35;1mralphus-core[0m [36mvalidate::tests[0m[36m::[0m[34;1menvironment_link_target_that_is_a_plain_literal_is_valid[0m
[32;1m        PASS[0m [   0.895s] ( 758/3773) [35;1mralphus-core[0m [36mvalidate::tests[0m[36m::[0m[34;1menvironment_link_to_cwd_from_a_task_scoped_proof_step_is_rejected[0m
[32;1m        PASS[0m [   0.885s] ( 759/3773) [35;1mralphus-core[0m [36mvalidate::tests[0m[36m::[0m[34;1menvironment_link_to_cwd_is_valid[0m
[32;1m        PASS[0m [   0.890s] ( 760/3773) [35;1mralphus-core[0m [36mvalidate::tests[0m[36m::[0m[34;1menvironment_link_to_cwd_with_trailing_literal_text_is_valid[0m
[32;1m        PASS[0m [   0.882s] ( 761/3773) [35;1mralphus-core[0m [36mvalidate::tests[0m[36m::[0m[34;1menvironment_link_to_unknown_field_is_rejected[0m
[32;1m        PASS[0m [   0.981s] ( 762/3773) [35;1mralphus-core[0m [36mvalidate::tests[0m[36m::[0m[34;1menvironment_link_to_unknown_environment_key_is_rejected[0m
[32;1m        PASS[0m [   1.075s] ( 763/3773) [35;1mralphus-core[0m [36mvalidate::tests[0m[36m::[0m[34;1menvironment_link_to_own_proof_step_id_is_valid[0m
[32;1m        PASS[0m [   1.038s] ( 764/3773) [35;1mralphus-core[0m [36mvalidate::tests[0m[36m::[0m[34;1menvironment_link_to_parent_cell_id_from_a_proof_step_is_valid[0m
[32;1m        PASS[0m [   0.905s] ( 765/3773) [35;1mralphus-core[0m [36mvalidate::tests[0m[36m::[0m[34;1menvironment_wrong_type_reported[0m
[32;1m        PASS[0m [   1.040s] ( 766/3773) [35;1mralphus-core[0m [36mvalidate::tests[0m[36m::[0m[34;1menvironment_link_two_key_cycle_is_rejected[0m
[32;1m        PASS[0m [   1.070s] ( 767/3773) [35;1mralphus-core[0m [36mvalidate::tests[0m[36m::[0m[34;1menvironment_link_to_unset_proof_step_id_is_rejected[0m
[32;1m        PASS[0m [   0.929s] ( 768/3773) [35;1mralphus-core[0m [36mvalidate::tests[0m[36m::[0m[34;1mgood_file_passes[0m
[32;1m        PASS[0m [   0.935s] ( 769/3773) [35;1mralphus-core[0m [36mvalidate::tests[0m[36m::[0m[34;1mintra_task_dep_not_found[0m
[32;1m        PASS[0m [   0.979s] ( 770/3773) [35;1mralphus-core[0m [36mvalidate::tests[0m[36m::[0m[34;1mlinked_field_text_query_with_a_malformed_expression_is_rejected[0m
[32;1m        PASS[0m [   1.060s] ( 771/3773) [35;1mralphus-core[0m [36mvalidate::tests[0m[36m::[0m[34;1menvironment_non_string_value_reported[0m
[32;1m        PASS[0m [   1.144s] ( 772/3773) [35;1mralphus-core[0m [36mvalidate::tests[0m[36m::[0m[34;1menvironment_non_string_value_on_a_proof_step_reported[0m
[32;1m        PASS[0m [   1.026s] ( 773/3773) [35;1mralphus-core[0m [36mvalidate::tests[0m[36m::[0m[34;1mlinked_field_text_query_with_an_unregistered_function_is_rejected[0m
[32;1m        PASS[0m [   0.989s] ( 774/3773) [35;1mralphus-core[0m [36mvalidate::tests[0m[36m::[0m[34;1mmachine_is_valid_at_every_level[0m
[32;1m        PASS[0m [   1.083s] ( 775/3773) [35;1mralphus-core[0m [36mvalidate::tests[0m[36m::[0m[34;1mlinked_field_text_query_with_a_registered_function_is_valid[0m
[32;1m        PASS[0m [   0.992s] ( 776/3773) [35;1mralphus-core[0m [36mvalidate::tests[0m[36m::[0m[34;1mmachine_that_is_actually_a_windows_path_gets_a_clear_error[0m
[32;1m        PASS[0m [   1.089s] ( 777/3773) [35;1mralphus-core[0m [36mvalidate::tests[0m[36m::[0m[34;1mlinked_field_unsupported_query_key_is_rejected[0m
[32;1m        PASS[0m [   1.055s] ( 778/3773) [35;1mralphus-core[0m [36mvalidate::tests[0m[36m::[0m[34;1mmachine_with_empty_uri_is_rejected[0m
[32;1m        PASS[0m [   1.037s] ( 779/3773) [35;1mralphus-core[0m [36mvalidate::tests[0m[36m::[0m[34;1mmachine_without_a_scheme_is_rejected[0m
[32;1m        PASS[0m [   1.021s] ( 780/3773) [35;1mralphus-core[0m [36mvalidate::tests[0m[36m::[0m[34;1mmalformed_review_link_id_reported[0m
[32;1m        PASS[0m [   1.058s] ( 781/3773) [35;1mralphus-core[0m [36mvalidate::tests[0m[36m::[0m[34;1mmaximum_budget_usd_accepted_on_task_and_cell[0m
[32;1m        PASS[0m [   1.081s] ( 782/3773) [35;1mralphus-core[0m [36mvalidate::tests[0m[36m::[0m[34;1mmachine_wrong_type_is_reported[0m
[32;1m        PASS[0m [   1.074s] ( 783/3773) [35;1mralphus-core[0m [36mvalidate::tests[0m[36m::[0m[34;1mmaximum_budget_usd_wrong_type_reported[0m
[32;1m        PASS[0m [   1.109s] ( 784/3773) [35;1mralphus-core[0m [36mvalidate::tests[0m[36m::[0m[34;1mmaximum_budget_usd_negative_rejected[0m
[32;1m        PASS[0m [   1.092s] ( 785/3773) [35;1mralphus-core[0m [36mvalidate::tests[0m[36m::[0m[34;1mmaximum_budget_usd_zero_rejected[0m
[32;1m        PASS[0m [   1.132s] ( 786/3773) [35;1mralphus-core[0m [36mvalidate::tests[0m[36m::[0m[34;1mmaximum_context_at_task_level_inherits_to_cell[0m
[32;1m        PASS[0m [   1.194s] ( 787/3773) [35;1mralphus-core[0m [36mvalidate::tests[0m[36m::[0m[34;1mmaximum_budget_usd_accepts_bare_integer[0m
[32;1m        PASS[0m [   1.221s] ( 788/3773) [35;1mralphus-core[0m [36mvalidate::tests[0m[36m::[0m[34;1mmaximum_context_deferred_to_daemon_for_custom_agent_profile[0m
[32;1m        PASS[0m [   1.207s] ( 789/3773) [35;1mralphus-core[0m [36mvalidate::tests[0m[36m::[0m[34;1mmaximum_context_must_be_positive[0m
[32;1m        PASS[0m [   1.240s] ( 790/3773) [35;1mralphus-core[0m [36mvalidate::tests[0m[36m::[0m[34;1mmaximum_context_rejected_at_task_level_for_unsupported_agent[0m
[32;1m        PASS[0m [   1.238s] ( 791/3773) [35;1mralphus-core[0m [36mvalidate::tests[0m[36m::[0m[34;1mmaximum_context_still_rejected_for_claude_code_even_when_auto_compact_threshold_is_valid[0m
[32;1m        PASS[0m [   1.190s] ( 792/3773) [35;1mralphus-core[0m [36mvalidate::tests[0m[36m::[0m[34;1mmaximum_context_wrong_type_reported[0m
[32;1m        PASS[0m [   1.301s] ( 793/3773) [35;1mralphus-core[0m [36mvalidate::tests[0m[36m::[0m[34;1mmaximum_context_rejected_for_claude_code[0m
[32;1m        PASS[0m [   1.292s] ( 794/3773) [35;1mralphus-core[0m [36mvalidate::tests[0m[36m::[0m[34;1mmaximum_context_rejected_for_ollama[0m
[32;1m        PASS[0m [   1.251s] ( 795/3773) [35;1mralphus-core[0m [36mvalidate::tests[0m[36m::[0m[34;1mmaximum_timeout_seconds_accepted_as_integer_at_all_three_scopes[0m
[32;1m        PASS[0m [   1.225s] ( 796/3773) [35;1mralphus-core[0m [36mvalidate::tests[0m[36m::[0m[34;1mmaximum_timeout_seconds_wrong_type_reports_line[0m
[32;1m        PASS[0m [   1.238s] ( 797/3773) [35;1mralphus-core[0m [36mvalidate::tests[0m[36m::[0m[34;1mmaximum_tool_output_tokens_deferred_to_daemon_for_custom_agent_profile[0m
[32;1m        PASS[0m [   1.324s] ( 798/3773) [35;1mralphus-core[0m [36mvalidate::tests[0m[36m::[0m[34;1mmaximum_context_valid_for_codex_and_pi[0m
[32;1m        PASS[0m [   1.301s] ( 799/3773) [35;1mralphus-core[0m [36mvalidate::tests[0m[36m::[0m[34;1mmaximum_timeout_seconds_unknown_at_unrelated_scope_still_flagged[0m
[32;1m        PASS[0m [   1.244s] ( 800/3773) [35;1mralphus-core[0m [36mvalidate::tests[0m[36m::[0m[34;1mmaximum_tool_output_tokens_rejected_at_task_level_for_unsupported_agent[0m
[32;1m        PASS[0m [   1.293s] ( 801/3773) [35;1mralphus-core[0m [36mvalidate::tests[0m[36m::[0m[34;1mmaximum_tool_output_tokens_at_task_level_inherits_to_cell[0m
[32;1m        PASS[0m [   1.270s] ( 802/3773) [35;1mralphus-core[0m [36mvalidate::tests[0m[36m::[0m[34;1mmaximum_tool_output_tokens_must_be_positive[0m
[32;1m        PASS[0m [   1.288s] ( 803/3773) [35;1mralphus-core[0m [36mvalidate::tests[0m[36m::[0m[34;1mmaximum_tool_output_tokens_rejected_for_ollama[0m
[32;1m        PASS[0m [   1.287s] ( 804/3773) [35;1mralphus-core[0m [36mvalidate::tests[0m[36m::[0m[34;1mmaximum_tool_output_tokens_valid_for_claude_code_codex_and_pi[0m
[32;1m        PASS[0m [   1.251s] ( 805/3773) [35;1mralphus-core[0m [36mvalidate::tests[0m[36m::[0m[34;1mmaximum_tool_output_tokens_valid_on_task_scope_and_cell_scope_proof_steps[0m
[32;1m        PASS[0m [   1.251s] ( 806/3773) [35;1mralphus-core[0m [36mvalidate::tests[0m[36m::[0m[34;1mmaximum_tool_output_tokens_wrong_type_reported[0m
[32;1m        PASS[0m [   1.254s] ( 807/3773) [35;1mralphus-core[0m [36mvalidate::tests[0m[36m::[0m[34;1mmissing_name[0m
[32;1m        PASS[0m [   1.262s] ( 808/3773) [35;1mralphus-core[0m [36mvalidate::tests[0m[36m::[0m[34;1mno_commit_required_accepted_as_bool[0m
[32;1m        PASS[0m [   1.400s] ( 809/3773) [35;1mralphus-core[0m [36mvalidate::tests[0m[36m::[0m[34;1mmaximum_tool_output_tokens_rejected_on_proof_step_for_unsupported_agent[0m
[32;1m        PASS[0m [   1.292s] ( 810/3773) [35;1mralphus-core[0m [36mvalidate::tests[0m[36m::[0m[34;1mold_style_project_prefixed_cwd_is_treated_as_a_plain_path[0m
[32;1m        PASS[0m [   1.212s] ( 811/3773) [35;1mralphus-core[0m [36mvalidate::tests[0m[36m::[0m[34;1mparse_error_has_line[0m
[32;1m        PASS[0m [   1.180s] ( 812/3773) [35;1mralphus-core[0m [36mvalidate::tests[0m[36m::[0m[34;1mplaceholder_cwd_accepts_reserved_upstream_sentinels[0m
[32;1m        PASS[0m [   1.370s] ( 813/3773) [35;1mralphus-core[0m [36mvalidate::tests[0m[36m::[0m[34;1mno_commit_required_wrong_type_reported[0m
[32;1m        PASS[0m [   1.181s] ( 814/3773) [35;1mralphus-core[0m [36mvalidate::tests[0m[36m::[0m[34;1mplaceholder_cwd_with_empty_upstream_value_is_rejected[0m
[32;1m        PASS[0m [   1.193s] ( 815/3773) [35;1mralphus-core[0m [36mvalidate::tests[0m[36m::[0m[34;1mplaceholder_cwd_rejects_an_unknown_sentinel_with_an_actionable_message[0m
[32;1m        PASS[0m [   1.158s] ( 816/3773) [35;1mralphus-core[0m [36mvalidate::tests[0m[36m::[0m[34;1mplaceholder_cwd_with_remote_qualified_upstream_is_valid[0m
[32;1m        PASS[0m [   1.160s] ( 817/3773) [35;1mralphus-core[0m [36mvalidate::tests[0m[36m::[0m[34;1mplaceholder_cwd_without_project_is_rejected[0m
[32;1m        PASS[0m [   1.167s] ( 818/3773) [35;1mralphus-core[0m [36mvalidate::tests[0m[36m::[0m[34;1mplaceholder_cwd_without_upstream_is_rejected[0m
[32;1m        PASS[0m [   1.214s] ( 819/3773) [35;1mralphus-core[0m [36mvalidate::tests[0m[36m::[0m[34;1mplaceholder_cwd_with_project_is_valid[0m
[32;1m        PASS[0m [   1.160s] ( 820/3773) [35;1mralphus-core[0m [36mvalidate::tests[0m[36m::[0m[34;1mpriority_accepted_on_task_and_cell[0m
[32;1m        PASS[0m [   1.222s] ( 821/3773) [35;1mralphus-core[0m [36mvalidate::tests[0m[36m::[0m[34;1mplain_path_cwd_does_not_require_project[0m
[32;1m        PASS[0m [   1.239s] ( 822/3773) [35;1mralphus-core[0m [36mvalidate::tests[0m[36m::[0m[34;1mpriority_wrong_type_reported[0m
[32;1m        PASS[0m [   1.239s] ( 823/3773) [35;1mralphus-core[0m [36mvalidate::tests[0m[36m::[0m[34;1mprompt_and_command_conflict[0m
[32;1m        PASS[0m [   1.231s] ( 824/3773) [35;1mralphus-core[0m [36mvalidate::tests[0m[36m::[0m[34;1mproof_agent_is_a_known_key_and_must_be_a_string[0m
[32;1m        PASS[0m [   1.221s] ( 825/3773) [35;1mralphus-core[0m [36mvalidate::tests[0m[36m::[0m[34;1mproof_command_defaults_to_remediating_and_requires_remediation_attempts[0m
[32;1m        PASS[0m [   1.225s] ( 826/3773) [35;1mralphus-core[0m [36mvalidate::tests[0m[36m::[0m[34;1mproof_command_with_raw_mode_is_valid_without_remediation_attempts[0m
[32;1m        PASS[0m [   1.299s] ( 827/3773) [35;1mralphus-core[0m [36mvalidate::tests[0m[36m::[0m[34;1mprompt_only_cell_rejects_mode_and_remediation_attempts[0m
[32;1m        PASS[0m [   1.228s] ( 828/3773) [35;1mralphus-core[0m [36mvalidate::tests[0m[36m::[0m[34;1mproof_needs_exactly_one_kind[0m
[32;1m        PASS[0m [   1.278s] ( 829/3773) [35;1mralphus-core[0m [36mvalidate::tests[0m[36m::[0m[34;1mproof_own_agent_overrides_the_owning_cells_for_maximum_tool_output_tokens_gating[0m
[32;1m        PASS[0m [   1.229s] ( 830/3773) [35;1mralphus-core[0m [36mvalidate::tests[0m[36m::[0m[34;1mrestart_on_bad_grammar_reported[0m
[32;1m        PASS[0m [   1.220s] ( 831/3773) [35;1mralphus-core[0m [36mvalidate::tests[0m[36m::[0m[34;1mrestart_on_grammar[0m
[32;1m        PASS[0m [   1.344s] ( 832/3773) [35;1mralphus-core[0m [36mvalidate::tests[0m[36m::[0m[34;1mreport_serializes_to_json[0m
[32;1m        PASS[0m [   1.379s] ( 833/3773) [35;1mralphus-core[0m [36mvalidate::tests[0m[36m::[0m[34;1mral_460_ticket_examples_validate_cleanly[0m
[32;1m        PASS[0m [   1.305s] ( 834/3773) [35;1mralphus-core[0m [36mvalidate::tests[0m[36m::[0m[34;1mreview_action_both_prompt_and_command_rejected[0m
[32;1m        PASS[0m [   1.275s] ( 835/3773) [35;1mralphus-core[0m [36mvalidate::tests[0m[36m::[0m[34;1mreview_action_input_is_valid[0m
[32;1m        PASS[0m [   1.257s] ( 836/3773) [35;1mralphus-core[0m [36mvalidate::tests[0m[36m::[0m[34;1mreview_action_input_missing_message_rejected[0m
[32;1m        PASS[0m [   1.287s] ( 837/3773) [35;1mralphus-core[0m [36mvalidate::tests[0m[36m::[0m[34;1mreview_action_input_missing_name_rejected[0m
[32;1m        PASS[0m [   1.221s] ( 838/3773) [35;1mralphus-core[0m [36mvalidate::tests[0m[36m::[0m[34;1mreview_action_missing_both_prompt_and_command_rejected[0m
[32;1m        PASS[0m [   1.390s] ( 839/3773) [35;1mralphus-core[0m [36mvalidate::tests[0m[36m::[0m[34;1mreview_action_cleanup_command_alone_is_valid[0m
[32;1m        PASS[0m [   1.192s] ( 840/3773) [35;1mralphus-core[0m [36mvalidate::tests[0m[36m::[0m[34;1mreview_action_missing_label_rejected[0m
[32;1m        PASS[0m [   1.185s] ( 841/3773) [35;1mralphus-core[0m [36mvalidate::tests[0m[36m::[0m[34;1mreview_action_unknown_key_rejected[0m
[32;1m        PASS[0m [   1.297s] ( 842/3773) [35;1mralphus-core[0m [36mvalidate::tests[0m[36m::[0m[34;1mreview_action_input_unknown_key_rejected[0m
[32;1m        PASS[0m [   1.178s] ( 843/3773) [35;1mralphus-core[0m [36mvalidate::tests[0m[36m::[0m[34;1mreview_auto_build_and_skip_auto_build_conflict_rejected[0m
[32;1m        PASS[0m [   1.182s] ( 844/3773) [35;1mralphus-core[0m [36mvalidate::tests[0m[36m::[0m[34;1mreview_auto_build_command_form_is_valid[0m
[32;1m        PASS[0m [   1.248s] ( 845/3773) [35;1mralphus-core[0m [36mvalidate::tests[0m[36m::[0m[34;1mreview_auto_build_agent_form_is_valid[0m
[32;1m        PASS[0m [   1.224s] ( 846/3773) [35;1mralphus-core[0m [36mvalidate::tests[0m[36m::[0m[34;1mreview_auto_build_command_and_prompt_conflict_rejected[0m
[32;1m        PASS[0m [   0.068s] ( 847/3773) [35;1mralphus-core[0m [36mvalidate::tests[0m[36m::[0m[34;1msystem_prompt_rejected_when_any_candidate_lacks_support[0m
[32;1m        PASS[0m [   1.270s] ( 848/3773) [35;1mralphus-core[0m [36mvalidate::tests[0m[36m::[0m[34;1mreview_auto_build_invalid_system_prompt_position_rejected[0m
[32;1m        PASS[0m [   1.252s] ( 849/3773) [35;1mralphus-core[0m [36mvalidate::tests[0m[36m::[0m[34;1mreview_auto_build_system_prompt_without_prompt_rejected[0m
[32;1m        PASS[0m [   1.257s] ( 850/3773) [35;1mralphus-core[0m [36mvalidate::tests[0m[36m::[0m[34;1mreview_auto_fix_pr_errors_wrong_type_reported[0m
[32;1m        PASS[0m [   1.271s] ( 851/3773) [35;1mralphus-core[0m [36mvalidate::tests[0m[36m::[0m[34;1mreview_auto_build_unknown_key_rejected[0m
[32;1m        PASS[0m [   1.269s] ( 852/3773) [35;1mralphus-core[0m [36mvalidate::tests[0m[36m::[0m[34;1mreview_auto_fix_pr_errors_accepted[0m
[32;1m        PASS[0m [   1.274s] ( 853/3773) [35;1mralphus-core[0m [36mvalidate::tests[0m[36m::[0m[34;1mreview_auto_fix_prompt_template_accepted_with_placeholder[0m
[32;1m        PASS[0m [   1.233s] ( 854/3773) [35;1mralphus-core[0m [36mvalidate::tests[0m[36m::[0m[34;1mreview_auto_fix_prompt_template_missing_placeholder_rejected[0m
[32;1m        PASS[0m [   1.234s] ( 855/3773) [35;1mralphus-core[0m [36mvalidate::tests[0m[36m::[0m[34;1mreview_auto_fix_prompt_template_wrong_type_reported[0m
[32;1m        PASS[0m [   1.244s] ( 856/3773) [35;1mralphus-core[0m [36mvalidate::tests[0m[36m::[0m[34;1mreview_auto_submit_pr_stack_accepted[0m
[32;1m        PASS[0m [   1.243s] ( 857/3773) [35;1mralphus-core[0m [36mvalidate::tests[0m[36m::[0m[34;1mreview_auto_submit_pr_stack_wrong_type_reported[0m
[32;1m        PASS[0m [   1.290s] ( 858/3773) [35;1mralphus-core[0m [36mvalidate::tests[0m[36m::[0m[34;1mreview_link_placeholder_id_is_valid[0m
[32;1m        PASS[0m [   1.275s] ( 859/3773) [35;1mralphus-core[0m [36mvalidate::tests[0m[36m::[0m[34;1mreview_maximum_budget_usd_accepted[0m
[32;1m        PASS[0m [   1.286s] ( 860/3773) [35;1mralphus-core[0m [36mvalidate::tests[0m[36m::[0m[34;1mreview_maximum_budget_usd_wrong_type_reported[0m
[32;1m        PASS[0m [   1.262s] ( 861/3773) [35;1mralphus-core[0m [36mvalidate::tests[0m[36m::[0m[34;1mreview_proof_scope_accepted_for_every_valid_value[0m
[32;1m        PASS[0m [   1.265s] ( 862/3773) [35;1mralphus-core[0m [36mvalidate::tests[0m[36m::[0m[34;1mreview_maximum_budget_usd_zero_rejected[0m
[32;1m        PASS[0m [   1.300s] ( 863/3773) [35;1mralphus-core[0m [36mvalidate::tests[0m[36m::[0m[34;1mreview_proof_scope_unknown_value_rejected[0m
[32;1m        PASS[0m [   1.294s] ( 864/3773) [35;1mralphus-core[0m [36mvalidate::tests[0m[36m::[0m[34;1mreview_settings_bool_fields_are_accepted[0m
[32;1m        PASS[0m [   1.307s] ( 865/3773) [35;1mralphus-core[0m [36mvalidate::tests[0m[36m::[0m[34;1mreview_settings_bool_fields_reject_wrong_types[0m
[32;1m        PASS[0m [   1.361s] ( 866/3773) [35;1mralphus-core[0m [36mvalidate::tests[0m[36m::[0m[34;1mreview_proof_scope_wrong_type_reported[0m
[32;1m        PASS[0m [  17.550s] ( 867/3773) [35;1mralphus-cli[0m [36mcommands::quick_start::tests[0m[36m::[0m[34;1mreviewer_codex_launch_failure_returns_2[0m
[32;1m        PASS[0m [   1.418s] ( 868/3773) [35;1mralphus-core[0m [36mvalidate::tests[0m[36m::[0m[34;1mreview_skip_auto_build_alone_is_valid[0m
[32;1m        PASS[0m [   1.384s] ( 869/3773) [35;1mralphus-core[0m [36mvalidate::tests[0m[36m::[0m[34;1mreview_with_action_command_is_valid[0m
[32;1m        PASS[0m [   1.386s] ( 870/3773) [35;1mralphus-core[0m [36mvalidate::tests[0m[36m::[0m[34;1mreview_unknown_key_reported[0m
[32;1m        PASS[0m [   1.422s] ( 871/3773) [35;1mralphus-core[0m [36mvalidate::tests[0m[36m::[0m[34;1mreview_skip_auto_clean_requires_each_branch_proof_scope[0m
[32;1m        PASS[0m [   1.352s] ( 872/3773) [35;1mralphus-core[0m [36mvalidate::tests[0m[36m::[0m[34;1mreview_without_action_block_works_identically[0m
[32;1m        PASS[0m [   1.372s] ( 873/3773) [35;1mralphus-core[0m [36mvalidate::tests[0m[36m::[0m[34;1mreview_with_action_prompt_is_valid[0m
[32;1m        PASS[0m [   1.314s] ( 874/3773) [35;1mralphus-core[0m [36mvalidate::tests[0m[36m::[0m[34;1mreview_wrong_type_reported[0m
[32;1m        PASS[0m [   1.312s] ( 875/3773) [35;1mralphus-core[0m [36mvalidate::tests[0m[36m::[0m[34;1mshare_session_accepted_on_task_and_cell[0m
[32;1m        PASS[0m [   1.284s] ( 876/3773) [35;1mralphus-core[0m [36mvalidate::tests[0m[36m::[0m[34;1msubmitter_accepted_as_top_level_string[0m
[32;1m        PASS[0m [   1.315s] ( 877/3773) [35;1mralphus-core[0m [36mvalidate::tests[0m[36m::[0m[34;1mshare_session_wrong_type_reported[0m
[32;1m        PASS[0m [   1.292s] ( 878/3773) [35;1mralphus-core[0m [36mvalidate::tests[0m[36m::[0m[34;1msubmitter_empty_string_rejected[0m
[32;1m        PASS[0m [   1.281s] ( 879/3773) [35;1mralphus-core[0m [36mvalidate::tests[0m[36m::[0m[34;1msubmitter_wrong_type_rejected[0m
[32;1m        PASS[0m [  17.723s] ( 880/3773) [35;1mralphus-cli[0m [36mcommands::quick_start::tests[0m[36m::[0m[34;1mreviewer_pi_read_only_uses_no_approve[0m
[32;1m        PASS[0m [   1.220s] ( 881/3773) [35;1mralphus-core[0m [36mvalidate::tests[0m[36m::[0m[34;1msubprojects_dotdot_rejected[0m
[32;1m        PASS[0m [   1.370s] ( 882/3773) [35;1mralphus-core[0m [36mvalidate::tests[0m[36m::[0m[34;1msubprojects_absolute_path_rejected[0m
[32;1m        PASS[0m [   1.239s] ( 883/3773) [35;1mralphus-core[0m [36mvalidate::tests[0m[36m::[0m[34;1msubprojects_multiple_valid[0m
[32;1m        PASS[0m [   1.250s] ( 884/3773) [35;1mralphus-core[0m [36mvalidate::tests[0m[36m::[0m[34;1msubprojects_empty_entry_rejected[0m
[32;1m        PASS[0m [   1.149s] ( 885/3773) [35;1mralphus-core[0m [36mvalidate::tests[0m[36m::[0m[34;1msubprojects_string_not_array_rejected[0m
[32;1m        PASS[0m [  17.981s] ( 886/3773) [35;1mralphus-cli[0m [36mcommands::quick_start::tests[0m[36m::[0m[34;1mreviewer_claude_code_read_only_uses_permission_mode_plan[0m
[32;1m        PASS[0m [   1.223s] ( 887/3773) [35;1mralphus-core[0m [36mvalidate::tests[0m[36m::[0m[34;1msubprojects_single_valid[0m
[32;1m        PASS[0m [   1.156s] ( 888/3773) [35;1mralphus-core[0m [36mvalidate::tests[0m[36m::[0m[34;1msubprojects_wrong_type_rejected[0m
[32;1m        PASS[0m [   1.252s] ( 889/3773) [35;1mralphus-core[0m [36mvalidate::tests[0m[36m::[0m[34;1msubprojects_nested_path_valid[0m
[32;1m        PASS[0m [   1.143s] ( 890/3773) [35;1mralphus-core[0m [36mvalidate::tests[0m[36m::[0m[34;1msystem_prompt_deferred_to_daemon_for_custom_agent_profile[0m
[32;1m        PASS[0m [   1.242s] ( 891/3773) [35;1mralphus-core[0m [36mvalidate::tests[0m[36m::[0m[34;1msystem_prompt_accepted_when_every_candidate_supports_it[0m
[32;1m        PASS[0m [   1.136s] ( 892/3773) [35;1mralphus-core[0m [36mvalidate::tests[0m[36m::[0m[34;1msystem_prompt_rejected_for_ollama[0m
[32;1m        PASS[0m [   1.197s] ( 893/3773) [35;1mralphus-core[0m [36mvalidate::tests[0m[36m::[0m[34;1msystem_prompt_position_rejects_unknown_value[0m
[32;1m        PASS[0m [   1.210s] ( 894/3773) [35;1mralphus-core[0m [36mvalidate::tests[0m[36m::[0m[34;1msystem_prompt_inherits_task_agent[0m
[32;1m        PASS[0m [   1.156s] ( 895/3773) [35;1mralphus-core[0m [36mvalidate::tests[0m[36m::[0m[34;1msystem_prompt_valid_for_claude_code[0m
[32;1m        PASS[0m [   1.224s] ( 896/3773) [35;1mralphus-core[0m [36mvalidate::tests[0m[36m::[0m[34;1msystem_prompt_rejected_for_default_agent[0m
[32;1m        PASS[0m [   2.303s] ( 897/3773) [35;1mralphus-core[0m [36mvalidate::tests[0m[36m::[0m[34;1mreview_auto_build_empty_table_rejected[0m
[32;1m        PASS[0m [   1.132s] ( 898/3773) [35;1mralphus-core[0m [36mvalidate::tests[0m[36m::[0m[34;1msystem_prompt_valid_for_codex[0m
[32;1m        PASS[0m [   1.144s] ( 899/3773) [35;1mralphus-core[0m [36mvalidate::tests[0m[36m::[0m[34;1msystem_prompt_valid_for_codex_cli_alias[0m
[32;1m        PASS[0m [   1.187s] ( 900/3773) [35;1mralphus-core[0m [36mvalidate::tests[0m[36m::[0m[34;1msystem_prompt_wrong_type_reported[0m
[32;1m        PASS[0m [   1.182s] ( 901/3773) [35;1mralphus-core[0m [36mvalidate::tests[0m[36m::[0m[34;1mtask_level_environment_linked_field_is_validated_leniently[0m
[32;1m        PASS[0m [   1.136s] ( 902/3773) [35;1mralphus-core[0m [36mvalidate::tests[0m[36m::[0m[34;1mtask_level_proof_command_defaults_to_remediating_and_requires_remediation_attempts[0m
[32;1m        PASS[0m [   1.138s] ( 903/3773) [35;1mralphus-core[0m [36mvalidate::tests[0m[36m::[0m[34;1mtoplevel_review_block_is_valid[0m
[32;1m        PASS[0m [   1.133s] ( 904/3773) [35;1mralphus-core[0m [36mvalidate::tests[0m[36m::[0m[34;1mtriage_false_is_default_and_valid_without_project[0m
[32;1m        PASS[0m [   1.165s] ( 905/3773) [35;1mralphus-core[0m [36mvalidate::tests[0m[36m::[0m[34;1mtriage_true_with_inline_type_is_valid[0m
[32;1m        PASS[0m [   1.171s] ( 906/3773) [35;1mralphus-core[0m [36mvalidate::tests[0m[36m::[0m[34;1mtriage_true_with_multiple_inline_types_is_valid[0m
[32;1m        PASS[0m [   1.174s] ( 907/3773) [35;1mralphus-core[0m [36mvalidate::tests[0m[36m::[0m[34;1mtriage_true_with_project_is_valid[0m
[32;1m        PASS[0m [   1.182s] ( 908/3773) [35;1mralphus-core[0m [36mvalidate::tests[0m[36m::[0m[34;1mtriage_type_array_with_an_empty_element_is_rejected[0m
[32;1m        PASS[0m [  18.343s] ( 909/3773) [35;1mralphus-cli[0m [36mcommands::quick_start::tests[0m[36m::[0m[34;1mreviewer_codex_read_only_adds_sandbox_flag[0m
[32;1m        PASS[0m [   1.223s] ( 910/3773) [35;1mralphus-core[0m [36mvalidate::tests[0m[36m::[0m[34;1mtriage_true_without_project_is_rejected[0m
[32;1m        PASS[0m [   1.234s] ( 911/3773) [35;1mralphus-core[0m [36mvalidate::tests[0m[36m::[0m[34;1mtriage_type_empty_array_is_rejected[0m
[32;1m        PASS[0m [   1.220s] ( 912/3773) [35;1mralphus-core[0m [36mvalidate::tests[0m[36m::[0m[34;1mtriage_type_empty_is_rejected[0m
[32;1m        PASS[0m [   1.167s] ( 913/3773) [35;1mralphus-core[0m [36mvalidate::tests[0m[36m::[0m[34;1mtriage_type_wrong_element_type_in_array_is_rejected[0m
[32;1m        PASS[0m [   1.172s] ( 914/3773) [35;1mralphus-core[0m [36mvalidate::tests[0m[36m::[0m[34;1mtriage_type_without_triage_is_rejected[0m
[32;1m        PASS[0m [   1.152s] ( 915/3773) [35;1mralphus-core[0m [36mvalidate::tests[0m[36m::[0m[34;1munknown_task_key_reports_line[0m
[32;1m        PASS[0m [   1.152s] ( 916/3773) [35;1mralphus-core[0m [36mvalidate::tests[0m[36m::[0m[34;1mupstream_empty_sentinel_ref_is_rejected[0m
[32;1m        PASS[0m [   1.181s] ( 917/3773) [35;1mralphus-core[0m [36mvalidate::tests[0m[36m::[0m[34;1mupstream_empty_string_is_rejected[0m
[32;1m        PASS[0m [   1.142s] ( 918/3773) [35;1mralphus-core[0m [36mvalidate::tests[0m[36m::[0m[34;1mupstream_plain_branch_name_is_not_checked_against_the_task_index[0m
[32;1m        PASS[0m [   1.131s] ( 919/3773) [35;1mralphus-core[0m [36mvalidate::tests[0m[36m::[0m[34;1mupstream_task_cell_ref_resolves_within_same_file[0m
[32;1m        PASS[0m [   1.121s] ( 920/3773) [35;1mralphus-core[0m [36mvalidate::tests[0m[36m::[0m[34;1mupstream_task_cell_sentinel_is_valid[0m
[32;1m        PASS[0m [   1.133s] ( 921/3773) [35;1mralphus-core[0m [36mvalidate::tests[0m[36m::[0m[34;1mupstream_task_ref_forward_reference_within_same_file_is_fine[0m
[32;1m        PASS[0m [   1.076s] ( 922/3773) [35;1mralphus-core[0m [36mvalidate::tests[0m[36m::[0m[34;1mupstream_task_ref_resolves_across_joined_files[0m
[32;1m        PASS[0m [   1.045s] ( 923/3773) [35;1mralphus-core[0m [36mvalidate::tests[0m[36m::[0m[34;1mupstream_task_ref_resolves_within_same_file[0m
[32;1m        PASS[0m [   1.066s] ( 924/3773) [35;1mralphus-core[0m [36mvalidate::tests[0m[36m::[0m[34;1mupstream_task_ref_unknown_across_joined_files_is_still_flagged[0m
[32;1m        PASS[0m [   1.086s] ( 925/3773) [35;1mralphus-core[0m [36mvalidate::tests[0m[36m::[0m[34;1mupstream_task_ref_unknown_cell_is_flagged[0m
[32;1m        PASS[0m [   1.093s] ( 926/3773) [35;1mralphus-core[0m [36mvalidate::tests[0m[36m::[0m[34;1mupstream_task_ref_unknown_task_is_flagged[0m
[32;1m        PASS[0m [   1.091s] ( 927/3773) [35;1mralphus-core[0m [36mvalidate::tests[0m[36m::[0m[34;1mupstream_task_sentinel_is_valid[0m
[32;1m        PASS[0m [   1.117s] ( 928/3773) [35;1mralphus-core[0m [36mvalidate::tests[0m[36m::[0m[34;1mupstream_unknown_key_would_have_been_caught[0m
[32;1m        PASS[0m [   1.099s] ( 929/3773) [35;1mralphus-core[0m [36mvalidate::tests[0m[36m::[0m[34;1mupstream_wrong_type_rejected[0m
[32;1m        PASS[0m [   1.098s] ( 930/3773) [35;1mralphus-core[0m [36mvalidate::tests[0m[36m::[0m[34;1mwrapped_placeholder_cwd_with_a_nested_bogus_sentinel_is_rejected[0m
[32;1m        PASS[0m [   1.084s] ( 931/3773) [35;1mralphus-core[0m [36mvalidate::tests[0m[36m::[0m[34;1mwrapped_placeholder_cwd_with_a_nested_upstream_sentinel_is_valid[0m
[32;1m        PASS[0m [   1.087s] ( 932/3773) [35;1mralphus-core[0m [36mvalidate::tests[0m[36m::[0m[34;1mwrapped_placeholder_cwd_with_project_is_valid[0m
[32;1m        PASS[0m [   1.094s] ( 933/3773) [35;1mralphus-core[0m [36mvalidate::tests[0m[36m::[0m[34;1mwrapped_placeholder_cwd_without_upstream_is_rejected[0m
[32;1m        PASS[0m [   1.104s] ( 934/3773) [35;1mralphus-core[0m [36mvalidate::tests[0m[36m::[0m[34;1mwrong_scheme_review_link_id_reported[0m
[32;1m        PASS[0m [   1.066s] ( 935/3773) [35;1mralphus-core[0m [36mvalidate::tests[0m[36m::[0m[34;1mwrong_type_for_budget[0m
[32;1m        PASS[0m [   1.340s] ( 936/3773) [35;1mralphus-daemon[0m [36magent_profile_env::tests[0m[36m::[0m[34;1macyclic_graph_reports_no_cycle[0m
[32;1m        PASS[0m [   1.248s] ( 937/3773) [35;1mralphus-daemon[0m [36magent_profile_env::tests[0m[36m::[0m[34;1mlink_to_undefined_name_is_not_a_cycle[0m
[32;1m        PASS[0m [   1.377s] ( 938/3773) [35;1mralphus-daemon[0m [36magent_profile_env::tests[0m[36m::[0m[34;1mdirect_self_link_is_a_cycle[0m
[32;1m        PASS[0m [   1.411s] ( 939/3773) [35;1mralphus-daemon[0m [36magent_profile_env::tests[0m[36m::[0m[34;1mcycle_downstream_of_an_acyclic_prefix_is_still_found[0m
[32;1m        PASS[0m [   1.307s] ( 940/3773) [35;1mralphus-daemon[0m [36magent_profile_env::tests[0m[36m::[0m[34;1mlink_to_undefined_name_with_no_process_fallback_is_omitted[0m
[32;1m        PASS[0m [   1.368s] ( 941/3773) [35;1mralphus-daemon[0m [36magent_profile_env::tests[0m[36m::[0m[34;1mlink_falls_back_to_process_env_when_name_undefined_in_profile[0m
[32;1m        PASS[0m [   1.310s] ( 942/3773) [35;1mralphus-daemon[0m [36magent_profile_env::tests[0m[36m::[0m[34;1msecret_values_includes_only_link_resolutions[0m
[32;1m        PASS[0m [   1.349s] ( 943/3773) [35;1mralphus-daemon[0m [36magent_profile_env::tests[0m[36m::[0m[34;1mresolves_link_chain_within_profile[0m
[32;1m        PASS[0m [   1.316s] ( 944/3773) [35;1mralphus-daemon[0m [36magent_profile_env::tests[0m[36m::[0m[34;1mresolves_set_values_literally[0m
[32;1m        PASS[0m [   1.324s] ( 945/3773) [35;1mralphus-daemon[0m [36magent_profile_env::tests[0m[36m::[0m[34;1mresolves_link_within_profile[0m
[32;1m        PASS[0m [   1.588s] ( 946/3773) [35;1mralphus-daemon[0m [36magent_access::tests[0m[36m::[0m[34;1mdefault_agent_access_prefers_database_profile_over_same_named_toml_profile[0m
[32;1m        PASS[0m [   1.599s] ( 947/3773) [35;1mralphus-daemon[0m [36magent_catalog::tests[0m[36m::[0m[34;1magent_catalog_backend_with_no_known_models_is_empty_not_missing[0m
[32;1m        PASS[0m [   1.655s] ( 948/3773) [35;1mralphus-daemon[0m [36magent_access::tests[0m[36m::[0m[34;1mdefault_agent_access_lists_builtins_with_no_profiles[0m
[32;1m        PASS[0m [   1.427s] ( 949/3773) [35;1mralphus-daemon[0m [36magent_profile_env::tests[0m[36m::[0m[34;1mtwo_step_cycle_is_detected[0m
[32;1m        PASS[0m [   1.741s] ( 950/3773) [35;1mralphus-daemon[0m [36magent_access::tests[0m[36m::[0m[34;1mdefault_agent_access_includes_configured_profiles[0m
[32;1m        PASS[0m [   1.796s] ( 951/3773) [35;1mralphus-daemon[0m [36magent_access::tests[0m[36m::[0m[34;1mdefault_agent_access_includes_database_backed_profiles[0m
[32;1m        PASS[0m [   1.871s] ( 952/3773) [35;1mralphus-daemon[0m [36magent_access::tests[0m[36m::[0m[34;1mdefault_agent_access_ignores_user_identity[0m
[32;1m        PASS[0m [   1.761s] ( 953/3773) [35;1mralphus-daemon[0m [36magent_catalog::tests[0m[36m::[0m[34;1magent_catalog_includes_claude_code_with_its_restricted_models[0m
[32;1m        PASS[0m [   1.680s] ( 954/3773) [35;1mralphus-daemon[0m [36magent_profile_store::tests[0m[36m::[0m[34;1mbackend_command_defaults_to_none_then_set_get_reset[0m
[32;1m        PASS[0m [   1.350s] ( 955/3773) [35;1mralphus-daemon[0m [36magent_profiles::tests[0m[36m::[0m[34;1mliteral_env_values_are_not_treated_as_secrets[0m
[32;1m        PASS[0m [   1.349s] ( 956/3773) [35;1mralphus-daemon[0m [36magent_profiles::tests[0m[36m::[0m[34;1mload_profiles_for_path_with_project_local_wins_over_configuration_path[0m
[32;1m        PASS[0m [   1.698s] ( 957/3773) [35;1mralphus-daemon[0m [36magent_profile_store::tests[0m[36m::[0m[34;1mlist_for_backend_filters_by_backend[0m
[32;1m        PASS[0m [   1.673s] ( 958/3773) [35;1mralphus-daemon[0m [36magent_profile_store::tests[0m[36m::[0m[34;1mreferences_finds_cells_tasks_and_proofs_by_squad[0m
[32;1m        PASS[0m [   1.352s] ( 959/3773) [35;1mralphus-daemon[0m [36magent_profiles::tests[0m[36m::[0m[34;1mload_profiles_for_path_with_reads_configuration_path_entries[0m
[32;1m        PASS[0m [   1.331s] ( 960/3773) [35;1mralphus-daemon[0m [36magent_profiles::tests[0m[36m::[0m[34;1mparse_profile_file_rejects_reserved_name_and_native_executable[0m
[32;1m        PASS[0m [   1.716s] ( 961/3773) [35;1mralphus-daemon[0m [36magent_profile_store::tests[0m[36m::[0m[34;1mreferences_finds_guardians_by_any_agent_role_column[0m
[32;1m        PASS[0m [   1.478s] ( 962/3773) [35;1mralphus-daemon[0m [36magent_profiles::tests[0m[36m::[0m[34;1mbuiltin_agent_aliases_normalize[0m
[32;1m        PASS[0m [   1.659s] ( 963/3773) [35;1mralphus-daemon[0m [36magent_profile_store::tests[0m[36m::[0m[34;1mset_backend_command_overwrites_on_conflict[0m
[32;1m        PASS[0m [   1.652s] ( 964/3773) [35;1mralphus-daemon[0m [36magent_profile_store::tests[0m[36m::[0m[34;1mupsert_accepts_an_executable_on_the_raw_backend[0m
[32;1m        PASS[0m [   1.663s] ( 965/3773) [35;1mralphus-daemon[0m [36magent_profile_store::tests[0m[36m::[0m[34;1mupsert_overwrites_an_existing_profile_by_name[0m
[32;1m        PASS[0m [   1.738s] ( 966/3773) [35;1mralphus-daemon[0m [36magent_profile_store::tests[0m[36m::[0m[34;1mreferences_reports_no_referrers_for_an_unused_profile[0m
[32;1m        PASS[0m [   1.671s] ( 967/3773) [35;1mralphus-daemon[0m [36magent_profile_store::tests[0m[36m::[0m[34;1mupsert_rejects_an_unknown_backend[0m
[32;1m        PASS[0m [   1.463s] ( 968/3773) [35;1mralphus-daemon[0m [36magent_profiles::tests[0m[36m::[0m[34;1mmerge_profiles_prefers_project_layer_on_name_collision[0m
[32;1m        PASS[0m [   1.885s] ( 969/3773) [35;1mralphus-daemon[0m [36magent_profile_store::tests[0m[36m::[0m[34;1mlist_is_alphabetical_and_delete_reports_whether_a_row_existed[0m
[32;1m        PASS[0m [   1.477s] ( 970/3773) [35;1mralphus-daemon[0m [36magent_profiles::tests[0m[36m::[0m[34;1mparse_profile_file_resolves_from_env_indirection[0m
[32;1m        PASS[0m [   1.700s] ( 971/3773) [35;1mralphus-daemon[0m [36magent_profile_store::tests[0m[36m::[0m[34;1mupsert_then_get_round_trips[0m
[32;1m        PASS[0m [   1.643s] ( 972/3773) [35;1mralphus-daemon[0m [36magent_profiles::tests[0m[36m::[0m[34;1mresolve_agent_candidate_lists_leaves_a_literal_agent_completely_untouched[0m
[32;1m        PASS[0m [   1.721s] ( 973/3773) [35;1mralphus-daemon[0m [36magent_profiles::tests[0m[36m::[0m[34;1mprofile_default_model_applies_unless_task_or_cell_declares_one[0m
[32;1m        PASS[0m [   1.709s] ( 974/3773) [35;1mralphus-daemon[0m [36magent_profiles::tests[0m[36m::[0m[34;1mresolve_agent_candidate_lists_collapses_a_task_level_list_with_no_cell_override[0m
[32;1m        PASS[0m [   1.578s] ( 975/3773) [35;1mralphus-daemon[0m [36magent_profiles::tests[0m[36m::[0m[34;1mvalidate_task_file_profiles_allows_maximum_tool_output_tokens_for_claude_code_profile_backend[0m
[32;1m        PASS[0m [   1.655s] ( 976/3773) [35;1mralphus-daemon[0m [36magent_profiles::tests[0m[36m::[0m[34;1mresolve_agent_candidate_lists_picks_the_first_available_and_collapses_to_single[0m
[32;1m        PASS[0m [   1.648s] ( 977/3773) [35;1mralphus-daemon[0m [36magent_profiles::tests[0m[36m::[0m[34;1mvalidate_task_file_profiles_accepts_a_candidate_list_when_every_entry_supports_system_prompt[0m
[32;1m        PASS[0m [   2.026s] ( 978/3773) [35;1mralphus-daemon[0m [36magent_profile_store::tests[0m[36m::[0m[34;1mupsert_rejects_a_cyclic_env_and_does_not_persist[0m
[32;1m        PASS[0m [   2.029s] ( 979/3773) [35;1mralphus-daemon[0m [36magent_profile_store::tests[0m[36m::[0m[34;1mupsert_rejects_a_reserved_name[0m
[32;1m        PASS[0m [   1.976s] ( 980/3773) [35;1mralphus-daemon[0m [36magent_profile_store::tests[0m[36m::[0m[34;1mupsert_rejects_executable_on_an_overridable_backend[0m
[32;1m        PASS[0m [   1.571s] ( 981/3773) [35;1mralphus-daemon[0m [36magent_profiles::tests[0m[36m::[0m[34;1mvalidate_task_file_profiles_allows_resolvable_review_agent[0m
[32;1m        PASS[0m [   1.183s] ( 982/3773) [35;1mralphus-daemon[0m [36magent_profiles::tests[0m[36m::[0m[34;1mvalidate_task_file_profiles_rejects_maximum_context_for_claude_code_profile_backend[0m
[32;1m        PASS[0m [   1.156s] ( 983/3773) [35;1mralphus-daemon[0m [36magent_profiles::tests[0m[36m::[0m[34;1mvalidate_task_file_profiles_rejects_maximum_context_for_non_supporting_profile_backend[0m
[32;1m        PASS[0m [   1.701s] ( 984/3773) [35;1mralphus-daemon[0m [36magent_profiles::tests[0m[36m::[0m[34;1mvalidate_task_file_profiles_allows_auto_compact_threshold_for_claude_code_profile_backend[0m
[32;1m        PASS[0m [   1.792s] ( 985/3773) [35;1mralphus-daemon[0m [36magent_profiles::tests[0m[36m::[0m[34;1mresolve_agent_candidate_lists_errors_naming_every_tried_candidate_when_none_are_available[0m
[32;1m        PASS[0m [   2.019s] ( 986/3773) [35;1mralphus-daemon[0m [36magent_profile_store::tests[0m[36m::[0m[34;1mupsert_requires_executable_on_the_raw_backend[0m
[32;1m        PASS[0m [   1.056s] ( 987/3773) [35;1mralphus-daemon[0m [36marbiter::tests[0m[36m::[0m[34;1marbiter_from_config_defaults_to_ollama[0m
[32;1m        PASS[0m [   1.704s] ( 988/3773) [35;1mralphus-daemon[0m [36magent_profiles::tests[0m[36m::[0m[34;1mvalidate_task_file_profiles_allows_maximum_context_for_pi_profile_backend[0m
[32;1m        PASS[0m [   2.069s] ( 989/3773) [35;1mralphus-daemon[0m [36magent_profile_store::tests[0m[36m::[0m[34;1mupsert_rejects_executable_on_a_native_backend[0m
[32;1m        PASS[0m [   1.667s] ( 990/3773) [35;1mralphus-daemon[0m [36magent_profiles::tests[0m[36m::[0m[34;1mvalidate_task_file_profiles_allows_system_prompt_for_claude_code_profile_backend[0m
[32;1m        PASS[0m [   1.017s] ( 991/3773) [35;1mralphus-daemon[0m [36marbiter::tests[0m[36m::[0m[34;1mestimate_cost_is_positive_for_claude[0m
[32;1m        PASS[0m [   1.750s] ( 992/3773) [35;1mralphus-daemon[0m [36magent_profiles::tests[0m[36m::[0m[34;1mvalidate_task_file_profiles_allows_maximum_tool_output_tokens_for_pi_profile_backend[0m
[32;1m        PASS[0m [   1.217s] ( 993/3773) [35;1mralphus-daemon[0m [36marbiter::tests[0m[36m::[0m[34;1mbuild_ordering_user_message_labels_every_candidate_with_a_bounded_excerpt[0m
[32;1m        PASS[0m [   1.120s] ( 994/3773) [35;1mralphus-daemon[0m [36marbiter::tests[0m[36m::[0m[34;1mestimate_cost_is_zero_for_ollama[0m
[32;1m        PASS[0m [   1.391s] ( 995/3773) [35;1mralphus-daemon[0m [36magent_profiles::tests[0m[36m::[0m[34;1mvalidate_task_file_profiles_rejects_unresolvable_review_agent[0m
[32;1m        PASS[0m [   0.877s] ( 996/3773) [35;1mralphus-daemon[0m [36marbiter::tests[0m[36m::[0m[34;1mordering_excerpt_truncates_to_leading_chars_with_an_ellipsis[0m
[32;1m        PASS[0m [   1.472s] ( 997/3773) [35;1mralphus-daemon[0m [36magent_profiles::tests[0m[36m::[0m[34;1mvalidate_task_file_profiles_rejects_maximum_tool_output_tokens_for_non_supporting_profile_backend[0m
[32;1m        PASS[0m [   1.413s] ( 998/3773) [35;1mralphus-daemon[0m [36marbiter::tests[0m[36m::[0m[34;1marbiter_cost_total_accumulates_across_kinds[0m
[32;1m        PASS[0m [   1.420s] ( 999/3773) [35;1mralphus-daemon[0m [36magent_profiles::tests[0m[36m::[0m[34;1mvalidate_task_file_profiles_rejects_when_any_candidate_in_a_list_lacks_system_prompt_support[0m
[32;1m        PASS[0m [   0.895s] (1000/3773) [35;1mralphus-daemon[0m [36marbiter::tests[0m[36m::[0m[34;1mparse_classification_reply_matches_multiple_comma_separated_types[0m
[32;1m        PASS[0m [   0.959s] (1001/3773) [35;1mralphus-daemon[0m [36marbiter::tests[0m[36m::[0m[34;1mordering_content_budget_scales_with_pool_size_and_stays_capped[0m
[32;1m        PASS[0m [   2.021s] (1002/3773) [35;1mralphus-daemon[0m [36magent_profiles::tests[0m[36m::[0m[34;1mvalidate_task_file_profiles_rejects_an_unknown_name_inside_a_candidate_list[0m
[32;1m        PASS[0m [   1.517s] (1003/3773) [35;1mralphus-daemon[0m [36magent_profiles::tests[0m[36m::[0m[34;1mvalidate_task_file_profiles_rejects_system_prompt_for_non_supporting_profile_backend[0m
[32;1m        PASS[0m [   0.949s] (1004/3773) [35;1mralphus-daemon[0m [36marbiter::tests[0m[36m::[0m[34;1mparse_ordering_reply_accepts_an_exact_permutation[0m
[32;1m        PASS[0m [   0.954s] (1005/3773) [35;1mralphus-daemon[0m [36marbiter::tests[0m[36m::[0m[34;1mparse_classification_reply_matches_case_insensitively_and_trims[0m
[32;1m        PASS[0m [   1.389s] (1006/3773) [35;1mralphus-daemon[0m [36marbiter::tests[0m[36m::[0m[34;1mclassify_falls_back_to_unclassified_with_no_registered_types[0m
[32;1m        PASS[0m [   0.975s] (1007/3773) [35;1mralphus-daemon[0m [36marbiter::tests[0m[36m::[0m[34;1mparse_subproject_reply_matches_case_insensitively_and_trims[0m
[32;1m        PASS[0m [   1.013s] (1008/3773) [35;1mralphus-daemon[0m [36marbiter::tests[0m[36m::[0m[34;1mparse_ordering_reply_rejects_missing_duplicate_unknown_and_malformed[0m
[32;1m        PASS[0m [   0.972s] (1009/3773) [35;1mralphus-daemon[0m [36marbiter::tests[0m[36m::[0m[34;1mparse_subproject_reply_matches_multiple_and_drops_the_none_sentinel[0m
[32;1m        PASS[0m [   0.933s] (1010/3773) [35;1mralphus-daemon[0m [36mark::tests[0m[36m::[0m[34;1mreap_refuses_active_owner_or_any_active_permit[0m
[32;1m        PASS[0m [   2.163s] (1011/3773) [35;1mralphus-daemon[0m [36magent_profiles::tests[0m[36m::[0m[34;1mvalidate_task_file_profiles_rejects_auto_compact_threshold_for_non_supporting_profile_backend[0m
[32;1m        PASS[0m [   1.372s] (1012/3773) [35;1mralphus-daemon[0m [36marbiter::tests[0m[36m::[0m[34;1minfer_subprojects_returns_none_when_over_budget[0m
[32;1m        PASS[0m [   1.230s] (1013/3773) [35;1mralphus-daemon[0m [36marbiter::tests[0m[36m::[0m[34;1morder_pooled_candidates_returns_none_for_unsupported_backend[0m
[32;1m        PASS[0m [   1.662s] (1014/3773) [35;1mralphus-daemon[0m [36marbiter::tests[0m[36m::[0m[34;1mclassify_falls_back_to_unclassified_for_unsupported_backend[0m
[32;1m        PASS[0m [   0.740s] (1015/3773) [35;1mralphus-daemon[0m [36mark::tests[0m[36m::[0m[34;1mrecognizes_both_ark_worktree_families[0m
[32;1m        PASS[0m [   1.226s] (1016/3773) [35;1mralphus-daemon[0m [36marbiter::tests[0m[36m::[0m[34;1morder_pooled_candidates_returns_none_when_over_budget[0m
[32;1m        PASS[0m [   0.736s] (1017/3773) [35;1mralphus-daemon[0m [36mark::tests[0m[36m::[0m[34;1mref_components_cannot_escape_namespace[0m
[32;1m        PASS[0m [   0.721s] (1018/3773) [35;1mralphus-daemon[0m [36mcancel::tests[0m[36m::[0m[34;1mcancel_all_trips_every_registered_token[0m
[32;1m        PASS[0m [   1.609s] (1019/3773) [35;1mralphus-daemon[0m [36marbiter::tests[0m[36m::[0m[34;1mclassify_falls_back_to_unclassified_when_over_budget[0m
[32;1m        PASS[0m [   1.515s] (1020/3773) [35;1mralphus-daemon[0m [36marbiter::tests[0m[36m::[0m[34;1mhealth_check_fails_clearly_for_unsupported_backend[0m
[32;1m        PASS[0m [   0.755s] (1021/3773) [35;1mralphus-daemon[0m [36mcancel::tests[0m[36m::[0m[34;1mcancel_all_on_empty_registry_is_a_noop[0m
[32;1m        PASS[0m [   1.464s] (1022/3773) [35;1mralphus-daemon[0m [36marbiter::tests[0m[36m::[0m[34;1mhealth_check_reports_cap_reached_without_making_a_call[0m
[32;1m        PASS[0m [   1.269s] (1023/3773) [35;1mralphus-daemon[0m [36marbiter::tests[0m[36m::[0m[34;1morder_pooled_candidates_trivially_orders_a_single_candidate_without_any_call[0m
[32;1m        PASS[0m [   1.345s] (1024/3773) [35;1mralphus-daemon[0m [36marbiter::tests[0m[36m::[0m[34;1minfer_subprojects_returns_none_with_no_candidates_or_empty_context[0m
[32;1m        PASS[0m [   0.780s] (1025/3773) [35;1mralphus-daemon[0m [36mcancel::tests[0m[36m::[0m[34;1mcancel_unknown_run_is_a_noop[0m
[32;1m        PASS[0m [   0.785s] (1026/3773) [35;1mralphus-daemon[0m [36mcancel::tests[0m[36m::[0m[34;1mis_active_reflects_registration_and_removal[0m
[32;1m        PASS[0m [   0.790s] (1027/3773) [35;1mralphus-daemon[0m [36mcancel::tests[0m[36m::[0m[34;1mregistry_cancel_trips_every_concurrent_registration_for_the_same_key[0m
[32;1m        PASS[0m [   1.496s] (1028/3773) [35;1mralphus-daemon[0m [36marbiter::tests[0m[36m::[0m[34;1minfer_subprojects_returns_none_for_unsupported_backend[0m
[32;1m        PASS[0m [   1.267s] (1029/3773) [35;1mralphus-daemon[0m [36marbiter::tests[0m[36m::[0m[34;1mover_budget_is_false_with_no_cap_and_true_once_cap_reached[0m
[32;1m        PASS[0m [   0.796s] (1030/3773) [35;1mralphus-daemon[0m [36mcancel::tests[0m[36m::[0m[34;1mregistry_cancel_trips_the_registered_token[0m
[32;1m        PASS[0m [   0.808s] (1031/3773) [35;1mralphus-daemon[0m [36mcancel::tests[0m[36m::[0m[34;1mremoved_token_is_no_longer_cancellable_via_registry[0m
[32;1m        PASS[0m [   0.832s] (1032/3773) [35;1mralphus-daemon[0m [36mcancel::tests[0m[36m::[0m[34;1mtoken_starts_uncancelled_and_trips_once_cancelled[0m
[32;1m        PASS[0m [   0.135s] (1033/3773) [35;1mralphus-daemon[0m [36mconfig::tests[0m[36m::[0m[34;1mbudget_malformed_toml_is_default[0m
[32;1m        PASS[0m [   0.827s] (1034/3773) [35;1mralphus-daemon[0m [36mchannel::tests[0m[36m::[0m[34;1ma_provider_that_cannot_open_a_channel_errors_for_the_caller_to_fall_back_on[0m
[32;1m        PASS[0m [   0.701s] (1035/3773) [35;1mralphus-daemon[0m [36mchat_client::tests[0m[36m::[0m[34;1mclaude_without_api_key_returns_err[0m
[32;1m        PASS[0m [   0.755s] (1036/3773) [35;1mralphus-daemon[0m [36mchat_client::tests[0m[36m::[0m[34;1manthropic_alias_routes_to_claude[0m
[32;1m        PASS[0m [   0.716s] (1037/3773) [35;1mralphus-daemon[0m [36mchat_client::tests[0m[36m::[0m[34;1munsupported_agent_returns_err[0m
[32;1m        PASS[0m [   1.153s] (1038/3773) [35;1mralphus-daemon[0m [36mcartographer::tests[0m[36m::[0m[34;1mfilters_by_task[0m
[32;1m        PASS[0m [   1.197s] (1039/3773) [35;1mralphus-daemon[0m [36mcartographer::tests[0m[36m::[0m[34;1mfilters_by_squad_id[0m
[32;1m        PASS[0m [   1.197s] (1040/3773) [35;1mralphus-daemon[0m [36mcartographer::tests[0m[36m::[0m[34;1mfilters_by_text_query_case_and_wildcard_safe[0m
[32;1m        PASS[0m [   0.779s] (1041/3773) [35;1mralphus-daemon[0m [36mci_watch::tests[0m[36m::[0m[34;1mpoll_delay_starts_fast_then_backs_off_in_stages[0m
[32;1m        PASS[0m [   1.615s] (1042/3773) [35;1mralphus-daemon[0m [36mark::tests[0m[36m::[0m[34;1mold_open_review_notifies_once_but_is_not_a_reap_candidate[0m
[32;1m        PASS[0m [   0.786s] (1043/3773) [35;1mralphus-daemon[0m [36mci_watch::tests[0m[36m::[0m[34;1mtrim_log_excerpt_handles_an_exact_boundary_without_omitting_anything[0m
[32;1m        PASS[0m [   0.791s] (1044/3773) [35;1mralphus-daemon[0m [36mci_watch::tests[0m[36m::[0m[34;1mtrim_log_excerpt_keeps_head_and_tail_of_a_long_log[0m
[32;1m        PASS[0m [   1.241s] (1045/3773) [35;1mralphus-daemon[0m [36mcartographer::tests[0m[36m::[0m[34;1mget_by_id_returns_full_row[0m
[32;1m        PASS[0m [   1.237s] (1046/3773) [35;1mralphus-daemon[0m [36mcartographer::tests[0m[36m::[0m[34;1mlogs_and_queries_a_note[0m
[32;1m        PASS[0m [   1.240s] (1047/3773) [35;1mralphus-daemon[0m [36mcartographer::tests[0m[36m::[0m[34;1mpagination_limits_and_offsets[0m
[32;1m        PASS[0m [   0.818s] (1048/3773) [35;1mralphus-daemon[0m [36mci_watch::tests[0m[36m::[0m[34;1mtrim_log_excerpt_leaves_a_short_log_untouched[0m
[32;1m        PASS[0m [   0.773s] (1049/3773) [35;1mralphus-daemon[0m [36mconfig::tests[0m[36m::[0m[34;1magent_isolation_defaults_to_fully_isolated_when_absent[0m
[32;1m        PASS[0m [   1.243s] (1050/3773) [35;1mralphus-daemon[0m [36mcartographer::tests[0m[36m::[0m[34;1mprune_enforces_row_cap[0m
[32;1m        PASS[0m [   0.793s] (1051/3773) [35;1mralphus-daemon[0m [36mconfig::tests[0m[36m::[0m[34;1magent_isolation_flags_are_independent[0m
[32;1m        PASS[0m [   1.215s] (1052/3773) [35;1mralphus-daemon[0m [36mcartographer::tests[0m[36m::[0m[34;1msorts_newest_first_by_default[0m
[32;1m        PASS[0m [   1.263s] (1053/3773) [35;1mralphus-daemon[0m [36mcartographer::tests[0m[36m::[0m[34;1mprune_enforces_time_window[0m
[32;1m        PASS[0m [   0.807s] (1054/3773) [35;1mralphus-daemon[0m [36mconfig::tests[0m[36m::[0m[34;1magent_isolation_malformed_toml_is_default[0m
[32;1m        PASS[0m [   0.763s] (1055/3773) [35;1mralphus-daemon[0m [36mconfig::tests[0m[36m::[0m[34;1magent_isolation_parses_explicit_values[0m
[32;1m        PASS[0m [   0.768s] (1056/3773) [35;1mralphus-daemon[0m [36mconfig::tests[0m[36m::[0m[34;1marbiter_config_absent_table_is_default[0m
[32;1m        PASS[0m [   0.757s] (1057/3773) [35;1mralphus-daemon[0m [36mconfig::tests[0m[36m::[0m[34;1marbiter_config_unset_resolves_to_ollama_with_no_cap[0m
[32;1m        PASS[0m [   0.775s] (1058/3773) [35;1mralphus-daemon[0m [36mconfig::tests[0m[36m::[0m[34;1mark_defaults_and_validation_are_safe[0m
[32;1m        PASS[0m [  21.814s] (1059/3773) [35;1mralphus-cli[0m [36mcommands::quick_start::tests[0m[36m::[0m[34;1mreviewer_codex_no_target[0m
[32;1m        PASS[0m [   0.778s] (1060/3773) [35;1mralphus-daemon[0m [36mconfig::tests[0m[36m::[0m[34;1mauto_build_unset_by_default[0m
[32;1m        PASS[0m [   0.787s] (1061/3773) [35;1mralphus-daemon[0m [36mconfig::tests[0m[36m::[0m[34;1mauto_fix_pr_errors_defaults_to_false_when_unset[0m
[32;1m        PASS[0m [   0.821s] (1062/3773) [35;1mralphus-daemon[0m [36mconfig::tests[0m[36m::[0m[34;1mauto_fix_pr_errors_reads_from_toml[0m
[32;1m        PASS[0m [   0.825s] (1063/3773) [35;1mralphus-daemon[0m [36mconfig::tests[0m[36m::[0m[34;1mauto_fix_prompt_template_defaults_to_none_when_unset[0m
[32;1m        PASS[0m [   0.854s] (1064/3773) [35;1mralphus-daemon[0m [36mconfig::tests[0m[36m::[0m[34;1mauto_fix_prompt_template_missing_placeholder_fails_validation[0m
[32;1m        PASS[0m [   0.852s] (1065/3773) [35;1mralphus-daemon[0m [36mconfig::tests[0m[36m::[0m[34;1mauto_fix_prompt_template_reads_from_toml[0m
[32;1m        PASS[0m [   0.885s] (1066/3773) [35;1mralphus-daemon[0m [36mconfig::tests[0m[36m::[0m[34;1mauto_fix_prompt_template_unset_passes_validation[0m
[32;1m        PASS[0m [   0.889s] (1067/3773) [35;1mralphus-daemon[0m [36mconfig::tests[0m[36m::[0m[34;1mauto_fix_prompt_template_valid_passes_validation[0m
[32;1m        PASS[0m [   1.166s] (1068/3773) [35;1mralphus-daemon[0m [36mci_watch::tests[0m[36m::[0m[34;1mplan_auto_fix_dispatch_allows_a_downstream_pr_once_its_upstream_is_clean[0m
[32;1m        PASS[0m [   0.897s] (1069/3773) [35;1mralphus-daemon[0m [36mconfig::tests[0m[36m::[0m[34;1mauto_submit_pr_stack_defaults_to_false_when_unset[0m
[32;1m        PASS[0m [   0.903s] (1070/3773) [35;1mralphus-daemon[0m [36mconfig::tests[0m[36m::[0m[34;1mauto_submit_pr_stack_parses_explicit_true[0m
[32;1m        PASS[0m [   0.909s] (1071/3773) [35;1mralphus-daemon[0m [36mconfig::tests[0m[36m::[0m[34;1mbudget_defaults_when_absent[0m
[32;1m        PASS[0m [   1.212s] (1072/3773) [35;1mralphus-daemon[0m [36mci_watch::tests[0m[36m::[0m[34;1mplan_auto_fix_dispatch_defers_a_downstream_pr_while_its_upstream_is_failing[0m
[32;1m        PASS[0m [   1.247s] (1073/3773) [35;1mralphus-daemon[0m [36mci_watch::tests[0m[36m::[0m[34;1mcapture_and_trim_log_round_trips_through_a_cleaned_up_temp_dir[0m
[32;1m        PASS[0m [   1.514s] (1074/3773) [35;1mralphus-daemon[0m [36mchannel::tests[0m[36m::[0m[34;1ma_channel_that_dies_is_dropped_rather_than_reused[0m
[32;1m        PASS[0m [   0.929s] (1075/3773) [35;1mralphus-daemon[0m [36mconfig::tests[0m[36m::[0m[34;1mbudget_parses_explicit_interval[0m
[32;1m        PASS[0m [   1.340s] (1076/3773) [35;1mralphus-daemon[0m [36mchannel::tests[0m[36m::[0m[34;1mone_channel_serves_many_requests_from_a_single_process[0m
[32;1m        PASS[0m [   0.934s] (1077/3773) [35;1mralphus-daemon[0m [36mconfig::tests[0m[36m::[0m[34;1mbudget_zero_means_near_immediate[0m
[32;1m        PASS[0m [   1.241s] (1078/3773) [35;1mralphus-daemon[0m [36mci_watch::tests[0m[36m::[0m[34;1mstart_ci_watch_is_a_noop_without_an_open_pr[0m
[32;1m        PASS[0m [   0.965s] (1079/3773) [35;1mralphus-daemon[0m [36mconfig::tests[0m[36m::[0m[34;1mcached_cors_config_reads_the_files_once_per_burst[0m
[32;1m        PASS[0m [   0.976s] (1080/3773) [35;1mralphus-daemon[0m [36mconfig::tests[0m[36m::[0m[34;1mcached_cors_config_re_reads_once_the_ttl_expires[0m
[32;1m        PASS[0m [   0.965s] (1081/3773) [35;1mralphus-daemon[0m [36mconfig::tests[0m[36m::[0m[34;1mcartographer_defaults_when_absent[0m
[32;1m        PASS[0m [   0.977s] (1082/3773) [35;1mralphus-daemon[0m [36mconfig::tests[0m[36m::[0m[34;1mcartographer_malformed_toml_is_default[0m
[32;1m        PASS[0m [   0.979s] (1083/3773) [35;1mralphus-daemon[0m [36mconfig::tests[0m[36m::[0m[34;1mcartographer_parses_explicit_values[0m
[32;1m        PASS[0m [   0.955s] (1084/3773) [35;1mralphus-daemon[0m [36mconfig::tests[0m[36m::[0m[34;1mcartographer_partial_table_falls_back_per_field[0m
[32;1m        PASS[0m [   0.792s] (1085/3773) [35;1mralphus-daemon[0m [36mconfig::tests[0m[36m::[0m[34;1mcommit_config_absent_table_is_default[0m
[32;1m        PASS[0m [   0.744s] (1086/3773) [35;1mralphus-daemon[0m [36mconfig::tests[0m[36m::[0m[34;1mcommit_config_defaults_to_enabled_when_unset[0m
[32;1m        PASS[0m [   0.762s] (1087/3773) [35;1mralphus-daemon[0m [36mconfig::tests[0m[36m::[0m[34;1mcommit_config_explicit_false_disables[0m
[32;1m        PASS[0m [   0.762s] (1088/3773) [35;1mralphus-daemon[0m [36mconfig::tests[0m[36m::[0m[34;1mcommit_config_explicit_true_stays_enabled[0m
[32;1m        PASS[0m [   0.712s] (1089/3773) [35;1mralphus-daemon[0m [36mconfig::tests[0m[36m::[0m[34;1mcommit_config_project_wins_over_global[0m
[32;1m        PASS[0m [   0.692s] (1090/3773) [35;1mralphus-daemon[0m [36mconfig::tests[0m[36m::[0m[34;1mcors_defaults_when_absent[0m
[32;1m        PASS[0m [   0.705s] (1091/3773) [35;1mralphus-daemon[0m [36mconfig::tests[0m[36m::[0m[34;1mcors_malformed_toml_is_default[0m
[32;1m        PASS[0m [   0.728s] (1092/3773) [35;1mralphus-daemon[0m [36mconfig::tests[0m[36m::[0m[34;1mcors_parses_explicit_values[0m
[32;1m        PASS[0m [   0.746s] (1093/3773) [35;1mralphus-daemon[0m [36mconfig::tests[0m[36m::[0m[34;1mdefault_machine_unset_resolves_to_none[0m
[32;1m        PASS[0m [   0.744s] (1094/3773) [35;1mralphus-daemon[0m [36mconfig::tests[0m[36m::[0m[34;1mdefault_maximum_budget_usd_unset_resolves_to_none[0m
[32;1m        PASS[0m [   1.784s] (1095/3773) [35;1mralphus-daemon[0m [36mchannel::tests[0m[36m::[0m[34;1mchannels_for_different_machines_are_not_shared[0m
[32;1m        PASS[0m [   0.757s] (1096/3773) [35;1mralphus-daemon[0m [36mconfig::tests[0m[36m::[0m[34;1mdefault_proof_scope_accepts_the_legacy_verify_scope_key[0m
[32;1m        PASS[0m [   0.752s] (1097/3773) [35;1mralphus-daemon[0m [36mconfig::tests[0m[36m::[0m[34;1mdefault_proof_scope_defaults_to_each_branch_when_unset[0m
[32;1m        PASS[0m [   0.779s] (1098/3773) [35;1mralphus-daemon[0m [36mconfig::tests[0m[36m::[0m[34;1mdefault_proof_scope_parses_final_branch_and_nothing[0m
[32;1m        PASS[0m [   2.024s] (1099/3773) [35;1mralphus-daemon[0m [36mcartographer::tests[0m[36m::[0m[34;1mlog_path_round_trips[0m
[32;1m        PASS[0m [   0.792s] (1100/3773) [35;1mralphus-daemon[0m [36mconfig::tests[0m[36m::[0m[34;1mdefault_proof_scope_unrecognized_value_falls_back_to_each_branch[0m
[32;1m        PASS[0m [   0.804s] (1101/3773) [35;1mralphus-daemon[0m [36mconfig::tests[0m[36m::[0m[34;1mdefault_resolver_agent_unset_resolves_to_ollama[0m
[32;1m        PASS[0m [   0.820s] (1102/3773) [35;1mralphus-daemon[0m [36mconfig::tests[0m[36m::[0m[34;1mdefault_resolver_model_unset_resolves_to_none[0m
[32;1m        PASS[0m [   0.830s] (1103/3773) [35;1mralphus-daemon[0m [36mconfig::tests[0m[36m::[0m[34;1mdefault_template_is_hello_world_and_ascii[0m
[32;1m        PASS[0m [   0.838s] (1104/3773) [35;1mralphus-daemon[0m [36mconfig::tests[0m[36m::[0m[34;1mdowntime_defaults_to_no_windows[0m
[32;1m        PASS[0m [   0.850s] (1105/3773) [35;1mralphus-daemon[0m [36mconfig::tests[0m[36m::[0m[34;1mdowntime_global_used_when_local_is_empty[0m
[32;1m        PASS[0m [   0.871s] (1106/3773) [35;1mralphus-daemon[0m [36mconfig::tests[0m[36m::[0m[34;1mdowntime_local_project_overrides_global_when_non_empty[0m
[32;1m        PASS[0m [   0.894s] (1107/3773) [35;1mralphus-daemon[0m [36mconfig::tests[0m[36m::[0m[34;1mdowntime_malformed_toml_is_default[0m
[32;1m        PASS[0m [   0.896s] (1108/3773) [35;1mralphus-daemon[0m [36mconfig::tests[0m[36m::[0m[34;1mdowntime_malformed_window_is_dropped_not_fatal[0m
[32;1m        PASS[0m [   0.900s] (1109/3773) [35;1mralphus-daemon[0m [36mconfig::tests[0m[36m::[0m[34;1mdowntime_parses_multiple_windows[0m
[32;1m        PASS[0m [   0.914s] (1110/3773) [35;1mralphus-daemon[0m [36mconfig::tests[0m[36m::[0m[34;1mdowntime_parses_single_window_under_daemon_table[0m
[32;1m        PASS[0m [   0.907s] (1111/3773) [35;1mralphus-daemon[0m [36mconfig::tests[0m[36m::[0m[34;1meffective_templates_falls_back_to_default_when_none_configured[0m
[32;1m        PASS[0m [   0.938s] (1112/3773) [35;1mralphus-daemon[0m [36mconfig::tests[0m[36m::[0m[34;1menv_overrides_defaults_when_absent[0m
[32;1m        PASS[0m [   0.938s] (1113/3773) [35;1mralphus-daemon[0m [36mconfig::tests[0m[36m::[0m[34;1menv_overrides_malformed_toml_is_default[0m
[32;1m        PASS[0m [   0.938s] (1114/3773) [35;1mralphus-daemon[0m [36mconfig::tests[0m[36m::[0m[34;1menv_overrides_merge_unions_and_dedupes[0m
[32;1m        PASS[0m [   0.908s] (1115/3773) [35;1mralphus-daemon[0m [36mconfig::tests[0m[36m::[0m[34;1menv_overrides_parses_explicit_values[0m
[32;1m        PASS[0m [   0.914s] (1116/3773) [35;1mralphus-daemon[0m [36mconfig::tests[0m[36m::[0m[34;1mforge_defaults_when_absent[0m
[32;1m        PASS[0m [   0.931s] (1117/3773) [35;1mralphus-daemon[0m [36mconfig::tests[0m[36m::[0m[34;1mforge_malformed_toml_is_default[0m
[32;1m        PASS[0m [   0.998s] (1118/3773) [35;1mralphus-daemon[0m [36mconfig::tests[0m[36m::[0m[34;1mfind_project_config_walks_up[0m
[32;1m        PASS[0m [   0.925s] (1119/3773) [35;1mralphus-daemon[0m [36mconfig::tests[0m[36m::[0m[34;1mforge_merge_project_wins[0m
[32;1m        PASS[0m [   0.927s] (1120/3773) [35;1mralphus-daemon[0m [36mconfig::tests[0m[36m::[0m[34;1mforge_parses_explicit_values[0m
[32;1m        PASS[0m [   0.946s] (1121/3773) [35;1mralphus-daemon[0m [36mconfig::tests[0m[36m::[0m[34;1mforge_pr_branch_convention_defaults_and_parses[0m
[32;1m        PASS[0m [   0.945s] (1122/3773) [35;1mralphus-daemon[0m [36mconfig::tests[0m[36m::[0m[34;1mforge_pr_branch_convention_merge_project_wins[0m
[32;1m        PASS[0m [   0.962s] (1123/3773) [35;1mralphus-daemon[0m [36mconfig::tests[0m[36m::[0m[34;1mhealth_sweep_config_absent_table_is_default[0m
[32;1m        PASS[0m [   0.966s] (1124/3773) [35;1mralphus-daemon[0m [36mconfig::tests[0m[36m::[0m[34;1mhealth_sweep_config_clamps_an_implausibly_small_interval_to_the_default[0m
[32;1m        PASS[0m [   0.978s] (1125/3773) [35;1mralphus-daemon[0m [36mconfig::tests[0m[36m::[0m[34;1mhealth_sweep_config_unset_is_enabled_with_the_default_interval[0m
[32;1m        PASS[0m [   0.989s] (1126/3773) [35;1mralphus-daemon[0m [36mconfig::tests[0m[36m::[0m[34;1mhide_thinking_defaults_to_false_when_absent[0m
[32;1m        PASS[0m [   1.010s] (1127/3773) [35;1mralphus-daemon[0m [36mconfig::tests[0m[36m::[0m[34;1mhide_thinking_parses_explicit_false[0m
[32;1m        PASS[0m [   1.017s] (1128/3773) [35;1mralphus-daemon[0m [36mconfig::tests[0m[36m::[0m[34;1mhide_thinking_parses_explicit_true[0m
[32;1m        PASS[0m [   1.031s] (1129/3773) [35;1mralphus-daemon[0m [36mconfig::tests[0m[36m::[0m[34;1mhide_thinking_project_wins_over_global[0m
[32;1m        PASS[0m [   1.045s] (1130/3773) [35;1mralphus-daemon[0m [36mconfig::tests[0m[36m::[0m[34;1min_downtime_midnight_crossing_window[0m
[32;1m        PASS[0m [   1.047s] (1131/3773) [35;1mralphus-daemon[0m [36mconfig::tests[0m[36m::[0m[34;1min_downtime_same_day_window[0m
[32;1m        PASS[0m [   1.057s] (1132/3773) [35;1mralphus-daemon[0m [36mconfig::tests[0m[36m::[0m[34;1min_downtime_zero_width_window_never_blocks[0m
[32;1m        PASS[0m [   1.060s] (1133/3773) [35;1mralphus-daemon[0m [36mconfig::tests[0m[36m::[0m[34;1mis_valid_env_key_accepts_identifiers[0m
[32;1m        PASS[0m [   1.101s] (1134/3773) [35;1mralphus-daemon[0m [36mconfig::tests[0m[36m::[0m[34;1mis_valid_env_key_rejects_non_identifiers[0m
[32;1m        PASS[0m [   1.087s] (1135/3773) [35;1mralphus-daemon[0m [36mconfig::tests[0m[36m::[0m[34;1mis_valid_env_value_accepts_ordinary_content[0m
[32;1m        PASS[0m [   1.076s] (1136/3773) [35;1mralphus-daemon[0m [36mconfig::tests[0m[36m::[0m[34;1mis_valid_env_value_rejects_control_characters[0m
[32;1m        PASS[0m [   1.068s] (1137/3773) [35;1mralphus-daemon[0m [36mconfig::tests[0m[36m::[0m[34;1mlive_view_defaults_when_absent[0m
[32;1m        PASS[0m [   1.075s] (1138/3773) [35;1mralphus-daemon[0m [36mconfig::tests[0m[36m::[0m[34;1mlive_view_malformed_toml_is_default[0m
[32;1m        PASS[0m [   1.085s] (1139/3773) [35;1mralphus-daemon[0m [36mconfig::tests[0m[36m::[0m[34;1mlive_view_parses_explicit_false[0m
[32;1m        PASS[0m [   1.081s] (1140/3773) [35;1mralphus-daemon[0m [36mconfig::tests[0m[36m::[0m[34;1mlive_view_parses_explicit_true[0m
[32;1m        PASS[0m [   1.150s] (1141/3773) [35;1mralphus-daemon[0m [36mconfig::tests[0m[36m::[0m[34;1mload_commit_config_reads_per_project_override[0m
[32;1m        PASS[0m [   1.154s] (1142/3773) [35;1mralphus-daemon[0m [36mconfig::tests[0m[36m::[0m[34;1mload_daemon_config_with_project_local_wins_over_configuration_path[0m
[32;1m        PASS[0m [   1.123s] (1143/3773) [35;1mralphus-daemon[0m [36mconfig::tests[0m[36m::[0m[34;1mmalformed_toml_is_default[0m
[32;1m        PASS[0m [   1.150s] (1144/3773) [35;1mralphus-daemon[0m [36mconfig::tests[0m[36m::[0m[34;1mload_daemon_config_with_reads_configuration_path_entries[0m
[32;1m        PASS[0m [   1.117s] (1145/3773) [35;1mralphus-daemon[0m [36mconfig::tests[0m[36m::[0m[34;1mmatch_pr_branch_name_defaults_to_false_when_unset[0m
[32;1m        PASS[0m [   1.115s] (1146/3773) [35;1mralphus-daemon[0m [36mconfig::tests[0m[36m::[0m[34;1mmatch_pr_branch_name_parses_explicit_true[0m
[32;1m        PASS[0m [   1.101s] (1147/3773) [35;1mralphus-daemon[0m [36mconfig::tests[0m[36m::[0m[34;1mmax_concurrent_defaults_when_absent[0m
[32;1m        PASS[0m [   1.104s] (1148/3773) [35;1mralphus-daemon[0m [36mconfig::tests[0m[36m::[0m[34;1mmax_concurrent_malformed_toml_is_default[0m
[32;1m        PASS[0m [   1.121s] (1149/3773) [35;1mralphus-daemon[0m [36mconfig::tests[0m[36m::[0m[34;1mmax_concurrent_negative_falls_back_to_default[0m
[32;1m        PASS[0m [   1.135s] (1150/3773) [35;1mralphus-daemon[0m [36mconfig::tests[0m[36m::[0m[34;1mmax_concurrent_parses_explicit_value[0m
[32;1m        PASS[0m [   1.136s] (1151/3773) [35;1mralphus-daemon[0m [36mconfig::tests[0m[36m::[0m[34;1mmax_concurrent_zero_means_no_limit[0m
[32;1m        PASS[0m [   1.150s] (1152/3773) [35;1mralphus-daemon[0m [36mconfig::tests[0m[36m::[0m[34;1mmerge_auto_build_project_wins[0m
[32;1m        PASS[0m [   1.167s] (1153/3773) [35;1mralphus-daemon[0m [36mconfig::tests[0m[36m::[0m[34;1mmerge_auto_fix_pr_errors_project_wins[0m
[32;1m        PASS[0m [   1.159s] (1154/3773) [35;1mralphus-daemon[0m [36mconfig::tests[0m[36m::[0m[34;1mmerge_auto_fix_prompt_template_project_wins[0m
[32;1m        PASS[0m [   1.158s] (1155/3773) [35;1mralphus-daemon[0m [36mconfig::tests[0m[36m::[0m[34;1mmerge_auto_submit_pr_stack_project_wins[0m
[32;1m        PASS[0m [   1.170s] (1156/3773) [35;1mralphus-daemon[0m [36mconfig::tests[0m[36m::[0m[34;1mmerge_conflict_project_wins[0m
[32;1m        PASS[0m [   1.158s] (1157/3773) [35;1mralphus-daemon[0m [36mconfig::tests[0m[36m::[0m[34;1mmerge_default_machine_project_wins[0m
[32;1m        PASS[0m [   1.167s] (1158/3773) [35;1mralphus-daemon[0m [36mconfig::tests[0m[36m::[0m[34;1mmerge_default_proof_scope_project_wins[0m
[32;1m        PASS[0m [   1.156s] (1159/3773) [35;1mralphus-daemon[0m [36mconfig::tests[0m[36m::[0m[34;1mmerge_default_resolver_agent_project_wins[0m
[32;1m        PASS[0m [   1.149s] (1160/3773) [35;1mralphus-daemon[0m [36mconfig::tests[0m[36m::[0m[34;1mmerge_disjoint_keys[0m
[32;1m        PASS[0m [   1.152s] (1161/3773) [35;1mralphus-daemon[0m [36mconfig::tests[0m[36m::[0m[34;1mmerge_global_only[0m
[32;1m        PASS[0m [   1.148s] (1162/3773) [35;1mralphus-daemon[0m [36mconfig::tests[0m[36m::[0m[34;1mmerge_match_pr_branch_name_project_wins[0m
[32;1m        PASS[0m [   1.141s] (1163/3773) [35;1mralphus-daemon[0m [36mconfig::tests[0m[36m::[0m[34;1mmerge_project_only[0m
[32;1m        PASS[0m [   1.148s] (1164/3773) [35;1mralphus-daemon[0m [36mconfig::tests[0m[36m::[0m[34;1mmerge_skip_base_updates_project_wins[0m
[32;1m        PASS[0m [   1.134s] (1165/3773) [35;1mralphus-daemon[0m [36mconfig::tests[0m[36m::[0m[34;1mmerge_summary_format_project_wins[0m
[32;1m        PASS[0m [   1.137s] (1166/3773) [35;1mralphus-daemon[0m [36mconfig::tests[0m[36m::[0m[34;1mmonorepo_config_absent_table_is_default[0m
[32;1m        PASS[0m [   1.144s] (1167/3773) [35;1mralphus-daemon[0m [36mconfig::tests[0m[36m::[0m[34;1mmonorepo_config_empty_subprojects_list_is_not_a_monorepo[0m
[32;1m        PASS[0m [   1.147s] (1168/3773) [35;1mralphus-daemon[0m [36mconfig::tests[0m[36m::[0m[34;1mmonorepo_config_unset_is_not_a_monorepo[0m
[32;1m        PASS[0m [   1.126s] (1169/3773) [35;1mralphus-daemon[0m [36mconfig::tests[0m[36m::[0m[34;1mopentelemetry_defaults_to_enabled_and_can_be_disabled[0m
[32;1m        PASS[0m [   1.127s] (1170/3773) [35;1mralphus-daemon[0m [36mconfig::tests[0m[36m::[0m[34;1mparse_arbiter_config[0m
[32;1m        PASS[0m [   1.126s] (1171/3773) [35;1mralphus-daemon[0m [36mconfig::tests[0m[36m::[0m[34;1mparse_auto_build[0m
[32;1m        PASS[0m [   1.138s] (1172/3773) [35;1mralphus-daemon[0m [36mconfig::tests[0m[36m::[0m[34;1mparse_default_machine[0m
[32;1m        PASS[0m [   1.148s] (1173/3773) [35;1mralphus-daemon[0m [36mconfig::tests[0m[36m::[0m[34;1mparse_default_maximum_budget_usd[0m
[32;1m        PASS[0m [   1.136s] (1174/3773) [35;1mralphus-daemon[0m [36mconfig::tests[0m[36m::[0m[34;1mparse_default_resolver_agent[0m
[32;1m        PASS[0m [   1.146s] (1175/3773) [35;1mralphus-daemon[0m [36mconfig::tests[0m[36m::[0m[34;1mparse_default_resolver_model[0m
[32;1m        PASS[0m [   1.143s] (1176/3773) [35;1mralphus-daemon[0m [36mconfig::tests[0m[36m::[0m[34;1mparse_defaults_table_fallback[0m
[32;1m        PASS[0m [   1.145s] (1177/3773) [35;1mralphus-daemon[0m [36mconfig::tests[0m[36m::[0m[34;1mparse_health_sweep_config_overrides[0m
[32;1m        PASS[0m [   1.142s] (1178/3773) [35;1mralphus-daemon[0m [36mconfig::tests[0m[36m::[0m[34;1mparse_monorepo_config[0m
[32;1m        PASS[0m [   1.148s] (1179/3773) [35;1mralphus-daemon[0m [36mconfig::tests[0m[36m::[0m[34;1mparse_pr_cache_config_overrides[0m
[32;1m        PASS[0m [   1.152s] (1180/3773) [35;1mralphus-daemon[0m [36mconfig::tests[0m[36m::[0m[34;1mparse_review_table[0m
[32;1m        PASS[0m [   1.149s] (1181/3773) [35;1mralphus-daemon[0m [36mconfig::tests[0m[36m::[0m[34;1mpr_cache_config_absent_table_is_default[0m
[32;1m        PASS[0m [   1.155s] (1182/3773) [35;1mralphus-daemon[0m [36mconfig::tests[0m[36m::[0m[34;1mpr_cache_config_clamps_an_implausibly_small_interval_to_the_default[0m
[32;1m        PASS[0m [   1.147s] (1183/3773) [35;1mralphus-daemon[0m [36mconfig::tests[0m[36m::[0m[34;1mpr_cache_config_unset_is_enabled_with_the_default_interval[0m
[32;1m        PASS[0m [   1.151s] (1184/3773) [35;1mralphus-daemon[0m [36mconfig::tests[0m[36m::[0m[34;1mprovider_defaults_merge_project_scalar_wins[0m
[32;1m        PASS[0m [   1.124s] (1185/3773) [35;1mralphus-daemon[0m [36mconfig::tests[0m[36m::[0m[34;1mprovider_defaults_parse_each_provider_table_independently[0m
[32;1m        PASS[0m [   1.145s] (1186/3773) [35;1mralphus-daemon[0m [36mconfig::tests[0m[36m::[0m[34;1mprovider_defaults_parse_only_the_named_providers_table[0m
[32;1m        PASS[0m [   1.116s] (1187/3773) [35;1mralphus-daemon[0m [36mconfig::tests[0m[36m::[0m[34;1mprovider_defaults_resolve_false_when_unset[0m
[32;1m        PASS[0m [   1.154s] (1188/3773) [35;1mralphus-daemon[0m [36mconfig::tests[0m[36m::[0m[34;1mresolve_agent_isolation_layers_global_under_project[0m
[32;1m        PASS[0m [   1.137s] (1189/3773) [35;1mralphus-daemon[0m [36mconfig::tests[0m[36m::[0m[34;1mreview_table_preferred_over_defaults[0m
[32;1m        PASS[0m [   1.178s] (1190/3773) [35;1mralphus-daemon[0m [36mconfig::tests[0m[36m::[0m[34;1mresolve_pr_draft_by_default_project_file_wins_over_any_global_value[0m
[32;1m        PASS[0m [   1.144s] (1191/3773) [35;1mralphus-daemon[0m [36mconfig::tests[0m[36m::[0m[34;1mskip_base_updates_defaults_to_false_when_unset[0m
[32;1m        PASS[0m [   1.148s] (1192/3773) [35;1mralphus-daemon[0m [36mconfig::tests[0m[36m::[0m[34;1mskip_base_updates_parses_explicit_false[0m
[32;1m        PASS[0m [   1.142s] (1193/3773) [35;1mralphus-daemon[0m [36mconfig::tests[0m[36m::[0m[34;1mskip_base_updates_parses_explicit_true[0m
[32;1m        PASS[0m [   1.080s] (1194/3773) [35;1mralphus-daemon[0m [36mconfig::tests[0m[36m::[0m[34;1msummary_format_defaults_to_bullet_when_unset[0m
[32;1m        PASS[0m [   1.080s] (1195/3773) [35;1mralphus-daemon[0m [36mconfig::tests[0m[36m::[0m[34;1msummary_format_explicit_bullet_is_bullet[0m
[32;1m        PASS[0m [   1.084s] (1196/3773) [35;1mralphus-daemon[0m [36mconfig::tests[0m[36m::[0m[34;1msummary_format_prose_disables_bullet[0m
[32;1m        PASS[0m [   1.093s] (1197/3773) [35;1mralphus-daemon[0m [36mconfig::tests[0m[36m::[0m[34;1mtemplates_malformed_toml_is_empty[0m
[32;1m        PASS[0m [   1.098s] (1198/3773) [35;1mralphus-daemon[0m [36mconfig::tests[0m[36m::[0m[34;1mtemplates_parses_array_of_tables[0m
[32;1m        PASS[0m [   1.101s] (1199/3773) [35;1mralphus-daemon[0m [36mconfig::tests[0m[36m::[0m[34;1mterminal_log_defaults_when_absent[0m
[32;1m        PASS[0m [   1.109s] (1200/3773) [35;1mralphus-daemon[0m [36mconfig::tests[0m[36m::[0m[34;1mterminal_log_malformed_toml_is_default[0m
[32;1m        PASS[0m [   1.122s] (1201/3773) [35;1mralphus-daemon[0m [36mconfig::tests[0m[36m::[0m[34;1mterminal_log_max_lines_below_one_falls_back_to_default[0m
[32;1m        PASS[0m [   1.122s] (1202/3773) [35;1mralphus-daemon[0m [36mconfig::tests[0m[36m::[0m[34;1mterminal_log_max_lines_of_one_is_valid[0m
[32;1m        PASS[0m [   1.112s] (1203/3773) [35;1mralphus-daemon[0m [36mconfig::tests[0m[36m::[0m[34;1mterminal_log_max_transcript_bytes_below_one_falls_back_to_default[0m
[32;1m        PASS[0m [   1.113s] (1204/3773) [35;1mralphus-daemon[0m [36mconfig::tests[0m[36m::[0m[34;1mterminal_log_max_transcript_bytes_of_one_is_valid[0m
[32;1m        PASS[0m [   1.120s] (1205/3773) [35;1mralphus-daemon[0m [36mconfig::tests[0m[36m::[0m[34;1mterminal_log_pane_history_limit_below_one_falls_back_to_default[0m
[32;1m        PASS[0m [   1.115s] (1206/3773) [35;1mralphus-daemon[0m [36mconfig::tests[0m[36m::[0m[34;1mterminal_log_pane_history_limit_defaults_to_none_when_unset[0m
[32;1m        PASS[0m [   1.116s] (1207/3773) [35;1mralphus-daemon[0m [36mconfig::tests[0m[36m::[0m[34;1mterminal_log_pane_history_limit_explicit_value_is_honored[0m
[32;1m        PASS[0m [   1.112s] (1208/3773) [35;1mralphus-daemon[0m [36mconfig::tests[0m[36m::[0m[34;1mterminal_log_pane_history_limit_malformed_toml_is_none[0m
[32;1m        PASS[0m [   1.097s] (1209/3773) [35;1mralphus-daemon[0m [36mconfig::tests[0m[36m::[0m[34;1mterminal_log_parses_explicit_values[0m
[32;1m        PASS[0m [   1.093s] (1210/3773) [35;1mralphus-daemon[0m [36mconfig::tests[0m[36m::[0m[34;1mterminal_log_partial_table_falls_back_per_field[0m
[32;1m        PASS[0m [   1.084s] (1211/3773) [35;1mralphus-daemon[0m [36mconfig::tests[0m[36m::[0m[34;1mthrash_defaults_when_absent[0m
[32;1m        PASS[0m [   1.085s] (1212/3773) [35;1mralphus-daemon[0m [36mconfig::tests[0m[36m::[0m[34;1mthrash_malformed_toml_is_default[0m
[32;1m        PASS[0m [   1.087s] (1213/3773) [35;1mralphus-daemon[0m [36mconfig::tests[0m[36m::[0m[34;1mthrash_negative_value_falls_back_to_default[0m
[32;1m        PASS[0m [   1.097s] (1214/3773) [35;1mralphus-daemon[0m [36mconfig::tests[0m[36m::[0m[34;1mthrash_non_numeric_value_falls_back_to_default[0m
[32;1m        PASS[0m [   1.093s] (1215/3773) [35;1mralphus-daemon[0m [36mconfig::tests[0m[36m::[0m[34;1mthrash_parses_explicit_values[0m
[32;1m        PASS[0m [   1.099s] (1216/3773) [35;1mralphus-daemon[0m [36mconfig::tests[0m[36m::[0m[34;1mthrash_project_wins_over_global[0m
[32;1m        PASS[0m [   1.090s] (1217/3773) [35;1mralphus-daemon[0m [36mconfig::tests[0m[36m::[0m[34;1mtool_arg_truncate_chars_defaults_to_200_when_absent[0m
[32;1m        PASS[0m [   1.090s] (1218/3773) [35;1mralphus-daemon[0m [36mconfig::tests[0m[36m::[0m[34;1mtool_arg_truncate_chars_negative_value_falls_back_to_default[0m
[32;1m        PASS[0m [   1.090s] (1219/3773) [35;1mralphus-daemon[0m [36mconfig::tests[0m[36m::[0m[34;1mtool_arg_truncate_chars_non_numeric_value_falls_back_to_default[0m
[32;1m        PASS[0m [   1.088s] (1220/3773) [35;1mralphus-daemon[0m [36mconfig::tests[0m[36m::[0m[34;1mtool_arg_truncate_chars_parses_an_explicit_value[0m
[32;1m        PASS[0m [   1.088s] (1221/3773) [35;1mralphus-daemon[0m [36mconfig::tests[0m[36m::[0m[34;1mtool_arg_truncate_chars_project_wins_over_global[0m
[32;1m        PASS[0m [   1.088s] (1222/3773) [35;1mralphus-daemon[0m [36mconfig::tests[0m[36m::[0m[34;1mui_config_new_task_default_tab_defaults_to_simple[0m
[32;1m        PASS[0m [   1.081s] (1223/3773) [35;1mralphus-daemon[0m [36mconfig::tests[0m[36m::[0m[34;1mui_config_unrecognized_tab_falls_back_to_simple[0m
[32;1m        PASS[0m [   1.076s] (1224/3773) [35;1mralphus-daemon[0m [36mconfig::tests[0m[36m::[0m[34;1mvalidate_new_task_default_tab_accepts_known_values[0m
[32;1m        PASS[0m [   1.076s] (1225/3773) [35;1mralphus-daemon[0m [36mconfig::tests[0m[36m::[0m[34;1mvalidate_pull_request_branch_convention_rejects_empty_and_missing_placeholder[0m
[32;1m        PASS[0m [   1.072s] (1226/3773) [35;1mralphus-daemon[0m [36mconfig::tests[0m[36m::[0m[34;1mvalidate_templates_accepts_the_standard_example[0m
[32;1m        PASS[0m [   1.084s] (1227/3773) [35;1mralphus-daemon[0m [36mconfig::tests[0m[36m::[0m[34;1mvalidate_templates_rejects_empty_and_duplicate_names[0m
[32;1m        PASS[0m [   1.066s] (1228/3773) [35;1mralphus-daemon[0m [36mconfig::tests[0m[36m::[0m[34;1mvalidate_templates_rejects_missing_prompt_template[0m
[32;1m        PASS[0m [   1.063s] (1229/3773) [35;1mralphus-daemon[0m [36mconfig::tests[0m[36m::[0m[34;1mvalidate_templates_rejects_unknown_field_type_and_placeholder[0m
[32;1m        PASS[0m [   1.060s] (1230/3773) [35;1mralphus-daemon[0m [36mconfig::tests[0m[36m::[0m[34;1mverify_skip_auto_clean_defaults_to_false[0m
[32;1m        PASS[0m [   1.043s] (1231/3773) [35;1mralphus-daemon[0m [36mentity_uri::tests[0m[36m::[0m[34;1mcell_covers_only_its_own_cell_scoped_proofs[0m
[32;1m        PASS[0m [   1.035s] (1232/3773) [35;1mralphus-daemon[0m [36mentity_uri::tests[0m[36m::[0m[34;1mcovers_is_reflexive_for_every_kind[0m
[32;1m        PASS[0m [   1.031s] (1233/3773) [35;1mralphus-daemon[0m [36mentity_uri::tests[0m[36m::[0m[34;1mguardian_id_accessor_only_set_for_guardian_kind[0m
[32;1m        PASS[0m [   1.037s] (1234/3773) [35;1mralphus-daemon[0m [36mentity_uri::tests[0m[36m::[0m[34;1mproof_and_guardian_are_leaves[0m
[32;1m        PASS[0m [   1.027s] (1235/3773) [35;1mralphus-daemon[0m [36mentity_uri::tests[0m[36m::[0m[34;1mrejects_empty_ids[0m
[32;1m        PASS[0m [   1.030s] (1236/3773) [35;1mralphus-daemon[0m [36mentity_uri::tests[0m[36m::[0m[34;1mrejects_invalid_proof_scope[0m
[32;1m        PASS[0m [   1.019s] (1237/3773) [35;1mralphus-daemon[0m [36mentity_uri::tests[0m[36m::[0m[34;1mrejects_non_numeric_indices[0m
[32;1m        PASS[0m [   1.029s] (1238/3773) [35;1mralphus-daemon[0m [36mentity_uri::tests[0m[36m::[0m[34;1mrejects_unknown_kind[0m
[32;1m        PASS[0m [   1.003s] (1239/3773) [35;1mralphus-daemon[0m [36mentity_uri::tests[0m[36m::[0m[34;1mrejects_wrong_arity[0m
[32;1m        PASS[0m [   0.999s] (1240/3773) [35;1mralphus-daemon[0m [36mentity_uri::tests[0m[36m::[0m[34;1mround_trips_every_kind[0m
[32;1m        PASS[0m [   1.000s] (1241/3773) [35;1mralphus-daemon[0m [36mentity_uri::tests[0m[36m::[0m[34;1msquad_covers_every_descendant_in_the_same_squad[0m
[32;1m        PASS[0m [   1.018s] (1242/3773) [35;1mralphus-daemon[0m [36mentity_uri::tests[0m[36m::[0m[34;1msquad_id_accessor_covers_every_squad_scoped_kind[0m
[32;1m        PASS[0m [   1.002s] (1243/3773) [35;1mralphus-daemon[0m [36mentity_uri::tests[0m[36m::[0m[34;1mtask_covers_only_its_own_cells_and_proofs[0m
[32;1m        PASS[0m [   1.005s] (1244/3773) [35;1mralphus-daemon[0m [36mentity_uri::tests[0m[36m::[0m[34;1mtask_scope_proof_uses_negative_one_cell_idx_by_convention[0m
[32;1m        PASS[0m [   1.011s] (1245/3773) [35;1mralphus-daemon[0m [36menv_view::tests[0m[36m::[0m[34;1ma_tombstoned_variable_is_not_listed_as_resolved[0m
[32;1m        PASS[0m [   1.006s] (1246/3773) [35;1mralphus-daemon[0m [36menv_view::tests[0m[36m::[0m[34;1mtests_and_build_scopes_share_one_stored_override_layer[0m
[32;1m        PASS[0m [   1.012s] (1247/3773) [35;1mralphus-daemon[0m [36mevents::tests[0m[36m::[0m[34;1mevent_kind_as_str_matches_sse_event_names[0m
[32;1m        PASS[0m [   1.008s] (1248/3773) [35;1mralphus-daemon[0m [36mevents::tests[0m[36m::[0m[34;1mfull_channel_drops_the_event_but_keeps_the_subscriber[0m
[32;1m        PASS[0m [   1.006s] (1249/3773) [35;1mralphus-daemon[0m [36mevents::tests[0m[36m::[0m[34;1mkind_falls_back_to_other_with_no_entity_refs[0m
[32;1m        PASS[0m [   1.006s] (1250/3773) [35;1mralphus-daemon[0m [36mevents::tests[0m[36m::[0m[34;1mkind_prefers_guardian_over_squad[0m
[32;1m        PASS[0m [   1.003s] (1251/3773) [35;1mralphus-daemon[0m [36mevents::tests[0m[36m::[0m[34;1mmultiple_subscribers_each_get_their_own_copy[0m
[32;1m        PASS[0m [   0.992s] (1252/3773) [35;1mralphus-daemon[0m [36mevents::tests[0m[36m::[0m[34;1mpublish_prunes_a_dropped_receiver[0m
[32;1m        PASS[0m [   0.988s] (1253/3773) [35;1mralphus-daemon[0m [36mevents::tests[0m[36m::[0m[34;1msubscribe_then_publish_delivers_the_event[0m
[32;1m        PASS[0m [   0.988s] (1254/3773) [35;1mralphus-daemon[0m [36mevents::tests[0m[36m::[0m[34;1munsubscribe_stops_further_delivery[0m
[32;1m        PASS[0m [   0.993s] (1255/3773) [35;1mralphus-daemon[0m [36mforge::tests[0m[36m::[0m[34;1madd_to_stack_is_a_no_op_for_gitlab[0m
[32;1m        PASS[0m [   1.050s] (1256/3773) [35;1mralphus-daemon[0m [36mforge::tests[0m[36m::[0m[34;1ma_401_evicts_the_cached_cli_fallback_token_but_a_404_does_not[0m
[32;1m        PASS[0m [   1.050s] (1257/3773) [35;1mralphus-daemon[0m [36mforge::tests[0m[36m::[0m[34;1madd_to_stack_sends_new_pull_request_numbers[0m
[32;1m        PASS[0m [   1.057s] (1258/3773) [35;1mralphus-daemon[0m [36mforge::tests[0m[36m::[0m[34;1mcheck_pr_ci_status_reports_a_failing_github_check_run[0m
[32;1m        PASS[0m [   1.060s] (1259/3773) [35;1mralphus-daemon[0m [36mforge::tests[0m[36m::[0m[34;1mcheck_pr_ci_status_reports_a_failing_gitlab_pipeline_job_with_its_trace[0m
[32;1m        PASS[0m [   1.424s] (1260/3773) [35;1mralphus-daemon[0m [36menv_view::tests[0m[36m::[0m[34;1ma_proof_step_layers_its_own_overrides_over_its_scopes[0m
[32;1m        PASS[0m [   1.412s] (1261/3773) [35;1mralphus-daemon[0m [36menv_view::tests[0m[36m::[0m[34;1ma_registered_secret_name_is_masked_but_an_unregistered_one_is_not[0m
[32;1m        PASS[0m [   1.073s] (1262/3773) [35;1mralphus-daemon[0m [36mforge::tests[0m[36m::[0m[34;1mcheck_pr_ci_status_reports_every_failing_github_check_run_not_just_the_first[0m
[32;1m        PASS[0m [   1.446s] (1263/3773) [35;1mralphus-daemon[0m [36menv_view::tests[0m[36m::[0m[34;1ma_cell_view_shows_the_narrowest_layer_and_names_where_it_came_from[0m
[32;1m        PASS[0m [   1.057s] (1264/3773) [35;1mralphus-daemon[0m [36mforge::tests[0m[36m::[0m[34;1mcheck_pr_ci_status_reports_every_failing_gitlab_pipeline_job_not_just_the_first[0m
[32;1m        PASS[0m [   1.426s] (1265/3773) [35;1mralphus-daemon[0m [36menv_view::tests[0m[36m::[0m[34;1man_unknown_squad_is_not_found[0m
[32;1m        PASS[0m [   1.074s] (1266/3773) [35;1mralphus-daemon[0m [36mforge::tests[0m[36m::[0m[34;1mcheck_pr_ci_status_reports_github_passing_when_everything_is_green[0m
[32;1m        PASS[0m [   1.086s] (1267/3773) [35;1mralphus-daemon[0m [36mforge::tests[0m[36m::[0m[34;1mcheck_pr_ci_status_reports_github_passing_when_there_are_zero_legacy_statuses[0m
[32;1m        PASS[0m [   1.091s] (1268/3773) [35;1mralphus-daemon[0m [36mforge::tests[0m[36m::[0m[34;1mcheck_pr_ci_status_reports_github_pending_after_a_rebase_moves_the_head_sha[0m
[32;1m        PASS[0m [   1.091s] (1269/3773) [35;1mralphus-daemon[0m [36mforge::tests[0m[36m::[0m[34;1mcheck_pr_ci_status_reports_github_pending_right_after_a_push_with_no_check_runs_yet[0m
[32;1m        PASS[0m [   1.093s] (1270/3773) [35;1mralphus-daemon[0m [36mforge::tests[0m[36m::[0m[34;1mcheck_pr_ci_status_reports_github_pending_when_a_legacy_status_is_actually_pending[0m
[32;1m        PASS[0m [   1.093s] (1271/3773) [35;1mralphus-daemon[0m [36mforge::tests[0m[36m::[0m[34;1mcheck_pr_ci_status_reports_github_pending_while_a_check_is_still_running[0m
[32;1m        PASS[0m [   1.099s] (1272/3773) [35;1mralphus-daemon[0m [36mforge::tests[0m[36m::[0m[34;1mcheck_pr_ci_status_reports_gitlab_conflict_before_any_pipeline_call[0m
[32;1m        PASS[0m [   1.094s] (1273/3773) [35;1mralphus-daemon[0m [36mforge::tests[0m[36m::[0m[34;1mcheck_pr_ci_status_reports_gitlab_pending_when_the_pipeline_is_stale_for_the_current_head[0m
[32;1m        PASS[0m [   1.042s] (1274/3773) [35;1mralphus-daemon[0m [36mforge::tests[0m[36m::[0m[34;1mclassify_fork_relationship_cross_instance_has_no_path[0m
[32;1m        PASS[0m [   1.090s] (1275/3773) [35;1mralphus-daemon[0m [36mforge::tests[0m[36m::[0m[34;1mcheck_pr_ci_status_reports_gitlab_pending_with_no_pipeline_yet[0m
[32;1m        PASS[0m [   1.036s] (1276/3773) [35;1mralphus-daemon[0m [36mforge::tests[0m[36m::[0m[34;1mclassify_fork_relationship_direct_fork[0m
[32;1m        PASS[0m [   1.038s] (1277/3773) [35;1mralphus-daemon[0m [36mforge::tests[0m[36m::[0m[34;1mclassify_fork_relationship_indirect_fork_of_a_fork[0m
[32;1m        PASS[0m [   1.277s] (1278/3773) [35;1mralphus-daemon[0m [36mforge::tests[0m[36m::[0m[34;1mcheck_pr_ci_status_reports_github_conflict_before_any_check_call[0m
[32;1m        PASS[0m [   1.103s] (1279/3773) [35;1mralphus-daemon[0m [36mforge::tests[0m[36m::[0m[34;1mcheck_pr_ci_status_reports_the_gitlab_pipelines_verdict_when_it_matches_the_current_head[0m
[32;1m        PASS[0m [   1.035s] (1280/3773) [35;1mralphus-daemon[0m [36mforge::tests[0m[36m::[0m[34;1mclassify_fork_relationship_no_relationship_blocks[0m
[32;1m        PASS[0m [   1.031s] (1281/3773) [35;1mralphus-daemon[0m [36mforge::tests[0m[36m::[0m[34;1mclassify_fork_relationship_not_visible_is_not_treated_as_no_relationship[0m
[32;1m        PASS[0m [   0.999s] (1282/3773) [35;1mralphus-daemon[0m [36mforge::tests[0m[36m::[0m[34;1mclient_for_repo_picks_the_matching_candidate[0m
[32;1m        PASS[0m [   1.051s] (1283/3773) [35;1mralphus-daemon[0m [36mforge::tests[0m[36m::[0m[34;1mcreate_pull_request_github_sends_draft_false_when_ready_for_review[0m
[32;1m        PASS[0m [   1.053s] (1284/3773) [35;1mralphus-daemon[0m [36mforge::tests[0m[36m::[0m[34;1mcreate_pull_request_github_sends_draft_field_when_requested[0m
[32;1m        PASS[0m [   1.054s] (1285/3773) [35;1mralphus-daemon[0m [36mforge::tests[0m[36m::[0m[34;1mcreate_pull_request_gitlab_does_not_double_prefix_an_already_draft_title[0m
[32;1m        PASS[0m [   1.070s] (1286/3773) [35;1mralphus-daemon[0m [36mforge::tests[0m[36m::[0m[34;1mcreate_pull_request_gitlab_draft_prefixes_the_title[0m
[32;1m        PASS[0m [   1.069s] (1287/3773) [35;1mralphus-daemon[0m [36mforge::tests[0m[36m::[0m[34;1mcreate_pull_request_gitlab_ready_for_review_leaves_title_unprefixed[0m
[32;1m        PASS[0m [   1.008s] (1288/3773) [35;1mralphus-daemon[0m [36mforge::tests[0m[36m::[0m[34;1mcreate_stack_is_a_no_op_for_gitlab[0m
[32;1m        PASS[0m [   1.159s] (1289/3773) [35;1mralphus-daemon[0m [36mforge::tests[0m[36m::[0m[34;1mcreate_pull_request_routed_sends_gitlab_target_project_id_only_when_given[0m
[32;1m        PASS[0m [   1.108s] (1290/3773) [35;1mralphus-daemon[0m [36mforge::tests[0m[36m::[0m[34;1mdefault_api_bases[0m
[32;1m        PASS[0m [   1.178s] (1291/3773) [35;1mralphus-daemon[0m [36mforge::tests[0m[36m::[0m[34;1mcreate_pull_request_without_target_project_id_omits_the_field[0m
[32;1m        PASS[0m [   1.103s] (1292/3773) [35;1mralphus-daemon[0m [36mforge::tests[0m[36m::[0m[34;1mderive_owner_from_url_handles_every_supported_url_form[0m
[32;1m        PASS[0m [   1.167s] (1293/3773) [35;1mralphus-daemon[0m [36mforge::tests[0m[36m::[0m[34;1mcreate_stack_sends_ordered_pull_request_numbers[0m
[32;1m        PASS[0m [   1.115s] (1294/3773) [35;1mralphus-daemon[0m [36mforge::tests[0m[36m::[0m[34;1mextract_glab_token_handles_a_plain_token_line[0m
[32;1m        PASS[0m [   1.057s] (1295/3773) [35;1mralphus-daemon[0m [36mforge::tests[0m[36m::[0m[34;1mextract_glab_token_handles_an_os_keyring_token_line[0m
[32;1m        PASS[0m [   1.161s] (1296/3773) [35;1mralphus-daemon[0m [36mforge::tests[0m[36m::[0m[34;1mdescribe_error_captures_status_and_integer_retry_after[0m
[32;1m        PASS[0m [   1.041s] (1297/3773) [35;1mralphus-daemon[0m [36mforge::tests[0m[36m::[0m[34;1mextract_glab_token_is_none_without_a_token_line[0m
[32;1m        PASS[0m [   1.085s] (1298/3773) [35;1mralphus-daemon[0m [36mforge::tests[0m[36m::[0m[34;1mfetch_pr_template_reads_the_github_default_template[0m
[32;1m        PASS[0m [   1.076s] (1299/3773) [35;1mralphus-daemon[0m [36mforge::tests[0m[36m::[0m[34;1mfetch_pr_template_reads_the_gitlab_default_template[0m
[32;1m        PASS[0m [   1.072s] (1300/3773) [35;1mralphus-daemon[0m [36mforge::tests[0m[36m::[0m[34;1mfind_open_pull_request_is_none_when_githubs_list_is_empty[0m
[32;1m        PASS[0m [   1.087s] (1301/3773) [35;1mralphus-daemon[0m [36mforge::tests[0m[36m::[0m[34;1mfind_open_pull_request_queries_githubs_documented_head_filter[0m
[32;1m        PASS[0m [   1.041s] (1302/3773) [35;1mralphus-daemon[0m [36mforge::tests[0m[36m::[0m[34;1mforge_error_converts_to_string_preserving_the_message[0m
[32;1m        PASS[0m [   1.079s] (1303/3773) [35;1mralphus-daemon[0m [36mforge::tests[0m[36m::[0m[34;1mfind_open_pull_request_queries_gitlabs_documented_source_branch_filter[0m
[32;1m        PASS[0m [   1.084s] (1304/3773) [35;1mralphus-daemon[0m [36mforge::tests[0m[36m::[0m[34;1mfind_open_pull_request_with_a_bare_github_head_would_match_any_open_pr[0m
[32;1m        PASS[0m [   1.049s] (1305/3773) [35;1mralphus-daemon[0m [36mforge::tests[0m[36m::[0m[34;1mforge_error_is_rate_limited_only_for_429_and_403[0m
[32;1m        PASS[0m [   1.028s] (1306/3773) [35;1mralphus-daemon[0m [36mforge::tests[0m[36m::[0m[34;1mforge_kind_detected_from_host[0m
[32;1m        PASS[0m [   1.039s] (1307/3773) [35;1mralphus-daemon[0m [36mforge::tests[0m[36m::[0m[34;1mget_conditional_sends_if_none_match_and_reports_not_modified_on_304[0m
[32;1m        PASS[0m [   1.026s] (1308/3773) [35;1mralphus-daemon[0m [36mforge::tests[0m[36m::[0m[34;1mget_pull_request_base_errors_when_the_forge_response_omits_it[0m
[32;1m        PASS[0m [   0.970s] (1309/3773) [35;1mralphus-daemon[0m [36mforge::tests[0m[36m::[0m[34;1mget_pull_request_base_requires_token[0m
[32;1m        PASS[0m [   1.024s] (1310/3773) [35;1mralphus-daemon[0m [36mforge::tests[0m[36m::[0m[34;1mget_pull_request_base_reads_github_base_ref[0m
[32;1m        PASS[0m [   1.026s] (1311/3773) [35;1mralphus-daemon[0m [36mforge::tests[0m[36m::[0m[34;1mget_pull_request_base_reads_gitlab_target_branch[0m
[32;1m        PASS[0m [   1.034s] (1312/3773) [35;1mralphus-daemon[0m [36mforge::tests[0m[36m::[0m[34;1mget_pull_request_state_normalizes_gitlab_opened[0m
[32;1m        PASS[0m [   1.050s] (1313/3773) [35;1mralphus-daemon[0m [36mforge::tests[0m[36m::[0m[34;1mget_pull_request_state_reports_closed[0m
[32;1m        PASS[0m [   1.077s] (1314/3773) [35;1mralphus-daemon[0m [36mforge::tests[0m[36m::[0m[34;1mget_pull_request_state_reports_gitlab_closed_without_merging[0m
[32;1m        PASS[0m [   1.083s] (1315/3773) [35;1mralphus-daemon[0m [36mforge::tests[0m[36m::[0m[34;1mget_pull_request_state_reports_gitlab_merged[0m
[32;1m        PASS[0m [   1.070s] (1316/3773) [35;1mralphus-daemon[0m [36mforge::tests[0m[36m::[0m[34;1mget_pull_request_state_reports_merged_over_closed[0m
[32;1m        PASS[0m [   1.075s] (1317/3773) [35;1mralphus-daemon[0m [36mforge::tests[0m[36m::[0m[34;1mget_stack_pull_requests_returns_members_in_forge_order[0m
[32;1m        PASS[0m [   1.024s] (1318/3773) [35;1mralphus-daemon[0m [36mforge::tests[0m[36m::[0m[34;1mgitlab_repo_path_is_percent_encoded[0m
[32;1m        PASS[0m [   1.074s] (1319/3773) [35;1mralphus-daemon[0m [36mforge::tests[0m[36m::[0m[34;1mget_stack_pull_requests_treats_not_found_as_absent[0m
[32;1m        PASS[0m [   1.016s] (1320/3773) [35;1mralphus-daemon[0m [36mforge::tests[0m[36m::[0m[34;1mparse_retry_after_is_none_for_an_http_date_or_garbage[0m
[32;1m        PASS[0m [   1.081s] (1321/3773) [35;1mralphus-daemon[0m [36mforge::tests[0m[36m::[0m[34;1mlist_pr_comments_conditional_github_fetches_both_endpoints_with_fresh_etags[0m
[32;1m        PASS[0m [   1.034s] (1322/3773) [35;1mralphus-daemon[0m [36mforge::tests[0m[36m::[0m[34;1mparse_retry_after_parses_plain_delay_seconds[0m
[32;1m        PASS[0m [   1.093s] (1323/3773) [35;1mralphus-daemon[0m [36mforge::tests[0m[36m::[0m[34;1mlist_pr_comments_conditional_gitlab_uses_the_single_notes_endpoint_for_either_source[0m
[32;1m        PASS[0m [   1.049s] (1324/3773) [35;1mralphus-daemon[0m [36mforge::tests[0m[36m::[0m[34;1mparses_https_remote[0m
[32;1m        PASS[0m [   1.076s] (1325/3773) [35;1mralphus-daemon[0m [36mforge::tests[0m[36m::[0m[34;1mlist_pr_comments_conditional_reports_not_modified_and_costs_no_reparse[0m
[32;1m        PASS[0m [   1.059s] (1326/3773) [35;1mralphus-daemon[0m [36mforge::tests[0m[36m::[0m[34;1mparses_https_remote_without_dot_git[0m
[32;1m        PASS[0m [   1.070s] (1327/3773) [35;1mralphus-daemon[0m [36mforge::tests[0m[36m::[0m[34;1mparses_ssh_scheme_remote[0m
[32;1m        PASS[0m [   1.092s] (1328/3773) [35;1mralphus-daemon[0m [36mforge::tests[0m[36m::[0m[34;1mparses_ssh_shorthand_remote[0m
[32;1m        PASS[0m [   1.111s] (1329/3773) [35;1mralphus-daemon[0m [36mforge::tests[0m[36m::[0m[34;1mrejects_unparseable_remote[0m
[32;1m        PASS[0m [   1.086s] (1330/3773) [35;1mralphus-daemon[0m [36mforge::tests[0m[36m::[0m[34;1mrequire_token_error_names_the_env_var[0m
[32;1m        PASS[0m [   1.607s] (1331/3773) [35;1mralphus-daemon[0m [36mforge::tests[0m[36m::[0m[34;1mgitlab_moves_a_base_without_ever_calling_a_stack_endpoint[0m
[32;1m        PASS[0m [   1.067s] (1332/3773) [35;1mralphus-daemon[0m [36mforge::tests[0m[36m::[0m[34;1msame_repo_head_leaves_gitlab_head_bare[0m
[32;1m        PASS[0m [   1.109s] (1333/3773) [35;1mralphus-daemon[0m [36mforge::tests[0m[36m::[0m[34;1msame_repo_head_prefixes_github_with_the_repos_own_owner[0m
[32;1m        PASS[0m [   1.101s] (1334/3773) [35;1mralphus-daemon[0m [36mforge::tests[0m[36m::[0m[34;1munstack_is_a_no_op_for_gitlab[0m
[32;1m        PASS[0m [   1.106s] (1335/3773) [35;1mralphus-daemon[0m [36mforge::tests[0m[36m::[0m[34;1mupdate_pull_request_base_requires_token[0m
[32;1m        PASS[0m [   1.234s] (1336/3773) [35;1mralphus-daemon[0m [36mforge::tests[0m[36m::[0m[34;1mstack_exists_treats_not_found_as_absent[0m
[32;1m        PASS[0m [   1.176s] (1337/3773) [35;1mralphus-daemon[0m [36mforge::tests[0m[36m::[0m[34;1mupdate_pull_request_base_sends_github_patch[0m
[32;1m        PASS[0m [   1.165s] (1338/3773) [35;1mralphus-daemon[0m [36mforge::tests[0m[36m::[0m[34;1mupdate_pull_request_base_sends_gitlab_put[0m
[32;1m        PASS[0m [   1.170s] (1339/3773) [35;1mralphus-daemon[0m [36mforge::tests[0m[36m::[0m[34;1mupdate_pull_request_draft_gitlab_sends_wip_event_toggle[0m
[32;1m        PASS[0m [   1.360s] (1340/3773) [35;1mralphus-daemon[0m [36mforge::tests[0m[36m::[0m[34;1mstack_exists_accepts_a_live_stack_response[0m
[32;1m        PASS[0m [   1.218s] (1341/3773) [35;1mralphus-daemon[0m [36mgeneration::tests[0m[36m::[0m[34;1mgeneration_kind_parse_roundtrip[0m
[32;1m        PASS[0m [   1.308s] (1342/3773) [35;1mralphus-daemon[0m [36mforge::tests[0m[36m::[0m[34;1munstack_posts_to_the_stacks_unstack_endpoint[0m
[32;1m        PASS[0m [   1.137s] (1343/3773) [35;1mralphus-daemon[0m [36mgeneration::tests[0m[36m::[0m[34;1mrejects_garbage[0m
[32;1m        PASS[0m [   1.154s] (1344/3773) [35;1mralphus-daemon[0m [36mgeneration::tests[0m[36m::[0m[34;1mrun_generation_rejects_unknown_kind_without_touching_the_runner[0m
[32;1m        PASS[0m [   1.327s] (1345/3773) [35;1mralphus-daemon[0m [36mforge::tests[0m[36m::[0m[34;1mupdate_pull_request_draft_github_patches_the_draft_field[0m
[32;1m        PASS[0m [   1.248s] (1346/3773) [35;1mralphus-daemon[0m [36mgeneration::tests[0m[36m::[0m[34;1mparses_a_clean_json_array[0m
[32;1m        PASS[0m [   1.200s] (1347/3773) [35;1mralphus-daemon[0m [36mgeneration::tests[0m[36m::[0m[34;1mslugify_task_name_caps_length[0m
[32;1m        PASS[0m [   1.182s] (1348/3773) [35;1mralphus-daemon[0m [36mgeneration::tests[0m[36m::[0m[34;1mslugify_task_name_lowercases_and_collapses_punctuation[0m
[32;1m        PASS[0m [   1.165s] (1349/3773) [35;1mralphus-daemon[0m [36mgeneration::tests[0m[36m::[0m[34;1mslugify_task_name_rejects_all_punctuation[0m
[32;1m        PASS[0m [   1.294s] (1350/3773) [35;1mralphus-daemon[0m [36mgeneration::tests[0m[36m::[0m[34;1mparses_a_fenced_and_chatty_response[0m
[32;1m        PASS[0m [   1.390s] (1351/3773) [35;1mralphus-daemon[0m [36mgeneration::tests[0m[36m::[0m[34;1mjobs_registry_starts_running_then_reports_finish[0m
[32;1m        PASS[0m [   1.190s] (1352/3773) [35;1mralphus-daemon[0m [36mghost::tests[0m[36m::[0m[34;1mcell_uri_is_stable_and_scoped_to_squad[0m
[32;1m        PASS[0m [   1.203s] (1353/3773) [35;1mralphus-daemon[0m [36mghost::tests[0m[36m::[0m[34;1mformat_context_block_blank_user_note_is_ignored[0m
[32;1m        PASS[0m [   1.299s] (1354/3773) [35;1mralphus-daemon[0m [36mghost::tests[0m[36m::[0m[34;1mformat_context_block_appends_user_note_after_agent_notes[0m
[32;1m        PASS[0m [   1.342s] (1355/3773) [35;1mralphus-daemon[0m [36mghost::tests[0m[36m::[0m[34;1mcurrent_revision_empty_cwd_is_none[0m
[32;1m        PASS[0m [   1.280s] (1356/3773) [35;1mralphus-daemon[0m [36mghost::tests[0m[36m::[0m[34;1mformat_context_block_includes_own_and_parent_notes[0m
[32;1m        PASS[0m [   1.303s] (1357/3773) [35;1mralphus-daemon[0m [36mghost::tests[0m[36m::[0m[34;1mformat_context_block_none_when_nothing_to_inject[0m
[32;1m        PASS[0m [   1.293s] (1358/3773) [35;1mralphus-daemon[0m [36mghost::tests[0m[36m::[0m[34;1mformat_context_block_own_only_omits_dependency_section[0m
[32;1m        PASS[0m [   1.299s] (1359/3773) [35;1mralphus-daemon[0m [36mghost::tests[0m[36m::[0m[34;1mformat_context_block_user_note_alone_does_not_render_empty_own_section[0m
[32;1m        PASS[0m [   1.293s] (1360/3773) [35;1mralphus-daemon[0m [36mghost::tests[0m[36m::[0m[34;1mmerge_content_trims_oversized_combination_keeping_the_tail[0m
[32;1m        PASS[0m [   1.540s] (1361/3773) [35;1mralphus-daemon[0m [36mghost::tests[0m[36m::[0m[34;1mcopy_ghost_missing_source_is_not_found[0m
[32;1m        PASS[0m [   1.346s] (1362/3773) [35;1mralphus-daemon[0m [36mghost::tests[0m[36m::[0m[34;1mmerge_content_combines_previous_and_new[0m
[32;1m        PASS[0m [   1.314s] (1363/3773) [35;1mralphus-daemon[0m [36mghost::tests[0m[36m::[0m[34;1mmerge_content_trims_without_panicking_on_multibyte_boundary[0m
[32;1m        PASS[0m [   1.342s] (1364/3773) [35;1mralphus-daemon[0m [36mghost::tests[0m[36m::[0m[34;1mmerge_content_with_no_previous_is_just_new[0m
[32;1m        PASS[0m [   0.997s] (1365/3773) [35;1mralphus-daemon[0m [36mghost::tests[0m[36m::[0m[34;1mparse_owner_uri_review_extracts_guardian_id[0m
[32;1m        PASS[0m [   1.283s] (1366/3773) [35;1mralphus-daemon[0m [36mghost::tests[0m[36m::[0m[34;1mparse_owner_uri_cell_extracts_squad_id[0m
[32;1m        PASS[0m [   1.599s] (1367/3773) [35;1mralphus-daemon[0m [36mghost::tests[0m[36m::[0m[34;1mcurrent_revision_none_for_non_git_dir[0m
[32;1m        PASS[0m [   0.986s] (1368/3773) [35;1mralphus-daemon[0m [36mghost::tests[0m[36m::[0m[34;1mproof_outcome_note_all_failed_signals_not_validated[0m
[32;1m        PASS[0m [   0.913s] (1369/3773) [35;1mralphus-daemon[0m [36mghost::tests[0m[36m::[0m[34;1mproof_outcome_note_partial_pass_signals_not_validated[0m
[32;1m        PASS[0m [   0.984s] (1370/3773) [35;1mralphus-daemon[0m [36mghost::tests[0m[36m::[0m[34;1mproof_outcome_note_all_passed_signals_validated[0m
[32;1m        PASS[0m [   1.129s] (1371/3773) [35;1mralphus-daemon[0m [36mghost::tests[0m[36m::[0m[34;1mparse_owner_uri_rejects_unknown_prefix_or_empty_id[0m
[32;1m        PASS[0m [   0.871s] (1372/3773) [35;1mralphus-daemon[0m [36mghost::tests[0m[36m::[0m[34;1mreview_uri_distinguishes_branch_and_combined[0m
[32;1m        PASS[0m [   1.767s] (1373/3773) [35;1mralphus-daemon[0m [36mghost::tests[0m[36m::[0m[34;1mcopy_ghost_seeds_another_owner_independent_of_the_graph[0m
[32;1m        PASS[0m [   1.668s] (1374/3773) [35;1mralphus-daemon[0m [36mghost::tests[0m[36m::[0m[34;1mget_ghost_missing_uri_is_none[0m
[32;1m        PASS[0m [   1.294s] (1375/3773) [35;1mralphus-daemon[0m [36mghost::tests[0m[36m::[0m[34;1mreview_ghost_carries_guardian_id[0m
[32;1m        PASS[0m [   1.278s] (1376/3773) [35;1mralphus-daemon[0m [36mghost::tests[0m[36m::[0m[34;1mset_ghost_user_note_does_not_disturb_existing_agent_content[0m
[32;1m        PASS[0m [   2.957s] (1377/3773) [35;1mralphus-daemon[0m [36mforge::tests[0m[36m::[0m[34;1mresolve_remote_for_as_prefers_the_token_override_over_the_env_var[0m
[32;1m        PASS[0m [   3.070s] (1378/3773) [35;1mralphus-daemon[0m [36mforge::tests[0m[36m::[0m[34;1mremote_from_base_branch_is_none_for_a_plain_branch_or_unknown_remote[0m
[32;1m        PASS[0m [   1.388s] (1379/3773) [35;1mralphus-daemon[0m [36mghost::tests[0m[36m::[0m[34;1msecond_upsert_merges_rather_than_inserting_a_second_row[0m
[32;1m        PASS[0m [   2.996s] (1380/3773) [35;1mralphus-daemon[0m [36mforge::tests[0m[36m::[0m[34;1mresolve_remote_name_falls_back_to_default_for_a_slash_namespaced_branch_name[0m
[32;1m        PASS[0m [   1.357s] (1381/3773) [35;1mralphus-daemon[0m [36mguardian::tests[0m[36m::[0m[34;1ma_branch_override_shadows_the_inherited_value_without_touching_the_cell[0m
[32;1m        PASS[0m [   1.594s] (1382/3773) [35;1mralphus-daemon[0m [36mghost::tests[0m[36m::[0m[34;1mset_ghost_user_note_replaces_rather_than_accumulates[0m
[32;1m        PASS[0m [   1.415s] (1383/3773) [35;1mralphus-daemon[0m [36mguardian::tests[0m[36m::[0m[34;1ma_build_only_override_does_not_leak_into_manual_checks_or_combined_env[0m
[32;1m        PASS[0m [   1.258s] (1384/3773) [35;1mralphus-daemon[0m [36mguardian::tests[0m[36m::[0m[34;1ma_claimed_review_branch_name_survives_a_branch_reset[0m
[32;1m        PASS[0m [   1.493s] (1385/3773) [35;1mralphus-daemon[0m [36mguardian::tests[0m[36m::[0m[34;1ma_branch_tombstone_removes_an_inherited_variable_entirely[0m
[32;1m        PASS[0m [   1.261s] (1386/3773) [35;1mralphus-daemon[0m [36mguardian::tests[0m[36m::[0m[34;1ma_review_branch_inherits_its_source_cells_resolved_environment[0m
[32;1m        PASS[0m [   1.726s] (1387/3773) [35;1mralphus-daemon[0m [36mghost::tests[0m[36m::[0m[34;1mupsert_then_get_round_trips[0m
[32;1m        PASS[0m [   1.779s] (1388/3773) [35;1mralphus-daemon[0m [36mghost::tests[0m[36m::[0m[34;1mset_ghost_user_note_creates_a_row_with_empty_content[0m
[32;1m        PASS[0m [   1.312s] (1389/3773) [35;1mralphus-daemon[0m [36mguardian::tests[0m[36m::[0m[34;1man_explicit_none_still_clears_one_resolver_field[0m
[32;1m        PASS[0m [   1.210s] (1390/3773) [35;1mralphus-daemon[0m [36mguardian::tests[0m[36m::[0m[34;1mbranch_enabled_defaults_true_and_toggles[0m
[32;1m        PASS[0m [   1.606s] (1391/3773) [35;1mralphus-daemon[0m [36mguardian::tests[0m[36m::[0m[34;1ma_branch_with_no_source_cell_has_only_its_own_overrides[0m
[32;1m        PASS[0m [   1.203s] (1392/3773) [35;1mralphus-daemon[0m [36mguardian::tests[0m[36m::[0m[34;1mbranch_env_for_an_unknown_branch_is_not_found[0m
[32;1m        PASS[0m [   3.496s] (1393/3773) [35;1mralphus-daemon[0m [36mforge::tests[0m[36m::[0m[34;1mresolve_remote_name_falls_back_to_forge_cfg_remote_when_base_branch_has_no_remote_and_no_at_u[0m
[32;1m        PASS[0m [   3.768s] (1394/3773) [35;1mralphus-daemon[0m [36mforge::tests[0m[36m::[0m[34;1mremote_from_base_branch_detects_a_real_configured_remote[0m
[32;1m        PASS[0m [   1.181s] (1395/3773) [35;1mralphus-daemon[0m [36mguardian::tests[0m[36m::[0m[34;1mcell_review_dispatch_priority_skips_disabled_earlier_branches[0m
[32;1m        PASS[0m [   1.249s] (1396/3773) [35;1mralphus-daemon[0m [36mguardian::tests[0m[36m::[0m[34;1mbump_guardian_merge_attempt_increments_and_current_attempt_reads_it[0m
[32;1m        PASS[0m [   1.576s] (1397/3773) [35;1mralphus-daemon[0m [36mguardian::tests[0m[36m::[0m[34;1ma_newly_registered_branch_opts_into_readable_naming_with_no_name_yet[0m
[32;1m        PASS[0m [   1.411s] (1398/3773) [35;1mralphus-daemon[0m [36mguardian::tests[0m[36m::[0m[34;1mbuild_and_manual_checks_env_overrides_for_an_unknown_guardian_are_not_found[0m
[32;1m        PASS[0m [   1.617s] (1399/3773) [35;1mralphus-daemon[0m [36mguardian::tests[0m[36m::[0m[34;1maction_hints_round_trip_structured_fields[0m
[32;1m        PASS[0m [   1.320s] (1400/3773) [35;1mralphus-daemon[0m [36mguardian::tests[0m[36m::[0m[34;1mcell_review_dispatch_priority_is_none_without_a_review_branch[0m
[32;1m        PASS[0m [   1.709s] (1401/3773) [35;1mralphus-daemon[0m [36mguardian::tests[0m[36m::[0m[34;1ma_manual_checks_only_override_does_not_leak_into_build_or_combined_env[0m
[32;1m        PASS[0m [   1.540s] (1402/3773) [35;1mralphus-daemon[0m [36mguardian::tests[0m[36m::[0m[34;1mauto_submit_pr_stack_toggles_independently_per_review[0m
[32;1m        PASS[0m [   0.841s] (1403/3773) [35;1mralphus-daemon[0m [36mguardian::tests[0m[36m::[0m[34;1mcollecting_guardians_ready_ignores_a_stale_superseded_cell_row[0m
[32;1m        PASS[0m [   0.870s] (1404/3773) [35;1mralphus-daemon[0m [36mguardian::tests[0m[36m::[0m[34;1mcreate_add_and_fetch[0m
[32;1m        PASS[0m [   0.824s] (1405/3773) [35;1mralphus-daemon[0m [36mguardian::tests[0m[36m::[0m[34;1mdeleting_a_guardian_clears_its_messages[0m
[32;1m        PASS[0m [   0.936s] (1406/3773) [35;1mralphus-daemon[0m [36mguardian::tests[0m[36m::[0m[34;1mcombined_worktree_steps_inherit_the_last_branch_env_by_default[0m
[32;1m        PASS[0m [   3.716s] (1407/3773) [35;1mralphus-daemon[0m [36mforge::tests[0m[36m::[0m[34;1mresolve_remote_name_prefers_base_branchs_own_remote_prefix_over_the_config_default[0m
[32;1m        PASS[0m [   0.655s] (1408/3773) [35;1mralphus-daemon[0m [36mguardian::tests[0m[36m::[0m[34;1mguardian_branches_still_in_flight_reports_a_branch_whose_cell_has_not_finished[0m
[32;1m        PASS[0m [   3.917s] (1409/3773) [35;1mralphus-daemon[0m [36mforge::tests[0m[36m::[0m[34;1mresolve_remote_name_excluding_skips_a_registered_fork_remote[0m
[32;1m        PASS[0m [   0.704s] (1410/3773) [35;1mralphus-daemon[0m [36mguardian::tests[0m[36m::[0m[34;1mguardian_branch_messages_are_isolated_per_branch[0m
[32;1m        PASS[0m [   0.821s] (1411/3773) [35;1mralphus-daemon[0m [36mguardian::tests[0m[36m::[0m[34;1mforge_base_change_only_wins_when_strictly_newer[0m
[32;1m        PASS[0m [   1.075s] (1412/3773) [35;1mralphus-daemon[0m [36mguardian::tests[0m[36m::[0m[34;1mcollecting_guardians_ready_excludes_a_guardian_whose_task_has_not_finished[0m
[32;1m        PASS[0m [   0.633s] (1413/3773) [35;1mralphus-daemon[0m [36mguardian::tests[0m[36m::[0m[34;1mguardian_message_records_author_and_submitted_by_separately[0m
[32;1m        PASS[0m [   1.728s] (1414/3773) [35;1mralphus-daemon[0m [36mguardian::tests[0m[36m::[0m[34;1mbranch_id_survives_reorder_unlike_position[0m
[32;1m        PASS[0m [   1.686s] (1415/3773) [35;1mralphus-daemon[0m [36mguardian::tests[0m[36m::[0m[34;1mbuild_and_manual_checks_overrides_apply_independently_and_differently[0m
[32;1m        PASS[0m [   1.245s] (1416/3773) [35;1mralphus-daemon[0m [36mguardian::tests[0m[36m::[0m[34;1mclearing_a_branch_entry_restores_the_inherited_value[0m
[32;1m        PASS[0m [   0.616s] (1417/3773) [35;1mralphus-daemon[0m [36mguardian::tests[0m[36m::[0m[34;1mguardian_unfinished_linked_branches_ignores_a_stale_superseded_cell_row[0m
[32;1m        PASS[0m [   1.874s] (1418/3773) [35;1mralphus-daemon[0m [36mguardian::tests[0m[36m::[0m[34;1mauto_submit_pr_stack_is_stamped_false_at_creation_when_no_project_default[0m
[32;1m        PASS[0m [   0.619s] (1419/3773) [35;1mralphus-daemon[0m [36mguardian::tests[0m[36m::[0m[34;1mguardian_role_message_has_no_action_status[0m
[32;1m        PASS[0m [   1.640s] (1420/3773) [35;1mralphus-daemon[0m [36mguardian::tests[0m[36m::[0m[34;1mcell_review_dispatch_priority_favors_the_first_unfinished_branch_in_position_order[0m
[32;1m        PASS[0m [   1.886s] (1421/3773) [35;1mralphus-daemon[0m [36mguardian::tests[0m[36m::[0m[34;1mbranch_and_manual_checks_finished_at_round_trip[0m
[32;1m        PASS[0m [   4.121s] (1422/3773) [35;1mralphus-daemon[0m [36mforge::tests[0m[36m::[0m[34;1mresolve_remote_for_as_with_no_override_behaves_like_resolve_remote_for[0m
[32;1m        PASS[0m [   1.800s] (1423/3773) [35;1mralphus-daemon[0m [36mguardian::tests[0m[36m::[0m[34;1mbranch_status_and_review_branch[0m
[32;1m        PASS[0m [   0.769s] (1424/3773) [35;1mralphus-daemon[0m [36mguardian::tests[0m[36m::[0m[34;1mguardian_cost_total_for_unknown_guardian_is_zero[0m
[32;1m        PASS[0m [   1.662s] (1425/3773) [35;1mralphus-daemon[0m [36mguardian::tests[0m[36m::[0m[34;1mclaim_guardian_input_resolution_is_atomic_and_rejects_concurrent_duplicate[0m
[32;1m        PASS[0m [   1.987s] (1426/3773) [35;1mralphus-daemon[0m [36mguardian::tests[0m[36m::[0m[34;1mauto_build_defaults_none_and_round_trips_both_shapes[0m
[32;1m        PASS[0m [   0.859s] (1427/3773) [35;1mralphus-daemon[0m [36mguardian::tests[0m[36m::[0m[34;1mguardian_cost_defaults_to_none_and_zero[0m
[32;1m        PASS[0m [   0.547s] (1428/3773) [35;1mralphus-daemon[0m [36mguardian::tests[0m[36m::[0m[34;1minterrupted_merge_lands_back_in_collecting_not_merge_failed[0m
[32;1m        PASS[0m [   0.734s] (1429/3773) [35;1mralphus-daemon[0m [36mguardian::tests[0m[36m::[0m[34;1mguardian_unfinished_linked_branches_still_blocks_on_a_genuinely_unfinished_latest_cell[0m
[32;1m        PASS[0m [   0.181s] (1430/3773) [35;1mralphus-daemon[0m [36mguardian::tests[0m[36m::[0m[34;1mmerge_progress_counts_done_and_conflict_resolved_as_merged[0m
[32;1m        PASS[0m [   1.045s] (1431/3773) [35;1mralphus-daemon[0m [36mguardian::tests[0m[36m::[0m[34;1mguardian_branches_still_in_flight_ignores_a_dead_failed_cell[0m
[32;1m        PASS[0m [   0.580s] (1432/3773) [35;1mralphus-daemon[0m [36mguardian::tests[0m[36m::[0m[34;1mlegacy_skip_worktree_checks_column_migrates_to_nothing_scope_at_read_time[0m
[32;1m        PASS[0m [   0.583s] (1433/3773) [35;1mralphus-daemon[0m [36mguardian::tests[0m[36m::[0m[34;1mlink_review_cell_errors_not_found_for_unknown_guardian_branch_or_cell[0m
[32;1m        PASS[0m [   1.829s] (1434/3773) [35;1mralphus-daemon[0m [36mguardian::tests[0m[36m::[0m[34;1mclaim_guardian_merge_is_atomic_and_covers_all_claimable_states[0m
[32;1m        PASS[0m [   0.628s] (1435/3773) [35;1mralphus-daemon[0m [36mguardian::tests[0m[36m::[0m[34;1mmanual_commands_round_trip_structured_fields[0m
[32;1m        PASS[0m [   0.773s] (1436/3773) [35;1mralphus-daemon[0m [36mguardian::tests[0m[36m::[0m[34;1mlate_merge_status_write_cannot_revive_cancelled_guardian[0m
[32;1m        PASS[0m [   0.373s] (1437/3773) [35;1mralphus-daemon[0m [36mguardian::tests[0m[36m::[0m[34;1mmerge_progress_of_no_branches_is_zero_not_nan[0m
[32;1m        PASS[0m [   1.039s] (1438/3773) [35;1mralphus-daemon[0m [36mguardian::tests[0m[36m::[0m[34;1mguardian_notice_defaults_to_none[0m
[32;1m        PASS[0m [   0.600s] (1439/3773) [35;1mralphus-daemon[0m [36mguardian::tests[0m[36m::[0m[34;1mmark_branches_ready_transitions_pending_to_ready[0m
[32;1m        PASS[0m [   0.828s] (1440/3773) [35;1mralphus-daemon[0m [36mguardian::tests[0m[36m::[0m[34;1mguardian_view_exposes_ready_and_summary_state[0m
[32;1m        PASS[0m [   0.924s] (1441/3773) [35;1mralphus-daemon[0m [36mguardian::tests[0m[36m::[0m[34;1mguardian_view_exposes_checks_state[0m
[32;1m        PASS[0m [   0.977s] (1442/3773) [35;1mralphus-daemon[0m [36mguardian::tests[0m[36m::[0m[34;1mguardian_view_checks_state_ignores_disabled_branches[0m
[32;1m        PASS[0m [   0.610s] (1443/3773) [35;1mralphus-daemon[0m [36mguardian::tests[0m[36m::[0m[34;1mmark_ready_branches_ignores_stale_cancelled_cells_from_other_guardians[0m
[32;1m        PASS[0m [   0.599s] (1444/3773) [35;1mralphus-daemon[0m [36mguardian::tests[0m[36m::[0m[34;1mmark_ready_branches_stays_pending_for_a_same_guardian_unfinished_cell[0m
[32;1m        PASS[0m [   0.654s] (1445/3773) [35;1mralphus-daemon[0m [36mguardian::tests[0m[36m::[0m[34;1mmark_ready_branches_requires_every_contributing_task_done_not_just_every_cell[0m
[32;1m        PASS[0m [   0.806s] (1446/3773) [35;1mralphus-daemon[0m [36mguardian::tests[0m[36m::[0m[34;1mlink_review_cell_leaves_branch_pending_when_cell_not_done_yet[0m
[32;1m        PASS[0m [   0.592s] (1447/3773) [35;1mralphus-daemon[0m [36mguardian::tests[0m[36m::[0m[34;1mmatch_pr_branch_name_toggles_independently_per_review[0m
[32;1m        PASS[0m [   0.932s] (1448/3773) [35;1mralphus-daemon[0m [36mguardian::tests[0m[36m::[0m[34;1mlatest_received_feedback_message_seq_finds_the_newest_pending_one[0m
[32;1m        PASS[0m [   0.629s] (1449/3773) [35;1mralphus-daemon[0m [36mguardian::tests[0m[36m::[0m[34;1mmatch_pr_branch_name_stamps_the_owning_projects_effective_default[0m
[32;1m        PASS[0m [   0.588s] (1450/3773) [35;1mralphus-daemon[0m [36mguardian::tests[0m[36m::[0m[34;1mmerge_guardian_input_values_empty_map_is_a_no_op[0m
[32;1m        PASS[0m [   0.652s] (1451/3773) [35;1mralphus-daemon[0m [36mguardian::tests[0m[36m::[0m[34;1mmissing_guardian_is_not_found[0m
[32;1m        PASS[0m [   1.016s] (1452/3773) [35;1mralphus-daemon[0m [36mguardian::tests[0m[36m::[0m[34;1mlink_review_cell_overwrites_a_prior_different_link[0m
[32;1m        PASS[0m [   0.716s] (1453/3773) [35;1mralphus-daemon[0m [36mguardian::tests[0m[36m::[0m[34;1mmove_guardian_branch_appends_to_destination_and_compacts_source[0m
[32;1m        PASS[0m [   1.051s] (1454/3773) [35;1mralphus-daemon[0m [36mguardian::tests[0m[36m::[0m[34;1mlink_review_cell_promotes_branch_ready_immediately_when_cell_already_done[0m
[32;1m        PASS[0m [   0.946s] (1455/3773) [35;1mralphus-daemon[0m [36mguardian::tests[0m[36m::[0m[34;1mmark_ready_branches_never_promotes_once_the_owning_task_fails_validation[0m
[32;1m        PASS[0m [   0.715s] (1456/3773) [35;1mralphus-daemon[0m [36mguardian::tests[0m[36m::[0m[34;1mmove_guardian_branch_rejects_across_different_git_roots[0m
[32;1m        PASS[0m [   0.729s] (1457/3773) [35;1mralphus-daemon[0m [36mguardian::tests[0m[36m::[0m[34;1mmove_guardian_branch_rejects_same_guardian[0m
[32;1m        PASS[0m [   0.913s] (1458/3773) [35;1mralphus-daemon[0m [36mguardian::tests[0m[36m::[0m[34;1mmark_ready_branches_stays_pending_while_the_owning_task_has_not_finished[0m
[32;1m        PASS[0m [   3.195s] (1459/3773) [35;1mralphus-daemon[0m [36mgit_hooks::tests[0m[36m::[0m[34;1msync_disabled_removes_previously_installed_hook[0m
[32;1m        PASS[0m [   0.918s] (1460/3773) [35;1mralphus-daemon[0m [36mguardian::tests[0m[36m::[0m[34;1mmerge_guardian_input_values_merges_without_clobbering[0m
[32;1m        PASS[0m [   0.819s] (1461/3773) [35;1mralphus-daemon[0m [36mguardian::tests[0m[36m::[0m[34;1mordered_branches[0m
[32;1m        PASS[0m [   0.998s] (1462/3773) [35;1mralphus-daemon[0m [36mguardian::tests[0m[36m::[0m[34;1mmatch_pr_branch_name_is_stamped_false_at_creation_when_no_project_default[0m
[32;1m        PASS[0m [   0.914s] (1463/3773) [35;1mralphus-daemon[0m [36mguardian::tests[0m[36m::[0m[34;1mmove_guardian_branch_preserves_original_provenance_across_repeated_moves[0m
[32;1m        PASS[0m [   0.921s] (1464/3773) [35;1mralphus-daemon[0m [36mguardian::tests[0m[36m::[0m[34;1mmove_guardian_branch_blocked_while_source_or_destination_is_merging[0m
[32;1m        PASS[0m [   0.816s] (1465/3773) [35;1mralphus-daemon[0m [36mguardian::tests[0m[36m::[0m[34;1mpending_feedback_persists_until_explicitly_cleared[0m
[32;1m        PASS[0m [   0.834s] (1466/3773) [35;1mralphus-daemon[0m [36mguardian::tests[0m[36m::[0m[34;1mproof_scope_defaults_to_inherited_each_branch_and_toggles_independently[0m
[32;1m        PASS[0m [   0.803s] (1467/3773) [35;1mralphus-daemon[0m [36mguardian::tests[0m[36m::[0m[34;1mrecord_guardian_cost_sums_per_attempt_and_cumulative[0m
[32;1m        PASS[0m [   0.701s] (1468/3773) [35;1mralphus-daemon[0m [36mguardian::tests[0m[36m::[0m[34;1mreorder_branches_permutes_positions[0m
[32;1m        PASS[0m [   7.264s] (1469/3773) [35;1mralphus-daemon[0m [36mcpu_stall::tests[0m[36m::[0m[34;1mescalates_via_real_registry_and_store[0m
[32;1m        PASS[0m [   0.734s] (1470/3773) [35;1mralphus-daemon[0m [36mguardian::tests[0m[36m::[0m[34;1mreopen_guardian_accepts_merged[0m
[32;1m        PASS[0m [   5.186s] (1471/3773) [35;1mralphus-daemon[0m [36mforge::tests[0m[36m::[0m[34;1mremote_from_branch_upstream_never_reads_the_current_checkouts_upstream[0m
[32;1m        PASS[0m [   0.756s] (1472/3773) [35;1mralphus-daemon[0m [36mguardian::tests[0m[36m::[0m[34;1mrecover_orphaned_input_resolutions_resets_stuck_resolving_rows[0m
[32;1m        PASS[0m [   0.942s] (1473/3773) [35;1mralphus-daemon[0m [36mguardian::tests[0m[36m::[0m[34;1morigin_defaults_explicit_and_sets_to_arbiter[0m
[32;1m        PASS[0m [   0.985s] (1474/3773) [35;1mralphus-daemon[0m [36mguardian::tests[0m[36m::[0m[34;1mmove_guardian_branch_rejects_unknown_guardian_or_position[0m
[32;1m        PASS[0m [   0.983s] (1475/3773) [35;1mralphus-daemon[0m [36mguardian::tests[0m[36m::[0m[34;1mmove_guardian_branch_resets_stale_review_state[0m
[32;1m        PASS[0m [   0.812s] (1476/3773) [35;1mralphus-daemon[0m [36mguardian::tests[0m[36m::[0m[34;1mreopen_guardian_only_accepts_cancelled_or_merged[0m
[32;1m        PASS[0m [   0.963s] (1477/3773) [35;1mralphus-daemon[0m [36mguardian::tests[0m[36m::[0m[34;1mproof_scope_unrecognized_stored_value_falls_back_to_each_branch[0m
[32;1m        PASS[0m [   0.728s] (1478/3773) [35;1mralphus-daemon[0m [36mguardian::tests[0m[36m::[0m[34;1mreset_branch_to_pending_clears_review_fields[0m
[32;1m        PASS[0m [   0.761s] (1479/3773) [35;1mralphus-daemon[0m [36mguardian::tests[0m[36m::[0m[34;1mreorder_ignores_unknown_and_keeps_leftovers[0m
[32;1m        PASS[0m [   0.738s] (1480/3773) [35;1mralphus-daemon[0m [36mguardian::tests[0m[36m::[0m[34;1mreset_guardian_to_collecting_accepts_merge_failed[0m
[32;1m        PASS[0m [   0.745s] (1481/3773) [35;1mralphus-daemon[0m [36mguardian::tests[0m[36m::[0m[34;1mreset_guardian_to_collecting_still_rejects_a_terminal_status[0m
[32;1m        PASS[0m [   0.722s] (1482/3773) [35;1mralphus-daemon[0m [36mguardian::tests[0m[36m::[0m[34;1mresolver_defaults_none_and_sets[0m
[32;1m        PASS[0m [   0.798s] (1483/3773) [35;1mralphus-daemon[0m [36mguardian::tests[0m[36m::[0m[34;1mreset_all_branches_clears_resolver_session_id[0m
[32;1m        PASS[0m [   0.247s] (1484/3773) [35;1mralphus-daemon[0m [36mguardian::tests[0m[36m::[0m[34;1mterminal_modes_cli_agent_with_worktree_offers_worktree_only[0m
[32;1m        PASS[0m [   0.251s] (1485/3773) [35;1mralphus-daemon[0m [36mguardian::tests[0m[36m::[0m[34;1mterminal_modes_none_available_without_cell_or_worktree[0m
[32;1m        PASS[0m [   0.820s] (1486/3773) [35;1mralphus-daemon[0m [36mguardian::tests[0m[36m::[0m[34;1mreset_all_enabled_branches_to_pending_skips_disabled[0m
[32;1m        PASS[0m [   0.253s] (1487/3773) [35;1mralphus-daemon[0m [36mguardian::tests[0m[36m::[0m[34;1mterminal_modes_with_session_id_are_always_readonly_and_open[0m
[32;1m        PASS[0m [   0.248s] (1488/3773) [35;1mralphus-daemon[0m [36mguardian::tests[0m[36m::[0m[34;1mworst_cell_state_falls_back_to_first_element[0m
[32;1m        PASS[0m [   0.249s] (1489/3773) [35;1mralphus-daemon[0m [36mguardian::tests[0m[36m::[0m[34;1mworst_cell_state_picks_first_rank_match[0m
[32;1m        PASS[0m [   0.757s] (1490/3773) [35;1mralphus-daemon[0m [36mguardian::tests[0m[36m::[0m[34;1mreview_branch_name_taken_sees_an_open_prs_remote_alias[0m
[32;1m        PASS[0m [   0.827s] (1491/3773) [35;1mralphus-daemon[0m [36mguardian::tests[0m[36m::[0m[34;1mreset_preserves_ready_but_clears_merge_states[0m
[32;1m        PASS[0m [   0.749s] (1492/3773) [35;1mralphus-daemon[0m [36mguardian::tests[0m[36m::[0m[34;1mreview_type_defaults_git_and_sets[0m
[32;1m        PASS[0m [   0.248s] (1493/3773) [35;1mralphus-daemon[0m [36mguardian_merge::tests[0m[36m::[0m[34;1ma_guardian_leaving_the_idle_tier_is_maintained_immediately[0m
[32;1m        PASS[0m [   0.860s] (1494/3773) [35;1mralphus-daemon[0m [36mguardian::tests[0m[36m::[0m[34;1mreview_branch_name_taken_sees_a_combined_reviews_name[0m
[32;1m        PASS[0m [   0.834s] (1495/3773) [35;1mralphus-daemon[0m [36mguardian::tests[0m[36m::[0m[34;1mreview_branch_name_taken_sees_names_claimed_by_other_branches[0m
[32;1m        PASS[0m [   0.291s] (1496/3773) [35;1mralphus-daemon[0m [36mguardian_merge::tests[0m[36m::[0m[34;1ma_profile_without_a_model_still_resolves_to_the_backends_own_default[0m
[32;1m        PASS[0m [   0.828s] (1497/3773) [35;1mralphus-daemon[0m [36mguardian::tests[0m[36m::[0m[34;1mseparate_pr_branch_toggles_independently_per_review[0m
[32;1m        PASS[0m [   0.872s] (1498/3773) [35;1mralphus-daemon[0m [36mguardian::tests[0m[36m::[0m[34;1mreviewer_message_action_status_lifecycle[0m
[32;1m        PASS[0m [   0.837s] (1499/3773) [35;1mralphus-daemon[0m [36mguardian::tests[0m[36m::[0m[34;1mset_branch_enabled_by_name_ignores_unknown_branch[0m
[32;1m        PASS[0m [   0.712s] (1500/3773) [35;1mralphus-daemon[0m [36mguardian::tests[0m[36m::[0m[34;1mset_branch_status_leaves_auto_submit_error_alone_for_other_transitions[0m
[32;1m        PASS[0m [   0.317s] (1501/3773) [35;1mralphus-daemon[0m [36mguardian_merge::tests[0m[36m::[0m[34;1ma_stored_review_model_still_wins_over_the_profile_model[0m
[32;1m        PASS[0m [   0.780s] (1502/3773) [35;1mralphus-daemon[0m [36mguardian::tests[0m[36m::[0m[34;1mset_branch_status_in_progress_clears_stale_auto_submit_error[0m
[32;1m        PASS[0m [   0.705s] (1503/3773) [35;1mralphus-daemon[0m [36mguardian::tests[0m[36m::[0m[34;1mset_guardian_maximum_budget_usd_round_trips[0m
[32;1m        PASS[0m [   0.949s] (1504/3773) [35;1mralphus-daemon[0m [36mguardian::tests[0m[36m::[0m[34;1mseparate_pr_branch_is_stamped_false_at_creation[0m
[32;1m        PASS[0m [   0.584s] (1505/3773) [35;1mralphus-daemon[0m [36mguardian::tests[0m[36m::[0m[34;1mskip_worktrees_defaults_off_and_toggles[0m
[32;1m        PASS[0m [   0.767s] (1506/3773) [35;1mralphus-daemon[0m [36mguardian::tests[0m[36m::[0m[34;1mset_guardian_input_resolution_failed_marks_status[0m
[32;1m        PASS[0m [   0.602s] (1507/3773) [35;1mralphus-daemon[0m [36mguardian::tests[0m[36m::[0m[34;1mstatus_transitions_and_approve[0m
[32;1m        PASS[0m [   0.750s] (1508/3773) [35;1mralphus-daemon[0m [36mguardian::tests[0m[36m::[0m[34;1mset_guardian_notice_round_trips_and_overwrites[0m
[32;1m        PASS[0m [   0.733s] (1509/3773) [35;1mralphus-daemon[0m [36mguardian::tests[0m[36m::[0m[34;1mskip_auto_build_defaults_off_and_toggles[0m
[32;1m        PASS[0m [   0.794s] (1510/3773) [35;1mralphus-daemon[0m [36mguardian::tests[0m[36m::[0m[34;1mset_guardian_notice_on_missing_guardian_is_not_found[0m
[32;1m        PASS[0m [   0.404s] (1511/3773) [35;1mralphus-daemon[0m [36mguardian_merge::tests[0m[36m::[0m[34;1madmin_entry_name_falls_back_to_a_guardian_qualified_name_when_nothing_to_recover[0m
[32;1m        PASS[0m [   0.441s] (1512/3773) [35;1mralphus-daemon[0m [36mguardian_merge::tests[0m[36m::[0m[34;1mbusy_git_maintenance_roots_distinguishes_machines_sharing_a_root[0m
[32;1m        PASS[0m [   0.446s] (1513/3773) [35;1mralphus-daemon[0m [36mguardian_merge::tests[0m[36m::[0m[34;1mbranch_summary_label_extracts_ticket_id_or_falls_back[0m
[32;1m        PASS[0m [   0.787s] (1514/3773) [35;1mralphus-daemon[0m [36mguardian::tests[0m[36m::[0m[34;1mskip_base_updates_defaults_off_and_toggles_independently[0m
[32;1m        PASS[0m [   0.467s] (1515/3773) [35;1mralphus-daemon[0m [36mguardian_merge::tests[0m[36m::[0m[34;1mbusy_git_maintenance_roots_flags_only_a_root_with_a_merge_in_progress[0m
[32;1m        PASS[0m [   0.442s] (1516/3773) [35;1mralphus-daemon[0m [36mguardian_merge::tests[0m[36m::[0m[34;1mclean_rebase_status_is_merged_when_the_rebase_produced_no_diff[0m
[32;1m        PASS[0m [   3.975s] (1517/3773) [35;1mralphus-daemon[0m [36mgit_hooks::tests[0m[36m::[0m[34;1msync_never_overwrites_a_foreign_hook[0m
[32;1m        PASS[0m [   0.801s] (1518/3773) [35;1mralphus-daemon[0m [36mguardian::tests[0m[36m::[0m[34;1mstop_guardian_merge_stops_each_active_branch[0m
[32;1m        PASS[0m [   0.917s] (1519/3773) [35;1mralphus-daemon[0m [36mguardian::tests[0m[36m::[0m[34;1msetting_one_resolver_field_leaves_the_other_untouched[0m
[32;1m        PASS[0m [   0.498s] (1520/3773) [35;1mralphus-daemon[0m [36mguardian_merge::tests[0m[36m::[0m[34;1mclean_rebase_status_is_done_when_the_rebase_produced_a_real_diff[0m
[32;1m        PASS[0m [   0.484s] (1521/3773) [35;1mralphus-daemon[0m [36mguardian_merge::tests[0m[36m::[0m[34;1mcollect_base_fetch_targets_dedupes_a_shared_upstream_across_guardians[0m
[32;1m        PASS[0m [   4.038s] (1522/3773) [35;1mralphus-daemon[0m [36mgit_hooks::tests[0m[36m::[0m[34;1msync_disabled_without_prior_install_is_a_noop[0m
[32;1m        PASS[0m [   0.555s] (1523/3773) [35;1mralphus-daemon[0m [36mguardian_merge::tests[0m[36m::[0m[34;1mcollect_base_fetch_targets_excludes_every_non_maintained_status[0m
[32;1m        PASS[0m [   0.538s] (1524/3773) [35;1mralphus-daemon[0m [36mguardian_merge::tests[0m[36m::[0m[34;1mcollect_git_maintenance_roots_dedupes_a_root_shared_across_guardians[0m
[32;1m        PASS[0m [   0.484s] (1525/3773) [35;1mralphus-daemon[0m [36mguardian_merge::tests[0m[36m::[0m[34;1mcollect_git_maintenance_roots_includes_terminal_guardians[0m
[32;1m        PASS[0m [   0.606s] (1526/3773) [35;1mralphus-daemon[0m [36mguardian_merge::tests[0m[36m::[0m[34;1mcollect_base_fetch_targets_expands_multi_project_guardians[0m
[32;1m        PASS[0m [   0.805s] (1527/3773) [35;1mralphus-daemon[0m [36mguardian_merge::tests[0m[36m::[0m[34;1mbranch_short_names_are_stable_across_unchanged_store_reads[0m
[32;1m        PASS[0m [   6.019s] (1528/3773) [35;1mralphus-daemon[0m [36mforge::tests[0m[36m::[0m[34;1mresolve_remote_name_honors_a_bare_local_branchs_own_at_u_upstream[0m
[32;1m        PASS[0m [   0.751s] (1529/3773) [35;1mralphus-daemon[0m [36mguardian_merge::tests[0m[36m::[0m[34;1min_review_guardians_stay_on_the_fast_cadence[0m
[32;1m        PASS[0m [   0.786s] (1530/3773) [35;1mralphus-daemon[0m [36mguardian_merge::tests[0m[36m::[0m[34;1mis_valid_linked_worktree_false_for_absent_dir[0m
[32;1m        PASS[0m [   0.878s] (1531/3773) [35;1mralphus-daemon[0m [36mguardian_merge::tests[0m[36m::[0m[34;1mgit_maintenance_guard_excludes_a_review_git_operation[0m
[32;1m        PASS[0m [   0.851s] (1532/3773) [35;1mralphus-daemon[0m [36mguardian_merge::tests[0m[36m::[0m[34;1min_flight_claim_blocks_a_second_acquire[0m
[32;1m        PASS[0m [   0.745s] (1533/3773) [35;1mralphus-daemon[0m [36mguardian_merge::tests[0m[36m::[0m[34;1mis_valid_linked_worktree_false_for_plain_dir[0m
[32;1m        PASS[0m [   0.827s] (1534/3773) [35;1mralphus-daemon[0m [36mguardian_merge::tests[0m[36m::[0m[34;1mis_valid_linked_worktree_false_for_git_dir[0m
[32;1m        PASS[0m [   0.872s] (1535/3773) [35;1mralphus-daemon[0m [36mguardian_merge::tests[0m[36m::[0m[34;1min_flight_claim_is_released_on_drop[0m
[32;1m        PASS[0m [   0.933s] (1536/3773) [35;1mralphus-daemon[0m [36mguardian_merge::tests[0m[36m::[0m[34;1midle_bookkeeping_is_pruned_for_guardians_no_longer_maintained[0m
[32;1m        PASS[0m [   0.789s] (1537/3773) [35;1mralphus-daemon[0m [36mguardian_merge::tests[0m[36m::[0m[34;1mis_valid_linked_worktree_true_for_gitdir_file[0m
[32;1m        PASS[0m [   0.989s] (1538/3773) [35;1mralphus-daemon[0m [36mguardian_merge::tests[0m[36m::[0m[34;1min_flight_claim_is_released_on_an_early_return[0m
[32;1m        PASS[0m [   0.751s] (1539/3773) [35;1mralphus-daemon[0m [36mguardian_merge::tests[0m[36m::[0m[34;1mmerge_failed_guardians_are_maintained_on_the_idle_cadence[0m
[32;1m        PASS[0m [   0.290s] (1540/3773) [35;1mralphus-daemon[0m [36mguardian_merge::tests[0m[36m::[0m[34;1mparse_manual_commands_object_shape_with_structured_input[0m
[32;1m        PASS[0m [   0.318s] (1541/3773) [35;1mralphus-daemon[0m [36mguardian_merge::tests[0m[36m::[0m[34;1mparse_manual_commands_unparseable_text_is_empty[0m
[32;1m        PASS[0m [   0.406s] (1542/3773) [35;1mralphus-daemon[0m [36mguardian_merge::tests[0m[36m::[0m[34;1mparse_manual_commands_bare_string_array_back_compat[0m
[32;1m        PASS[0m [   0.377s] (1543/3773) [35;1mralphus-daemon[0m [36mguardian_merge::tests[0m[36m::[0m[34;1mprofile_model_beats_an_agent_blind_project_default[0m
[32;1m        PASS[0m [   0.412s] (1544/3773) [35;1mralphus-daemon[0m [36mguardian_merge::tests[0m[36m::[0m[34;1mprofile_model_is_used_when_the_review_stores_no_model_of_its_own[0m
[32;1m        PASS[0m [   0.587s] (1545/3773) [35;1mralphus-daemon[0m [36mguardian_merge::tests[0m[36m::[0m[34;1mparse_manual_commands_tolerates_chatty_model_wrapping_json_in_prose[0m
[32;1m        PASS[0m [   1.629s] (1546/3773) [35;1mralphus-daemon[0m [36mguardian_merge::tests[0m[36m::[0m[34;1mkickoff_merge_defers_past_collecting_when_an_enabled_branch_is_still_in_flight[0m
[32;1m        PASS[0m [   7.403s] (1547/3773) [35;1mralphus-daemon[0m [36mforge::tests[0m[36m::[0m[34;1mresolve_remote_resolves_the_forge_host_from_a_remote_prefixed_base_branch[0m
[32;1m        PASS[0m [   1.742s] (1548/3773) [35;1mralphus-daemon[0m [36mguardian_merge::tests[0m[36m::[0m[34;1mkickoff_merge_does_not_defer_past_collecting_for_a_dead_failed_cell[0m
[32;1m        PASS[0m [   1.072s] (1549/3773) [35;1mralphus-daemon[0m [36mguardian_merge::tests[0m[36m::[0m[34;1mprofile_model_reaches_the_database_backed_resolver_path_too[0m
[32;1m        PASS[0m [   0.811s] (1550/3773) [35;1mralphus-daemon[0m [36mguardian_merge::tests[0m[36m::[0m[34;1mrecompute_preliminary_summary_is_noop_with_no_ready_branches[0m
[32;1m        PASS[0m [   0.730s] (1551/3773) [35;1mralphus-daemon[0m [36mguardian_merge::tests[0m[36m::[0m[34;1mrecord_feedback_reply_is_best_effort_and_leaves_thread_untouched_on_failure[0m
[32;1m        PASS[0m [   7.093s] (1552/3773) [35;1mralphus-daemon[0m [36mgit_hooks::tests[0m[36m::[0m[34;1msync_preserves_existing_trailers[0m
[32;1m        PASS[0m [   0.713s] (1553/3773) [35;1mralphus-daemon[0m [36mguardian_merge::tests[0m[36m::[0m[34;1mrecord_guardian_call_cost_errors_once_cumulative_exceeds_cap[0m
[32;1m        PASS[0m [   7.852s] (1554/3773) [35;1mralphus-daemon[0m [36mgit_hooks::tests[0m[36m::[0m[34;1msync_installs_hook_that_appends_trailer_exactly_once[0m
[32;1m        PASS[0m [   0.894s] (1555/3773) [35;1mralphus-daemon[0m [36mguardian_merge::tests[0m[36m::[0m[34;1mrecord_guardian_call_cost_attributes_to_current_merge_attempt[0m
[32;1m        PASS[0m [  16.097s] (1556/3773) [35;1mralphus-daemon[0m [36mark::tests[0m[36m::[0m[34;1mreap_preserves_ark_ref_and_requires_remote_recovery[0m
[32;1m        PASS[0m [  12.244s] (1557/3773) [35;1mralphus-daemon[0m [36mcpu_stall::tests[0m[36m::[0m[34;1munreadable_pid_never_escalates[0m
[32;1m        PASS[0m [   0.690s] (1558/3773) [35;1mralphus-daemon[0m [36mguardian_merge::tests[0m[36m::[0m[34;1mrecord_guardian_call_cost_records_line_item_and_updates_view_totals[0m
[32;1m        PASS[0m [   0.323s] (1559/3773) [35;1mralphus-daemon[0m [36mguardian_merge::tests[0m[36m::[0m[34;1mresolver_model_falls_back_to_the_project_default_when_stored_and_env_are_unset[0m
[32;1m        PASS[0m [   8.795s] (1560/3773) [35;1mralphus-daemon[0m [36mgit_hooks::tests[0m[36m::[0m[34;1mrepeat_commits_never_duplicate_the_trailer[0m
[32;1m        PASS[0m [   0.932s] (1561/3773) [35;1mralphus-daemon[0m [36mguardian_merge::tests[0m[36m::[0m[34;1mrecord_guardian_call_cost_without_a_cap_never_errors[0m
[32;1m        PASS[0m [  16.800s] (1562/3773) [35;1mralphus-daemon[0m [36mark::tests[0m[36m::[0m[34;1mreap_rejects_a_clean_local_only_commit[0m
[32;1m        PASS[0m [   0.304s] (1563/3773) [35;1mralphus-daemon[0m [36mguardian_merge::tests[0m[36m::[0m[34;1mresolver_model_stored_value_wins_over_the_project_default[0m
[32;1m        PASS[0m [  17.091s] (1564/3773) [35;1mralphus-daemon[0m [36mark::tests[0m[36m::[0m[34;1mdetection_requires_every_squad_sharing_a_worktree_to_be_old_and_terminal[0m
[32;1m        PASS[0m [   0.426s] (1565/3773) [35;1mralphus-daemon[0m [36mguardian_merge::tests[0m[36m::[0m[34;1mresolver_model_with_no_project_default_still_falls_back_to_the_ollama_default[0m
[32;1m        PASS[0m [   0.792s] (1566/3773) [35;1mralphus-daemon[0m [36mguardian_merge::tests[0m[36m::[0m[34;1mstart_resolve_input_concurrent_duplicate_is_409[0m
[32;1m        PASS[0m [   0.596s] (1567/3773) [35;1mralphus-daemon[0m [36mguardian_merge::tests[0m[36m::[0m[34;1mstart_resolve_input_unknown_input_is_400[0m
[32;1m        PASS[0m [   0.820s] (1568/3773) [35;1mralphus-daemon[0m [36mguardian_merge::tests[0m[36m::[0m[34;1mstart_resolve_input_success_records_ready_and_new_default[0m
[32;1m        PASS[0m [   0.296s] (1569/3773) [35;1mralphus-daemon[0m [36mguardian_merge::tests[0m[36m::[0m[34;1mstraggler_and_maintenance_claims_are_independent[0m
[32;1m        PASS[0m [  11.513s] (1570/3773) [35;1mralphus-daemon[0m [36mforge::tests[0m[36m::[0m[34;1mresolve_remote_still_honors_forge_cfg_remote_when_the_base_branch_resolves_to_nothing[0m
[32;1m        PASS[0m [  13.507s] (1571/3773) [35;1mralphus-daemon[0m [36mforge::tests[0m[36m::[0m[34;1mresolve_remote_resolves_the_forge_host_from_a_bare_branchs_at_u_upstream[0m
[32;1m        PASS[0m [   8.007s] (1572/3773) [35;1mralphus-daemon[0m [36mguardian_merge::tests[0m[36m::[0m[34;1mrebase_head_commit_is_empty_true_for_an_actually_empty_commit[0m
[32;1m        PASS[0m [  10.074s] (1573/3773) [35;1mralphus-daemon[0m [36mguardian_merge::tests[0m[36m::[0m[34;1ma_remote_review_dispatches_to_its_machine_rather_than_merging_here[0m
[32;1m        PASS[0m [   9.141s] (1574/3773) [35;1mralphus-daemon[0m [36mguardian_merge::tests[0m[36m::[0m[34;1mpreflight_worktree_budget_with_limit_fails_fast_with_the_arithmetic_spelled_out[0m
[32;1m        PASS[0m [  10.889s] (1575/3773) [35;1mralphus-daemon[0m [36mguardian_merge::tests[0m[36m::[0m[34;1ma_locally_produced_branch_is_never_fetched[0m
[32;1m        PASS[0m [  10.466s] (1576/3773) [35;1mralphus-daemon[0m [36mguardian_merge::tests[0m[36m::[0m[34;1mfinal_checks_review_auto_build_agent_failure_is_advisory_not_err[0m
[32;1m        PASS[0m [  10.939s] (1577/3773) [35;1mralphus-daemon[0m [36mguardian_merge::tests[0m[36m::[0m[34;1mfinal_checks_prefers_review_declared_auto_build_over_project_default[0m
[32;1m        PASS[0m [  10.879s] (1578/3773) [35;1mralphus-daemon[0m [36mguardian_merge::tests[0m[36m::[0m[34;1mfind_worktree_for_branch_finds_correct_worktree[0m
[32;1m        PASS[0m [  11.200s] (1579/3773) [35;1mralphus-daemon[0m [36mguardian_merge::tests[0m[36m::[0m[34;1mfinal_checks_runs_check_gates_under_this_reviews_build_env_override[0m
[32;1m        PASS[0m [  11.184s] (1580/3773) [35;1mralphus-daemon[0m [36mguardian_merge::tests[0m[36m::[0m[34;1mfinal_checks_runs_local_checks_and_surfaces_a_failure[0m
[32;1m        PASS[0m [  11.379s] (1581/3773) [35;1mralphus-daemon[0m [36mguardian_merge::tests[0m[36m::[0m[34;1mfinal_checks_runs_project_auto_build_under_this_reviews_build_env_override[0m
[32;1m        PASS[0m [   9.499s] (1582/3773) [35;1mralphus-daemon[0m [36mguardian_merge::tests[0m[36m::[0m[34;1mrecompute_preliminary_summary_never_downgrades_a_final_summary[0m
[32;1m        PASS[0m [   0.278s] (1583/3773) [35;1mralphus-daemon[0m [36mhealth_sweep::tests[0m[36m::[0m[34;1mevery_swept_id_is_free_and_daemon_local_in_the_catalog[0m
[32;1m        PASS[0m [   0.296s] (1584/3773) [35;1mralphus-daemon[0m [36mhealth_sweep::tests[0m[36m::[0m[34;1mcompound_agent_commands_are_reported_without_execution[0m
[32;1m        PASS[0m [   0.223s] (1585/3773) [35;1mralphus-daemon[0m [36mhealth_sweep::tests[0m[36m::[0m[34;1mpi_version_comparison_requires_0851[0m
[32;1m        PASS[0m [  10.650s] (1586/3773) [35;1mralphus-daemon[0m [36mguardian_merge::tests[0m[36m::[0m[34;1mnote_if_branch_is_empty_says_nothing_when_git_cannot_answer[0m
[32;1m        PASS[0m [   0.282s] (1587/3773) [35;1mralphus-daemon[0m [36mhealth_sweep::tests[0m[36m::[0m[34;1mparse_version_accepts_surrounding_pi_output[0m
[32;1m        PASS[0m [   0.799s] (1588/3773) [35;1mralphus-daemon[0m [36mguardian_merge::tests[0m[36m::[0m[34;1mworktree_retirement_view_classifies_every_lifecycle_state[0m
[32;1m        PASS[0m [   0.247s] (1589/3773) [35;1mralphus-daemon[0m [36mhealth_sweep::tests[0m[36m::[0m[34;1mstate_starts_empty_and_reports_the_latest_set_sweep[0m
[32;1m        PASS[0m [  10.911s] (1590/3773) [35;1mralphus-daemon[0m [36mguardian_merge::tests[0m[36m::[0m[34;1mnote_if_branch_is_empty_leaves_a_real_branch_alone[0m
[32;1m        PASS[0m [  10.881s] (1591/3773) [35;1mralphus-daemon[0m [36mguardian_merge::tests[0m[36m::[0m[34;1mpreflight_worktree_budget_with_limit_passes_with_a_generous_limit[0m
[32;1m        PASS[0m [  12.629s] (1592/3773) [35;1mralphus-daemon[0m [36mguardian_merge::tests[0m[36m::[0m[34;1ma_remote_branch_that_was_never_pushed_fails_with_an_actionable_message[0m
[32;1m        PASS[0m [  12.601s] (1593/3773) [35;1mralphus-daemon[0m [36mguardian_merge::tests[0m[36m::[0m[34;1mcleanup_review_worktrees_does_not_destroy_a_similarly_prefixed_guardian[0m
[32;1m        PASS[0m [  12.310s] (1594/3773) [35;1mralphus-daemon[0m [36mguardian_merge::tests[0m[36m::[0m[34;1mgenerate_final_summary_bullet_prompt_uses_ticket_label_not_raw_branch_name[0m
[32;1m        PASS[0m [   0.828s] (1595/3773) [35;1mralphus-daemon[0m [36mhealth_targets::tests[0m[36m::[0m[34;1man_unresolvable_machine_reports_one_failing_check[0m
[32;1m        PASS[0m [   0.839s] (1596/3773) [35;1mralphus-daemon[0m [36mhidden::tests[0m[36m::[0m[34;1mdeleting_entities_removes_hidden_preferences[0m
[32;1m        PASS[0m [   0.622s] (1597/3773) [35;1mralphus-daemon[0m [36mhidden::tests[0m[36m::[0m[34;1mhidden_items_are_per_user_and_idempotent[0m
[32;1m        PASS[0m [  12.499s] (1598/3773) [35;1mralphus-daemon[0m [36mguardian_merge::tests[0m[36m::[0m[34;1mgenerate_final_summary_marks_signature_generated_on_success[0m
[32;1m        PASS[0m [   0.807s] (1599/3773) [35;1mralphus-daemon[0m [36mhidden::tests[0m[36m::[0m[34;1mdeleting_squad_removes_hidden_task_preferences[0m
[32;1m        PASS[0m [   0.186s] (1600/3773) [35;1mralphus-daemon[0m [36mjobobject::tests[0m[36m::[0m[34;1mjob_object_accepts_the_kill_on_close_limit[0m
[32;1m        PASS[0m [  11.868s] (1601/3773) [35;1mralphus-daemon[0m [36mguardian_merge::tests[0m[36m::[0m[34;1mnote_if_branch_is_empty_flags_a_branch_that_adds_nothing[0m
[32;1m        PASS[0m [   1.151s] (1602/3773) [35;1mralphus-daemon[0m [36mhealth_targets::tests[0m[36m::[0m[34;1mssh_unreachable_short_circuits_the_rest[0m
[32;1m        PASS[0m [   0.207s] (1603/3773) [35;1mralphus-daemon[0m [36mmachine_targets::tests[0m[36m::[0m[34;1magents_table_is_optional_and_defaults_empty[0m
[32;1m        PASS[0m [  12.843s] (1604/3773) [35;1mralphus-daemon[0m [36mguardian_merge::tests[0m[36m::[0m[34;1mgenerate_final_summary_default_prompt_requests_bullet_list[0m
[32;1m        PASS[0m [   0.230s] (1605/3773) [35;1mralphus-daemon[0m [36mmachine_targets::tests[0m[36m::[0m[34;1man_empty_agent_name_or_command_is_rejected[0m
[32;1m        PASS[0m [   0.608s] (1606/3773) [35;1mralphus-daemon[0m [36mhidden::tests[0m[36m::[0m[34;1mhiding_unknown_task_fails[0m
[32;1m        PASS[0m [   0.252s] (1607/3773) [35;1mralphus-daemon[0m [36mmachine_targets::tests[0m[36m::[0m[34;1mempty_remote_root_is_rejected[0m
[32;1m        PASS[0m [   1.449s] (1608/3773) [35;1mralphus-daemon[0m [36mhealth_targets::tests[0m[36m::[0m[34;1mcheck_all_targets_runs_every_configured_target_and_is_bounded_by_thread_scope[0m
[32;1m        PASS[0m [  13.016s] (1609/3773) [35;1mralphus-daemon[0m [36mguardian_merge::tests[0m[36m::[0m[34;1mgenerate_final_summary_prose_config_disables_bullet_list[0m
[32;1m        PASS[0m [   0.824s] (1610/3773) [35;1mralphus-daemon[0m [36mhidden::tests[0m[36m::[0m[34;1mhiding_task_and_squad_are_independent_rows_unioned_at_read_time[0m
[32;1m        PASS[0m [   0.933s] (1611/3773) [35;1mralphus-daemon[0m [36mhidden::tests[0m[36m::[0m[34;1mhide_task_and_unhide_task_are_per_user_and_idempotent[0m
[32;1m        PASS[0m [   0.215s] (1612/3773) [35;1mralphus-daemon[0m [36mmachine_targets::tests[0m[36m::[0m[34;1mephemeral_remote_root_is_accepted_with_explicit_override[0m
[32;1m        PASS[0m [   0.268s] (1613/3773) [35;1mralphus-daemon[0m [36mmachine_targets::tests[0m[36m::[0m[34;1menv_var_prefixed_ephemeral_remote_root_is_accepted_with_explicit_override[0m
[32;1m        PASS[0m [   0.391s] (1614/3773) [35;1mralphus-daemon[0m [36mmachine_targets::tests[0m[36m::[0m[34;1mempty_machine_value_is_rejected[0m
[32;1m        PASS[0m [   0.185s] (1615/3773) [35;1mralphus-daemon[0m [36mmachine_targets::tests[0m[36m::[0m[34;1mfind_by_machine_matches_the_full_machine_value[0m
[32;1m        PASS[0m [   0.170s] (1616/3773) [35;1mralphus-daemon[0m [36mmachine_targets::tests[0m[36m::[0m[34;1mfind_by_machine_returns_none_for_an_unconfigured_machine[0m
[32;1m        PASS[0m [   0.978s] (1617/3773) [35;1mralphus-daemon[0m [36mhidden::tests[0m[36m::[0m[34;1mhiding_unknown_entity_fails[0m
[32;1m        PASS[0m [   0.228s] (1618/3773) [35;1mralphus-daemon[0m [36mmachine_targets::tests[0m[36m::[0m[34;1mlater_configuration_path_entry_wins_on_name_collision[0m
[32;1m        PASS[0m [   0.232s] (1619/3773) [35;1mralphus-daemon[0m [36mmachine_targets::tests[0m[36m::[0m[34;1mliteral_percent_temp_percent_remote_root_is_rejected_by_default[0m
[32;1m        PASS[0m [   0.300s] (1620/3773) [35;1mralphus-daemon[0m [36mmachine_targets::tests[0m[36m::[0m[34;1mrelative_remote_root_is_rejected[0m
[32;1m        PASS[0m [   0.918s] (1621/3773) [35;1mralphus-daemon[0m [36mhidden::tests[0m[36m::[0m[34;1mset_tasks_hidden_applies_the_whole_batch_and_reports_partial_failure[0m
[32;1m        PASS[0m [   0.331s] (1622/3773) [35;1mralphus-daemon[0m [36mmachine_targets::tests[0m[36m::[0m[34;1mretirement_opt_out_defaults_false[0m
[32;1m        PASS[0m [   0.961s] (1623/3773) [35;1mralphus-daemon[0m [36mhidden::tests[0m[36m::[0m[34;1mset_squads_hidden_applies_the_whole_batch_and_reports_partial_failure[0m
[32;1m        PASS[0m [   0.331s] (1624/3773) [35;1mralphus-daemon[0m [36mmachine_targets::tests[0m[36m::[0m[34;1mrunner_table_is_optional_and_defaults[0m
[32;1m        PASS[0m [   0.413s] (1625/3773) [35;1mralphus-daemon[0m [36mmachine_targets::tests[0m[36m::[0m[34;1mparses_per_agent_executable_overrides[0m
[32;1m        PASS[0m [   0.381s] (1626/3773) [35;1mralphus-daemon[0m [36mmachine_targets::tests[0m[36m::[0m[34;1mretirement_opt_out_is_parsed[0m
[32;1m        PASS[0m [   0.450s] (1627/3773) [35;1mralphus-daemon[0m [36mmachine_targets::tests[0m[36m::[0m[34;1mparses_a_full_target_including_a_compound_runner_command[0m
[32;1m        PASS[0m [   0.457s] (1628/3773) [35;1mralphus-daemon[0m [36mmachine_targets::tests[0m[36m::[0m[34;1mload_machine_targets_with_reads_configuration_path_entries[0m
[32;1m        PASS[0m [   0.313s] (1629/3773) [35;1mralphus-daemon[0m [36mmachine_targets::tests[0m[36m::[0m[34;1munknown_runner_mode_is_rejected[0m
[32;1m        PASS[0m [   0.308s] (1630/3773) [35;1mralphus-daemon[0m [36mmachine_targets::tests[0m[36m::[0m[34;1mupload_mode_is_accepted[0m
[32;1m        PASS[0m [  11.286s] (1631/3773) [35;1mralphus-daemon[0m [36mguardian_merge::tests[0m[36m::[0m[34;1mrecompute_preliminary_summary_uses_task_worktree_git_log_not_llm[0m
[32;1m        PASS[0m [   0.256s] (1632/3773) [35;1mralphus-daemon[0m [36mmachine_targets::tests[0m[36m::[0m[34;1mwindows_drive_letter_remote_root_is_accepted_as_absolute[0m
[32;1m        PASS[0m [   0.518s] (1633/3773) [35;1mralphus-daemon[0m [36mmachine_targets::tests[0m[36m::[0m[34;1mtmp_remote_root_is_rejected_by_default[0m
[32;1m        PASS[0m [   0.310s] (1634/3773) [35;1mralphus-daemon[0m [36mmachine_targets::tests[0m[36m::[0m[34;1mwindows_temp_remote_root_is_rejected_by_default[0m
[32;1m        PASS[0m [  13.920s] (1635/3773) [35;1mralphus-daemon[0m [36mguardian_merge::tests[0m[36m::[0m[34;1meligible_worktree_retirement_notice_reaches_a_watcher_via_the_mailbox[0m
[32;1m        PASS[0m [  13.256s] (1636/3773) [35;1mralphus-daemon[0m [36mguardian_merge::tests[0m[36m::[0m[34;1mnote_if_branch_is_empty_does_not_flag_a_branch_already_merged_upstream[0m
[32;1m        PASS[0m [   0.544s] (1637/3773) [35;1mralphus-daemon[0m [36mmachine_targets::tests[0m[36m::[0m[34;1mupload_mode_requires_an_artifact[0m
[32;1m        PASS[0m [  14.126s] (1638/3773) [35;1mralphus-daemon[0m [36mguardian_merge::tests[0m[36m::[0m[34;1mdetect_rebase_step_content_loss_flags_a_dropped_unrelated_file[0m
[32;1m        PASS[0m [   0.589s] (1639/3773) [35;1mralphus-daemon[0m [36mmachines::tests[0m[36m::[0m[34;1ma_deregistered_scheme_fails_a_new_resolution[0m
[32;1m        PASS[0m [   0.647s] (1640/3773) [35;1mralphus-daemon[0m [36mmachines::tests[0m[36m::[0m[34;1mlocal_literal_and_local_scheme_both_resolve_local[0m
[32;1m        PASS[0m [   0.720s] (1641/3773) [35;1mralphus-daemon[0m [36mmachines::tests[0m[36m::[0m[34;1mprovider_with_a_mismatched_contract_version_is_refused_not_invoked[0m
[32;1m        PASS[0m [   0.713s] (1642/3773) [35;1mralphus-daemon[0m [36mmachines::tests[0m[36m::[0m[34;1mregister_upserts_and_deregister_removes[0m
[32;1m        PASS[0m [   0.711s] (1643/3773) [35;1mralphus-daemon[0m [36mmachines::tests[0m[36m::[0m[34;1mregistered_provider_resolves_and_passes_its_uri_through_verbatim[0m
[32;1m        PASS[0m [   0.715s] (1644/3773) [35;1mralphus-daemon[0m [36mmachines::tests[0m[36m::[0m[34;1munknown_scheme_errors_and_lists_what_is_available[0m
[32;1m        PASS[0m [   0.852s] (1645/3773) [35;1mralphus-daemon[0m [36mmachines::tests[0m[36m::[0m[34;1mmalformed_machine_errors_before_touching_the_registry[0m
[32;1m        PASS[0m [   0.674s] (1646/3773) [35;1mralphus-daemon[0m [36mmailbox::tests[0m[36m::[0m[34;1mark_notification_claim_is_durable_and_entity_scoped[0m
[32;1m        PASS[0m [   0.609s] (1647/3773) [35;1mralphus-daemon[0m [36mmailbox::tests[0m[36m::[0m[34;1mcategory_filter_narrows_results_and_none_is_unfiltered[0m
[32;1m        PASS[0m [  10.223s] (1648/3773) [35;1mralphus-daemon[0m [36mguardian_merge::tests[0m[36m::[0m[34;1mrelink_worktree_resolves_the_real_admin_name_when_two_worktrees_share_a_basename[0m
[32;1m        PASS[0m [   0.775s] (1649/3773) [35;1mralphus-daemon[0m [36mmachines::tests[0m[36m::[0m[34;1mthe_ssh_scheme_is_registrable_and_re_registration_upserts[0m
[32;1m        PASS[0m [  14.826s] (1650/3773) [35;1mralphus-daemon[0m [36mguardian_merge::tests[0m[36m::[0m[34;1madd_worktree_with_prune_retry_recovers_from_a_transient_first_failure[0m
[32;1m        PASS[0m [   0.624s] (1651/3773) [35;1mralphus-daemon[0m [36mmailbox::tests[0m[36m::[0m[34;1mpersonal_undrain_reverts_a_drained_message_to_unread_for_that_user_only[0m
[32;1m        PASS[0m [   0.495s] (1652/3773) [35;1mralphus-daemon[0m [36mmailbox::tests[0m[36m::[0m[34;1mpriority_filter_narrows_results[0m
[32;1m        PASS[0m [   0.928s] (1653/3773) [35;1mralphus-daemon[0m [36mmachines::tests[0m[36m::[0m[34;1mscheme_matching_is_case_insensitive[0m
[32;1m        PASS[0m [   0.836s] (1654/3773) [35;1mralphus-daemon[0m [36mmachines::tests[0m[36m::[0m[34;1munset_machine_resolves_local[0m
[32;1m        PASS[0m [   0.787s] (1655/3773) [35;1mralphus-daemon[0m [36mmailbox::tests[0m[36m::[0m[34;1mdrain_marks_read_only_for_that_client[0m
[32;1m        PASS[0m [   0.818s] (1656/3773) [35;1mralphus-daemon[0m [36mmailbox::tests[0m[36m::[0m[34;1mdrain_specific_ids_ignores_unknown[0m
[32;1m        PASS[0m [   0.270s] (1657/3773) [35;1mralphus-daemon[0m [36motel::tests[0m[36m::[0m[34;1mmalformed_traceparent_degrades_to_no_span[0m
[32;1m        PASS[0m [   0.785s] (1658/3773) [35;1mralphus-daemon[0m [36mmailbox::tests[0m[36m::[0m[34;1mpersonal_undrain_with_no_ids_reverts_everything_drained_for_that_user[0m
[32;1m        PASS[0m [   0.246s] (1659/3773) [35;1mralphus-daemon[0m [36motel::tests[0m[36m::[0m[34;1mstart_span_child_shares_trace_id_with_parent[0m
[32;1m        PASS[0m [   0.332s] (1660/3773) [35;1mralphus-daemon[0m [36motel::tests[0m[36m::[0m[34;1mattribute_json_encodes_common_types[0m
[32;1m        PASS[0m [   0.264s] (1661/3773) [35;1mralphus-daemon[0m [36motel::tests[0m[36m::[0m[34;1mtraceparent_roundtrips_through_context[0m
[32;1m        PASS[0m [   9.842s] (1662/3773) [35;1mralphus-daemon[0m [36mguardian_merge::tests[0m[36m::[0m[34;1mreview_ref_with_no_diff_is_not_terminal_work[0m
[32;1m        PASS[0m [   0.489s] (1663/3773) [35;1mralphus-daemon[0m [36mmailbox::tests[0m[36m::[0m[34;1mundrain_reverts_a_drained_message_to_unread_for_that_client_only[0m
[32;1m        PASS[0m [   0.257s] (1664/3773) [35;1mralphus-daemon[0m [36mperf_timing::tests[0m[36m::[0m[34;1mbudget_default_matches_documented_two_seconds[0m
[32;1m        PASS[0m [   0.182s] (1665/3773) [35;1mralphus-daemon[0m [36mperf_timing::tests[0m[36m::[0m[34;1mdisabled_timer_produces_no_header_or_phases[0m
[32;1m        PASS[0m [   0.269s] (1666/3773) [35;1mralphus-daemon[0m [36mperf_timing::tests[0m[36m::[0m[34;1mbudget_env_var_name_is_stable[0m
[32;1m        PASS[0m [   0.156s] (1667/3773) [35;1mralphus-daemon[0m [36mperf_timing::tests[0m[36m::[0m[34;1menabled_timer_reports_every_phase_in_order[0m
[32;1m        PASS[0m [   0.157s] (1668/3773) [35;1mralphus-daemon[0m [36mperf_timing::tests[0m[36m::[0m[34;1menv_flag_enabled_accepts_one_and_true_only[0m
[32;1m        PASS[0m [   0.566s] (1669/3773) [35;1mralphus-daemon[0m [36mmonitor::tests[0m[36m::[0m[34;1mcreate_list_and_delete_a_watch[0m
[32;1m        PASS[0m [   0.578s] (1670/3773) [35;1mralphus-daemon[0m [36mmailbox::tests[0m[36m::[0m[34;1mundrain_with_no_ids_reverts_everything_drained_for_that_client[0m
[32;1m        PASS[0m [   0.142s] (1671/3773) [35;1mralphus-daemon[0m [36mplan::tests[0m[36m::[0m[34;1mcycle_is_an_error[0m
[32;1m        PASS[0m [   0.505s] (1672/3773) [35;1mralphus-daemon[0m [36mmonitor::tests[0m[36m::[0m[34;1mmonitor_event_is_one_tagged_row_shared_by_broadcast_and_personal_views[0m
[32;1m        PASS[0m [   0.476s] (1673/3773) [35;1mralphus-daemon[0m [36motel::tests[0m[36m::[0m[34;1mmissing_traceparent_yields_context_with_no_span[0m
[32;1m        PASS[0m [   0.807s] (1674/3773) [35;1mralphus-daemon[0m [36mmailbox::tests[0m[36m::[0m[34;1mregister_and_enqueue_and_list_unread[0m
[32;1m        PASS[0m [   0.517s] (1675/3773) [35;1mralphus-daemon[0m [36motel::tests[0m[36m::[0m[34;1mspan_json_maps_kind_and_status[0m
[32;1m        PASS[0m [   0.284s] (1676/3773) [35;1mralphus-daemon[0m [36mperf_timing::tests[0m[36m::[0m[34;1menabled_timer_with_no_phases_reports_nothing[0m
[32;1m        PASS[0m [   0.200s] (1677/3773) [35;1mralphus-daemon[0m [36mplan::tests[0m[36m::[0m[34;1mgraph_independent_cells_have_no_edges[0m
[32;1m        PASS[0m [   0.248s] (1678/3773) [35;1mralphus-daemon[0m [36mplan::tests[0m[36m::[0m[34;1mindependent_cells_keep_order[0m
[32;1m        PASS[0m [   0.309s] (1679/3773) [35;1mralphus-daemon[0m [36mplan::tests[0m[36m::[0m[34;1mgraph_cross_task_dependency_produces_an_edge[0m
[32;1m        PASS[0m [   0.216s] (1680/3773) [35;1mralphus-daemon[0m [36mplan::tests[0m[36m::[0m[34;1munresolvable_ref_is_ignored[0m
[32;1m        PASS[0m [   0.365s] (1681/3773) [35;1mralphus-daemon[0m [36mplan::tests[0m[36m::[0m[34;1mcross_task_dependency[0m
[32;1m        PASS[0m [   0.926s] (1682/3773) [35;1mralphus-daemon[0m [36mmailbox::tests[0m[36m::[0m[34;1mundrain_ignores_ids_that_were_never_drained[0m
[32;1m        PASS[0m [   0.356s] (1683/3773) [35;1mralphus-daemon[0m [36mplan::tests[0m[36m::[0m[34;1mgraph_has_one_node_per_cell_with_stable_ids[0m
[32;1m        PASS[0m [   0.270s] (1684/3773) [35;1mralphus-daemon[0m [36mplan::tests[0m[36m::[0m[34;1mwithin_task_dependency_orders_after[0m
[32;1m        PASS[0m [   0.382s] (1685/3773) [35;1mralphus-daemon[0m [36mplan::tests[0m[36m::[0m[34;1mgraph_edge_points_from_prerequisite_to_dependent[0m
[32;1m        PASS[0m [   0.751s] (1686/3773) [35;1mralphus-daemon[0m [36mmonitor::tests[0m[36m::[0m[34;1mrewatching_the_same_entity_updates_tiers_in_place[0m
[32;1m        PASS[0m [   0.383s] (1687/3773) [35;1mralphus-daemon[0m [36mplan::tests[0m[36m::[0m[34;1mtask_level_dependency_applies_to_all_cells[0m
[32;1m        PASS[0m [   0.427s] (1688/3773) [35;1mralphus-daemon[0m [36mplan::tests[0m[36m::[0m[34;1mgraph_propagates_the_cycle_error[0m
[32;1m        PASS[0m [  15.401s] (1689/3773) [35;1mralphus-daemon[0m [36mguardian_merge::tests[0m[36m::[0m[34;1mdetect_rebase_step_content_loss_ignores_the_genuine_conflict_zone[0m
[32;1m        PASS[0m [   0.906s] (1690/3773) [35;1mralphus-daemon[0m [36mmonitor::tests[0m[36m::[0m[34;1mwatches_are_scoped_per_user[0m
[32;1m        PASS[0m [   0.328s] (1691/3773) [35;1mralphus-daemon[0m [36mpr::tests[0m[36m::[0m[34;1mbranches_skipped_by_drift_drops_the_intervening_branch[0m
[32;1m        PASS[0m [   0.340s] (1692/3773) [35;1mralphus-daemon[0m [36mpr::tests[0m[36m::[0m[34;1mbranches_skipped_by_drift_is_empty_when_forge_base_already_names_the_immediate_predecessor[0m
[32;1m        PASS[0m [  15.559s] (1693/3773) [35;1mralphus-daemon[0m [36mguardian_merge::tests[0m[36m::[0m[34;1mdetect_rebase_step_content_loss_reports_real_paths_not_rename_display_syntax[0m
[32;1m        PASS[0m [   0.470s] (1694/3773) [35;1mralphus-daemon[0m [36mpr::tests[0m[36m::[0m[34;1mbranches_skipped_by_drift_is_none_for_an_unrecognized_forge_base[0m
[32;1m        PASS[0m [   0.552s] (1695/3773) [35;1mralphus-daemon[0m [36mpr::tests[0m[36m::[0m[34;1mbranches_skipped_by_drift_drops_every_preceding_branch_when_forge_base_is_the_review_base[0m
[32;1m        PASS[0m [   0.715s] (1696/3773) [35;1mralphus-daemon[0m [36mpr::tests[0m[36m::[0m[34;1mactioned_comments_are_idempotent_and_filterable[0m
[32;1m        PASS[0m [   0.724s] (1697/3773) [35;1mralphus-daemon[0m [36mpr::tests[0m[36m::[0m[34;1mauto_fix_retry_gate_resets_on_a_new_push_even_with_no_intervening_non_failing_status[0m
[32;1m        PASS[0m [  15.732s] (1698/3773) [35;1mralphus-daemon[0m [36mguardian_merge::tests[0m[36m::[0m[34;1mdetect_rebase_step_content_loss_none_when_everything_is_staged[0m
[32;1m        PASS[0m [  14.234s] (1699/3773) [35;1mralphus-daemon[0m [36mguardian_merge::tests[0m[36m::[0m[34;1mrebase_head_commit_is_empty_false_for_a_real_change[0m
[32;1m        PASS[0m [   0.377s] (1700/3773) [35;1mralphus-daemon[0m [36mpr::tests[0m[36m::[0m[34;1mclassify_base_drift_drifted_when_forge_disagrees_with_both_baselines[0m
[32;1m        PASS[0m [   0.368s] (1701/3773) [35;1mralphus-daemon[0m [36mpr::tests[0m[36m::[0m[34;1mclassify_base_drift_in_sync_when_forge_matches_recorded_base[0m
[32;1m        PASS[0m [   0.425s] (1702/3773) [35;1mralphus-daemon[0m [36mpr::tests[0m[36m::[0m[34;1mclassify_base_drift_pending_local_push_when_forge_matches_last_confirmed_push[0m
[32;1m        PASS[0m [   0.789s] (1703/3773) [35;1mralphus-daemon[0m [36mpr::tests[0m[36m::[0m[34;1mbulk_drop_open_pull_requests_drops_only_open_rows_and_is_a_noop_when_none_are_open[0m
[32;1m        PASS[0m [   0.937s] (1704/3773) [35;1mralphus-daemon[0m [36mpr::tests[0m[36m::[0m[34;1mcheck_pr_merges_approves_even_while_a_stack_kind_pr_is_still_open[0m
[32;1m        PASS[0m [   0.926s] (1705/3773) [35;1mralphus-daemon[0m [36mpr::tests[0m[36m::[0m[34;1mcheck_pr_merges_approves_when_every_linked_pr_has_merged[0m
[32;1m        PASS[0m [   0.889s] (1706/3773) [35;1mralphus-daemon[0m [36mpr::tests[0m[36m::[0m[34;1mclaim_guardian_for_forge_reorder_only_succeeds_from_in_review[0m
[32;1m        PASS[0m [   0.960s] (1707/3773) [35;1mralphus-daemon[0m [36mpr::tests[0m[36m::[0m[34;1mcheck_pr_merges_marks_only_the_merged_branch_when_the_stack_merges_partially[0m
[32;1m        PASS[0m [   1.038s] (1708/3773) [35;1mralphus-daemon[0m [36mpr::tests[0m[36m::[0m[34;1mcheck_pr_merges_drops_a_pr_merged_out_of_band_while_mid_flight[0m
[32;1m        PASS[0m [   0.781s] (1709/3773) [35;1mralphus-daemon[0m [36mpr::tests[0m[36m::[0m[34;1mclear_guardian_forge_stack_number_resets_to_unset[0m
[32;1m        PASS[0m [   1.164s] (1710/3773) [35;1mralphus-daemon[0m [36mpr::tests[0m[36m::[0m[34;1mcheck_pr_merges_marks_merged_when_all_merges_were_already_recorded[0m
[32;1m        PASS[0m [   0.245s] (1711/3773) [35;1mralphus-daemon[0m [36mpr::tests[0m[36m::[0m[34;1mdecide_stack_action_creates_once_two_prs_exist[0m
[32;1m        PASS[0m [   0.270s] (1712/3773) [35;1mralphus-daemon[0m [36mpr::tests[0m[36m::[0m[34;1mdecide_stack_action_never_dissolves_a_stack_for_a_gapped_view[0m
[32;1m        PASS[0m [   0.146s] (1713/3773) [35;1mralphus-daemon[0m [36mpr::tests[0m[36m::[0m[34;1mdecide_stack_action_never_dissolves_a_stack_for_a_partial_restack_view[0m
[32;1m        PASS[0m [   0.333s] (1714/3773) [35;1mralphus-daemon[0m [36mpr::tests[0m[36m::[0m[34;1mdecide_stack_action_appends_a_missing_terminal_pr_to_a_recorded_stack[0m
[32;1m        PASS[0m [   0.529s] (1715/3773) [35;1mralphus-daemon[0m [36mpr::tests[0m[36m::[0m[34;1mcreate_and_get_pull_request_roundtrips[0m
[32;1m        PASS[0m [   0.554s] (1716/3773) [35;1mralphus-daemon[0m [36mpr::tests[0m[36m::[0m[34;1mcreate_pull_request_ex_persists_the_forges_own_draft_state[0m
[32;1m        PASS[0m [   0.161s] (1717/3773) [35;1mralphus-daemon[0m [36mpr::tests[0m[36m::[0m[34;1mdecide_stack_action_repairs_an_unrecorded_stack_when_nothing_is_new[0m
[32;1m        PASS[0m [   0.240s] (1718/3773) [35;1mralphus-daemon[0m [36mpr::tests[0m[36m::[0m[34;1mdecide_stack_action_rebuilds_a_recorded_stack_with_wrong_members[0m
[32;1m        PASS[0m [   0.604s] (1719/3773) [35;1mralphus-daemon[0m [36mpr::tests[0m[36m::[0m[34;1mcreate_pull_request_plain_wrapper_records_no_draft[0m
[32;1m        PASS[0m [   0.210s] (1720/3773) [35;1mralphus-daemon[0m [36mpr::tests[0m[36m::[0m[34;1mdecide_stack_action_skips_create_when_chain_is_not_yet_valid[0m
[32;1m        PASS[0m [   0.168s] (1721/3773) [35;1mralphus-daemon[0m [36mpr::tests[0m[36m::[0m[34;1mdecide_stack_action_skips_when_recorded_stack_already_matches[0m
[32;1m        PASS[0m [   0.186s] (1722/3773) [35;1mralphus-daemon[0m [36mpr::tests[0m[36m::[0m[34;1mdecide_stack_action_still_rebuilds_a_reordered_or_grown_stack[0m
[32;1m        PASS[0m [   0.278s] (1723/3773) [35;1mralphus-daemon[0m [36mpr::tests[0m[36m::[0m[34;1mdecide_stack_action_skips_rebuild_when_chain_is_not_yet_valid[0m
[32;1m        PASS[0m [   0.459s] (1724/3773) [35;1mralphus-daemon[0m [36mpr::tests[0m[36m::[0m[34;1mdecide_stack_action_skips_a_single_pr[0m
[32;1m        PASS[0m [   0.621s] (1725/3773) [35;1mralphus-daemon[0m [36mpr::tests[0m[36m::[0m[34;1mfind_pull_request_by_number_both_directions[0m
[32;1m        PASS[0m [   0.706s] (1726/3773) [35;1mralphus-daemon[0m [36mpr::tests[0m[36m::[0m[34;1mget_pr_forge_cache_is_none_before_any_poll[0m
[32;1m        PASS[0m [   0.889s] (1727/3773) [35;1mralphus-daemon[0m [36mpr::tests[0m[36m::[0m[34;1mdetect_forge_reorder_is_a_noop_with_fewer_than_two_stacked_prs[0m
[32;1m        PASS[0m [   3.176s] (1728/3773) [35;1mralphus-daemon[0m [36mpr::tests[0m[36m::[0m[34;1mcheck_pr_merges_is_fail_safe_when_the_forge_call_fails[0m
[32;1m        PASS[0m [   7.316s] (1729/3773) [35;1mralphus-daemon[0m [36mhealth_targets::tests[0m[36m::[0m[34;1ma_fully_healthy_target_reports_no_failures[0m
[32;1m        PASS[0m [  15.024s] (1730/3773) [35;1mralphus-daemon[0m [36mguardian_merge::tests[0m[36m::[0m[34;1mregen_from_feature_worktree_creates_review_worktree_at_feature_head[0m
[32;1m        PASS[0m [   0.977s] (1731/3773) [35;1mralphus-daemon[0m [36mpr::tests[0m[36m::[0m[34;1mguardian_ids_with_open_pull_requests_only_returns_guardians_with_a_numbered_open_pr[0m
[32;1m        PASS[0m [   0.321s] (1732/3773) [35;1mralphus-daemon[0m [36mpr::tests[0m[36m::[0m[34;1mis_ordered_subset_requires_the_same_relative_order[0m
[32;1m        PASS[0m [   0.261s] (1733/3773) [35;1mralphus-daemon[0m [36mpr::tests[0m[36m::[0m[34;1mis_stack_base_restriction_matches_only_githubs_stack_refusal[0m
[32;1m        PASS[0m [  19.803s] (1734/3773) [35;1mralphus-daemon[0m [36mguardian_merge::tests[0m[36m::[0m[34;1madd_worktree_with_prune_retry_recovers_a_dangling_locked_entry[0m
[32;1m        PASS[0m [  13.457s] (1735/3773) [35;1mralphus-daemon[0m [36mguardian_merge::tests[0m[36m::[0m[34;1mworktree_recovery_state1_directory_missing[0m
[32;1m        PASS[0m [   0.244s] (1736/3773) [35;1mralphus-daemon[0m [36mpr::tests[0m[36m::[0m[34;1mopen_prs_by_branch_excludes_stack_kind_rows[0m
[32;1m        PASS[0m [   0.187s] (1737/3773) [35;1mralphus-daemon[0m [36mpr::tests[0m[36m::[0m[34;1mordered_prs_form_a_chain_accepts_fewer_than_two_prs[0m
[32;1m        PASS[0m [  18.301s] (1738/3773) [35;1mralphus-daemon[0m [36mguardian_merge::tests[0m[36m::[0m[34;1mrecompute_preliminary_summary_covers_already_rebased_branches[0m
[32;1m        PASS[0m [   0.311s] (1739/3773) [35;1mralphus-daemon[0m [36mpr::tests[0m[36m::[0m[34;1mordered_prs_form_a_chain_accepts_a_valid_bottom_to_top_chain[0m
[32;1m        PASS[0m [   0.648s] (1740/3773) [35;1mralphus-daemon[0m [36mpr::tests[0m[36m::[0m[34;1mlist_pull_requests_for_guardian_is_ordered[0m
[32;1m        PASS[0m [   0.205s] (1741/3773) [35;1mralphus-daemon[0m [36mpr::tests[0m[36m::[0m[34;1mordered_prs_form_a_chain_rejects_a_gap_left_by_a_disabled_branch[0m
[32;1m        PASS[0m [   0.212s] (1742/3773) [35;1mralphus-daemon[0m [36mpr::tests[0m[36m::[0m[34;1mparse_suggested_pr_handles_wrapped_json[0m
[32;1m        PASS[0m [   0.161s] (1743/3773) [35;1mralphus-daemon[0m [36mpr::tests[0m[36m::[0m[34;1mparse_suggested_pr_rejects_garbage[0m
[32;1m        PASS[0m [   0.820s] (1744/3773) [35;1mralphus-daemon[0m [36mpr::tests[0m[36m::[0m[34;1mlist_pull_requests_index_carries_draft_state[0m
[32;1m        PASS[0m [  20.623s] (1745/3773) [35;1mralphus-daemon[0m [36mguardian_merge::tests[0m[36m::[0m[34;1mconflicted_files_and_rebase_in_progress_reflect_a_real_conflicting_rebase[0m
[32;1m        PASS[0m [  18.412s] (1746/3773) [35;1mralphus-daemon[0m [36mguardian_merge::tests[0m[36m::[0m[34;1mrecompute_preliminary_summary_strips_commits_duplicated_across_the_rebase_seam[0m
[32;1m        PASS[0m [  14.554s] (1747/3773) [35;1mralphus-daemon[0m [36mguardian_merge::tests[0m[36m::[0m[34;1mworktree_add_or_reset_recovers_when_admin_entry_missing[0m
[32;1m        PASS[0m [   0.576s] (1748/3773) [35;1mralphus-daemon[0m [36mpr::tests[0m[36m::[0m[34;1mpr_forge_cache_unactioned_count_is_a_live_join_not_a_cached_integer[0m
[32;1m        PASS[0m [   0.635s] (1749/3773) [35;1mralphus-daemon[0m [36mpr::tests[0m[36m::[0m[34;1mpr_forge_cache_is_cascade_deleted_with_its_pr_row[0m
[32;1m        PASS[0m [   0.747s] (1750/3773) [35;1mralphus-daemon[0m [36mpr::tests[0m[36m::[0m[34;1mpoll_pr_base_drift_is_a_noop_for_a_review_with_no_submitted_prs[0m
[32;1m        PASS[0m [   0.801s] (1751/3773) [35;1mralphus-daemon[0m [36mpr::tests[0m[36m::[0m[34;1mpoll_pr_base_drift_is_a_noop_when_the_forge_remote_cannot_be_resolved[0m
[32;1m        PASS[0m [   0.281s] (1752/3773) [35;1mralphus-daemon[0m [36mpr::tests[0m[36m::[0m[34;1mreconstruct_forge_chain_detects_a_stack_reordered_on_the_forge[0m
[32;1m        PASS[0m [   0.236s] (1753/3773) [35;1mralphus-daemon[0m [36mpr::tests[0m[36m::[0m[34;1mreconstruct_forge_chain_empty_input_is_an_empty_order[0m
[32;1m        PASS[0m [   0.315s] (1754/3773) [35;1mralphus-daemon[0m [36mpr::tests[0m[36m::[0m[34;1mreconstruct_forge_chain_is_none_on_a_dangling_base[0m
[32;1m        PASS[0m [   0.356s] (1755/3773) [35;1mralphus-daemon[0m [36mpr::tests[0m[36m::[0m[34;1mreconstruct_forge_chain_is_none_on_a_fork[0m
[32;1m        PASS[0m [   0.220s] (1756/3773) [35;1mralphus-daemon[0m [36mpr::tests[0m[36m::[0m[34;1mreconstruct_forge_chain_walks_bases_in_position_order_when_unchanged[0m
[32;1m        PASS[0m [   0.309s] (1757/3773) [35;1mralphus-daemon[0m [36mpr::tests[0m[36m::[0m[34;1mreconstruct_forge_stack_detects_a_new_base_for_a_multi_pr_chain[0m
[32;1m        PASS[0m [   7.333s] (1758/3773) [35;1mralphus-daemon[0m [36mpr::tests[0m[36m::[0m[34;1ma_non_fork_review_is_untouched_by_promotion[0m
[32;1m        PASS[0m [  12.918s] (1759/3773) [35;1mralphus-daemon[0m [36mguardian_merge::tests[0m[36m::[0m[34;1mworktree_recovery_state2_directory_not_a_worktree[0m
[32;1m        PASS[0m [  20.396s] (1760/3773) [35;1mralphus-daemon[0m [36mguardian_merge::tests[0m[36m::[0m[34;1mrecompute_preliminary_summary_skips_disabled_branches[0m
[32;1m        PASS[0m [   0.862s] (1761/3773) [35;1mralphus-daemon[0m [36mpr::tests[0m[36m::[0m[34;1mrefresh_open_prs_drops_a_pr_closed_externally_and_persists_the_new_state[0m
[32;1m        PASS[0m [  17.144s] (1762/3773) [35;1mralphus-daemon[0m [36mguardian_merge::tests[0m[36m::[0m[34;1mworktree_add_or_reset_healthy_restart_preserves_untracked_files[0m
[32;1m        PASS[0m [   0.732s] (1763/3773) [35;1mralphus-daemon[0m [36mpr::tests[0m[36m::[0m[34;1mreplace_pr_forge_comments_wholesale_replaces_only_its_own_endpoint[0m
[32;1m        PASS[0m [   8.235s] (1764/3773) [35;1mralphus-daemon[0m [36mpr::tests[0m[36m::[0m[34;1mauto_submit_pass_is_noop_when_effective_option_is_off[0m
[32;1m        PASS[0m [   0.783s] (1765/3773) [35;1mralphus-daemon[0m [36mpr::tests[0m[36m::[0m[34;1mrepoint_stacked_prs_dissolves_retries_the_base_then_re_registers[0m
[32;1m        PASS[0m [   0.836s] (1766/3773) [35;1mralphus-daemon[0m [36mpr::tests[0m[36m::[0m[34;1mrepoint_stacked_prs_does_not_retain_a_dissolved_stack_number[0m
[32;1m        PASS[0m [   0.220s] (1767/3773) [35;1mralphus-daemon[0m [36mpr::tests[0m[36m::[0m[34;1mresolve_pr_alias_defaults_to_convention_when_nothing_opts_in[0m
[32;1m        PASS[0m [   0.183s] (1768/3773) [35;1mralphus-daemon[0m [36mpr::tests[0m[36m::[0m[34;1mresolve_pr_alias_explicit_branch_alias_always_wins[0m
[32;1m        PASS[0m [   0.200s] (1769/3773) [35;1mralphus-daemon[0m [36mpr::tests[0m[36m::[0m[34;1mresolve_pr_alias_falls_back_to_the_convention_without_a_readable_name[0m
[32;1m        PASS[0m [   0.230s] (1770/3773) [35;1mralphus-daemon[0m [36mpr::tests[0m[36m::[0m[34;1mresolve_pr_alias_ignores_match_pr_branch_name_unless_separated[0m
[32;1m        PASS[0m [  18.638s] (1771/3773) [35;1mralphus-daemon[0m [36mguardian_merge::tests[0m[36m::[0m[34;1mstack_pick_does_not_fail_a_branch_already_merged_upstream[0m
[32;1m        PASS[0m [   0.230s] (1772/3773) [35;1mralphus-daemon[0m [36mpr::tests[0m[36m::[0m[34;1mresolve_pr_alias_is_the_review_branch_name_by_default[0m
[32;1m        PASS[0m [   0.700s] (1773/3773) [35;1mralphus-daemon[0m [36mpr::tests[0m[36m::[0m[34;1mrepoint_stacked_prs_does_nothing_without_a_recorded_stack[0m
[32;1m        PASS[0m [   8.843s] (1774/3773) [35;1mralphus-daemon[0m [36mpr::tests[0m[36m::[0m[34;1mauto_submit_does_not_create_or_reconcile_a_stack_after_approval[0m
[32;1m        PASS[0m [   0.247s] (1775/3773) [35;1mralphus-daemon[0m [36mpr::tests[0m[36m::[0m[34;1mresolve_pr_alias_keeps_the_review_branchs_collision_suffix[0m
[32;1m        PASS[0m [   0.211s] (1776/3773) [35;1mralphus-daemon[0m [36mpr::tests[0m[36m::[0m[34;1mresolve_pr_alias_per_request_override_wins_over_review_default[0m
[32;1m        PASS[0m [   0.207s] (1777/3773) [35;1mralphus-daemon[0m [36mpr::tests[0m[36m::[0m[34;1mresolve_pr_alias_uses_worktree_branch_name_from_per_request_override[0m
[32;1m        PASS[0m [   0.248s] (1778/3773) [35;1mralphus-daemon[0m [36mpr::tests[0m[36m::[0m[34;1mresolve_pr_alias_uses_worktree_branch_name_from_review_default[0m
[32;1m        PASS[0m [   0.569s] (1779/3773) [35;1mralphus-daemon[0m [36mpr::tests[0m[36m::[0m[34;1mresolve_unique_pr_alias_is_identity_when_free[0m
[32;1m        PASS[0m [   0.801s] (1780/3773) [35;1mralphus-daemon[0m [36mpr::tests[0m[36m::[0m[34;1mresolve_unique_pr_alias_excludes_the_branchs_own_prior_alias[0m
[32;1m        PASS[0m [   0.274s] (1781/3773) [35;1mralphus-daemon[0m [36mpr::tests[0m[36m::[0m[34;1mresync_in_flight_guard_rejects_a_second_claim_for_the_same_guardian[0m
[32;1m        PASS[0m [  24.744s] (1782/3773) [35;1mralphus-daemon[0m [36mguardian_merge::tests[0m[36m::[0m[34;1mdirty_worktree_guard_rescues_orphaned_edits_and_logs_before_rebase[0m
[32;1m        PASS[0m [   0.904s] (1783/3773) [35;1mralphus-daemon[0m [36mpr::tests[0m[36m::[0m[34;1mresolve_unique_pr_alias_suffixes_on_collision[0m
[32;1m        PASS[0m [  13.366s] (1784/3773) [35;1mralphus-daemon[0m [36mhealth_sweep::tests[0m[36m::[0m[34;1mrun_sweep_produces_one_check_per_swept_id[0m
[32;1m        PASS[0m [   0.241s] (1785/3773) [35;1mralphus-daemon[0m [36mpr::tests[0m[36m::[0m[34;1msanitize_branch_name_replaces_unsafe_chars[0m
[32;1m        PASS[0m [  20.053s] (1786/3773) [35;1mralphus-daemon[0m [36mguardian_merge::tests[0m[36m::[0m[34;1mstale_worktree_retirement_removes_safe_and_alerts_for_unsafe[0m
[32;1m        PASS[0m [  10.121s] (1787/3773) [35;1mralphus-daemon[0m [36mpr::tests[0m[36m::[0m[34;1mauto_submit_pass_reconciles_even_when_a_branchs_pr_sha_is_current[0m
[32;1m        PASS[0m [  17.097s] (1788/3773) [35;1mralphus-daemon[0m [36mguardian_merge::tests[0m[36m::[0m[34;1mworktree_recovery_state1_directory_missing_while_locked[0m
[32;1m        PASS[0m [   0.242s] (1789/3773) [35;1mralphus-daemon[0m [36mpr::tests[0m[36m::[0m[34;1mstack_base_for_chains_around_a_merged_mid_stack_branch[0m
[32;1m        PASS[0m [   0.211s] (1790/3773) [35;1mralphus-daemon[0m [36mpr::tests[0m[36m::[0m[34;1mstack_base_for_chains_onto_nearest_preceding_alias[0m
[32;1m        PASS[0m [   0.699s] (1791/3773) [35;1mralphus-daemon[0m [36mpr::tests[0m[36m::[0m[34;1mset_pr_draft_records_and_overwrites_the_forge_observed_state[0m
[32;1m        PASS[0m [   0.885s] (1792/3773) [35;1mralphus-daemon[0m [36mpr::tests[0m[36m::[0m[34;1mresync_pr_bases_updates_downstream_after_reorder[0m
[32;1m        PASS[0m [   0.272s] (1793/3773) [35;1mralphus-daemon[0m [36mpr::tests[0m[36m::[0m[34;1mstack_base_for_seeded_from_a_prior_call_still_chains[0m
[32;1m        PASS[0m [   0.233s] (1794/3773) [35;1mralphus-daemon[0m [36mpr::tests[0m[36m::[0m[34;1mstack_base_for_skips_gaps_without_breaking_the_chain[0m
[32;1m        PASS[0m [   0.215s] (1795/3773) [35;1mralphus-daemon[0m [36mpr::tests[0m[36m::[0m[34;1mstack_pr_route_targets_the_fork_base_branch_same_repo_on_both_forges[0m
[32;1m        PASS[0m [   0.230s] (1796/3773) [35;1mralphus-daemon[0m [36mpr::tests[0m[36m::[0m[34;1mstrip_remote_prefix_only_strips_matching_remote[0m
[32;1m        PASS[0m [  16.061s] (1797/3773) [35;1mralphus-daemon[0m [36mguardian_merge::tests[0m[36m::[0m[34;1mworktree_recovery_state4_stale_tracking_entry[0m
[32;1m        PASS[0m [   9.679s] (1798/3773) [35;1mralphus-daemon[0m [36mpr::tests[0m[36m::[0m[34;1mdetect_forge_reorder_converges_after_one_apply_when_the_registered_fork_remote_matches_base_branchs_own_remote[0m
[32;1m        PASS[0m [  11.402s] (1799/3773) [35;1mralphus-daemon[0m [36mpr::tests[0m[36m::[0m[34;1mauto_submit_pass_records_error_on_forge_resolution_failure_without_touching_branch_status[0m
[32;1m        PASS[0m [  16.999s] (1800/3773) [35;1mralphus-daemon[0m [36mguardian_merge::tests[0m[36m::[0m[34;1mworktree_recovery_state3_review_branch_deleted[0m
[32;1m        PASS[0m [  16.847s] (1801/3773) [35;1mralphus-daemon[0m [36mguardian_merge::tests[0m[36m::[0m[34;1mworktree_recovery_state6_detached_head[0m
[32;1m        PASS[0m [  26.060s] (1802/3773) [35;1mralphus-daemon[0m [36mguardian_merge::tests[0m[36m::[0m[34;1mrecompute_preliminary_summary_dedupes_stacked_branch_commits[0m
[32;1m        PASS[0m [  17.317s] (1803/3773) [35;1mralphus-daemon[0m [36mguardian_merge::tests[0m[36m::[0m[34;1mworktree_recovery_state5_branch_mismatch[0m
[32;1m        PASS[0m [  17.157s] (1804/3773) [35;1mralphus-daemon[0m [36mguardian_merge::tests[0m[36m::[0m[34;1mworktree_recovery_state7_locked_worktree[0m
[32;1m        PASS[0m [  12.702s] (1805/3773) [35;1mralphus-daemon[0m [36mpr::tests[0m[36m::[0m[34;1mcompute_sync_status_reports_worktree_ahead_when_remote_branch_deleted[0m
[32;1m        PASS[0m [  22.667s] (1806/3773) [35;1mralphus-daemon[0m [36mguardian_merge::tests[0m[36m::[0m[34;1mworktree_add_or_reset_prunes_after_final_checkout_failure[0m
[32;1m        PASS[0m [  29.264s] (1807/3773) [35;1mralphus-daemon[0m [36mguardian_merge::tests[0m[36m::[0m[34;1mfailed_staged_rebase_does_not_advance_the_built_base_baseline[0m
[32;1m        PASS[0m [  14.324s] (1808/3773) [35;1mralphus-daemon[0m [36mpr::tests[0m[36m::[0m[34;1mcompute_sync_status_reports_in_sync_right_after_push[0m
[32;1m        PASS[0m [   9.606s] (1809/3773) [35;1mralphus-daemon[0m [36mpr::tests[0m[36m::[0m[34;1mrefresh_pr_forge_cache_yields_drift_to_a_held_interactive_lock[0m
[32;1m        PASS[0m [  11.486s] (1810/3773) [35;1mralphus-daemon[0m [36mpr::tests[0m[36m::[0m[34;1mreconcile_native_pr_stack_ignores_a_mid_restack_branch[0m
[32;1m        PASS[0m [  33.166s] (1811/3773) [35;1mralphus-daemon[0m [36mguardian_merge::tests[0m[36m::[0m[34;1ma_review_left_local_still_merges_normally[0m
[32;1m        PASS[0m [  33.865s] (1812/3773) [35;1mralphus-daemon[0m [36mguardian_merge::tests[0m[36m::[0m[34;1ma_merge_succeeds_alongside_an_untouched_old_layout_leftover[0m
[32;1m        PASS[0m [  16.557s] (1813/3773) [35;1mralphus-daemon[0m [36mpr::tests[0m[36m::[0m[34;1mgitlab_promotion_uses_the_forks_client_with_a_target_project_id_not_the_parents[0m
[32;1m        PASS[0m [  18.001s] (1814/3773) [35;1mralphus-daemon[0m [36mpr::tests[0m[36m::[0m[34;1mcompute_sync_status_detects_worktree_ahead_after_local_commit[0m
[32;1m        PASS[0m [   1.156s] (1815/3773) [35;1mralphus-daemon[0m [36mpr::tests[0m[36m::[0m[34;1mtry_claim_pr_comments_only_lets_one_caller_win_each_id[0m
[32;1m        PASS[0m [  35.258s] (1816/3773) [35;1mralphus-daemon[0m [36mguardian_merge::tests[0m[36m::[0m[34;1ma_full_merge_lands_worktrees_at_the_short_ral_211_layout_and_writes_a_readme[0m
[32;1m        PASS[0m [  13.420s] (1817/3773) [35;1mralphus-daemon[0m [36mpr::tests[0m[36m::[0m[34;1mrefresh_pr_forge_cache_computes_drift_and_degrades_comments_to_unknown[0m
[32;1m        PASS[0m [   0.757s] (1818/3773) [35;1mralphus-daemon[0m [36mpr::tests[0m[36m::[0m[34;1mupdate_pull_request_ex_sets_base_ref_and_last_pushed_sha[0m
[32;1m        PASS[0m [   0.816s] (1819/3773) [35;1mralphus-daemon[0m [36mpr::tests[0m[36m::[0m[34;1mupdate_pull_request_missing_id_is_not_found[0m
[32;1m        PASS[0m [  36.411s] (1820/3773) [35;1mralphus-daemon[0m [36mguardian_merge::tests[0m[36m::[0m[34;1ma_review_branch_name_already_taken_locally_is_suffixed[0m
[32;1m        PASS[0m [  12.330s] (1821/3773) [35;1mralphus-daemon[0m [36mpr::tests[0m[36m::[0m[34;1mresolve_pr_repo_routing_finds_a_fork_registered_under_a_real_user_not_only_the_empty_default[0m
[32;1m        PASS[0m [   0.676s] (1822/3773) [35;1mralphus-daemon[0m [36mpr::tests[0m[36m::[0m[34;1mupsert_pr_forge_cache_coalesces_fields_a_partial_write_omits[0m
[32;1m        PASS[0m [  36.656s] (1823/3773) [35;1mralphus-daemon[0m [36mguardian_merge::tests[0m[36m::[0m[34;1ma_full_merge_completes_from_a_repository_root_long_enough_to_have_failed_pre_ral_211[0m
[32;1m        PASS[0m [   0.595s] (1824/3773) [35;1mralphus-daemon[0m [36mpr::tests[0m[36m::[0m[34;1mupsert_pr_forge_cache_unknown_keeps_prior_drift_visible[0m
[32;1m        PASS[0m [   0.250s] (1825/3773) [35;1mralphus-daemon[0m [36mprocreg::tests[0m[36m::[0m[34;1mregister_then_lookup_then_unregister[0m
[32;1m        PASS[0m [  10.901s] (1826/3773) [35;1mralphus-daemon[0m [36mpr::tests[0m[36m::[0m[34;1mstartup_recovery_does_not_requeue_a_merged_review[0m
[32;1m        PASS[0m [   1.100s] (1827/3773) [35;1mralphus-daemon[0m [36mpr::tests[0m[36m::[0m[34;1mupdate_pull_request_mutates_number_and_alias[0m
[32;1m        PASS[0m [   0.481s] (1828/3773) [35;1mralphus-daemon[0m [36mprocreg::tests[0m[36m::[0m[34;1mclone_shares_the_same_map[0m
[32;1m        PASS[0m [   0.473s] (1829/3773) [35;1mralphus-daemon[0m [36mproject_forks::tests[0m[36m::[0m[34;1mdefault_remote_name_is_fork_for_default_row_and_sanitized_otherwise[0m
[32;1m        PASS[0m [   0.535s] (1830/3773) [35;1mralphus-daemon[0m [36mproject_forks::health_tests[0m[36m::[0m[34;1mreports_a_missing_project_as_a_failure[0m
[32;1m        PASS[0m [  16.158s] (1831/3773) [35;1mralphus-daemon[0m [36mpr::tests[0m[36m::[0m[34;1mpromotion_is_a_noop_when_the_forge_already_retargeted_the_successor_at_the_parent[0m
[32;1m        PASS[0m [  16.386s] (1832/3773) [35;1mralphus-daemon[0m [36mpr::tests[0m[36m::[0m[34;1mpromotion_closes_the_fork_pr_and_reopens_against_the_parent_when_the_root_merges[0m
[32;1m        PASS[0m [   0.834s] (1833/3773) [35;1mralphus-daemon[0m [36mproject_forks::tests[0m[36m::[0m[34;1ma_freshly_upserted_fork_has_no_identity_by_default[0m
[32;1m        PASS[0m [   0.694s] (1834/3773) [35;1mralphus-daemon[0m [36mproject_forks::tests[0m[36m::[0m[34;1mdelete_reports_whether_a_row_existed[0m
[32;1m        PASS[0m [  11.813s] (1835/3773) [35;1mralphus-daemon[0m [36mpr::tests[0m[36m::[0m[34;1mstartup_recovery_ignores_guardian_with_auto_submit_off[0m
[32;1m        PASS[0m [   0.539s] (1836/3773) [35;1mralphus-daemon[0m [36mproject_forks::tests[0m[36m::[0m[34;1mlist_by_project_and_by_user[0m
[32;1m        PASS[0m [   0.544s] (1837/3773) [35;1mralphus-daemon[0m [36mproject_forks::tests[0m[36m::[0m[34;1mpatch_on_missing_row_is_not_found[0m
[32;1m        PASS[0m [   0.726s] (1838/3773) [35;1mralphus-daemon[0m [36mproject_forks::tests[0m[36m::[0m[34;1mfork_row_survives_user_deletion[0m
[32;1m        PASS[0m [   0.660s] (1839/3773) [35;1mralphus-daemon[0m [36mproject_forks::tests[0m[36m::[0m[34;1mpatch_ex_changes_only_the_given_identity_fields[0m
[32;1m        PASS[0m [  21.805s] (1840/3773) [35;1mralphus-daemon[0m [36mpr::tests[0m[36m::[0m[34;1mcompute_sync_status_worktree_rebase_no_conflict_is_worktree_ahead[0m
[32;1m        PASS[0m [   0.248s] (1841/3773) [35;1mralphus-daemon[0m [36mproof::tests[0m[36m::[0m[34;1mbad_cwd_is_false[0m
[32;1m        PASS[0m [  12.282s] (1842/3773) [35;1mralphus-daemon[0m [36mpr::tests[0m[36m::[0m[34;1mstartup_recovery_queues_terminal_auto_submit_guardian[0m
[32;1m        PASS[0m [   0.735s] (1843/3773) [35;1mralphus-daemon[0m [36mproject_forks::tests[0m[36m::[0m[34;1mpatch_only_changes_given_fields[0m
[32;1m        PASS[0m [   0.714s] (1844/3773) [35;1mralphus-daemon[0m [36mproject_forks::tests[0m[36m::[0m[34;1mresolve_fork_on_a_project_with_no_registered_fork_is_none[0m
[32;1m        PASS[0m [   0.655s] (1845/3773) [35;1mralphus-daemon[0m [36mproject_forks::tests[0m[36m::[0m[34;1mresolve_fork_uses_only_the_named_users_row[0m
[32;1m        PASS[0m [   0.646s] (1846/3773) [35;1mralphus-daemon[0m [36mproject_forks::tests[0m[36m::[0m[34;1mupsert_is_idempotent_and_preserves_created_at[0m
[32;1m        PASS[0m [   0.555s] (1847/3773) [35;1mralphus-daemon[0m [36mproject_forks::tests[0m[36m::[0m[34;1mupsert_with_identity_round_trips_and_a_later_plain_upsert_preserves_it[0m
[32;1m        PASS[0m [   0.402s] (1848/3773) [35;1mralphus-daemon[0m [36mproof::tests[0m[36m::[0m[34;1mcapture_kills_command_and_reports_failure_when_cancelled[0m
[32;1m        PASS[0m [   0.203s] (1849/3773) [35;1mralphus-daemon[0m [36mproof::tests[0m[36m::[0m[34;1mtruncate_caps_huge_output[0m
[32;1m        PASS[0m [   0.237s] (1850/3773) [35;1mralphus-daemon[0m [36mredact::tests[0m[36m::[0m[34;1mredact_ignores_empty_secrets[0m
[32;1m        PASS[0m [   0.665s] (1851/3773) [35;1mralphus-daemon[0m [36mproof::tests[0m[36m::[0m[34;1mcapture_applies_env_overrides[0m
[32;1m        PASS[0m [   0.201s] (1852/3773) [35;1mralphus-daemon[0m [36mredact::tests[0m[36m::[0m[34;1mredact_is_a_noop_when_nothing_matches[0m
[32;1m        PASS[0m [   0.266s] (1853/3773) [35;1mralphus-daemon[0m [36mredact::tests[0m[36m::[0m[34;1mredact_replaces_exact_matches_with_placeholder[0m
[32;1m        PASS[0m [   0.359s] (1854/3773) [35;1mralphus-daemon[0m [36mredact::tests[0m[36m::[0m[34;1mredact_replaces_every_occurrence_of_each_secret[0m
[32;1m        PASS[0m [   0.358s] (1855/3773) [35;1mralphus-daemon[0m [36mredact::tests[0m[36m::[0m[34;1mscrub_uses_the_placeholder_constant[0m
[32;1m        PASS[0m [   0.296s] (1856/3773) [35;1mralphus-daemon[0m [36mremediation::tests[0m[36m::[0m[34;1mformat_size_picks_the_right_unit[0m
[32;1m        PASS[0m [   0.282s] (1857/3773) [35;1mralphus-daemon[0m [36mremediation::tests[0m[36m::[0m[34;1mraw_mode_never_remediates_even_after_failure[0m
[32;1m        PASS[0m [  17.779s] (1858/3773) [35;1mralphus-daemon[0m [36mpr::tests[0m[36m::[0m[34;1mpromotion_skips_a_branch_that_also_merged_and_promotes_only_the_next_still_open_one[0m
[32;1m        PASS[0m [   0.345s] (1859/3773) [35;1mralphus-daemon[0m [36mremediation::tests[0m[36m::[0m[34;1mexhausts_attempts_and_fails[0m
[32;1m        PASS[0m [   0.714s] (1860/3773) [35;1mralphus-daemon[0m [36mproof::tests[0m[36m::[0m[34;1mfailing_command_is_false[0m
[32;1m        PASS[0m [   0.820s] (1861/3773) [35;1mralphus-daemon[0m [36mproof::tests[0m[36m::[0m[34;1mcapture_returns_output[0m
[32;1m        PASS[0m [   0.744s] (1862/3773) [35;1mralphus-daemon[0m [36mproof::tests[0m[36m::[0m[34;1mpassing_command_is_true[0m
[32;1m        PASS[0m [   0.246s] (1863/3773) [35;1mralphus-daemon[0m [36mremediation::tests[0m[36m::[0m[34;1mremediates_and_retries_until_success[0m
[32;1m        PASS[0m [   0.288s] (1864/3773) [35;1mralphus-daemon[0m [36mremediation::tests[0m[36m::[0m[34;1mrepair_prompt_points_at_the_captured_file_instead_of_inlining_it[0m
[32;1m        PASS[0m [   0.379s] (1865/3773) [35;1mralphus-daemon[0m [36mremediation::tests[0m[36m::[0m[34;1msucceeds_on_first_attempt_no_repair_invoked[0m
[32;1m        PASS[0m [   0.390s] (1866/3773) [35;1mralphus-daemon[0m [36mremote_failure::tests[0m[36m::[0m[34;1man_unrecognized_message_is_unknown_not_misclassified[0m
[32;1m        PASS[0m [   0.390s] (1867/3773) [35;1mralphus-daemon[0m [36mremote_failure::tests[0m[36m::[0m[34;1mcancellation_is_never_confused_with_a_failure_to_retry[0m
[32;1m        PASS[0m [   0.398s] (1868/3773) [35;1mralphus-daemon[0m [36mremote_failure::tests[0m[36m::[0m[34;1mdisplay_matches_the_serde_rename[0m
[32;1m        PASS[0m [   0.415s] (1869/3773) [35;1mralphus-daemon[0m [36mremote_failure::tests[0m[36m::[0m[34;1minvalid_result_patterns_classify_distinctly[0m
[32;1m        PASS[0m [   6.697s] (1870/3773) [35;1mralphus-daemon[0m [36mpr::tests[0m[36m::[0m[34;1msynchronous_multi_branch_base_sync_does_not_retarget_an_already_correct_github_stack[0m
[32;1m        PASS[0m [   0.328s] (1871/3773) [35;1mralphus-daemon[0m [36mremote_failure::tests[0m[36m::[0m[34;1mprovision_failures_classify_distinctly[0m
[32;1m        PASS[0m [   0.326s] (1872/3773) [35;1mralphus-daemon[0m [36mremote_failure::tests[0m[36m::[0m[34;1mretryable_kinds_are_exactly_the_conservative_set[0m
[32;1m        PASS[0m [   0.418s] (1873/3773) [35;1mralphus-daemon[0m [36mremote_failure::tests[0m[36m::[0m[34;1mprerequisite_patterns_classify_as_prerequisite_failed[0m
[32;1m        PASS[0m [   0.348s] (1874/3773) [35;1mralphus-daemon[0m [36mremote_failure::tests[0m[36m::[0m[34;1mtimeouts_classify_as_timed_out[0m
[32;1m        PASS[0m [   0.256s] (1875/3773) [35;1mralphus-daemon[0m [36mremote_failure::tests[0m[36m::[0m[34;1munreachable_patterns_classify_as_unreachable[0m
[32;1m        PASS[0m [   5.690s] (1876/3773) [35;1mralphus-daemon[0m [36mpr::tests[0m[36m::[0m[34;1msynchronous_multi_branch_base_sync_retargets_only_drifted_github_prs[0m
[32;1m        PASS[0m [   0.297s] (1877/3773) [35;1mralphus-daemon[0m [36mremote_runner::tests[0m[36m::[0m[34;1ma_bare_command_name_forwards_unchanged[0m
[32;1m        PASS[0m [  19.810s] (1878/3773) [35;1mralphus-daemon[0m [36mpr::tests[0m[36m::[0m[34;1mone_auto_submit_pass_stamps_every_branch_it_covered[0m
[32;1m        PASS[0m [   0.275s] (1879/3773) [35;1mralphus-daemon[0m [36mremote_runner::tests[0m[36m::[0m[34;1ma_daemon_local_path_shaped_override_is_refused_without_a_target_mapping[0m
[32;1m        PASS[0m [   0.320s] (1880/3773) [35;1mralphus-daemon[0m [36mremote_runner::tests[0m[36m::[0m[34;1ma_refused_executable_override_never_reaches_the_provider[0m
[32;1m        PASS[0m [  23.954s] (1881/3773) [35;1mralphus-daemon[0m [36mpr::tests[0m[36m::[0m[34;1mcompute_sync_status_worktree_rebase_conflict_manual_is_worktree_ahead[0m
[32;1m        PASS[0m [   0.750s] (1882/3773) [35;1mralphus-daemon[0m [36mremote_runner::tests[0m[36m::[0m[34;1ma_provider_program_that_cannot_be_spawned_reports_which_provider_failed[0m
[32;1m        PASS[0m [   0.868s] (1883/3773) [35;1mralphus-daemon[0m [36mremote_runner::tests[0m[36m::[0m[34;1ma_deregistered_provider_fails_rather_than_running_locally[0m
[32;1m        PASS[0m [   0.372s] (1884/3773) [35;1mralphus-daemon[0m [36mremote_runner::tests[0m[36m::[0m[34;1ma_target_specific_agent_override_always_wins[0m
[32;1m        PASS[0m [   0.987s] (1885/3773) [35;1mralphus-daemon[0m [36mremote_runner::tests[0m[36m::[0m[34;1ma_channel_capable_provider_serves_many_run_commands_from_one_process[0m
[32;1m        PASS[0m [   3.822s] (1886/3773) [35;1mralphus-daemon[0m [36mproject_forks::health_tests[0m[36m::[0m[34;1mflags_an_unregistered_user_and_a_missing_local_remote[0m
[32;1m        PASS[0m [   1.103s] (1887/3773) [35;1mralphus-daemon[0m [36mremote_runner::tests[0m[36m::[0m[34;1ma_provider_reporting_ok_false_is_an_infrastructure_failure_not_a_task_result[0m
[32;1m        PASS[0m [  19.733s] (1888/3773) [35;1mralphus-daemon[0m [36mpr::tests[0m[36m::[0m[34;1mpr_text_uses_only_the_branchs_unique_range_and_never_the_review_summary[0m
[32;1m        PASS[0m [   1.307s] (1889/3773) [35;1mralphus-daemon[0m [36mremote_runner::tests[0m[36m::[0m[34;1ma_provider_declaring_the_wrong_contract_version_is_refused[0m
[32;1m        PASS[0m [  13.980s] (1890/3773) [35;1mralphus-daemon[0m [36mpr::tests[0m[36m::[0m[34;1msubmit_stacked_branch_pr_clears_a_stale_auto_submit_error_on_success[0m
[32;1m        PASS[0m [   1.270s] (1891/3773) [35;1mralphus-daemon[0m [36mremote_runner::tests[0m[36m::[0m[34;1ma_provider_that_writes_nothing_to_stdout_says_so_and_quotes_its_stderr[0m
[32;1m        PASS[0m [   1.366s] (1892/3773) [35;1mralphus-daemon[0m [36mremote_runner::tests[0m[36m::[0m[34;1ma_real_provider_script_executes_a_cell_and_its_result_is_returned[0m
[32;1m        PASS[0m [   1.629s] (1893/3773) [35;1mralphus-daemon[0m [36mremote_runner::tests[0m[36m::[0m[34;1ma_broken_channel_falls_back_to_a_one_shot_spawn_instead_of_failing_the_command[0m
[32;1m        PASS[0m [   0.636s] (1894/3773) [35;1mralphus-daemon[0m [36mremote_runner::tests[0m[36m::[0m[34;1man_explicitly_local_machine_routes_to_the_local_runner[0m
[32;1m        PASS[0m [   0.293s] (1895/3773) [35;1mralphus-daemon[0m [36mremote_runner::tests[0m[36m::[0m[34;1mcapabilities_from_an_unreachable_machine_is_a_real_error[0m
[32;1m        PASS[0m [  12.938s] (1896/3773) [35;1mralphus-daemon[0m [36mpr::tests[0m[36m::[0m[34;1msync_open_pr_branches_is_a_noop_when_nothing_changed[0m
[32;1m        PASS[0m [   0.766s] (1897/3773) [35;1mralphus-daemon[0m [36mremote_runner::tests[0m[36m::[0m[34;1man_unregistered_machine_fails_the_cell_without_running_it_locally[0m
[32;1m        PASS[0m [   0.521s] (1898/3773) [35;1mralphus-daemon[0m [36mremote_runner::tests[0m[36m::[0m[34;1mcapabilities_from_a_provider_that_does_not_implement_the_verb_is_none_not_an_error[0m
[32;1m        PASS[0m [   1.831s] (1899/3773) [35;1mralphus-daemon[0m [36mremote_runner::tests[0m[36m::[0m[34;1ma_provider_that_does_not_implement_stream_still_completes_the_cell[0m
[32;1m        PASS[0m [   0.989s] (1900/3773) [35;1mralphus-daemon[0m [36mremote_runner::tests[0m[36m::[0m[34;1man_exec_returning_neither_result_nor_handle_is_a_contract_violation[0m
[32;1m        PASS[0m [   0.826s] (1901/3773) [35;1mralphus-daemon[0m [36mremote_runner::tests[0m[36m::[0m[34;1man_unset_machine_routes_to_the_local_runner[0m
[32;1m        PASS[0m [   0.253s] (1902/3773) [35;1mralphus-daemon[0m [36mremote_runner::tests[0m[36m::[0m[34;1mno_override_at_all_passes_through_as_none[0m
[32;1m        PASS[0m [   0.518s] (1903/3773) [35;1mralphus-daemon[0m [36mremote_runner::tests[0m[36m::[0m[34;1mcapabilities_reports_what_the_provider_returns[0m
[32;1m        PASS[0m [   0.182s] (1904/3773) [35;1mralphus-daemon[0m [36mremote_runner::tests[0m[36m::[0m[34;1mprovider_results_and_stream_output_redact_registered_secrets[0m
[32;1m        PASS[0m [   0.916s] (1905/3773) [35;1mralphus-daemon[0m [36mremote_runner::tests[0m[36m::[0m[34;1mcancelling_before_dispatch_does_not_reach_the_provider[0m
[32;1m        PASS[0m [   1.457s] (1906/3773) [35;1mralphus-daemon[0m [36mremote_runner::tests[0m[36m::[0m[34;1man_async_handle_is_cleared_from_the_store_once_the_cell_finishes[0m
[32;1m        PASS[0m [   1.501s] (1907/3773) [35;1mralphus-daemon[0m [36mremote_runner::tests[0m[36m::[0m[34;1man_async_exec_handle_is_polled_to_completion_and_its_result_returned[0m
[32;1m        PASS[0m [   1.966s] (1908/3773) [35;1mralphus-daemon[0m [36mremote_runner::tests[0m[36m::[0m[34;1ma_streamed_remote_cell_is_readable_through_the_existing_live_view_snapshot[0m
[32;1m        PASS[0m [   0.762s] (1909/3773) [35;1mralphus-daemon[0m [36mremote_runner::tests[0m[36m::[0m[34;1mcleanup_dispatches_the_cleanup_verb_and_reports_provider_failure[0m
[32;1m        PASS[0m [   0.202s] (1910/3773) [35;1mralphus-daemon[0m [36mremote_runner::tests[0m[36m::[0m[34;1mspawn_terminal_reports_a_clear_error_when_the_provider_program_does_not_exist[0m
[32;1m        PASS[0m [   0.447s] (1911/3773) [35;1mralphus-daemon[0m [36mremote_runner::tests[0m[36m::[0m[34;1mretire_from_a_provider_that_does_not_implement_the_verb_opts_out_safely[0m
[32;1m        PASS[0m [   0.497s] (1912/3773) [35;1mralphus-daemon[0m [36mremote_runner::tests[0m[36m::[0m[34;1mremote_exec_forwards_the_full_runner_result_shape_unchanged[0m
[32;1m        PASS[0m [   0.188s] (1913/3773) [35;1mralphus-daemon[0m [36mresources::tests[0m[36m::[0m[34;1mlinux_stat_cpu_rejects_garbage[0m
[32;1m        PASS[0m [   0.321s] (1914/3773) [35;1mralphus-daemon[0m [36mresources::tests[0m[36m::[0m[34;1mlinux_stat_cpu_handles_comm_with_spaces_and_parens[0m
[32;1m        PASS[0m [  18.529s] (1915/3773) [35;1mralphus-daemon[0m [36mpr::tests[0m[36m::[0m[34;1mresolve_fork_routing_wires_identity_and_credential_helper_onto_the_review_worktree[0m
[32;1m        PASS[0m [   0.767s] (1916/3773) [35;1mralphus-daemon[0m [36mremote_runner::tests[0m[36m::[0m[34;1mreconcile_of_an_unregistered_provider_still_clears_the_row[0m
[32;1m        PASS[0m [   0.238s] (1917/3773) [35;1mralphus-daemon[0m [36mresources::tests[0m[36m::[0m[34;1mlinux_statm_rss_is_pages_times_page_size[0m
[32;1m        PASS[0m [   0.264s] (1918/3773) [35;1mralphus-daemon[0m [36mresources::tests[0m[36m::[0m[34;1mmacos_cpu_time_parses_mm_ss_hh_mm_ss_and_dd_hh_mm_ss[0m
[32;1m        PASS[0m [   0.605s] (1919/3773) [35;1mralphus-daemon[0m [36mremote_runner::tests[0m[36m::[0m[34;1mspawn_terminal_builds_the_expected_argv_and_pipes_stdio[0m
[32;1m        PASS[0m [   1.122s] (1920/3773) [35;1mralphus-daemon[0m [36mremote_runner::tests[0m[36m::[0m[34;1mexecution_environment_is_payload_not_local_provider_environment[0m
[32;1m        PASS[0m [   0.902s] (1921/3773) [35;1mralphus-daemon[0m [36mremote_runner::tests[0m[36m::[0m[34;1mreconcile_cancels_a_stale_handle_and_clears_its_row[0m
[32;1m        PASS[0m [   0.274s] (1922/3773) [35;1mralphus-daemon[0m [36mresources::tests[0m[36m::[0m[34;1mmacos_ps_parses_pid_time_and_rss[0m
[32;1m        PASS[0m [   0.260s] (1923/3773) [35;1mralphus-daemon[0m [36mresources::tests[0m[36m::[0m[34;1mmacos_ps_skips_malformed_lines[0m
[32;1m        PASS[0m [   1.128s] (1924/3773) [35;1mralphus-daemon[0m [36mremote_runner::tests[0m[36m::[0m[34;1mprobe_remote_root_reports_which_step_failed[0m
[32;1m        PASS[0m [   0.766s] (1925/3773) [35;1mralphus-daemon[0m [36mremote_runner::tests[0m[36m::[0m[34;1mretire_reports_a_genuine_provider_failure_and_a_malformed_reply[0m
[32;1m        PASS[0m [   0.248s] (1926/3773) [35;1mralphus-daemon[0m [36mresources::tests[0m[36m::[0m[34;1mnvidia_smi_empty_output_is_empty_map[0m
[32;1m        PASS[0m [   0.172s] (1927/3773) [35;1mralphus-daemon[0m [36mresources::tests[0m[36m::[0m[34;1mwindows_procs_parses_and_tolerates_blanks[0m
[32;1m        PASS[0m [   0.226s] (1928/3773) [35;1mralphus-daemon[0m [36mresources::tests[0m[36m::[0m[34;1mnvidia_smi_parses_mib_to_bytes_and_skips_na[0m
[32;1m        PASS[0m [   0.192s] (1929/3773) [35;1mralphus-daemon[0m [36mreview_branch::tests[0m[36m::[0m[34;1mresolve_unique_gives_up_rather_than_reusing_a_taken_name[0m
[32;1m        PASS[0m [   0.889s] (1930/3773) [35;1mralphus-daemon[0m [36mremote_runner::tests[0m[36m::[0m[34;1mretire_reports_removed_deferred_and_opted_out[0m
[32;1m        PASS[0m [   0.297s] (1931/3773) [35;1mralphus-daemon[0m [36mreview_branch::tests[0m[36m::[0m[34;1mcandidate_numbering_starts_at_two[0m
[32;1m        PASS[0m [   0.301s] (1932/3773) [35;1mralphus-daemon[0m [36mreview_branch::tests[0m[36m::[0m[34;1mreview_name_is_slugified[0m
[32;1m        PASS[0m [   1.290s] (1933/3773) [35;1mralphus-daemon[0m [36mremote_runner::tests[0m[36m::[0m[34;1mprovider_stderr_ralphus_events_reach_cartographer[0m
[32;1m        PASS[0m [   0.349s] (1934/3773) [35;1mralphus-daemon[0m [36mreview_branch::tests[0m[36m::[0m[34;1mresolve_unique_walks_past_taken_names[0m
[32;1m        PASS[0m [   0.323s] (1935/3773) [35;1mralphus-daemon[0m [36mreview_branch::tests[0m[36m::[0m[34;1mtask_branch_longer_than_the_cap_is_truncated_to_a_valid_ref[0m
[32;1m        PASS[0m [   0.374s] (1936/3773) [35;1mralphus-daemon[0m [36mreview_branch::tests[0m[36m::[0m[34;1mreview_name_with_nothing_usable_falls_back[0m
[32;1m        PASS[0m [   0.354s] (1937/3773) [35;1mralphus-daemon[0m [36mreview_branch::tests[0m[36m::[0m[34;1msanitize_rejects_every_shape_git_does[0m
[32;1m        PASS[0m [   0.369s] (1938/3773) [35;1mralphus-daemon[0m [36mreview_branch::tests[0m[36m::[0m[34;1mtask_branch_keeps_its_case_and_path_segments[0m
[32;1m        PASS[0m [   0.363s] (1939/3773) [35;1mralphus-daemon[0m [36mreview_branch::tests[0m[36m::[0m[34;1mtruncating_never_leaves_a_trailing_slash_or_dot[0m
[32;1m        PASS[0m [  42.470s] (1940/3773) [35;1mralphus-daemon[0m [36mguardian_merge::tests[0m[36m::[0m[34;1mfeedback_survives_a_worktree_lease_race_with_a_concurrent_rebuild[0m
[32;1m        PASS[0m [   0.458s] (1941/3773) [35;1mralphus-daemon[0m [36mreviews::tests[0m[36m::[0m[34;1mapply_arbiter_pool_order_defends_against_an_incomplete_or_duplicate_proposal[0m
[32;1m        PASS[0m [  16.958s] (1942/3773) [35;1mralphus-daemon[0m [36mpr::tests[0m[36m::[0m[34;1msubmit_stacked_branch_pr_adopts_a_pre_existing_open_pull_request_instead_of_creating_a_duplicate[0m
[32;1m        PASS[0m [   2.643s] (1943/3773) [35;1mralphus-daemon[0m [36mremote_runner::tests[0m[36m::[0m[34;1mcancelling_mid_run_stops_polling_and_reports_cancelled[0m
[32;1m        PASS[0m [   0.763s] (1944/3773) [35;1mralphus-daemon[0m [36mreviews::tests[0m[36m::[0m[34;1mapply_auto_build_sets_auto_build_from_declaring_member[0m
[32;1m        PASS[0m [   0.767s] (1945/3773) [35;1mralphus-daemon[0m [36mreviews::tests[0m[36m::[0m[34;1mapply_auto_build_sets_skip_auto_build_when_declared_and_no_auto_build_present[0m
[32;1m        PASS[0m [   0.857s] (1946/3773) [35;1mralphus-daemon[0m [36mreviews::tests[0m[36m::[0m[34;1mapply_auto_build_leaves_unset_when_no_member_declares_either[0m
[32;1m        PASS[0m [   0.729s] (1947/3773) [35;1mralphus-daemon[0m [36mreviews::tests[0m[36m::[0m[34;1mapply_project_review_defaults_does_not_clobber_an_already_set_machine[0m
[32;1m        PASS[0m [  27.499s] (1948/3773) [35;1mralphus-daemon[0m [36mpr::tests[0m[36m::[0m[34;1mcompute_sync_status_detects_pr_ahead_after_reviewer_push[0m
[32;1m        PASS[0m [   0.866s] (1949/3773) [35;1mralphus-daemon[0m [36mreviews::tests[0m[36m::[0m[34;1mapply_project_review_defaults_fills_auto_fix_settings_from_project_config[0m
[32;1m        PASS[0m [   0.664s] (1950/3773) [35;1mralphus-daemon[0m [36mreviews::tests[0m[36m::[0m[34;1mapply_resolver_leaves_maximum_budget_usd_unset_when_no_member_declares_one[0m
[32;1m        PASS[0m [   0.868s] (1951/3773) [35;1mralphus-daemon[0m [36mreviews::tests[0m[36m::[0m[34;1mapply_resolver_leaves_auto_fix_pr_errors_unset_when_no_member_declares_one[0m
[32;1m        PASS[0m [   0.991s] (1952/3773) [35;1mralphus-daemon[0m [36mreviews::tests[0m[36m::[0m[34;1mapply_project_review_defaults_does_not_clobber_an_already_set_auto_fix_template[0m
[32;1m        PASS[0m [   0.880s] (1953/3773) [35;1mralphus-daemon[0m [36mreviews::tests[0m[36m::[0m[34;1mapply_resolver_leaves_auto_submit_pr_stack_at_its_creation_stamp_when_no_member_declares_one[0m
[32;1m        PASS[0m [   0.959s] (1954/3773) [35;1mralphus-daemon[0m [36mreviews::tests[0m[36m::[0m[34;1mapply_project_review_defaults_fills_machine_and_maximum_budget_usd_from_project_config[0m
[32;1m        PASS[0m [   0.846s] (1955/3773) [35;1mralphus-daemon[0m [36mreviews::tests[0m[36m::[0m[34;1mapply_resolver_leaves_proof_scope_unset_when_no_member_declares_one[0m
[32;1m        PASS[0m [   2.836s] (1956/3773) [35;1mralphus-daemon[0m [36mremote_runner::tests[0m[36m::[0m[34;1mdispatch_is_generic_across_two_independently_configured_providers[0m
[32;1m        PASS[0m [  10.754s] (1957/3773) [35;1mralphus-daemon[0m [36mpr::tests[0m[36m::[0m[34;1msynchronous_multi_branch_base_sync_does_not_retarget_an_already_correct_gitlab_stack[0m
[32;1m        PASS[0m [   0.631s] (1958/3773) [35;1mralphus-daemon[0m [36mreviews::tests[0m[36m::[0m[34;1mapply_resolver_sets_auto_submit_pr_stack_from_declaring_member[0m
[32;1m        PASS[0m [   7.354s] (1959/3773) [35;1mralphus-daemon[0m [36mproject_forks::health_tests[0m[36m::[0m[34;1mpasses_the_local_remote_check_once_the_url_matches[0m
[32;1m        PASS[0m [   0.645s] (1960/3773) [35;1mralphus-daemon[0m [36mreviews::tests[0m[36m::[0m[34;1mapply_resolver_sets_maximum_budget_usd_from_declaring_member[0m
[32;1m        PASS[0m [   0.666s] (1961/3773) [35;1mralphus-daemon[0m [36mreviews::tests[0m[36m::[0m[34;1mapply_resolver_sets_declared_review_settings[0m
[32;1m        PASS[0m [  26.204s] (1962/3773) [35;1mralphus-daemon[0m [36mpr::tests[0m[36m::[0m[34;1mguard_against_clobber_allows_a_remote_whose_commits_were_all_replayed[0m
[32;1m        PASS[0m [   0.949s] (1963/3773) [35;1mralphus-daemon[0m [36mreviews::tests[0m[36m::[0m[34;1mapply_resolver_sets_auto_fix_pr_errors_from_declaring_member[0m
[32;1m        PASS[0m [   0.617s] (1964/3773) [35;1mralphus-daemon[0m [36mreviews::tests[0m[36m::[0m[34;1mcreate_review_from_triage_pool_applies_the_proposed_semantic_order_to_the_branch_stack[0m
[32;1m        PASS[0m [   0.802s] (1965/3773) [35;1mralphus-daemon[0m [36mreviews::tests[0m[36m::[0m[34;1mapply_resolver_sets_proof_scope_from_declaring_member[0m
[32;1m        PASS[0m [   0.684s] (1966/3773) [35;1mralphus-daemon[0m [36mreviews::tests[0m[36m::[0m[34;1mcreate_review_from_triage_pool_applies_project_default_auto_fix_settings[0m
[32;1m        PASS[0m [   0.917s] (1967/3773) [35;1mralphus-daemon[0m [36mreviews::tests[0m[36m::[0m[34;1mapply_resolver_sets_auto_fix_prompt_template_from_declaring_member[0m
[32;1m        PASS[0m [  17.158s] (1968/3773) [35;1mralphus-daemon[0m [36mpr::tests[0m[36m::[0m[34;1msubmit_stacked_branch_pr_toggles_an_adopted_prs_draft_state_when_asked[0m
[32;1m        PASS[0m [   0.698s] (1969/3773) [35;1mralphus-daemon[0m [36mreviews::tests[0m[36m::[0m[34;1mcreate_review_from_triage_pool_falls_back_to_pool_order_for_an_invalid_proposal[0m
[32;1m        PASS[0m [   0.900s] (1970/3773) [35;1mralphus-daemon[0m [36mreviews::tests[0m[36m::[0m[34;1mbuild_review_from_drained_pool_carries_each_candidates_prompt_context[0m
[32;1m        PASS[0m [  26.445s] (1971/3773) [35;1mralphus-daemon[0m [36mpr::tests[0m[36m::[0m[34;1mguard_against_clobber_allows_overwriting_the_tip_it_last_pushed[0m
[32;1m        PASS[0m [   0.927s] (1972/3773) [35;1mralphus-daemon[0m [36mreviews::tests[0m[36m::[0m[34;1mcreate_review_from_triage_pool_creates_an_arbiter_origin_guardian_and_drains_the_pool[0m
[32;1m        PASS[0m [  16.020s] (1973/3773) [35;1mralphus-daemon[0m [36mpr::tests[0m[36m::[0m[34;1msync_open_pr_branches_leaves_a_branch_still_being_rebased_alone[0m
[32;1m        PASS[0m [   0.917s] (1974/3773) [35;1mralphus-daemon[0m [36mreviews::tests[0m[36m::[0m[34;1mcreate_review_from_triage_pool_never_includes_a_failed_cell[0m
[32;1m        PASS[0m [   1.027s] (1975/3773) [35;1mralphus-daemon[0m [36mreviews::tests[0m[36m::[0m[34;1mcreate_review_from_triage_pool_applies_project_default_machine_and_budget[0m
[32;1m        PASS[0m [   8.223s] (1976/3773) [35;1mralphus-daemon[0m [36mproject_forks::health_tests[0m[36m::[0m[34;1ma_local_url_rewrite_rule_does_not_produce_a_false_remote_mismatch[0m
[32;1m        PASS[0m [  10.934s] (1977/3773) [35;1mralphus-daemon[0m [36mpr::tests[0m[36m::[0m[34;1msynchronous_multi_branch_base_sync_retargets_only_drifted_gitlab_mrs[0m
[32;1m        PASS[0m [   0.641s] (1978/3773) [35;1mralphus-daemon[0m [36mreviews::tests[0m[36m::[0m[34;1mrepair_triage_pool_keys_drops_a_failed_cell_without_migrating_it[0m
[32;1m        PASS[0m [   0.580s] (1979/3773) [35;1mralphus-daemon[0m [36mreviews::tests[0m[36m::[0m[34;1mrequire_auto_build_declaration_early_err_when_neither_declared_and_no_config_fallback[0m
[32;1m        PASS[0m [   0.738s] (1980/3773) [35;1mralphus-daemon[0m [36mreviews::tests[0m[36m::[0m[34;1mrepair_review_project_identities_uses_source_task_provenance[0m
[32;1m        PASS[0m [   0.968s] (1981/3773) [35;1mralphus-daemon[0m [36mreviews::tests[0m[36m::[0m[34;1mderive_triage_pools_is_a_no_op_when_no_cell_opts_in[0m
[32;1m        PASS[0m [  18.218s] (1982/3773) [35;1mralphus-daemon[0m [36mpr::tests[0m[36m::[0m[34;1msubmit_stacked_branch_pr_create_carries_the_requested_draft_override[0m
[32;1m        PASS[0m [   0.810s] (1983/3773) [35;1mralphus-daemon[0m [36mreviews::tests[0m[36m::[0m[34;1mrepair_triage_pool_keys_carries_forward_a_single_consistent_threshold[0m
[32;1m        PASS[0m [   0.920s] (1984/3773) [35;1mralphus-daemon[0m [36mreviews::tests[0m[36m::[0m[34;1mrepair_arbiter_review_project_roots_repairs_and_reopens_a_failed_review[0m
[32;1m        PASS[0m [   0.829s] (1985/3773) [35;1mralphus-daemon[0m [36mreviews::tests[0m[36m::[0m[34;1mrepair_triage_pool_keys_leaves_conflicting_thresholds_unset[0m
[32;1m        PASS[0m [   0.622s] (1986/3773) [35;1mralphus-daemon[0m [36mreviews::tests[0m[36m::[0m[34;1mrequire_auto_build_declaration_early_ok_when_project_config_covers_it[0m
[32;1m        PASS[0m [   0.601s] (1987/3773) [35;1mralphus-daemon[0m [36mreviews::tests[0m[36m::[0m[34;1mrequire_auto_build_declaration_early_skips_plain_name_reviews[0m
[32;1m        PASS[0m [   0.240s] (1988/3773) [35;1mralphus-daemon[0m [36mreviews::tests[0m[36m::[0m[34;1mreview_branch_order_defers_the_longest_chain_past_shorter_and_standalone_tasks[0m
[32;1m        PASS[0m [  28.010s] (1989/3773) [35;1mralphus-daemon[0m [36mpr::tests[0m[36m::[0m[34;1mdual_root_pr_mode_creates_a_second_same_repo_stack_pr_for_the_root_branch_only[0m
[32;1m        PASS[0m [   0.722s] (1990/3773) [35;1mralphus-daemon[0m [36mreviews::tests[0m[36m::[0m[34;1mrequire_auto_build_declaration_early_ok_when_auto_build_declared[0m
[32;1m        PASS[0m [   0.826s] (1991/3773) [35;1mralphus-daemon[0m [36mreviews::tests[0m[36m::[0m[34;1mrequire_auto_build_declaration_early_ok_when_skip_auto_build_declared[0m
[32;1m        PASS[0m [   0.642s] (1992/3773) [35;1mralphus-daemon[0m [36mreviews::tests[0m[36m::[0m[34;1mrequire_auto_build_declaration_err_when_nothing_declared_and_no_config_fallback[0m
[32;1m        PASS[0m [   0.612s] (1993/3773) [35;1mralphus-daemon[0m [36mreviews::tests[0m[36m::[0m[34;1mrequire_auto_build_declaration_ok_when_member_declares_skip[0m
[32;1m        PASS[0m [   0.594s] (1994/3773) [35;1mralphus-daemon[0m [36mreviews::tests[0m[36m::[0m[34;1mrequire_auto_build_declaration_ok_when_project_config_declares_default[0m
[32;1m        PASS[0m [   0.635s] (1995/3773) [35;1mralphus-daemon[0m [36mreviews::tests[0m[36m::[0m[34;1mrequire_auto_build_declaration_ok_when_member_declares_auto_build[0m
[32;1m        PASS[0m [   0.945s] (1996/3773) [35;1mralphus-daemon[0m [36mreviews::tests[0m[36m::[0m[34;1mrequire_auto_build_declaration_err_when_link_group_only_partially_covered_by_config[0m
[32;1m        PASS[0m [   1.278s] (1997/3773) [35;1mralphus-daemon[0m [36mreviews::tests[0m[36m::[0m[34;1mrepair_triage_pool_keys_rekeys_a_stale_path_based_pool_and_fires_when_now_past_threshold[0m
[32;1m        PASS[0m [   0.188s] (1998/3773) [35;1mralphus-daemon[0m [36mrunner::tests[0m[36m::[0m[34;1massembled_unattended_cell_system_prompt_is_sectioned[0m
[32;1m        PASS[0m [   0.245s] (1999/3773) [35;1mralphus-daemon[0m [36mrunner::tests[0m[36m::[0m[34;1mbackfill_live_usage_never_overwrites_a_results_own_figures[0m
[32;1m        PASS[0m [   0.274s] (2000/3773) [35;1mralphus-daemon[0m [36mrunner::tests[0m[36m::[0m[34;1mbackfill_live_usage_rescues_tokens_from_a_failed_attempt[0m
[32;1m        PASS[0m [   0.338s] (2001/3773) [35;1mralphus-daemon[0m [36mrunner::tests[0m[36m::[0m[34;1massembled_proof_system_prompt_is_sectioned[0m
[32;1m        PASS[0m [   6.211s] (2002/3773) [35;1mralphus-daemon[0m [36mremote_runner::tests[0m[36m::[0m[34;1ma_remote_cell_over_its_cost_cap_is_cancelled_mid_poll[0m
[32;1m        PASS[0m [   0.270s] (2003/3773) [35;1mralphus-daemon[0m [36mrunner::tests[0m[36m::[0m[34;1mcommand_line_splits_program_and_args[0m
[32;1m        PASS[0m [   0.326s] (2004/3773) [35;1mralphus-daemon[0m [36mrunner::tests[0m[36m::[0m[34;1mfor_proof_builds_a_prompt_spec_with_proof_set[0m
[32;1m        PASS[0m [   0.949s] (2005/3773) [35;1mralphus-daemon[0m [36mreviews::tests[0m[36m::[0m[34;1mupstream_display_is_none_for_non_git_cwd[0m
[32;1m        PASS[0m [   7.465s] (2006/3773) [35;1mralphus-daemon[0m [36mremediation::tests[0m[36m::[0m[34;1mvcs_restore_undoes_a_failed_repairs_edits_before_the_next_pass[0m
[32;1m        PASS[0m [   0.653s] (2007/3773) [35;1mralphus-daemon[0m [36mrunner::tests[0m[36m::[0m[34;1mcommand_specs_have_no_effective_system_prompt[0m
[32;1m        PASS[0m [   0.840s] (2008/3773) [35;1mralphus-daemon[0m [36mrunner::tests[0m[36m::[0m[34;1mcheck_stall_escalation_is_a_noop_below_threshold[0m
[32;1m        PASS[0m [   1.106s] (2009/3773) [35;1mralphus-daemon[0m [36mrunner::tests[0m[36m::[0m[34;1mcheck_stall_escalation_fires_once_past_threshold_and_not_before[0m
[32;1m        PASS[0m [   0.634s] (2010/3773) [35;1mralphus-daemon[0m [36mrunner::tests[0m[36m::[0m[34;1mforward_runner_event_does_not_persist_a_live_usage_row[0m
[32;1m        PASS[0m [   5.555s] (2011/3773) [35;1mralphus-daemon[0m [36mremote_runner::tests[0m[36m::[0m[34;1mprobe_remote_root_round_trips_create_read_rename_delete[0m
[32;1m        PASS[0m [   0.406s] (2012/3773) [35;1mralphus-daemon[0m [36mrunner::tests[0m[36m::[0m[34;1mforward_runner_event_without_cartographer_handle_is_a_noop[0m
[32;1m        PASS[0m [   0.884s] (2013/3773) [35;1mralphus-daemon[0m [36mrunner::tests[0m[36m::[0m[34;1mforward_runner_event_persists_a_well_formed_marker_and_skips_malformed_ones[0m
[32;1m        PASS[0m [   0.396s] (2014/3773) [35;1mralphus-daemon[0m [36mrunner::tests[0m[36m::[0m[34;1mgenerate_agent_session_id_is_not_reused[0m
[32;1m        PASS[0m [   0.625s] (2015/3773) [35;1mralphus-daemon[0m [36mrunner::tests[0m[36m::[0m[34;1mforward_runner_event_reports_nothing_for_an_ordinary_event[0m
[32;1m        PASS[0m [   0.240s] (2016/3773) [35;1mralphus-daemon[0m [36mrunner::tests[0m[36m::[0m[34;1mline_is_done_sentinel_matches_only_a_standalone_line_start_marker[0m
[32;1m        PASS[0m [   0.361s] (2017/3773) [35;1mralphus-daemon[0m [36mrunner::tests[0m[36m::[0m[34;1mgenerate_agent_session_id_looks_like_a_uuid_v4[0m
[32;1m        PASS[0m [  30.995s] (2018/3773) [35;1mralphus-daemon[0m [36mpr::tests[0m[36m::[0m[34;1mcompute_sync_status_true_divergence_marks_both_ahead[0m
[32;1m        PASS[0m [   0.812s] (2019/3773) [35;1mralphus-daemon[0m [36mrunner::tests[0m[36m::[0m[34;1mforward_runner_event_redacts_registered_secrets_before_cartographer[0m
[32;1m        PASS[0m [   0.229s] (2020/3773) [35;1mralphus-daemon[0m [36mrunner::tests[0m[36m::[0m[34;1mpane_shows_done_sentinel_false_for_marker_text_embedded_in_other_output[0m
[32;1m        PASS[0m [   0.549s] (2021/3773) [35;1mralphus-daemon[0m [36mrunner::tests[0m[36m::[0m[34;1mmaximum_timeout_exceeded_fires_for_cumulative_cell_cap[0m
[32;1m        PASS[0m [   7.156s] (2022/3773) [35;1mralphus-daemon[0m [36mremote_runner::tests[0m[36m::[0m[34;1man_async_starting_state_is_polled_instead_of_treated_as_terminal[0m
[32;1m        PASS[0m [   4.974s] (2023/3773) [35;1mralphus-daemon[0m [36mreviews::tests[0m[36m::[0m[34;1many_workspace_ahead_of_upstream_is_false_when_no_workspace_has_progress[0m
[32;1m        PASS[0m [   0.223s] (2024/3773) [35;1mralphus-daemon[0m [36mrunner::tests[0m[36m::[0m[34;1mpreflight_runner_executable_succeeds_for_a_real_absolute_path[0m
[32;1m        PASS[0m [   0.541s] (2025/3773) [35;1mralphus-daemon[0m [36mrunner::tests[0m[36m::[0m[34;1mno_subproject_preserves_nil_system_prompt[0m
[32;1m        PASS[0m [   0.205s] (2026/3773) [35;1mralphus-daemon[0m [36mrunner::tests[0m[36m::[0m[34;1mprompt_proof_effective_system_prompt_uses_proof_instructions_not_ghost[0m
[32;1m        PASS[0m [   0.602s] (2027/3773) [35;1mralphus-daemon[0m [36mrunner::tests[0m[36m::[0m[34;1mmaximum_timeout_exceeded_fires_for_proof_self_cap[0m
[32;1m        PASS[0m [   0.686s] (2028/3773) [35;1mralphus-daemon[0m [36mrunner::tests[0m[36m::[0m[34;1mmaximum_timeout_exceeded_is_none_below_cumulative_task_cap[0m
[32;1m        PASS[0m [   0.156s] (2029/3773) [35;1mralphus-daemon[0m [36mrunner::tests[0m[36m::[0m[34;1mread_tmux_result_redacts_secret_values_from_folded_pane_text[0m
[32;1m        PASS[0m [   0.661s] (2030/3773) [35;1mralphus-daemon[0m [36mrunner::tests[0m[36m::[0m[34;1mpane_shows_done_sentinel_true_for_the_real_wrapper_line[0m
[32;1m        PASS[0m [   5.663s] (2031/3773) [35;1mralphus-daemon[0m [36mresources::tests[0m[36m::[0m[34;1msamples_the_current_process_ram[0m
[32;1m        PASS[0m [   5.454s] (2032/3773) [35;1mralphus-daemon[0m [36mreviews::tests[0m[36m::[0m[34;1many_workspace_ahead_of_upstream_dispatches_a_remote_workspace_through_its_provider[0m
[32;1m        PASS[0m [   0.198s] (2033/3773) [35;1mralphus-daemon[0m [36mrunner::tests[0m[36m::[0m[34;1mspec_omits_system_prompt_when_unset[0m
[32;1m        PASS[0m [   2.127s] (2034/3773) [35;1mralphus-daemon[0m [36mrunner::tests[0m[36m::[0m[34;1mforward_runner_event_captures_live_usage_from_every_backend_source[0m
[32;1m        PASS[0m [   0.192s] (2035/3773) [35;1mralphus-daemon[0m [36mrunner::tests[0m[36m::[0m[34;1msubprojects_merges_with_existing_system_prompt[0m
[32;1m        PASS[0m [   0.184s] (2036/3773) [35;1mralphus-daemon[0m [36mrunner::tests[0m[36m::[0m[34;1msubprojects_single_injects_system_prompt[0m
[32;1m        PASS[0m [   0.725s] (2037/3773) [35;1mralphus-daemon[0m [36mrunner::tests[0m[36m::[0m[34;1mproof_passed_requires_done_and_true_verdict[0m
[32;1m        PASS[0m [   0.168s] (2038/3773) [35;1mralphus-daemon[0m [36mrunner::tests[0m[36m::[0m[34;1mtimed_out_respects_the_deadline[0m
[32;1m        PASS[0m [   0.764s] (2039/3773) [35;1mralphus-daemon[0m [36mrunner::tests[0m[36m::[0m[34;1mprompt_cell_effective_system_prompt_includes_ralphus_defaults[0m
[32;1m        PASS[0m [   0.143s] (2040/3773) [35;1mralphus-daemon[0m [36mrunner::tests[0m[36m::[0m[34;1mtranscript_tailer_missing_file_is_a_quiet_noop[0m
[32;1m        PASS[0m [   2.403s] (2041/3773) [35;1mralphus-daemon[0m [36mrunner::tests[0m[36m::[0m[34;1mcompletion_catchup_forwards_events_beyond_one_drain_cap[0m
[32;1m        PASS[0m [   1.210s] (2042/3773) [35;1mralphus-daemon[0m [36mrunner::tests[0m[36m::[0m[34;1mmaximum_timeout_exceeded_is_none_without_any_cap[0m
[32;1m        PASS[0m [   0.689s] (2043/3773) [35;1mralphus-daemon[0m [36mrunner::tests[0m[36m::[0m[34;1mspec_from_row_resolves_tool_arg_truncate_chars[0m
[32;1m        PASS[0m [   0.750s] (2044/3773) [35;1mralphus-daemon[0m [36mrunner::tests[0m[36m::[0m[34;1mspec_carries_maximum_context_and_auto_compact_threshold_from_row[0m
[32;1m        PASS[0m [   0.195s] (2045/3773) [35;1mralphus-daemon[0m [36mrunner::tests[0m[36m::[0m[34;1mtranscript_tailer_seeded_past_a_stale_file_replays_nothing[0m
[32;1m        PASS[0m [   0.221s] (2046/3773) [35;1mralphus-daemon[0m [36mrunner::tests[0m[36m::[0m[34;1mtranscript_tailer_strips_ansi_and_line_terminators[0m
[32;1m        PASS[0m [   0.721s] (2047/3773) [35;1mralphus-daemon[0m [36mrunner::tests[0m[36m::[0m[34;1mspec_serializes_expected_fields[0m
[32;1m        PASS[0m [   2.507s] (2048/3773) [35;1mralphus-daemon[0m [36mrunner::tests[0m[36m::[0m[34;1mforward_runner_event_captures_session_id_from_every_backend_source[0m
[32;1m        PASS[0m [   0.867s] (2049/3773) [35;1mralphus-daemon[0m [36mrunner::tests[0m[36m::[0m[34;1mspec_carries_system_prompt_from_row[0m
[32;1m        PASS[0m [   0.617s] (2050/3773) [35;1mralphus-daemon[0m [36mrunner::tests[0m[36m::[0m[34;1mtail_lines_keeps_only_the_last_n_non_empty_lines[0m
[32;1m        PASS[0m [   0.583s] (2051/3773) [35;1mralphus-daemon[0m [36mrunner::tests[0m[36m::[0m[34;1mtranscript_tailer_from_zero_would_replay_a_stale_done_sentinel[0m
[32;1m        PASS[0m [   0.765s] (2052/3773) [35;1mralphus-daemon[0m [36mrunner::tests[0m[36m::[0m[34;1msubprojects_multiple_all_listed[0m
[32;1m        PASS[0m [   0.115s] (2053/3773) [35;1mralphus-daemon[0m [36mscheduler::tests[0m[36m::[0m[34;1macquire_ranked_grants_freed_permit_to_lowest_priority_waiter[0m
[32;1m        PASS[0m [   0.653s] (2054/3773) [35;1mralphus-daemon[0m [36mrunner::tests[0m[36m::[0m[34;1mtranscript_tailer_reassembles_a_marker_split_across_polls[0m
[32;1m        PASS[0m [   0.654s] (2055/3773) [35;1mralphus-daemon[0m [36mrunner::tests[0m[36m::[0m[34;1mtranscript_tailer_restarts_from_the_top_when_the_file_shrinks[0m
[32;1m        PASS[0m [   0.606s] (2056/3773) [35;1mralphus-daemon[0m [36mrunner::tests[0m[36m::[0m[34;1mtranscript_tailer_yields_complete_lines_and_advances_its_offset[0m
[32;1m        PASS[0m [   0.814s] (2057/3773) [35;1mralphus-daemon[0m [36mscheduler::tests[0m[36m::[0m[34;1ma_dependent_of_a_cancelled_cell_is_resolved_cancelled_not_left_spinning[0m
[32;1m        PASS[0m [   0.731s] (2058/3773) [35;1mralphus-daemon[0m [36mscheduler::tests[0m[36m::[0m[34;1ma_fresh_claude_code_prompt_cell_is_pre_assigned_a_session_id[0m
[32;1m        PASS[0m [   0.769s] (2059/3773) [35;1mralphus-daemon[0m [36mscheduler::tests[0m[36m::[0m[34;1ma_detached_cell_with_a_pending_dependent_still_lets_the_worker_exit[0m
[32;1m        PASS[0m [   0.944s] (2060/3773) [35;1mralphus-daemon[0m [36mscheduler::tests[0m[36m::[0m[34;1ma_detached_cell_stays_running_and_never_reaches_proof_or_the_task_finalizer[0m
[32;1m        PASS[0m [   0.712s] (2061/3773) [35;1mralphus-daemon[0m [36mscheduler::tests[0m[36m::[0m[34;1mbrain_proof_kind_stays_pending_and_does_not_block_the_squad[0m
[32;1m        PASS[0m [   5.467s] (2062/3773) [35;1mralphus-daemon[0m [36mreviews::tests[0m[36m::[0m[34;1mderive_reviews_with_prefetch_rejects_missing_auto_build_before_materializing_any_worktree[0m
[32;1m        PASS[0m [   0.900s] (2063/3773) [35;1mralphus-daemon[0m [36mscheduler::tests[0m[36m::[0m[34;1ma_later_independent_rate_limit_gets_a_fresh_retry_budget_after_a_restart[0m
[32;1m        PASS[0m [   1.087s] (2064/3773) [35;1mralphus-daemon[0m [36mscheduler::tests[0m[36m::[0m[34;1ma_full_restart_squad_still_revives_previously_cancelled_cells[0m
[32;1m        PASS[0m [   0.827s] (2065/3773) [35;1mralphus-daemon[0m [36mscheduler::tests[0m[36m::[0m[34;1mcancelling_mid_squad_stops_and_leaves_cancelled[0m
[32;1m        PASS[0m [   1.083s] (2066/3773) [35;1mralphus-daemon[0m [36mscheduler::tests[0m[36m::[0m[34;1ma_resuming_cell_is_not_also_pre_assigned_a_fresh_session_id[0m
[32;1m        PASS[0m [   0.857s] (2067/3773) [35;1mralphus-daemon[0m [36mscheduler::tests[0m[36m::[0m[34;1mcell_level_share_session_opts_in_when_task_default_is_off[0m
[32;1m        PASS[0m [   5.625s] (2068/3773) [35;1mralphus-daemon[0m [36mreviews::tests[0m[36m::[0m[34;1mfalse_when_no_upstream_is_configured[0m
[32;1m        PASS[0m [   0.759s] (2069/3773) [35;1mralphus-daemon[0m [36mscheduler::tests[0m[36m::[0m[34;1mcell_level_share_session_overrides_task_default[0m
[32;1m        PASS[0m [   1.235s] (2070/3773) [35;1mralphus-daemon[0m [36mscheduler::tests[0m[36m::[0m[34;1mcancelled_proof_step_blocks_the_next_step_and_fails_the_task[0m
[32;1m        PASS[0m [  33.876s] (2071/3773) [35;1mralphus-daemon[0m [36mpr::tests[0m[36m::[0m[34;1mcompute_sync_status_pr_rebase_conflict_manual_is_pr_ahead[0m
[32;1m        PASS[0m [   0.611s] (2072/3773) [35;1mralphus-daemon[0m [36mscheduler::tests[0m[36m::[0m[34;1mclaim_ready_claims_all_pending[0m
[32;1m        PASS[0m [   1.248s] (2073/3773) [35;1mralphus-daemon[0m [36mscheduler::tests[0m[36m::[0m[34;1mcell_dispatch_remediates_and_retries_until_success[0m
[32;1m        PASS[0m [   1.273s] (2074/3773) [35;1mralphus-daemon[0m [36mscheduler::tests[0m[36m::[0m[34;1mcell_dispatch_exhausts_remediation_attempts_and_records_combined_diagnostics[0m
[32;1m        PASS[0m [   0.586s] (2075/3773) [35;1mralphus-daemon[0m [36mscheduler::tests[0m[36m::[0m[34;1mdependency_cycle_fails_the_squad[0m
[32;1m        PASS[0m [   1.015s] (2076/3773) [35;1mralphus-daemon[0m [36mscheduler::tests[0m[36m::[0m[34;1mcell_resumes_a_completed_dependency_session[0m
[32;1m        PASS[0m [   0.819s] (2077/3773) [35;1mralphus-daemon[0m [36mscheduler::tests[0m[36m::[0m[34;1mcells_run_in_dependency_order[0m
[32;1m        PASS[0m [  20.976s] (2078/3773) [35;1mralphus-daemon[0m [36mpr::tests[0m[36m::[0m[34;1msync_open_pr_branches_pushes_a_finished_branch_while_the_review_is_still_merging[0m
[32;1m        PASS[0m [   0.735s] (2079/3773) [35;1mralphus-daemon[0m [36mscheduler::tests[0m[36m::[0m[34;1mclaude_code_model_mismatch_starts_fresh[0m
[32;1m        PASS[0m [   1.110s] (2080/3773) [35;1mralphus-daemon[0m [36mscheduler::tests[0m[36m::[0m[34;1mcell_scope_proof_failure_enqueues_urgent_mailbox_message_and_flips_cell_state[0m
[32;1m        PASS[0m [   1.021s] (2081/3773) [35;1mralphus-daemon[0m [36mscheduler::tests[0m[36m::[0m[34;1mcell_system_prompt_has_no_proof_awareness_guidance_when_cell_has_no_proofs[0m
[32;1m        PASS[0m [   0.770s] (2082/3773) [35;1mralphus-daemon[0m [36mscheduler::tests[0m[36m::[0m[34;1mdependency_without_a_session_id_means_fresh_cell[0m
[32;1m        PASS[0m [   0.694s] (2083/3773) [35;1mralphus-daemon[0m [36mscheduler::tests[0m[36m::[0m[34;1mdependent_cell_is_blocked_when_prerequisite_fails[0m
[32;1m        PASS[0m [   1.906s] (2084/3773) [35;1mralphus-daemon[0m [36mscheduler::tests[0m[36m::[0m[34;1ma_retryable_rate_limit_waits_out_its_delay_and_resumes_the_same_session[0m
[32;1m        PASS[0m [   1.164s] (2085/3773) [35;1mralphus-daemon[0m [36mscheduler::tests[0m[36m::[0m[34;1mcell_system_prompt_gets_proof_awareness_guidance_when_cell_has_proofs[0m
[32;1m        PASS[0m [   0.140s] (2086/3773) [35;1mralphus-daemon[0m [36mscheduler::tests[0m[36m::[0m[34;1mguardian_blocking_tasks_cell_with_no_cwd_skipped[0m
[32;1m        PASS[0m [   0.759s] (2087/3773) [35;1mralphus-daemon[0m [36mscheduler::tests[0m[36m::[0m[34;1mdetached_cell_is_revived_by_the_same_live_worker_while_a_sibling_task_is_still_running[0m
[32;1m        PASS[0m [   5.437s] (2088/3773) [35;1mralphus-daemon[0m [36mreviews::tests[0m[36m::[0m[34;1mupstream_display_falls_back_to_tracking_branch[0m
[32;1m        PASS[0m [   5.477s] (2089/3773) [35;1mralphus-daemon[0m [36mreviews::tests[0m[36m::[0m[34;1mupstream_display_none_when_chained_dependency_not_yet_materialized[0m
[32;1m        PASS[0m [   1.005s] (2090/3773) [35;1mralphus-daemon[0m [36mscheduler::tests[0m[36m::[0m[34;1mdependent_cell_is_blocked_when_prerequisites_proof_fails[0m
[32;1m        PASS[0m [   0.665s] (2091/3773) [35;1mralphus-daemon[0m [36mscheduler::tests[0m[36m::[0m[34;1mfailing_cell_fails_squad[0m
[32;1m        PASS[0m [   0.557s] (2092/3773) [35;1mralphus-daemon[0m [36mscheduler::tests[0m[36m::[0m[34;1mfinalize_all_failed_records_reason_to_cartographer[0m
[32;1m        PASS[0m [   1.120s] (2093/3773) [35;1mralphus-daemon[0m [36mscheduler::tests[0m[36m::[0m[34;1mdispatch_promotes_values_of_secret_named_env_vars_into_the_redaction_registry[0m
[32;1m        PASS[0m [   3.831s] (2094/3773) [35;1mralphus-daemon[0m [36mrunner::tests[0m[36m::[0m[34;1mpreflight_runner_executable_fails_for_a_missing_program[0m
[32;1m        PASS[0m [   0.900s] (2095/3773) [35;1mralphus-daemon[0m [36mscheduler::tests[0m[36m::[0m[34;1mfinalize_all_failed_also_records_the_reason_onto_every_task_error[0m
[32;1m        PASS[0m [   1.114s] (2096/3773) [35;1mralphus-daemon[0m [36mscheduler::tests[0m[36m::[0m[34;1mfailed_cell_enqueues_urgent_mailbox_message[0m
[32;1m        PASS[0m [   1.137s] (2097/3773) [35;1mralphus-daemon[0m [36mscheduler::tests[0m[36m::[0m[34;1mfailing_proof_fails_squad_even_when_cell_succeeds[0m
[32;1m        PASS[0m [   1.443s] (2098/3773) [35;1mralphus-daemon[0m [36mscheduler::tests[0m[36m::[0m[34;1mdispatcher_loop_picks_up_a_sibling_task_restarted_while_the_worker_is_still_running[0m
[32;1m        PASS[0m [  35.249s] (2099/3773) [35;1mralphus-daemon[0m [36mpr::tests[0m[36m::[0m[34;1mcompute_sync_status_pr_rebase_no_conflict_is_pr_ahead[0m
[32;1m        PASS[0m [   0.600s] (2100/3773) [35;1mralphus-daemon[0m [36mscheduler::tests[0m[36m::[0m[34;1mno_proof_steps_writes_no_ghost_note[0m
[32;1m        PASS[0m [   7.410s] (2101/3773) [35;1mralphus-daemon[0m [36mreviews::tests[0m[36m::[0m[34;1mfalse_when_head_equals_upstream[0m
[32;1m        PASS[0m [   1.019s] (2102/3773) [35;1mralphus-daemon[0m [36mscheduler::tests[0m[36m::[0m[34;1mindependent_cells_run_concurrently[0m
[32;1m        PASS[0m [   1.438s] (2103/3773) [35;1mralphus-daemon[0m [36mscheduler::tests[0m[36m::[0m[34;1mfailing_task_proof_notes_unvalidated_outcome_in_ghost[0m
[32;1m        PASS[0m [   0.739s] (2104/3773) [35;1mralphus-daemon[0m [36mscheduler::tests[0m[36m::[0m[34;1mnon_git_backed_task_with_zero_commits_passes[0m
[32;1m        PASS[0m [   1.107s] (2105/3773) [35;1mralphus-daemon[0m [36mscheduler::tests[0m[36m::[0m[34;1mmissing_runner_executable_fails_the_cell_immediately_instead_of_hanging[0m
[32;1m        PASS[0m [   1.300s] (2106/3773) [35;1mralphus-daemon[0m [36mscheduler::tests[0m[36m::[0m[34;1mignored_proof_step_is_never_executed_and_squad_still_passes[0m
[32;1m        PASS[0m [   1.063s] (2107/3773) [35;1mralphus-daemon[0m [36mscheduler::tests[0m[36m::[0m[34;1mnon_claude_code_and_command_cells_are_never_pre_assigned_a_session_id[0m
[32;1m        PASS[0m [   7.905s] (2108/3773) [35;1mralphus-daemon[0m [36mreviews::tests[0m[36m::[0m[34;1mderive_triage_pools_pools_a_multi_type_cell_into_every_type_independently[0m
[32;1m        PASS[0m [   1.598s] (2109/3773) [35;1mralphus-daemon[0m [36mscheduler::tests[0m[36m::[0m[34;1mmanual_proof_done_then_restart_downstream_cell_unblocks_it[0m
[32;1m        PASS[0m [   1.016s] (2110/3773) [35;1mralphus-daemon[0m [36mscheduler::tests[0m[36m::[0m[34;1mprompt_proof_fail_fails_squad_and_records_output[0m
[32;1m        PASS[0m [   1.265s] (2111/3773) [35;1mralphus-daemon[0m [36mscheduler::tests[0m[36m::[0m[34;1mpassing_cell_proof_notes_validated_outcome_in_ghost[0m
[32;1m        PASS[0m [   1.209s] (2112/3773) [35;1mralphus-daemon[0m [36mscheduler::tests[0m[36m::[0m[34;1mpassing_proof_keeps_squad_done[0m
[32;1m        PASS[0m [   0.786s] (2113/3773) [35;1mralphus-daemon[0m [36mscheduler::tests[0m[36m::[0m[34;1mregistered_but_non_git_project_is_not_subject_to_the_guard[0m
[32;1m        PASS[0m [   1.158s] (2114/3773) [35;1mralphus-daemon[0m [36mscheduler::tests[0m[36m::[0m[34;1mprompt_proof_persists_token_and_cost_usage[0m
[32;1m        PASS[0m [   1.439s] (2115/3773) [35;1mralphus-daemon[0m [36mscheduler::tests[0m[36m::[0m[34;1mprompt_proof_gets_immutable_context_with_earlier_proof_results[0m
[32;1m        PASS[0m [   1.076s] (2116/3773) [35;1mralphus-daemon[0m [36mscheduler::tests[0m[36m::[0m[34;1mproof_with_unrecognized_kind_fails_instead_of_staying_pending_forever[0m
[32;1m        PASS[0m [   7.593s] (2117/3773) [35;1mralphus-daemon[0m [36mreviews::tests[0m[36m::[0m[34;1mtrue_when_head_has_a_commit_the_upstream_lacks[0m
[32;1m        PASS[0m [   0.871s] (2118/3773) [35;1mralphus-daemon[0m [36mscheduler::tests[0m[36m::[0m[34;1mrestart_cell_with_live_sibling_reaches_terminal_state_promptly[0m
[32;1m        PASS[0m [   1.184s] (2119/3773) [35;1mralphus-daemon[0m [36mscheduler::tests[0m[36m::[0m[34;1mproof_completion_emits_cartographer_event_keyed_for_lifetime_totals[0m
[32;1m        PASS[0m [  24.639s] (2120/3773) [35;1mralphus-daemon[0m [36mpr::tests[0m[36m::[0m[34;1msync_fork_base_branch_refuses_to_overwrite_a_diverged_fork_branch[0m
[32;1m        PASS[0m [   0.122s] (2121/3773) [35;1mralphus-daemon[0m [36mscheduler::tests[0m[36m::[0m[34;1msemaphore_zero_means_unlimited[0m
[32;1m        PASS[0m [   0.179s] (2122/3773) [35;1mralphus-daemon[0m [36mscheduler::tests[0m[36m::[0m[34;1msemaphore_bounds_and_releases[0m
[32;1m        PASS[0m [  36.646s] (2123/3773) [35;1mralphus-daemon[0m [36mpr::tests[0m[36m::[0m[34;1mcompute_sync_status_worktree_rebase_conflict_rerere_is_worktree_ahead[0m
[32;1m        PASS[0m [   8.997s] (2124/3773) [35;1mralphus-daemon[0m [36mreviews::tests[0m[36m::[0m[34;1mderive_triage_pools_falls_back_to_the_plain_key_for_an_unresolved_monorepo_cell[0m
[32;1m        PASS[0m [   0.196s] (2125/3773) [35;1mralphus-daemon[0m [36mscheduler::tests[0m[36m::[0m[34;1msharing_blocked_reason_guards_model_sensitive_backends_on_mismatch[0m
[32;1m        PASS[0m [   1.671s] (2126/3773) [35;1mralphus-daemon[0m [36mscheduler::tests[0m[36m::[0m[34;1mprompt_proof_inherits_cell_agent_and_model_by_default[0m
[31;1m        FAIL[0m [  27.015s] (2127/3773) [35;1mralphus-daemon[0m [36mpr::tests[0m[36m::[0m[34;1msubmit_stack_for_guardian_does_not_let_one_branchs_failure_touch_its_siblings[0m
[31;1m [0m [31;1mstdout[0m [31;1m───[0m

    running 1 test
    test pr::tests::submit_stack_for_guardian_does_not_let_one_branchs_failure_touch_its_siblings ... FAILED

    failures:

    failures:
        pr::tests::submit_stack_for_guardian_does_not_let_one_branchs_failure_touch_its_siblings

    test result: FAILED. 0 passed; 1 failed; 0 ignored; 0 measured; 2302 filtered out; finished in 26.75s
    [0m
[31;1m [0m [31;1mstderr[0m [31;1m───[0m
    ralphus [guardian] review guardian-000000000001 ('demo') created, base=main
    ralphus [pr] synthesize pr text position=0 falling back to plain title/summary (agent result status="failed")
    ralphus [forge] create pr start kind=github repo=acme/w head=acme:branch-a-pr base=main draft=false
    ralphus [forge] create pr failed kind=github repo=acme/w: forge API 422: {"message":"Validation Failed","errors":[{"resource":"PullRequest","code":"custom","message":"No commits between main and branch-a"}]}
    ralphus [forge] find open pr failed kind=github repo=acme/w head=acme:branch-b-pr: forge API: http://127.0.0.1:49935/repos/acme/w/pulls?head=acme%3Abranch-b-pr&state=open: Connection Failed: Connect error: No connection could be made because the target machine actively refused it. (os error 10061)

    [0m[31;1mthread 'pr::tests::submit_stack_for_guardian_does_not_let_one_branchs_failure_touch_its_siblings' (56600) panicked at daemon\src\pr.rs:13675:9:[0m
    [31;1massertion `left == right` failed: branch B must still be submitted[0m
      left: 0
     right: 1
    note: run with `RUST_BACKTRACE=1` environment variable to display a backtrace[0m

[31;1m  Cancelling[0m due to [31;1mtest failure[0m: [1m55[0m tests still running
[32;1m        PASS[0m [   1.676s] (2128/3773) [35;1mralphus-daemon[0m [36mscheduler::tests[0m[36m::[0m[34;1mprompt_proof_own_model_overrides_cell_model[0m
[32;1m        PASS[0m [   0.789s] (2129/3773) [35;1mralphus-daemon[0m [36mscheduler::tests[0m[36m::[0m[34;1mrestarting_one_cell_does_not_redispatch_an_unrelated_already_failed_sibling[0m
[32;1m        PASS[0m [   1.744s] (2130/3773) [35;1mralphus-daemon[0m [36mscheduler::tests[0m[36m::[0m[34;1mprompt_proof_pass_keeps_squad_done_and_records_output[0m
[32;1m        PASS[0m [   0.804s] (2131/3773) [35;1mralphus-daemon[0m [36mscheduler::tests[0m[36m::[0m[34;1mresume_automation_flag_is_consumed_and_never_reused_by_a_later_restart[0m
[32;1m        PASS[0m [   0.965s] (2132/3773) [35;1mralphus-daemon[0m [36mscheduler::tests[0m[36m::[0m[34;1mrestarting_one_cell_does_not_redispatch_an_unrelated_cancelled_sibling[0m
[32;1m        PASS[0m [   8.288s] (2133/3773) [35;1mralphus-daemon[0m [36mreviews::tests[0m[36m::[0m[34;1mtriage_pool_nested_cwd_sibling_gates_review_ready_until_both_cells_done[0m
[32;1m        PASS[0m [   0.779s] (2134/3773) [35;1mralphus-daemon[0m [36mscheduler::tests[0m[36m::[0m[34;1mresume_automation_replaces_the_prompt_with_a_fixed_continuation_nudge[0m
[32;1m        PASS[0m [   0.983s] (2135/3773) [35;1mralphus-daemon[0m [36mscheduler::tests[0m[36m::[0m[34;1mresume_automation_makes_the_scheduler_resume_the_cells_own_prior_session[0m
[32;1m        PASS[0m [   1.564s] (2136/3773) [35;1mralphus-daemon[0m [36mscheduler::tests[0m[36m::[0m[34;1mrestart_task_proof_does_not_re_run_cell_body[0m
[32;1m        PASS[0m [   0.606s] (2137/3773) [35;1mralphus-daemon[0m [36mscheduler::tests[0m[36m::[0m[34;1msquad_becomes_running_only_once_a_cell_actually_starts[0m
[32;1m        PASS[0m [   8.361s] (2138/3773) [35;1mralphus-daemon[0m [36mreviews::tests[0m[36m::[0m[34;1mtrue_regardless_of_which_run_made_the_commit[0m
[32;1m        PASS[0m [   0.623s] (2139/3773) [35;1mralphus-daemon[0m [36mscheduler::tests[0m[36m::[0m[34;1msuccessful_squad_reaches_done[0m
[32;1m        PASS[0m [   0.557s] (2140/3773) [35;1mralphus-daemon[0m [36mscheduler::tests[0m[36m::[0m[34;1mtask_finalizer_still_fails_the_task_when_the_proof_was_never_corrected[0m
[32;1m        PASS[0m [   1.763s] (2141/3773) [35;1mralphus-daemon[0m [36mscheduler::tests[0m[36m::[0m[34;1mrestart_cell_proof_with_live_sibling_reruns_proof_before_dispatching_dependent[0m
[32;1m        PASS[0m [  23.987s] (2142/3773) [35;1mralphus-daemon[0m [36mpr::tests[0m[36m::[0m[34;1msync_open_pr_branches_pushes_a_worktree_tip_that_moved_locally[0m
[32;1m        PASS[0m [   0.893s] (2143/3773) [35;1mralphus-daemon[0m [36mscheduler::tests[0m[36m::[0m[34;1msession_sharing_is_off_by_default[0m
[32;1m        PASS[0m [   0.763s] (2144/3773) [35;1mralphus-daemon[0m [36mscheduler::tests[0m[36m::[0m[34;1mtask_finalizer_respects_a_manual_proof_override_over_a_stale_failure_latch[0m
[32;1m        PASS[0m [   1.976s] (2145/3773) [35;1mralphus-daemon[0m [36mscheduler::tests[0m[36m::[0m[34;1mrestart_cell_proof_does_not_re_run_cell_body[0m
[32;1m        PASS[0m [   1.067s] (2146/3773) [35;1mralphus-daemon[0m [36mscheduler::tests[0m[36m::[0m[34;1mskipped_cell_with_failed_proof_still_fails_task_on_partial_rerun[0m
[32;1m        PASS[0m [   1.013s] (2147/3773) [35;1mralphus-daemon[0m [36mscheduler::tests[0m[36m::[0m[34;1msoloing_a_task_pauses_its_independent_sibling_until_unsoloed[0m
[32;1m        PASS[0m [  25.253s] (2148/3773) [35;1mralphus-daemon[0m [36mpr::tests[0m[36m::[0m[34;1msync_open_pr_branches_pushes_a_branch_the_base_shift_restacked[0m
[32;1m        PASS[0m [   8.707s] (2149/3773) [35;1mralphus-daemon[0m [36mreviews::tests[0m[36m::[0m[34;1mupstream_display_resolves_chained_dependency_branch_over_tracking_ref[0m
[32;1m        PASS[0m [   8.998s] (2150/3773) [35;1mralphus-daemon[0m [36mreviews::tests[0m[36m::[0m[34;1mtriage_pool_worktree_sibling_gates_review_ready_until_both_cells_done[0m
[32;1m        PASS[0m [  36.352s] (2151/3773) [35;1mralphus-daemon[0m [36mpr::tests[0m[36m::[0m[34;1mguard_against_clobber_allows_first_push_and_blocks_divergence[0m
[32;1m        PASS[0m [   3.661s] (2152/3773) [35;1mralphus-daemon[0m [36mscheduler::tests[0m[36m::[0m[34;1mno_commit_required_opts_out_of_the_guard[0m
[32;1m        PASS[0m [   1.541s] (2153/3773) [35;1mralphus-daemon[0m [36mscheduler::tests[0m[36m::[0m[34;1mtask_is_running_not_done_while_proof_executes_on_partial_rerun[0m
[32;1m        PASS[0m [   1.883s] (2154/3773) [35;1mralphus-daemon[0m [36mscheduler::tests[0m[36m::[0m[34;1mreview_branch_cell_wins_a_freed_dispatch_slot_over_a_plain_sibling[0m
[32;1m        PASS[0m [  37.567s] (2155/3773) [35;1mralphus-daemon[0m [36mpr::tests[0m[36m::[0m[34;1mfork_mode_submission_pushes_every_alias_to_the_fork_across_two_local_bare_repos[0m
[32;1m        PASS[0m [  10.924s] (2156/3773) [35;1mralphus-daemon[0m [36mreviews::tests[0m[36m::[0m[34;1mderive_triage_pools_keys_by_subproject_when_resolved[0m
[32;1m        PASS[0m [  38.934s] (2157/3773) [35;1mralphus-daemon[0m [36mpr::tests[0m[36m::[0m[34;1mcompute_sync_status_pr_rebase_conflict_rerere_is_pr_ahead[0m
[32;1m        PASS[0m [  34.861s] (2158/3773) [35;1mralphus-daemon[0m [36mpr::tests[0m[36m::[0m[34;1mper_branch_submission_still_registers_the_native_github_stack[0m
[32;1m        PASS[0m [   5.084s] (2159/3773) [35;1mralphus-daemon[0m [36mscheduler::tests[0m[36m::[0m[34;1mgit_backed_task_with_zero_commits_records_task_error[0m
[32;1m        PASS[0m [   5.480s] (2160/3773) [35;1mralphus-daemon[0m [36mscheduler::tests[0m[36m::[0m[34;1mgit_backed_task_with_zero_commits_fails[0m
[32;1m        PASS[0m [   5.872s] (2161/3773) [35;1mralphus-daemon[0m [36mscheduler::tests[0m[36m::[0m[34;1mgit_backed_task_with_a_commit_passes[0m
[32;1m        PASS[0m [   4.197s] (2162/3773) [35;1mralphus-daemon[0m [36mscheduler::tests[0m[36m::[0m[34;1mrestarting_a_task_clears_its_no_commits_guard_error[0m
[32;1m        PASS[0m [  26.131s] (2163/3773) [35;1mralphus-daemon[0m [36mpr::tests[0m[36m::[0m[34;1msync_open_pr_branches_skips_a_pr_a_reviewer_pushed_directly_to[0m
[32;1m        PASS[0m [  11.686s] (2164/3773) [35;1mralphus-daemon[0m [36mreviews::tests[0m[36m::[0m[34;1mtrue_after_push_dash_u_retargets_upstream_onto_the_branchs_own_remote[0m
[32;1m        PASS[0m [  29.466s] (2165/3773) [35;1mralphus-daemon[0m [36mpr::tests[0m[36m::[0m[34;1msync_fork_base_branch_fast_forwards_to_the_parents_current_tip[0m
[32;1m        PASS[0m [  57.347s] (2166/3773) [35;1mralphus-daemon[0m [36mguardian_merge::tests[0m[36m::[0m[34;1ma_full_merge_builds_on_a_readable_review_branch[0m
[32;1m        PASS[0m [  57.417s] (2167/3773) [35;1mralphus-daemon[0m [36mguardian_merge::tests[0m[36m::[0m[34;1ma_combined_review_branch_is_named_from_the_reviews_own_name[0m
[32;1m        PASS[0m [  13.635s] (2168/3773) [35;1mralphus-daemon[0m [36mreviews::tests[0m[36m::[0m[34;1mdependency_rebase_baseline_excludes_inherited_commits_from_task_progress[0m
[32;1m        PASS[0m [   7.907s] (2169/3773) [35;1mralphus-daemon[0m [36mscheduler::tests[0m[36m::[0m[34;1mexecute_squad_dedups_placeholder_across_two_cells[0m
[32;1m        PASS[0m [   7.866s] (2170/3773) [35;1mralphus-daemon[0m [36mscheduler::tests[0m[36m::[0m[34;1mexecute_squad_restart_reuses_already_materialized_worktree[0m
[32;1m        PASS[0m [   8.014s] (2171/3773) [35;1mralphus-daemon[0m [36mscheduler::tests[0m[36m::[0m[34;1mexecute_squad_resolves_worktree_placeholder_cwd[0m
[32;1m        PASS[0m [  13.399s] (2172/3773) [35;1mralphus-daemon[0m [36mreviews::tests[0m[36m::[0m[34;1mrestores_stash_after_rebase_failure[0m
[32;1m        PASS[0m [  13.529s] (2173/3773) [35;1mralphus-daemon[0m [36mreviews::tests[0m[36m::[0m[34;1mstashes_dirty_changes_before_rebase_and_restores_them_after[0m
[32;1m        PASS[0m [   9.855s] (2174/3773) [35;1mralphus-daemon[0m [36mscheduler::tests[0m[36m::[0m[34;1mexecute_squad_materializes_shared_cwd_and_env_placeholder_once_and_preserves_unknown_text[0m
[32;1m        PASS[0m [  33.073s] (2175/3773) [35;1mralphus-daemon[0m [36mpr::tests[0m[36m::[0m[34;1msubmit_stacked_branch_pr_reconciles_a_diverged_remote_alias_instead_of_failing[0m
[32;1m        PASS[0m [  16.123s] (2176/3773) [35;1mralphus-daemon[0m [36mreviews::tests[0m[36m::[0m[34;1mderive_triage_pools_pools_a_local_cell_and_fires_on_threshold[0m
[32;1m        PASS[0m [  28.463s] (2177/3773) [35;1mralphus-daemon[0m [36mpr::tests[0m[36m::[0m[34;1msync_remote_pr_commits_pulls_a_reviewer_push_before_a_rebase[0m
[32;1m        PASS[0m [  35.997s] (2178/3773) [35;1mralphus-daemon[0m [36mpr::tests[0m[36m::[0m[34;1mstack_ancestry_repair_skips_branches_without_an_open_pr[0m
[32;1m        PASS[0m [  37.748s] (2179/3773) [35;1mralphus-daemon[0m [36mpr::tests[0m[36m::[0m[34;1mstack_ancestry_repair_is_a_noop_when_the_stack_is_consistent[0m
[32;1m        PASS[0m [  44.313s] (2180/3773) [35;1mralphus-daemon[0m [36mpr::tests[0m[36m::[0m[34;1mstack_ancestry_repair_detects_and_fixes_a_stale_middle_branch_push[0m
[32;1m        PASS[0m [  49.419s] (2181/3773) [35;1mralphus-daemon[0m [36mpr::tests[0m[36m::[0m[34;1mresubmit_after_upstream_change_targets_the_new_remote_github[0m
[32;1m        PASS[0m [  50.013s] (2182/3773) [35;1mralphus-daemon[0m [36mpr::tests[0m[36m::[0m[34;1mresubmit_after_upstream_change_targets_the_new_remote_gitlab[0m
────────────
[31;1m     Summary[0m [ 110.157s] [1m2182[0m/[1m3773[0m tests run: [1m2181[0m [32;1mpassed[0m, [1m1[0m [31;1mfailed[0m, [1m43[0m [33;1mskipped[0m
[31;1m        FAIL[0m [  27.015s] (2127/3773) [35;1mralphus-daemon[0m [36mpr::tests[0m[36m::[0m[34;1msubmit_stack_for_guardian_does_not_let_one_branchs_failure_touch_its_siblings[0m
[33;1mwarning[0m: [1m1591[0m/[1m3773[0m tests were not run due to [33;1mtest failure[0m (run with [1m--no-fail-fast[0m to run all tests, or run with [1m--max-fail[0m)
[31;1merror[0m: test run failed
